
> jjiban@0.1.0 test:e2e
> playwright test

[2m[WebServer] [22m
[2m[WebServer] [22m> jjiban@0.1.0 dev
[2m[WebServer] [22m> nuxt dev --port 3333
[2m[WebServer] [22m
[2m[WebServer] [22m[90m│[39m
[2m[WebServer] [22m[34m●[39m  [32mNuxt [1m3.20.2[22m[39m[90m (with [39m[90mNitro [1m2.12.9[22m[39m[90m, Vite [1m7.2.7[22m[39m[90m and Vue [1m3.5.25[22m[39m[90m)[39m
[2m[WebServer] [22m
[2m[WebServer] [22m[32m  ➜ Local:   [39m [36m[4mhttp://localhost:[1m3333[22m/[24m[39m
[2m[WebServer] [22m[90m  ➜ Network:  use [37m--host[90m to expose[39m
[2m[WebServer] [22m
[2m[WebServer] [22m[90m[[90mnuxt:tailwindcss[90m][39m [36mℹ[39m Using Tailwind CSS from ~/assets/css/main.css
[2m[WebServer] [22m[33m  ➜ DevTools: [39m[2mpress [22m[32mShift[39m[2m + [22m[32mAlt[39m[2m + [22m[32mD[39m[2m in the browser (v3.1.1)[22m
[2m[WebServer] [22m
[2m[WebServer] [22m[90m[[90mnuxt[90m][39m [36mℹ[39m Compiled [36mtypes/plugins.d.ts[39m in 581.84ms
[2m[WebServer] [22m[32m✔[39m Vite client built in 72ms
[2m[WebServer] [22m
[2m[WebServer] [22m[41m[30m ERROR [39m[49m [31mWebSocket server error: Port 24678 is already in use[39m
[2m[WebServer] [22m
[2m[WebServer] [22m[32m✔[39m Vite server built in 2542ms
[2m[WebServer] [22m
[2m[WebServer] [22m[43m[30m WARN [39m[49m Duplicated imports "refreshCache", the one from "C:/project/jjiban/server/utils/settings/index.ts" has been ignored and "C:/project/jjiban/server/utils/settings/_cache.ts" is used
[2m[WebServer] [22m
[2m[WebServer] [22m
[2m[WebServer] [22m[43m[30m WARN [39m[49m Duplicated imports "refreshCache", the one from "C:/project/jjiban/server/utils/settings/_cache.ts" has been ignored and "C:/project/jjiban/server/utils/settings/index.ts" is used
[2m[WebServer] [22m
[2m[WebServer] [22m
[2m[WebServer] [22m[43m[30m WARN [39m[49m Duplicated imports "refreshCache", the one from "C:/project/jjiban/server/utils/settings/index.ts" has been ignored and "C:/project/jjiban/server/utils/settings/_cache.ts" is used
[2m[WebServer] [22m
[2m[WebServer] [22m
[2m[WebServer] [22m[43m[30m WARN [39m[49m Duplicated imports "refreshCache", the one from "C:/project/jjiban/server/utils/settings/_cache.ts" has been ignored and "C:/project/jjiban/server/utils/settings/index.ts" is used
[2m[WebServer] [22m
[2m[WebServer] [22m[90m[[90mnitro[90m][39m [32m✔[39m Nuxt Nitro server built in 4732ms
[2m[WebServer] [22m[36mℹ[39m Vite server warmed up in 1ms
[2m[WebServer] [22m[36mℹ[39m Vite client warmed up in 3ms
[Global Setup] Preparing E2E test environment...
[Global Setup] Test root directory: C:\Users\USER1\AppData\Local\Temp\jjiban-e2e-test
[Global Setup] E2E test data prepared at: C:\Users\USER1\AppData\Local\Temp\jjiban-e2e-test\.jjiban
[Global Setup] Environment ready. JJIBAN_BASE_PATH: C:\Users\USER1\AppData\Local\Temp\jjiban-e2e-test

Running 117 tests using 6 workers

  ✘  2 [chromium] › completed-field.spec.ts:111:3 › completed 필드 지원 E2E 테스트 › E2E-003: 여러 상태 전이 후 completed 필드에 모든 단계가 누적된다 (105ms)
  ✘  1 [chromium] › completed-field.spec.ts:50:3 › completed 필드 지원 E2E 테스트 › E2E-002: 상태 전이 시 completed 필드에 타임스탬프가 자동으로 기록된다 (111ms)
  ✘  4 [chromium] › completed-field.spec.ts:234:3 › completed 필드 지원 E2E 테스트 › E2E-005: defect 워크플로우에서 롤백 시 이후 단계 completed가 삭제된다 (121ms)
  ✘  5 [chromium] › completed-field.spec.ts:292:3 › completed 필드 지원 E2E 테스트 › E2E-001: completed 필드가 파싱 및 직렬화 왕복 변환에서 정확히 유지된다 (122ms)
  ✘  6 [chromium] › completed-field.spec.ts:171:3 › completed 필드 지원 E2E 테스트 › E2E-004: development 워크플로우에서 롤백 시 이후 단계 completed가 삭제된다 (116ms)
[2m[WebServer] [22m[43m[30m WARN [39m[49m [Vue Router warn]: uncaught error during route navigation:
[2m[WebServer] [22m[41m[30m ERROR [39m[49m [postcss] C:/project/jjiban/app/components/wbs/detail/TaskProgress.vue?vue&type=style&index=0&scoped=fe5c9d02&lang.css:21:1: You cannot [36m@apply[39m the [36mworkflow-step-current[39m utility here because it creates a circular dependency.
[2m[WebServer] [22m
[2m[WebServer] [22m    [90mat [39mcreateError ([36m/C:/project/jjiban/node_modules/h3/dist/index.mjs:71:15[39m)
[2m[WebServer] [22m    [90mat [39m/C:/project/jjiban/node_modules/@nuxt/vite-builder/dist/shared/vite-builder.Bmat7g1G.mjs:430:21
[2m[WebServer] [22m    [90mat [39mprocess.processTicksAndRejections ([36mnode:internal/process/task_queues:105:5[39m)
[2m[WebServer] [22m    [90mat [39masync processMessage ([36m/C:/project/jjiban/node_modules/@nuxt/vite-builder/dist/shared/vite-builder.Bmat7g1G.mjs:412:30[39m)
[2m[WebServer] [22m[43m[30m WARN [39m[49m [Vue Router warn]: uncaught error during route navigation:
[2m[WebServer] [22m[41m[30m ERROR [39m[49m [postcss] C:/project/jjiban/app/components/wbs/detail/TaskProgress.vue?vue&type=style&index=0&scoped=fe5c9d02&lang.css:21:1: You cannot [36m@apply[39m the [36mworkflow-step-current[39m utility here because it creates a circular dependency.
[2m[WebServer] [22m
[2m[WebServer] [22m    [90mat [39mcreateError ([36m/C:/project/jjiban/node_modules/h3/dist/index.mjs:71:15[39m)
[2m[WebServer] [22m    [90mat [39m/C:/project/jjiban/node_modules/@nuxt/vite-builder/dist/shared/vite-builder.Bmat7g1G.mjs:430:21
[2m[WebServer] [22m    [90mat [39mprocess.processTicksAndRejections ([36mnode:internal/process/task_queues:105:5[39m)
[2m[WebServer] [22m    [90mat [39masync processMessage ([36m/C:/project/jjiban/node_modules/@nuxt/vite-builder/dist/shared/vite-builder.Bmat7g1G.mjs:412:30[39m)
[2m[WebServer] [22m[43m[30m WARN [39m[49m [Vue Router warn]: uncaught error during route navigation:
[2m[WebServer] [22m[41m[30m ERROR [39m[49m [postcss] C:/project/jjiban/app/components/wbs/detail/TaskProgress.vue?vue&type=style&index=0&scoped=fe5c9d02&lang.css:21:1: You cannot [36m@apply[39m the [36mworkflow-step-current[39m utility here because it creates a circular dependency.
[2m[WebServer] [22m
[2m[WebServer] [22m    [90mat [39mcreateError ([36m/C:/project/jjiban/node_modules/h3/dist/index.mjs:71:15[39m)
[2m[WebServer] [22m    [90mat [39m/C:/project/jjiban/node_modules/@nuxt/vite-builder/dist/shared/vite-builder.Bmat7g1G.mjs:430:21
[2m[WebServer] [22m    [90mat [39mprocess.processTicksAndRejections ([36mnode:internal/process/task_queues:105:5[39m)
[2m[WebServer] [22m    [90mat [39masync processMessage ([36m/C:/project/jjiban/node_modules/@nuxt/vite-builder/dist/shared/vite-builder.Bmat7g1G.mjs:412:30[39m)
[2m[WebServer] [22m[43m[30m WARN [39m[49m [Vue Router warn]: uncaught error during route navigation:
[2m[WebServer] [22m[41m[30m ERROR [39m[49m [postcss] C:/project/jjiban/app/components/wbs/detail/TaskProgress.vue?vue&type=style&index=0&scoped=fe5c9d02&lang.css:21:1: You cannot [36m@apply[39m the [36mworkflow-step-current[39m utility here because it creates a circular dependency.
[2m[WebServer] [22m
[2m[WebServer] [22m    [90mat [39mcreateError ([36m/C:/project/jjiban/node_modules/h3/dist/index.mjs:71:15[39m)
[2m[WebServer] [22m    [90mat [39m/C:/project/jjiban/node_modules/@nuxt/vite-builder/dist/shared/vite-builder.Bmat7g1G.mjs:430:21
[2m[WebServer] [22m    [90mat [39mprocess.processTicksAndRejections ([36mnode:internal/process/task_queues:105:5[39m)
[2m[WebServer] [22m    [90mat [39masync processMessage ([36m/C:/project/jjiban/node_modules/@nuxt/vite-builder/dist/shared/vite-builder.Bmat7g1G.mjs:412:30[39m)
[2m[WebServer] [22m[43m[30m WARN [39m[49m [Vue Router warn]: uncaught error during route navigation:
[2m[WebServer] [22m[41m[30m ERROR [39m[49m [postcss] C:/project/jjiban/app/components/wbs/detail/TaskProgress.vue?vue&type=style&index=0&scoped=fe5c9d02&lang.css:21:1: You cannot [36m@apply[39m the [36mworkflow-step-current[39m utility here because it creates a circular dependency.
[2m[WebServer] [22m
[2m[WebServer] [22m    [90mat [39mcreateError ([36m/C:/project/jjiban/node_modules/h3/dist/index.mjs:71:15[39m)
[2m[WebServer] [22m    [90mat [39m/C:/project/jjiban/node_modules/@nuxt/vite-builder/dist/shared/vite-builder.Bmat7g1G.mjs:430:21
[2m[WebServer] [22m    [90mat [39mprocess.processTicksAndRejections ([36mnode:internal/process/task_queues:105:5[39m)
[2m[WebServer] [22m    [90mat [39masync processMessage ([36m/C:/project/jjiban/node_modules/@nuxt/vite-builder/dist/shared/vite-builder.Bmat7g1G.mjs:412:30[39m)
[2m[WebServer] [22m[43m[30m WARN [39m[49m [Vue Router warn]: uncaught error during route navigation:
[2m[WebServer] [22m[41m[30m ERROR [39m[49m [postcss] C:/project/jjiban/app/components/wbs/detail/TaskProgress.vue?vue&type=style&index=0&scoped=fe5c9d02&lang.css:21:1: You cannot [36m@apply[39m the [36mworkflow-step-current[39m utility here because it creates a circular dependency.
[2m[WebServer] [22m
[2m[WebServer] [22m    [90mat [39mcreateError ([36m/C:/project/jjiban/node_modules/h3/dist/index.mjs:71:15[39m)
[2m[WebServer] [22m    [90mat [39m/C:/project/jjiban/node_modules/@nuxt/vite-builder/dist/shared/vite-builder.Bmat7g1G.mjs:430:21
[2m[WebServer] [22m    [90mat [39mprocess.processTicksAndRejections ([36mnode:internal/process/task_queues:105:5[39m)
[2m[WebServer] [22m    [90mat [39masync processMessage ([36m/C:/project/jjiban/node_modules/@nuxt/vite-builder/dist/shared/vite-builder.Bmat7g1G.mjs:412:30[39m)
[2m[WebServer] [22m[43m[30m WARN [39m[49m [Vue Router warn]: uncaught error during route navigation:
[2m[WebServer] [22m[41m[30m ERROR [39m[49m [postcss] C:/project/jjiban/app/components/wbs/detail/TaskProgress.vue?vue&type=style&index=0&scoped=fe5c9d02&lang.css:21:1: You cannot [36m@apply[39m the [36mworkflow-step-current[39m utility here because it creates a circular dependency.
[2m[WebServer] [22m
[2m[WebServer] [22m    [90mat [39mcreateError ([36mC:/project/jjiban/node_modules/h3/dist/index.mjs:71:15[39m)
[2m[WebServer] [22m    [90mat [39mC:/project/jjiban/node_modules/@nuxt/vite-builder/dist/shared/vite-builder.Bmat7g1G.mjs:430:21)
[2m[WebServer] [22m    [90mat [39mprocess.processTicksAndRejections ([36mnode:internal/process/task_queues:105:5[39m)
[2m[WebServer] [22m    [90mat [39masync processMessage ([36mC:/project/jjiban/node_modules/@nuxt/vite-builder/dist/shared/vite-builder.Bmat7g1G.mjs:412:30[39m)
[2m[WebServer] [22m[43m[30m WARN [39m[49m [Vue Router warn]: uncaught error during route navigation:
[2m[WebServer] [22m[41m[30m ERROR [39m[49m [postcss] C:/project/jjiban/app/components/wbs/detail/TaskProgress.vue?vue&type=style&index=0&scoped=fe5c9d02&lang.css:21:1: You cannot [36m@apply[39m the [36mworkflow-step-current[39m utility here because it creates a circular dependency.
[2m[WebServer] [22m
[2m[WebServer] [22m    [90mat [39mcreateError ([36mC:/project/jjiban/node_modules/h3/dist/index.mjs:71:15[39m)
[2m[WebServer] [22m    [90mat [39mC:/project/jjiban/node_modules/@nuxt/vite-builder/dist/shared/vite-builder.Bmat7g1G.mjs:430:21)
[2m[WebServer] [22m    [90mat [39mprocess.processTicksAndRejections ([36mnode:internal/process/task_queues:105:5[39m)
[2m[WebServer] [22m    [90mat [39masync processMessage ([36mC:/project/jjiban/node_modules/@nuxt/vite-builder/dist/shared/vite-builder.Bmat7g1G.mjs:412:30[39m)
[2m[WebServer] [22m[43m[30m WARN [39m[49m [Vue Router warn]: uncaught error during route navigation:
[2m[WebServer] [22m[41m[30m ERROR [39m[49m [postcss] C:/project/jjiban/app/components/wbs/detail/TaskProgress.vue?vue&type=style&index=0&scoped=fe5c9d02&lang.css:21:1: You cannot [36m@apply[39m the [36mworkflow-step-current[39m utility here because it creates a circular dependency.
[2m[WebServer] [22m
[2m[WebServer] [22m    [90mat [39mcreateError ([36mC:/project/jjiban/node_modules/h3/dist/index.mjs:71:15[39m)
[2m[WebServer] [22m    [90mat [39mC:/project/jjiban/node_modules/@nuxt/vite-builder/dist/shared/vite-builder.Bmat7g1G.mjs:430:21)
[2m[WebServer] [22m    [90mat [39mprocess.processTicksAndRejections ([36mnode:internal/process/task_queues:105:5[39m)
[2m[WebServer] [22m    [90mat [39masync processMessage ([36mC:/project/jjiban/node_modules/@nuxt/vite-builder/dist/shared/vite-builder.Bmat7g1G.mjs:412:30[39m)
[2m[WebServer] [22m[43m[30m WARN [39m[49m [Vue Router warn]: uncaught error during route navigation:
[2m[WebServer] [22m[41m[30m ERROR [39m[49m [postcss] C:/project/jjiban/app/components/wbs/detail/TaskProgress.vue?vue&type=style&index=0&scoped=fe5c9d02&lang.css:21:1: You cannot [36m@apply[39m the [36mworkflow-step-current[39m utility here because it creates a circular dependency.
[2m[WebServer] [22m
[2m[WebServer] [22m    [90mat [39mcreateError ([36mC:/project/jjiban/node_modules/h3/dist/index.mjs:71:15[39m)
[2m[WebServer] [22m    [90mat [39mC:/project/jjiban/node_modules/@nuxt/vite-builder/dist/shared/vite-builder.Bmat7g1G.mjs:430:21)
[2m[WebServer] [22m    [90mat [39mprocess.processTicksAndRejections ([36mnode:internal/process/task_queues:105:5[39m)
[2m[WebServer] [22m    [90mat [39masync processMessage ([36mC:/project/jjiban/node_modules/@nuxt/vite-builder/dist/shared/vite-builder.Bmat7g1G.mjs:412:30[39m)
[2m[WebServer] [22m[43m[30m WARN [39m[49m [Vue Router warn]: uncaught error during route navigation:
[2m[WebServer] [22m[41m[30m ERROR [39m[49m [postcss] C:/project/jjiban/app/components/wbs/detail/TaskProgress.vue?vue&type=style&index=0&scoped=fe5c9d02&lang.css:21:1: You cannot [36m@apply[39m the [36mworkflow-step-current[39m utility here because it creates a circular dependency.
[2m[WebServer] [22m
[2m[WebServer] [22m    [90mat [39mcreateError ([36mC:/project/jjiban/node_modules/h3/dist/index.mjs:71:15[39m)
[2m[WebServer] [22m    [90mat [39mC:/project/jjiban/node_modules/@nuxt/vite-builder/dist/shared/vite-builder.Bmat7g1G.mjs:430:21)
[2m[WebServer] [22m    [90mat [39mprocess.processTicksAndRejections ([36mnode:internal/process/task_queues:105:5[39m)
[2m[WebServer] [22m    [90mat [39masync processMessage ([36mC:/project/jjiban/node_modules/@nuxt/vite-builder/dist/shared/vite-builder.Bmat7g1G.mjs:412:30[39m)
[2m[WebServer] [22m[43m[30m WARN [39m[49m [Vue Router warn]: uncaught error during route navigation:
[2m[WebServer] [22m[41m[30m ERROR [39m[49m [postcss] C:/project/jjiban/app/components/wbs/detail/TaskProgress.vue?vue&type=style&index=0&scoped=fe5c9d02&lang.css:21:1: You cannot [36m@apply[39m the [36mworkflow-step-current[39m utility here because it creates a circular dependency.
[2m[WebServer] [22m
[2m[WebServer] [22m    [90mat [39mcreateError ([36mC:/project/jjiban/node_modules/h3/dist/index.mjs:71:15[39m)
[2m[WebServer] [22m    [90mat [39mC:/project/jjiban/node_modules/@nuxt/vite-builder/dist/shared/vite-builder.Bmat7g1G.mjs:430:21)
[2m[WebServer] [22m    [90mat [39mprocess.processTicksAndRejections ([36mnode:internal/process/task_queues:105:5[39m)
[2m[WebServer] [22m    [90mat [39masync processMessage ([36mC:/project/jjiban/node_modules/@nuxt/vite-builder/dist/shared/vite-builder.Bmat7g1G.mjs:412:30[39m)
[2m[WebServer] [22m[43m[30m WARN [39m[49m [nuxt] Failed to stringify dev server logs. Received [36mDevalueError: Cannot stringify arbitrary non-POJOs[39m. You can define your own reducer/reviver for rich types following the instructions in https://nuxt.com/docs/api/composables/use-nuxt-app#payload.
[2m[WebServer] [22m[43m[30m WARN [39m[49m [nuxt] Failed to stringify dev server logs. Received [36mDevalueError: Cannot stringify arbitrary non-POJOs[39m. You can define your own reducer/reviver for rich types following the instructions in https://nuxt.com/docs/api/composables/use-nuxt-app#payload.
[2m[WebServer] [22m[43m[30m WARN [39m[49m [nuxt] Failed to stringify dev server logs. Received [36mDevalueError: Cannot stringify arbitrary non-POJOs[39m. You can define your own reducer/reviver for rich types following the instructions in https://nuxt.com/docs/api/composables/use-nuxt-app#payload.
[2m[WebServer] [22m[43m[30m WARN [39m[49m [nuxt] Failed to stringify dev server logs. Received [36mDevalueError: Cannot stringify arbitrary non-POJOs[39m. You can define your own reducer/reviver for rich types following the instructions in https://nuxt.com/docs/api/composables/use-nuxt-app#payload.
[2m[WebServer] [22m[43m[30m WARN [39m[49m [nuxt] Failed to stringify dev server logs. Received [36mDevalueError: Cannot stringify arbitrary non-POJOs[39m. You can define your own reducer/reviver for rich types following the instructions in https://nuxt.com/docs/api/composables/use-nuxt-app#payload.
[2m[WebServer] [22m[43m[30m WARN [39m[49m [nuxt] Failed to stringify dev server logs. Received [36mDevalueError: Cannot stringify arbitrary non-POJOs[39m. You can define your own reducer/reviver for rich types following the instructions in https://nuxt.com/docs/api/composables/use-nuxt-app#payload.
[2m[WebServer] [22m
[2m[WebServer] [22m[41m[30m ERROR [39m[49m [31mInternal server error: [postcss] C:/project/jjiban/app/components/wbs/detail/TaskProgress.vue?vue&type=style&index=0&scoped=fe5c9d02&lang.css:21:1: You cannot [36m@apply[39m the [36mworkflow-step-current[39m utility here because it creates a circular dependency.[39m
[2m[WebServer] [22m  Plugin: [35mvite:css[39m
[2m[WebServer] [22m  File: [36mC:/project/jjiban/app/components/wbs/detail/TaskProgress.vue?vue&type=style&index=0&scoped=fe5c9d02&lang.css[39m:231:0
[2m[WebServer] [22m[33m  19 |  }
[2m[WebServer] [22m  20 |  
[2m[WebServer] [22m  21 |  .workflow-step-current {
[2m[WebServer] [22m     |  ^
[2m[WebServer] [22m  22 |    @apply workflow-step-current;
[2m[WebServer] [22m  23 |  }[39m
[2m[WebServer] [22m      at Input.error (C:\project\jjiban\node_modules\postcss\lib\input.js:135:16)
[2m[WebServer] [22m      at Rule.error (C:\project\jjiban\node_modules\postcss\lib\node.js:146:32)
[2m[WebServer] [22m      at processApply (C:\project\jjiban\node_modules\tailwindcss\lib\lib\expandApplyAtRules.js:443:32)
[2m[WebServer] [22m      at C:\project\jjiban\node_modules\tailwindcss\lib\lib\expandApplyAtRules.js:551:9
[2m[WebServer] [22m      at C:\project\jjiban\node_modules\tailwindcss\lib\processTailwindFeatures.js:55:50
[2m[WebServer] [22m      at process.processTicksAndRejections (node:internal/process/task_queues:105:5)
[2m[WebServer] [22m      at async plugins (C:\project\jjiban\node_modules\tailwindcss\lib\plugin.js:38:17)
[2m[WebServer] [22m      at async LazyResult.runAsync (C:\project\jjiban\node_modules\postcss\lib\lazy-result.js:293:11)
[2m[WebServer] [22m      at async runPostCSS (file:///C:/project/jjiban/node_modules/vite/dist/node/chunks/config.js:30144:19)
[2m[WebServer] [22m      at async compilePostCSS (file:///C:/project/jjiban/node_modules/vite/dist/node/chunks/config.js:30128:6)
[2m[WebServer] [22m
[2m[WebServer] [22m
[2m[WebServer] [22m[41m[30m ERROR [39m[49m [31mInternal server error: [postcss] C:/project/jjiban/app/components/wbs/detail/TaskProgress.vue?vue&type=style&index=0&scoped=fe5c9d02&lang.css:21:1: You cannot [36m@apply[39m the [36mworkflow-step-current[39m utility here because it creates a circular dependency.[39m
[2m[WebServer] [22m  Plugin: [35mvite:css[39m
[2m[WebServer] [22m  File: [36mC:/project/jjiban/app/components/wbs/detail/TaskProgress.vue?vue&type=style&index=0&scoped=fe5c9d02&lang.css[39m:231:0
[2m[WebServer] [22m[33m  19 |  }
[2m[WebServer] [22m  20 |  
[2m[WebServer] [22m  21 |  .workflow-step-current {
[2m[WebServer] [22m     |  ^
[2m[WebServer] [22m  22 |    @apply workflow-step-current;
[2m[WebServer] [22m  23 |  }[39m
[2m[WebServer] [22m      at Input.error (C:\project\jjiban\node_modules\postcss\lib\input.js:135:16)
[2m[WebServer] [22m      at Rule.error (C:\project\jjiban\node_modules\postcss\lib\node.js:146:32)
[2m[WebServer] [22m      at processApply (C:\project\jjiban\node_modules\tailwindcss\lib\lib\expandApplyAtRules.js:443:32)
[2m[WebServer] [22m      at C:\project\jjiban\node_modules\tailwindcss\lib\lib\expandApplyAtRules.js:551:9
[2m[WebServer] [22m      at C:\project\jjiban\node_modules\tailwindcss\lib\processTailwindFeatures.js:55:50
[2m[WebServer] [22m      at process.processTicksAndRejections (node:internal/process/task_queues:105:5)
[2m[WebServer] [22m      at async plugins (C:\project\jjiban\node_modules\tailwindcss\lib\plugin.js:38:17)
[2m[WebServer] [22m      at async LazyResult.runAsync (C:\project\jjiban\node_modules\postcss\lib\lazy-result.js:293:11)
[2m[WebServer] [22m      at async runPostCSS (file:///C:/project/jjiban/node_modules/vite/dist/node/chunks/config.js:30144:19)
[2m[WebServer] [22m      at async compilePostCSS (file:///C:/project/jjiban/node_modules/vite/dist/node/chunks/config.js:30128:6)[2m (x2)[22m
[2m[WebServer] [22m
[2m[WebServer] [22m
[2m[WebServer] [22m[41m[30m ERROR [39m[49m [31mInternal server error: [postcss] C:/project/jjiban/app/components/wbs/detail/TaskProgress.vue?vue&type=style&index=0&scoped=fe5c9d02&lang.css:21:1: You cannot [36m@apply[39m the [36mworkflow-step-current[39m utility here because it creates a circular dependency.[39m
[2m[WebServer] [22m  Plugin: [35mvite:css[39m
[2m[WebServer] [22m  File: [36mC:/project/jjiban/app/components/wbs/detail/TaskProgress.vue?vue&type=style&index=0&scoped=fe5c9d02&lang.css[39m:231:0
[2m[WebServer] [22m[33m  19 |  }
[2m[WebServer] [22m  20 |  
[2m[WebServer] [22m  21 |  .workflow-step-current {
[2m[WebServer] [22m     |  ^
[2m[WebServer] [22m  22 |    @apply workflow-step-current;
[2m[WebServer] [22m  23 |  }[39m
[2m[WebServer] [22m      at Input.error (C:\project\jjiban\node_modules\postcss\lib\input.js:135:16)
[2m[WebServer] [22m      at Rule.error (C:\project\jjiban\node_modules\postcss\lib\node.js:146:32)
[2m[WebServer] [22m      at processApply (C:\project\jjiban\node_modules\tailwindcss\lib\lib\expandApplyAtRules.js:443:32)
[2m[WebServer] [22m      at C:\project\jjiban\node_modules\tailwindcss\lib\lib\expandApplyAtRules.js:551:9
[2m[WebServer] [22m      at C:\project\jjiban\node_modules\tailwindcss\lib\processTailwindFeatures.js:55:50
[2m[WebServer] [22m      at process.processTicksAndRejections (node:internal/process/task_queues:105:5)
[2m[WebServer] [22m      at async plugins (C:\project\jjiban\node_modules\tailwindcss\lib\plugin.js:38:17)
[2m[WebServer] [22m      at async LazyResult.runAsync (C:\project\jjiban\node_modules\postcss\lib\lazy-result.js:293:11)
[2m[WebServer] [22m      at async runPostCSS (file:///C:/project/jjiban/node_modules/vite/dist/node/chunks/config.js:30144:19)
[2m[WebServer] [22m      at async compilePostCSS (file:///C:/project/jjiban/node_modules/vite/dist/node/chunks/config.js:30128:6)[2m (x3)[22m
[2m[WebServer] [22m
[2m[WebServer] [22m
[2m[WebServer] [22m[41m[30m ERROR [39m[49m [31mInternal server error: [postcss] C:/project/jjiban/app/components/wbs/detail/TaskProgress.vue?vue&type=style&index=0&scoped=fe5c9d02&lang.css:21:1: You cannot [36m@apply[39m the [36mworkflow-step-current[39m utility here because it creates a circular dependency.[39m
[2m[WebServer] [22m  Plugin: [35mvite:css[39m
[2m[WebServer] [22m  File: [36mC:/project/jjiban/app/components/wbs/detail/TaskProgress.vue?vue&type=style&index=0&scoped=fe5c9d02&lang.css[39m:231:0
[2m[WebServer] [22m[33m  19 |  }
[2m[WebServer] [22m  20 |  
[2m[WebServer] [22m  21 |  .workflow-step-current {
[2m[WebServer] [22m     |  ^
[2m[WebServer] [22m  22 |    @apply workflow-step-current;
[2m[WebServer] [22m  23 |  }[39m
[2m[WebServer] [22m      at Input.error (C:\project\jjiban\node_modules\postcss\lib\input.js:135:16)
[2m[WebServer] [22m      at Rule.error (C:\project\jjiban\node_modules\postcss\lib\node.js:146:32)
[2m[WebServer] [22m      at processApply (C:\project\jjiban\node_modules\tailwindcss\lib\lib\expandApplyAtRules.js:443:32)
[2m[WebServer] [22m      at C:\project\jjiban\node_modules\tailwindcss\lib\lib\expandApplyAtRules.js:551:9
[2m[WebServer] [22m      at C:\project\jjiban\node_modules\tailwindcss\lib\processTailwindFeatures.js:55:50
[2m[WebServer] [22m      at process.processTicksAndRejections (node:internal/process/task_queues:105:5)
[2m[WebServer] [22m      at async plugins (C:\project\jjiban\node_modules\tailwindcss\lib\plugin.js:38:17)
[2m[WebServer] [22m      at async LazyResult.runAsync (C:\project\jjiban\node_modules\postcss\lib\lazy-result.js:293:11)
[2m[WebServer] [22m      at async runPostCSS (file:///C:/project/jjiban/node_modules/vite/dist/node/chunks/config.js:30144:19)
[2m[WebServer] [22m      at async compilePostCSS (file:///C:/project/jjiban/node_modules/vite/dist/node/chunks/config.js:30128:6)[2m (x4)[22m
[2m[WebServer] [22m
[2m[WebServer] [22m
[2m[WebServer] [22m[41m[30m ERROR [39m[49m [31mInternal server error: [postcss] C:/project/jjiban/app/components/wbs/detail/TaskProgress.vue?vue&type=style&index=0&scoped=fe5c9d02&lang.css:21:1: You cannot [36m@apply[39m the [36mworkflow-step-current[39m utility here because it creates a circular dependency.[39m
[2m[WebServer] [22m  Plugin: [35mvite:css[39m
[2m[WebServer] [22m  File: [36mC:/project/jjiban/app/components/wbs/detail/TaskProgress.vue?vue&type=style&index=0&scoped=fe5c9d02&lang.css[39m:231:0
[2m[WebServer] [22m[33m  19 |  }
[2m[WebServer] [22m  20 |  
[2m[WebServer] [22m  21 |  .workflow-step-current {
[2m[WebServer] [22m     |  ^
[2m[WebServer] [22m  22 |    @apply workflow-step-current;
[2m[WebServer] [22m  23 |  }[39m
[2m[WebServer] [22m      at Input.error (C:\project\jjiban\node_modules\postcss\lib\input.js:135:16)
[2m[WebServer] [22m      at Rule.error (C:\project\jjiban\node_modules\postcss\lib\node.js:146:32)
[2m[WebServer] [22m      at processApply (C:\project\jjiban\node_modules\tailwindcss\lib\lib\expandApplyAtRules.js:443:32)
[2m[WebServer] [22m      at C:\project\jjiban\node_modules\tailwindcss\lib\lib\expandApplyAtRules.js:551:9
[2m[WebServer] [22m      at C:\project\jjiban\node_modules\tailwindcss\lib\processTailwindFeatures.js:55:50
[2m[WebServer] [22m      at process.processTicksAndRejections (node:internal/process/task_queues:105:5)
[2m[WebServer] [22m      at async plugins (C:\project\jjiban\node_modules\tailwindcss\lib\plugin.js:38:17)
[2m[WebServer] [22m      at async LazyResult.runAsync (C:\project\jjiban\node_modules\postcss\lib\lazy-result.js:293:11)
[2m[WebServer] [22m      at async runPostCSS (file:///C:/project/jjiban/node_modules/vite/dist/node/chunks/config.js:30144:19)
[2m[WebServer] [22m      at async compilePostCSS (file:///C:/project/jjiban/node_modules/vite/dist/node/chunks/config.js:30128:6)[2m (x5)[22m
[2m[WebServer] [22m
[2m[WebServer] [22m
[2m[WebServer] [22m[41m[30m ERROR [39m[49m [31mInternal server error: [postcss] C:/project/jjiban/app/components/wbs/detail/TaskProgress.vue?vue&type=style&index=0&scoped=fe5c9d02&lang.css:21:1: You cannot [36m@apply[39m the [36mworkflow-step-current[39m utility here because it creates a circular dependency.[39m
[2m[WebServer] [22m  Plugin: [35mvite:css[39m
[2m[WebServer] [22m  File: [36mC:/project/jjiban/app/components/wbs/detail/TaskProgress.vue?vue&type=style&index=0&scoped=fe5c9d02&lang.css[39m:231:0
[2m[WebServer] [22m[33m  19 |  }
[2m[WebServer] [22m  20 |  
[2m[WebServer] [22m  21 |  .workflow-step-current {
[2m[WebServer] [22m     |  ^
[2m[WebServer] [22m  22 |    @apply workflow-step-current;
[2m[WebServer] [22m  23 |  }[39m
[2m[WebServer] [22m      at Input.error (C:\project\jjiban\node_modules\postcss\lib\input.js:135:16)
[2m[WebServer] [22m      at Rule.error (C:\project\jjiban\node_modules\postcss\lib\node.js:146:32)
[2m[WebServer] [22m      at processApply (C:\project\jjiban\node_modules\tailwindcss\lib\lib\expandApplyAtRules.js:443:32)
[2m[WebServer] [22m      at C:\project\jjiban\node_modules\tailwindcss\lib\lib\expandApplyAtRules.js:551:9
[2m[WebServer] [22m      at C:\project\jjiban\node_modules\tailwindcss\lib\processTailwindFeatures.js:55:50
[2m[WebServer] [22m      at process.processTicksAndRejections (node:internal/process/task_queues:105:5)
[2m[WebServer] [22m      at async plugins (C:\project\jjiban\node_modules\tailwindcss\lib\plugin.js:38:17)
[2m[WebServer] [22m      at async LazyResult.runAsync (C:\project\jjiban\node_modules\postcss\lib\lazy-result.js:293:11)
[2m[WebServer] [22m      at async runPostCSS (file:///C:/project/jjiban/node_modules/vite/dist/node/chunks/config.js:30144:19)
[2m[WebServer] [22m      at async compilePostCSS (file:///C:/project/jjiban/node_modules/vite/dist/node/chunks/config.js:30128:6)[2m (x6)[22m
[2m[WebServer] [22m
[2m[WebServer] [22m
[2m[WebServer] [22m[41m[30m ERROR [39m[49m [31mInternal server error: [postcss] C:/project/jjiban/app/components/wbs/detail/TaskProgress.vue?vue&type=style&index=0&scoped=fe5c9d02&lang.css:21:1: You cannot [36m@apply[39m the [36mworkflow-step-current[39m utility here because it creates a circular dependency.[39m
[2m[WebServer] [22m  Plugin: [35mvite:css[39m
[2m[WebServer] [22m  File: [36mC:/project/jjiban/app/components/wbs/detail/TaskProgress.vue?vue&type=style&index=0&scoped=fe5c9d02&lang.css[39m:231:0
[2m[WebServer] [22m[33m  19 |  }
[2m[WebServer] [22m  20 |  
[2m[WebServer] [22m  21 |  .workflow-step-current {
[2m[WebServer] [22m     |  ^
[2m[WebServer] [22m  22 |    @apply workflow-step-current;
[2m[WebServer] [22m  23 |  }[39m
[2m[WebServer] [22m      at Input.error (C:\project\jjiban\node_modules\postcss\lib\input.js:135:16)
[2m[WebServer] [22m      at Rule.error (C:\project\jjiban\node_modules\postcss\lib\node.js:146:32)
[2m[WebServer] [22m      at processApply (C:\project\jjiban\node_modules\tailwindcss\lib\lib\expandApplyAtRules.js:443:32)
[2m[WebServer] [22m      at C:\project\jjiban\node_modules\tailwindcss\lib\lib\expandApplyAtRules.js:551:9
[2m[WebServer] [22m      at C:\project\jjiban\node_modules\tailwindcss\lib\processTailwindFeatures.js:55:50
[2m[WebServer] [22m      at process.processTicksAndRejections (node:internal/process/task_queues:105:5)
[2m[WebServer] [22m      at async plugins (C:\project\jjiban\node_modules\tailwindcss\lib\plugin.js:38:17)
[2m[WebServer] [22m      at async LazyResult.runAsync (C:\project\jjiban\node_modules\postcss\lib\lazy-result.js:293:11)
[2m[WebServer] [22m      at async runPostCSS (file:///C:/project/jjiban/node_modules/vite/dist/node/chunks/config.js:30144:19)
[2m[WebServer] [22m      at async compilePostCSS (file:///C:/project/jjiban/node_modules/vite/dist/node/chunks/config.js:30128:6)[2m (x7)[22m
[2m[WebServer] [22m
[2m[WebServer] [22m
[2m[WebServer] [22m[41m[30m ERROR [39m[49m [31mInternal server error: [postcss] C:/project/jjiban/app/components/wbs/detail/TaskProgress.vue?vue&type=style&index=0&scoped=fe5c9d02&lang.css:21:1: You cannot [36m@apply[39m the [36mworkflow-step-current[39m utility here because it creates a circular dependency.[39m
[2m[WebServer] [22m  Plugin: [35mvite:css[39m
[2m[WebServer] [22m  File: [36mC:/project/jjiban/app/components/wbs/detail/TaskProgress.vue?vue&type=style&index=0&scoped=fe5c9d02&lang.css[39m:231:0
[2m[WebServer] [22m[33m  19 |  }
[2m[WebServer] [22m  20 |  
[2m[WebServer] [22m  21 |  .workflow-step-current {
[2m[WebServer] [22m     |  ^
[2m[WebServer] [22m  22 |    @apply workflow-step-current;
[2m[WebServer] [22m  23 |  }[39m
[2m[WebServer] [22m      at Input.error (C:\project\jjiban\node_modules\postcss\lib\input.js:135:16)
[2m[WebServer] [22m      at Rule.error (C:\project\jjiban\node_modules\postcss\lib\node.js:146:32)
[2m[WebServer] [22m      at processApply (C:\project\jjiban\node_modules\tailwindcss\lib\lib\expandApplyAtRules.js:443:32)
[2m[WebServer] [22m      at C:\project\jjiban\node_modules\tailwindcss\lib\lib\expandApplyAtRules.js:551:9
[2m[WebServer] [22m      at C:\project\jjiban\node_modules\tailwindcss\lib\processTailwindFeatures.js:55:50
[2m[WebServer] [22m      at process.processTicksAndRejections (node:internal/process/task_queues:105:5)
[2m[WebServer] [22m      at async plugins (C:\project\jjiban\node_modules\tailwindcss\lib\plugin.js:38:17)
[2m[WebServer] [22m      at async LazyResult.runAsync (C:\project\jjiban\node_modules\postcss\lib\lazy-result.js:293:11)
[2m[WebServer] [22m      at async runPostCSS (file:///C:/project/jjiban/node_modules/vite/dist/node/chunks/config.js:30144:19)
[2m[WebServer] [22m      at async compilePostCSS (file:///C:/project/jjiban/node_modules/vite/dist/node/chunks/config.js:30128:6)[2m (x8)[22m
[2m[WebServer] [22m
[2m[WebServer] [22m
[2m[WebServer] [22m[41m[30m ERROR [39m[49m [31mInternal server error: [postcss] C:/project/jjiban/app/components/wbs/detail/TaskProgress.vue?vue&type=style&index=0&scoped=fe5c9d02&lang.css:21:1: You cannot [36m@apply[39m the [36mworkflow-step-current[39m utility here because it creates a circular dependency.[39m
[2m[WebServer] [22m  Plugin: [35mvite:css[39m
[2m[WebServer] [22m  File: [36mC:/project/jjiban/app/components/wbs/detail/TaskProgress.vue?vue&type=style&index=0&scoped=fe5c9d02&lang.css[39m:231:0
[2m[WebServer] [22m[33m  19 |  }
[2m[WebServer] [22m  20 |  
[2m[WebServer] [22m  21 |  .workflow-step-current {
[2m[WebServer] [22m     |  ^
[2m[WebServer] [22m  22 |    @apply workflow-step-current;
[2m[WebServer] [22m  23 |  }[39m
[2m[WebServer] [22m      at Input.error (C:\project\jjiban\node_modules\postcss\lib\input.js:135:16)
[2m[WebServer] [22m      at Rule.error (C:\project\jjiban\node_modules\postcss\lib\node.js:146:32)
[2m[WebServer] [22m      at processApply (C:\project\jjiban\node_modules\tailwindcss\lib\lib\expandApplyAtRules.js:443:32)
[2m[WebServer] [22m      at C:\project\jjiban\node_modules\tailwindcss\lib\lib\expandApplyAtRules.js:551:9
[2m[WebServer] [22m      at C:\project\jjiban\node_modules\tailwindcss\lib\processTailwindFeatures.js:55:50
[2m[WebServer] [22m      at process.processTicksAndRejections (node:internal/process/task_queues:105:5)
[2m[WebServer] [22m      at async plugins (C:\project\jjiban\node_modules\tailwindcss\lib\plugin.js:38:17)
[2m[WebServer] [22m      at async LazyResult.runAsync (C:\project\jjiban\node_modules\postcss\lib\lazy-result.js:293:11)
[2m[WebServer] [22m      at async runPostCSS (file:///C:/project/jjiban/node_modules/vite/dist/node/chunks/config.js:30144:19)
[2m[WebServer] [22m      at async compilePostCSS (file:///C:/project/jjiban/node_modules/vite/dist/node/chunks/config.js:30128:6)[2m (x9)[22m
[2m[WebServer] [22m
[2m[WebServer] [22m
[2m[WebServer] [22m[41m[30m ERROR [39m[49m [31mInternal server error: [postcss] C:/project/jjiban/app/components/wbs/detail/TaskProgress.vue?vue&type=style&index=0&scoped=fe5c9d02&lang.css:21:1: You cannot [36m@apply[39m the [36mworkflow-step-current[39m utility here because it creates a circular dependency.[39m
[2m[WebServer] [22m  Plugin: [35mvite:css[39m
[2m[WebServer] [22m  File: [36mC:/project/jjiban/app/components/wbs/detail/TaskProgress.vue?vue&type=style&index=0&scoped=fe5c9d02&lang.css[39m:231:0
[2m[WebServer] [22m[33m  19 |  }
[2m[WebServer] [22m  20 |  
[2m[WebServer] [22m  21 |  .workflow-step-current {
[2m[WebServer] [22m     |  ^
[2m[WebServer] [22m  22 |    @apply workflow-step-current;
[2m[WebServer] [22m  23 |  }[39m
[2m[WebServer] [22m      at Input.error (C:\project\jjiban\node_modules\postcss\lib\input.js:135:16)
[2m[WebServer] [22m      at Rule.error (C:\project\jjiban\node_modules\postcss\lib\node.js:146:32)
[2m[WebServer] [22m      at processApply (C:\project\jjiban\node_modules\tailwindcss\lib\lib\expandApplyAtRules.js:443:32)
[2m[WebServer] [22m      at C:\project\jjiban\node_modules\tailwindcss\lib\lib\expandApplyAtRules.js:551:9
[2m[WebServer] [22m      at C:\project\jjiban\node_modules\tailwindcss\lib\processTailwindFeatures.js:55:50
[2m[WebServer] [22m      at process.processTicksAndRejections (node:internal/process/task_queues:105:5)
[2m[WebServer] [22m      at async plugins (C:\project\jjiban\node_modules\tailwindcss\lib\plugin.js:38:17)
[2m[WebServer] [22m      at async LazyResult.runAsync (C:\project\jjiban\node_modules\postcss\lib\lazy-result.js:293:11)
[2m[WebServer] [22m      at async runPostCSS (file:///C:/project/jjiban/node_modules/vite/dist/node/chunks/config.js:30144:19)
[2m[WebServer] [22m      at async compilePostCSS (file:///C:/project/jjiban/node_modules/vite/dist/node/chunks/config.js:30128:6)[2m (x10)[22m
[2m[WebServer] [22m
[2m[WebServer] [22m
[2m[WebServer] [22m[41m[30m ERROR [39m[49m [31mInternal server error: [postcss] C:/project/jjiban/app/components/wbs/detail/TaskProgress.vue?vue&type=style&index=0&scoped=fe5c9d02&lang.css:21:1: You cannot [36m@apply[39m the [36mworkflow-step-current[39m utility here because it creates a circular dependency.[39m
[2m[WebServer] [22m  Plugin: [35mvite:css[39m
[2m[WebServer] [22m  File: [36mC:/project/jjiban/app/components/wbs/detail/TaskProgress.vue?vue&type=style&index=0&scoped=fe5c9d02&lang.css[39m:231:0
[2m[WebServer] [22m[33m  19 |  }
[2m[WebServer] [22m  20 |  
[2m[WebServer] [22m  21 |  .workflow-step-current {
[2m[WebServer] [22m     |  ^
[2m[WebServer] [22m  22 |    @apply workflow-step-current;
[2m[WebServer] [22m  23 |  }[39m
[2m[WebServer] [22m      at Input.error (C:\project\jjiban\node_modules\postcss\lib\input.js:135:16)
[2m[WebServer] [22m      at Rule.error (C:\project\jjiban\node_modules\postcss\lib\node.js:146:32)
[2m[WebServer] [22m      at processApply (C:\project\jjiban\node_modules\tailwindcss\lib\lib\expandApplyAtRules.js:443:32)
[2m[WebServer] [22m      at C:\project\jjiban\node_modules\tailwindcss\lib\lib\expandApplyAtRules.js:551:9
[2m[WebServer] [22m      at C:\project\jjiban\node_modules\tailwindcss\lib\processTailwindFeatures.js:55:50
[2m[WebServer] [22m      at process.processTicksAndRejections (node:internal/process/task_queues:105:5)
[2m[WebServer] [22m      at async plugins (C:\project\jjiban\node_modules\tailwindcss\lib\plugin.js:38:17)
[2m[WebServer] [22m      at async LazyResult.runAsync (C:\project\jjiban\node_modules\postcss\lib\lazy-result.js:293:11)
[2m[WebServer] [22m      at async runPostCSS (file:///C:/project/jjiban/node_modules/vite/dist/node/chunks/config.js:30144:19)
[2m[WebServer] [22m      at async compilePostCSS (file:///C:/project/jjiban/node_modules/vite/dist/node/chunks/config.js:30128:6)[2m (x11)[22m
[2m[WebServer] [22m
[2m[WebServer] [22m
[2m[WebServer] [22m[41m[30m ERROR [39m[49m [31mInternal server error: [postcss] C:/project/jjiban/app/components/wbs/detail/TaskProgress.vue?vue&type=style&index=0&scoped=fe5c9d02&lang.css:21:1: You cannot [36m@apply[39m the [36mworkflow-step-current[39m utility here because it creates a circular dependency.[39m
[2m[WebServer] [22m  Plugin: [35mvite:css[39m
[2m[WebServer] [22m  File: [36mC:/project/jjiban/app/components/wbs/detail/TaskProgress.vue?vue&type=style&index=0&scoped=fe5c9d02&lang.css[39m:231:0
[2m[WebServer] [22m[33m  19 |  }
[2m[WebServer] [22m  20 |  
[2m[WebServer] [22m  21 |  .workflow-step-current {
[2m[WebServer] [22m     |  ^
[2m[WebServer] [22m  22 |    @apply workflow-step-current;
[2m[WebServer] [22m  23 |  }[39m
[2m[WebServer] [22m      at Input.error (C:\project\jjiban\node_modules\postcss\lib\input.js:135:16)
[2m[WebServer] [22m      at Rule.error (C:\project\jjiban\node_modules\postcss\lib\node.js:146:32)
[2m[WebServer] [22m      at processApply (C:\project\jjiban\node_modules\tailwindcss\lib\lib\expandApplyAtRules.js:443:32)
[2m[WebServer] [22m      at C:\project\jjiban\node_modules\tailwindcss\lib\lib\expandApplyAtRules.js:551:9
[2m[WebServer] [22m      at C:\project\jjiban\node_modules\tailwindcss\lib\processTailwindFeatures.js:55:50
[2m[WebServer] [22m      at process.processTicksAndRejections (node:internal/process/task_queues:105:5)
[2m[WebServer] [22m      at async plugins (C:\project\jjiban\node_modules\tailwindcss\lib\plugin.js:38:17)
[2m[WebServer] [22m      at async LazyResult.runAsync (C:\project\jjiban\node_modules\postcss\lib\lazy-result.js:293:11)
[2m[WebServer] [22m      at async runPostCSS (file:///C:/project/jjiban/node_modules/vite/dist/node/chunks/config.js:30144:19)
[2m[WebServer] [22m      at async compilePostCSS (file:///C:/project/jjiban/node_modules/vite/dist/node/chunks/config.js:30128:6)[2m (x12)[22m
[2m[WebServer] [22m
[2m[WebServer] [22m
[2m[WebServer] [22m[41m[30m ERROR [39m[49m Pre-transform error: [postcss] C:/project/jjiban/app/components/wbs/detail/TaskProgress.vue?vue&type=style&index=0&scoped=fe5c9d02&lang.css:21:1: You cannot [36m@apply[39m the [36mworkflow-step-current[39m utility here because it creates a circular dependency.
[2m[WebServer] [22m  Plugin: [35mvite:css[39m
[2m[WebServer] [22m  File: [36mC:/project/jjiban/app/components/wbs/detail/TaskProgress.vue?vue&type=style&index=0&scoped=fe5c9d02&lang.css[39m:231:0
[2m[WebServer] [22m[33m  19 |  }
[2m[WebServer] [22m  20 |  
[2m[WebServer] [22m  21 |  .workflow-step-current {
[2m[WebServer] [22m     |  ^
[2m[WebServer] [22m  22 |    @apply workflow-step-current;
[2m[WebServer] [22m  23 |  }[39m
[2m[WebServer] [22m
[2m[WebServer] [22m
[2m[WebServer] [22m[41m[30m ERROR [39m[49m [31mInternal server error: [postcss] C:/project/jjiban/app/components/wbs/detail/TaskProgress.vue?vue&type=style&index=0&scoped=fe5c9d02&lang.css:21:1: You cannot [36m@apply[39m the [36mworkflow-step-current[39m utility here because it creates a circular dependency.[39m
[2m[WebServer] [22m  Plugin: [35mvite:css[39m
[2m[WebServer] [22m  File: [36mC:/project/jjiban/app/components/wbs/detail/TaskProgress.vue?vue&type=style&index=0&scoped=fe5c9d02&lang.css[39m:231:0
[2m[WebServer] [22m[33m  19 |  }
[2m[WebServer] [22m  20 |  
[2m[WebServer] [22m  21 |  .workflow-step-current {
[2m[WebServer] [22m     |  ^
[2m[WebServer] [22m  22 |    @apply workflow-step-current;
[2m[WebServer] [22m  23 |  }[39m
[2m[WebServer] [22m      at Input.error (C:\project\jjiban\node_modules\postcss\lib\input.js:135:16)
[2m[WebServer] [22m      at Rule.error (C:\project\jjiban\node_modules\postcss\lib\node.js:146:32)
[2m[WebServer] [22m      at processApply (C:\project\jjiban\node_modules\tailwindcss\lib\lib\expandApplyAtRules.js:443:32)
[2m[WebServer] [22m      at C:\project\jjiban\node_modules\tailwindcss\lib\lib\expandApplyAtRules.js:551:9
[2m[WebServer] [22m      at C:\project\jjiban\node_modules\tailwindcss\lib\processTailwindFeatures.js:55:50
[2m[WebServer] [22m      at process.processTicksAndRejections (node:internal/process/task_queues:105:5)
[2m[WebServer] [22m      at async plugins (C:\project\jjiban\node_modules\tailwindcss\lib\plugin.js:38:17)
[2m[WebServer] [22m      at async LazyResult.runAsync (C:\project\jjiban\node_modules\postcss\lib\lazy-result.js:293:11)
[2m[WebServer] [22m      at async runPostCSS (file:///C:/project/jjiban/node_modules/vite/dist/node/chunks/config.js:30144:19)
[2m[WebServer] [22m      at async compilePostCSS (file:///C:/project/jjiban/node_modules/vite/dist/node/chunks/config.js:30128:6)
[2m[WebServer] [22m
[2m[WebServer] [22m
[2m[WebServer] [22m[41m[30m ERROR [39m[49m [31mInternal server error: [postcss] C:/project/jjiban/app/components/wbs/detail/TaskProgress.vue?vue&type=style&index=0&scoped=fe5c9d02&lang.css:21:1: You cannot [36m@apply[39m the [36mworkflow-step-current[39m utility here because it creates a circular dependency.[39m
[2m[WebServer] [22m  Plugin: [35mvite:css[39m
[2m[WebServer] [22m  File: [36mC:/project/jjiban/app/components/wbs/detail/TaskProgress.vue?vue&type=style&index=0&scoped=fe5c9d02&lang.css[39m:231:0
[2m[WebServer] [22m[33m  19 |  }
[2m[WebServer] [22m  20 |  
[2m[WebServer] [22m  21 |  .workflow-step-current {
[2m[WebServer] [22m     |  ^
[2m[WebServer] [22m  22 |    @apply workflow-step-current;
[2m[WebServer] [22m  23 |  }[39m
[2m[WebServer] [22m      at Input.error (C:\project\jjiban\node_modules\postcss\lib\input.js:135:16)
[2m[WebServer] [22m      at Rule.error (C:\project\jjiban\node_modules\postcss\lib\node.js:146:32)
[2m[WebServer] [22m      at processApply (C:\project\jjiban\node_modules\tailwindcss\lib\lib\expandApplyAtRules.js:443:32)
[2m[WebServer] [22m      at C:\project\jjiban\node_modules\tailwindcss\lib\lib\expandApplyAtRules.js:551:9
[2m[WebServer] [22m      at C:\project\jjiban\node_modules\tailwindcss\lib\processTailwindFeatures.js:55:50
[2m[WebServer] [22m      at process.processTicksAndRejections (node:internal/process/task_queues:105:5)
[2m[WebServer] [22m      at async plugins (C:\project\jjiban\node_modules\tailwindcss\lib\plugin.js:38:17)
[2m[WebServer] [22m      at async LazyResult.runAsync (C:\project\jjiban\node_modules\postcss\lib\lazy-result.js:293:11)
[2m[WebServer] [22m      at async runPostCSS (file:///C:/project/jjiban/node_modules/vite/dist/node/chunks/config.js:30144:19)
[2m[WebServer] [22m      at async compilePostCSS (file:///C:/project/jjiban/node_modules/vite/dist/node/chunks/config.js:30128:6)[2m (x2)[22m
[2m[WebServer] [22m
[2m[WebServer] [22m
[2m[WebServer] [22m[41m[30m ERROR [39m[49m [31mInternal server error: [postcss] C:/project/jjiban/app/components/wbs/detail/TaskProgress.vue?vue&type=style&index=0&scoped=fe5c9d02&lang.css:21:1: You cannot [36m@apply[39m the [36mworkflow-step-current[39m utility here because it creates a circular dependency.[39m
[2m[WebServer] [22m  Plugin: [35mvite:css[39m
[2m[WebServer] [22m  File: [36mC:/project/jjiban/app/components/wbs/detail/TaskProgress.vue?vue&type=style&index=0&scoped=fe5c9d02&lang.css[39m:231:0
[2m[WebServer] [22m[33m  19 |  }
[2m[WebServer] [22m  20 |  
[2m[WebServer] [22m  21 |  .workflow-step-current {
[2m[WebServer] [22m     |  ^
[2m[WebServer] [22m  22 |    @apply workflow-step-current;
[2m[WebServer] [22m  23 |  }[39m
[2m[WebServer] [22m      at Input.error (C:\project\jjiban\node_modules\postcss\lib\input.js:135:16)
[2m[WebServer] [22m      at Rule.error (C:\project\jjiban\node_modules\postcss\lib\node.js:146:32)
[2m[WebServer] [22m      at processApply (C:\project\jjiban\node_modules\tailwindcss\lib\lib\expandApplyAtRules.js:443:32)
[2m[WebServer] [22m      at C:\project\jjiban\node_modules\tailwindcss\lib\lib\expandApplyAtRules.js:551:9
[2m[WebServer] [22m      at C:\project\jjiban\node_modules\tailwindcss\lib\processTailwindFeatures.js:55:50
[2m[WebServer] [22m      at process.processTicksAndRejections (node:internal/process/task_queues:105:5)
[2m[WebServer] [22m      at async plugins (C:\project\jjiban\node_modules\tailwindcss\lib\plugin.js:38:17)
[2m[WebServer] [22m      at async LazyResult.runAsync (C:\project\jjiban\node_modules\postcss\lib\lazy-result.js:293:11)
[2m[WebServer] [22m      at async runPostCSS (file:///C:/project/jjiban/node_modules/vite/dist/node/chunks/config.js:30144:19)
[2m[WebServer] [22m      at async compilePostCSS (file:///C:/project/jjiban/node_modules/vite/dist/node/chunks/config.js:30128:6)[2m (x3)[22m
[2m[WebServer] [22m
[2m[WebServer] [22m
[2m[WebServer] [22m[41m[30m ERROR [39m[49m [31mInternal server error: [postcss] C:/project/jjiban/app/components/wbs/detail/TaskProgress.vue?vue&type=style&index=0&scoped=fe5c9d02&lang.css:21:1: You cannot [36m@apply[39m the [36mworkflow-step-current[39m utility here because it creates a circular dependency.[39m
[2m[WebServer] [22m  Plugin: [35mvite:css[39m
[2m[WebServer] [22m  File: [36mC:/project/jjiban/app/components/wbs/detail/TaskProgress.vue?vue&type=style&index=0&scoped=fe5c9d02&lang.css[39m:231:0
[2m[WebServer] [22m[33m  19 |  }
[2m[WebServer] [22m  20 |  
[2m[WebServer] [22m  21 |  .workflow-step-current {
[2m[WebServer] [22m     |  ^
[2m[WebServer] [22m  22 |    @apply workflow-step-current;
[2m[WebServer] [22m  23 |  }[39m
[2m[WebServer] [22m      at Input.error (C:\project\jjiban\node_modules\postcss\lib\input.js:135:16)
[2m[WebServer] [22m      at Rule.error (C:\project\jjiban\node_modules\postcss\lib\node.js:146:32)
[2m[WebServer] [22m      at processApply (C:\project\jjiban\node_modules\tailwindcss\lib\lib\expandApplyAtRules.js:443:32)
[2m[WebServer] [22m      at C:\project\jjiban\node_modules\tailwindcss\lib\lib\expandApplyAtRules.js:551:9
[2m[WebServer] [22m      at C:\project\jjiban\node_modules\tailwindcss\lib\processTailwindFeatures.js:55:50
[2m[WebServer] [22m      at process.processTicksAndRejections (node:internal/process/task_queues:105:5)
[2m[WebServer] [22m      at async plugins (C:\project\jjiban\node_modules\tailwindcss\lib\plugin.js:38:17)
[2m[WebServer] [22m      at async LazyResult.runAsync (C:\project\jjiban\node_modules\postcss\lib\lazy-result.js:293:11)
[2m[WebServer] [22m      at async runPostCSS (file:///C:/project/jjiban/node_modules/vite/dist/node/chunks/config.js:30144:19)
[2m[WebServer] [22m      at async compilePostCSS (file:///C:/project/jjiban/node_modules/vite/dist/node/chunks/config.js:30128:6)[2m (x4)[22m
[2m[WebServer] [22m
[2m[WebServer] [22m
[2m[WebServer] [22m[41m[30m ERROR [39m[49m [31mInternal server error: [postcss] C:/project/jjiban/app/components/wbs/detail/TaskProgress.vue?vue&type=style&index=0&scoped=fe5c9d02&lang.css:21:1: You cannot [36m@apply[39m the [36mworkflow-step-current[39m utility here because it creates a circular dependency.[39m
[2m[WebServer] [22m  Plugin: [35mvite:css[39m
[2m[WebServer] [22m  File: [36mC:/project/jjiban/app/components/wbs/detail/TaskProgress.vue?vue&type=style&index=0&scoped=fe5c9d02&lang.css[39m:231:0
[2m[WebServer] [22m[33m  19 |  }
[2m[WebServer] [22m  20 |  
[2m[WebServer] [22m  21 |  .workflow-step-current {
[2m[WebServer] [22m     |  ^
[2m[WebServer] [22m  22 |    @apply workflow-step-current;
[2m[WebServer] [22m  23 |  }[39m
[2m[WebServer] [22m      at Input.error (C:\project\jjiban\node_modules\postcss\lib\input.js:135:16)
[2m[WebServer] [22m      at Rule.error (C:\project\jjiban\node_modules\postcss\lib\node.js:146:32)
[2m[WebServer] [22m      at processApply (C:\project\jjiban\node_modules\tailwindcss\lib\lib\expandApplyAtRules.js:443:32)
[2m[WebServer] [22m      at C:\project\jjiban\node_modules\tailwindcss\lib\lib\expandApplyAtRules.js:551:9
[2m[WebServer] [22m      at C:\project\jjiban\node_modules\tailwindcss\lib\processTailwindFeatures.js:55:50
[2m[WebServer] [22m      at process.processTicksAndRejections (node:internal/process/task_queues:105:5)
[2m[WebServer] [22m      at async plugins (C:\project\jjiban\node_modules\tailwindcss\lib\plugin.js:38:17)
[2m[WebServer] [22m      at async LazyResult.runAsync (C:\project\jjiban\node_modules\postcss\lib\lazy-result.js:293:11)
[2m[WebServer] [22m      at async runPostCSS (file:///C:/project/jjiban/node_modules/vite/dist/node/chunks/config.js:30144:19)
[2m[WebServer] [22m      at async compilePostCSS (file:///C:/project/jjiban/node_modules/vite/dist/node/chunks/config.js:30128:6)[2m (x5)[22m
[2m[WebServer] [22m
[2m[WebServer] [22m
[2m[WebServer] [22m[41m[30m ERROR [39m[49m [31mInternal server error: [postcss] C:/project/jjiban/app/components/wbs/detail/TaskProgress.vue?vue&type=style&index=0&scoped=fe5c9d02&lang.css:21:1: You cannot [36m@apply[39m the [36mworkflow-step-current[39m utility here because it creates a circular dependency.[39m
[2m[WebServer] [22m  Plugin: [35mvite:css[39m
[2m[WebServer] [22m  File: [36mC:/project/jjiban/app/components/wbs/detail/TaskProgress.vue?vue&type=style&index=0&scoped=fe5c9d02&lang.css[39m:231:0
[2m[WebServer] [22m[33m  19 |  }
[2m[WebServer] [22m  20 |  
[2m[WebServer] [22m  21 |  .workflow-step-current {
[2m[WebServer] [22m     |  ^
[2m[WebServer] [22m  22 |    @apply workflow-step-current;
[2m[WebServer] [22m  23 |  }[39m
[2m[WebServer] [22m      at Input.error (C:\project\jjiban\node_modules\postcss\lib\input.js:135:16)
[2m[WebServer] [22m      at Rule.error (C:\project\jjiban\node_modules\postcss\lib\node.js:146:32)
[2m[WebServer] [22m      at processApply (C:\project\jjiban\node_modules\tailwindcss\lib\lib\expandApplyAtRules.js:443:32)
[2m[WebServer] [22m      at C:\project\jjiban\node_modules\tailwindcss\lib\lib\expandApplyAtRules.js:551:9
[2m[WebServer] [22m      at C:\project\jjiban\node_modules\tailwindcss\lib\processTailwindFeatures.js:55:50
[2m[WebServer] [22m      at process.processTicksAndRejections (node:internal/process/task_queues:105:5)
[2m[WebServer] [22m      at async plugins (C:\project\jjiban\node_modules\tailwindcss\lib\plugin.js:38:17)
[2m[WebServer] [22m      at async LazyResult.runAsync (C:\project\jjiban\node_modules\postcss\lib\lazy-result.js:293:11)
[2m[WebServer] [22m      at async runPostCSS (file:///C:/project/jjiban/node_modules/vite/dist/node/chunks/config.js:30144:19)
[2m[WebServer] [22m      at async compilePostCSS (file:///C:/project/jjiban/node_modules/vite/dist/node/chunks/config.js:30128:6)[2m (x6)[22m
[2m[WebServer] [22m
  ✘  11 [chromium] › detail-panel.spec.ts:150:3 › TSK-05-01: Detail Panel Structure › E2E-001: Task가 선택되지 않으면 빈 상태 메시지를 표시한다 (8.5s)
  ✘  10 [chromium] › detail-panel.spec.ts:258:3 › TSK-05-01: Detail Panel Structure › E2E-005: 카테고리별 색상이 올바르게 적용된다 (8.6s)
  ✘  9 [chromium] › detail-panel.spec.ts:168:3 › TSK-05-01: Detail Panel Structure › E2E-002: 사용자가 Task 제목을 인라인 편집할 수 있다 (8.7s)
  ✘  7 [chromium] › detail-panel.spec.ts:229:3 › TSK-05-01: Detail Panel Structure › E2E-004: 사용자가 담당자를 Dropdown으로 변경할 수 있다 (8.8s)
  ✘  8 [chromium] › detail-panel.spec.ts:200:3 › TSK-05-01: Detail Panel Structure › E2E-003: 사용자가 우선순위를 Dropdown으로 변경할 수 있다 (8.8s)

=== NETWORK REQUESTS ===
GET http://localhost:3333/wbs?projectId=jjiban
GET http://localhost:3333/_nuxt/@fs/C:/project/jjiban/node_modules/primeicons/primeicons.css
GET http://localhost:3333/_nuxt/@fs/C:/project/jjiban/node_modules/highlight.js/styles/atom-one-dark.css
GET http://localhost:3333/_nuxt/assets/css/main.css
GET http://localhost:3333/_nuxt/assets/styles/markdown.css
GET http://localhost:3333/_nuxt/C:/project/jjiban/node_modules/primeicons/primeicons.css
GET http://localhost:3333/_nuxt/C:/project/jjiban/node_modules/highlight.js/styles/atom-one-dark.css
GET http://localhost:3333/_nuxt/pages/wbs.vue?vue&type=style&index=0&scoped=e65324be&lang.css
GET http://localhost:3333/_nuxt/components/wbs/WbsSearchBox.vue?vue&type=style&index=0&scoped=e1f62467&lang.css
GET http://localhost:3333/_nuxt/components/wbs/StatusBadge.vue?vue&type=style&index=0&scoped=468087ba&lang.css
GET http://localhost:3333/_nuxt/components/wbs/detail/TaskDetailPanel.vue?vue&type=style&index=0&scoped=c5448481&lang.css
GET http://localhost:3333/_nuxt/components/task/DocumentViewer.vue?vue&type=style&index=0&scoped=31eb21c3&lang.css
GET http://localhost:3333/_nuxt/components/wbs/detail/TaskBasicInfo.vue?vue&type=style&index=0&scoped=b9661a3f&lang.css
GET http://localhost:3333/_nuxt/components/wbs/detail/TaskProgress.vue?vue&type=style&index=0&scoped=fe5c9d02&lang.css
GET http://localhost:3333/_nuxt/@fs/C:/project/jjiban/node_modules/nuxt/dist/app/components/error-500.vue?vue&type=style&index=0&scoped=347e4e05&lang.css
GET http://localhost:3333/_nuxt/C:/project/jjiban/node_modules/nuxt/dist/app/components/error-500.vue?vue&type=style&index=0&scoped=347e4e05&lang.css
GET http://localhost:3333/_nuxt/C:/project/jjiban/node_modules/nuxt/dist/app/entry.js
GET http://localhost:3333/_nuxt/builds/meta/dev.json
GET http://localhost:3333/_nuxt/@vite/client
GET http://localhost:3333/_nuxt/@fs/C:/project/jjiban/node_modules/vite/dist/client/env.mjs
GET http://localhost:3333/_nuxt/@id/__x00__vite/modulepreload-polyfill.js
GET http://localhost:3333/_nuxt/@fs/C:/project/jjiban/node_modules/vue/dist/vue.runtime.esm-bundler.js?v=dfda57ce
GET http://localhost:3333/_nuxt/@id/virtual:nuxt:C%3A%2Fproject%2Fjjiban%2F.nuxt%2Ffetch.mjs
GET http://localhost:3333/_nuxt/@id/virtual:nuxt:C%3A%2Fproject%2Fjjiban%2F.nuxt%2Fglobal-polyfills.mjs
GET http://localhost:3333/_nuxt/@fs/C:/project/jjiban/node_modules/nuxt/dist/app/nuxt.js?v=dfda57ce
GET http://localhost:3333/_nuxt/@fs/C:/project/jjiban/node_modules/nuxt/dist/app/composables/error.js?v=dfda57ce
GET http://localhost:3333/_nuxt/@id/virtual:nuxt:C%3A%2Fproject%2Fjjiban%2F.nuxt%2Fcss.mjs
GET http://localhost:3333/_nuxt/@id/virtual:nuxt:C%3A%2Fproject%2Fjjiban%2F.nuxt%2Fplugins.client.mjs
GET http://localhost:3333/_nuxt/@id/virtual:nuxt:C%3A%2Fproject%2Fjjiban%2F.nuxt%2Froot-component.mjs
GET http://localhost:3333/_nuxt/@id/virtual:nuxt:C%3A%2Fproject%2Fjjiban%2F.nuxt%2Fnuxt.config.mjs
GET http://localhost:3333/_nuxt/@fs/C:/project/jjiban/node_modules/primeicons/primeicons.css
GET http://localhost:3333/_nuxt/@fs/C:/project/jjiban/node_modules/highlight.js/styles/atom-one-dark.css
GET http://localhost:3333/_nuxt/assets/css/main.css
GET http://localhost:3333/_nuxt/assets/styles/markdown.css
GET http://localhost:3333/_nuxt/C:/project/jjiban/node_modules/primeicons/primeicons.css
GET http://localhost:3333/_nuxt/C:/project/jjiban/node_modules/highlight.js/styles/atom-one-dark.css
GET http://localhost:3333/_nuxt/pages/wbs.vue?vue&type=style&index=0&scoped=e65324be&lang.css
GET http://localhost:3333/_nuxt/components/wbs/WbsSearchBox.vue?vue&type=style&index=0&scoped=e1f62467&lang.css
GET http://localhost:3333/_nuxt/components/wbs/StatusBadge.vue?vue&type=style&index=0&scoped=468087ba&lang.css
GET http://localhost:3333/_nuxt/components/wbs/detail/TaskDetailPanel.vue?vue&type=style&index=0&scoped=c5448481&lang.css
GET http://localhost:3333/_nuxt/components/task/DocumentViewer.vue?vue&type=style&index=0&scoped=31eb21c3&lang.css
GET http://localhost:3333/_nuxt/components/wbs/detail/TaskBasicInfo.vue?vue&type=style&index=0&scoped=b9661a3f&lang.css
GET http://localhost:3333/_nuxt/components/wbs/detail/TaskProgress.vue?vue&type=style&index=0&scoped=fe5c9d02&lang.css
GET http://localhost:3333/_nuxt/@fs/C:/project/jjiban/node_modules/nuxt/dist/app/components/error-500.vue?vue&type=style&index=0&scoped=347e4e05&lang.css
GET http://localhost:3333/_nuxt/C:/project/jjiban/node_modules/nuxt/dist/app/components/error-500.vue?vue&type=style&index=0&scoped=347e4e05&lang.css
GET http://localhost:3333/_nuxt/C:/project/jjiban/node_modules/nuxt/dist/app/entry.js
GET http://localhost:3333/_nuxt/builds/meta/dev.json
GET http://localhost:3333/_nuxt/@fs/C:/project/jjiban/node_modules/@vue/runtime-dom/dist/runtime-dom.esm-bundler.js?v=dfda57ce
GET http://localhost:3333/_nuxt/@fs/C:/project/jjiban/node_modules/ofetch/dist/index.mjs?v=dfda57ce
GET http://localhost:3333/_nuxt/@id/virtual:nuxt:C%3A%2Fproject%2Fjjiban%2F.nuxt%2Fpaths.mjs
GET http://localhost:3333/_nuxt/@fs/C:/project/jjiban/node_modules/h3/dist/index.mjs?v=dfda57ce
GET http://localhost:3333/_nuxt/@fs/C:/project/jjiban/node_modules/nuxt/dist/app/composables/router.js?v=dfda57ce
GET http://localhost:3333/_nuxt/@fs/C:/project/jjiban/node_modules/primeicons/primeicons.css
GET http://localhost:3333/_nuxt/assets/css/main.css
GET http://localhost:3333/_nuxt/assets/styles/markdown.css
GET http://localhost:3333/_nuxt/@fs/C:/project/jjiban/node_modules/highlight.js/styles/atom-one-dark.css
GET http://localhost:3333/_nuxt/@id/virtual:nuxt:C%3A%2Fproject%2Fjjiban%2F.nuxt%2Fruntime.vue-devtools-client.JbzoVHyirJejAnl8wC5uCGAfOEbBNOpa0QinHm5Cq3Y.js
GET http://localhost:3333/_nuxt/@fs/C:/project/jjiban/node_modules/@pinia/nuxt/dist/runtime/payload-plugin.js?v=dfda57ce
GET http://localhost:3333/_nuxt/@fs/C:/project/jjiban/node_modules/nuxt/dist/app/plugins/revive-payload.client.js?v=dfda57ce
GET http://localhost:3333/_nuxt/@fs/C:/project/jjiban/node_modules/nuxt/dist/head/runtime/plugins/unhead.js?v=dfda57ce
GET http://localhost:3333/_nuxt/@fs/C:/project/jjiban/node_modules/nuxt/dist/pages/runtime/plugins/router.js?v=dfda57ce
GET http://localhost:3333/_nuxt/@fs/C:/project/jjiban/node_modules/nuxt/dist/app/plugins/browser-devtools-timing.client.js?v=dfda57ce
GET http://localhost:3333/_nuxt/@fs/C:/project/jjiban/node_modules/nuxt/dist/app/plugins/dev-server-logs.js?v=dfda57ce
GET http://localhost:3333/_nuxt/@fs/C:/project/jjiban/node_modules/nuxt/dist/app/plugins/navigation-repaint.client.js?v=dfda57ce
GET http://localhost:3333/_nuxt/@fs/C:/project/jjiban/node_modules/nuxt/dist/app/plugins/check-outdated-build.client.js?v=dfda57ce
GET http://localhost:3333/_nuxt/@fs/C:/project/jjiban/node_modules/nuxt/dist/app/plugins/chunk-reload.client.js?v=dfda57ce
GET http://localhost:3333/_nuxt/@fs/C:/project/jjiban/node_modules/@pinia/nuxt/dist/runtime/plugin.vue3.js?v=dfda57ce
GET http://localhost:3333/_nuxt/@id/virtual:nuxt:C%3A%2Fproject%2Fjjiban%2F.nuxt%2Fcomponents.plugin.mjs
GET http://localhost:3333/_nuxt/@fs/C:/project/jjiban/node_modules/nuxt/dist/pages/runtime/plugins/prefetch.client.js?v=dfda57ce
GET http://localhost:3333/_nuxt/@fs/C:/project/jjiban/node_modules/nuxt/dist/pages/runtime/plugins/check-if-page-unused.js?v=dfda57ce
GET http://localhost:3333/_nuxt/@fs/C:/project/jjiban/node_modules/@nuxt/devtools/dist/runtime/plugins/devtools.client.js?v=dfda57ce
GET http://localhost:3333/_nuxt/@id/virtual:nuxt:C%3A%2Fproject%2Fjjiban%2F.nuxt%2Fprimevue-plugin.mjs
GET http://localhost:3333/_nuxt/@fs/C:/project/jjiban/node_modules/@primevue/nuxt-module/dist/runtime/plugin.client.js?v=dfda57ce
GET http://localhost:3333/_nuxt/@fs/C:/project/jjiban/node_modules/nuxt/dist/app/plugins/check-if-layout-used.js?v=dfda57ce
GET http://localhost:3333/_nuxt/plugins/primevue-toast.client.ts
GET http://localhost:3333/_nuxt/@fs/C:/project/jjiban/node_modules/hookable/dist/index.mjs?v=dfda57ce
GET http://localhost:3333/_nuxt/@fs/C:/project/jjiban/node_modules/unctx/dist/index.mjs?v=dfda57ce
GET http://localhost:3333/_nuxt/@id/virtual:nuxt:C%3A%2Fproject%2Fjjiban%2F.nuxt%2Fcomponents.islands.mjs
GET http://localhost:3333/_nuxt/@fs/C:/project/jjiban/node_modules/nuxt/dist/app/components/nuxt-root.vue
GET http://localhost:3333/_nuxt/@fs/C:/project/jjiban/node_modules/ofetch/dist/shared/ofetch.CWycOUEr.mjs?v=dfda57ce
GET http://localhost:3333/_nuxt/@fs/C:/project/jjiban/node_modules/destr/dist/index.mjs?v=dfda57ce
GET http://localhost:3333/_nuxt/@fs/C:/project/jjiban/node_modules/ufo/dist/index.mjs?v=dfda57ce
GET http://localhost:3333/_nuxt/@fs/C:/project/jjiban/node_modules/@vue/runtime-core/dist/runtime-core.esm-bundler.js?v=dfda57ce
GET http://localhost:3333/_nuxt/@fs/C:/project/jjiban/node_modules/@vue/shared/dist/shared.esm-bundler.js?v=dfda57ce
GET http://localhost:3333/_nuxt/@fs/C:/project/jjiban/node_modules/nuxt/dist/app/components/injections.js?v=dfda57ce
GET http://localhost:3333/_nuxt/@fs/C:/project/jjiban/node_modules/nuxt/dist/app/utils.js?v=dfda57ce
GET http://localhost:3333/_nuxt/@fs/C:/project/jjiban/node_modules/.cache/vite/client/deps/@vue_devtools-core.js?v=dfda57ce
GET http://localhost:3333/_nuxt/@fs/C:/project/jjiban/node_modules/.cache/vite/client/deps/@vue_devtools-kit.js?v=dfda57ce
GET http://localhost:3333/_nuxt/@fs/C:/project/jjiban/node_modules/h3/node_modules/cookie-es/dist/index.mjs?v=dfda57ce
GET http://localhost:3333/_nuxt/@fs/C:/project/jjiban/node_modules/radix3/dist/index.mjs?v=dfda57ce
GET http://localhost:3333/_nuxt/@fs/C:/project/jjiban/node_modules/defu/dist/defu.mjs?v=dfda57ce
GET http://localhost:3333/_nuxt/@fs/C:/project/jjiban/node_modules/uncrypto/dist/crypto.web.mjs?v=dfda57ce
GET http://localhost:3333/_nuxt/@fs/C:/project/jjiban/node_modules/iron-webcrypto/dist/index.js?v=dfda57ce
GET http://localhost:3333/_nuxt/@fs/C:/project/jjiban/node_modules/node-mock-http/dist/index.mjs?v=dfda57ce
GET http://localhost:3333/_nuxt/@fs/C:/project/jjiban/node_modules/pinia/dist/pinia.mjs?v=dfda57ce
GET http://localhost:3333/_nuxt/@fs/C:/project/jjiban/node_modules/nuxt/dist/app/composables/payload.js?v=dfda57ce
GET http://localhost:3333/_nuxt/@fs/C:/project/jjiban/node_modules/@unhead/vue/dist/client.mjs?v=dfda57ce
GET http://localhost:3333/_nuxt/@id/virtual:nuxt:C%3A%2Fproject%2Fjjiban%2F.nuxt%2Funhead-options.mjs
GET http://localhost:3333/_nuxt/@fs/C:/project/jjiban/node_modules/vue-router/dist/vue-router.mjs?v=dfda57ce
GET http://localhost:3333/_nuxt/@fs/C:/project/jjiban/node_modules/nuxt/dist/pages/runtime/utils.js?v=dfda57ce
GET http://localhost:3333/_nuxt/@fs/C:/project/jjiban/node_modules/nuxt/dist/app/composables/manifest.js?v=dfda57ce
GET http://localhost:3333/_nuxt/@id/virtual:nuxt:C%3A%2Fproject%2Fjjiban%2F.nuxt%2Froutes.mjs
GET http://localhost:3333/_nuxt/@id/virtual:nuxt:C%3A%2Fproject%2Fjjiban%2F.nuxt%2Frouter.options.mjs
GET http://localhost:3333/_nuxt/@id/virtual:nuxt:C%3A%2Fproject%2Fjjiban%2F.nuxt%2Fmiddleware.mjs
GET http://localhost:3333/_nuxt/@fs/C:/project/jjiban/node_modules/nuxt/dist/app/composables/ready.js?v=dfda57ce
GET http://localhost:3333/_nuxt/@fs/C:/project/jjiban/node_modules/consola/dist/browser.mjs?v=dfda57ce
GET http://localhost:3333/_nuxt/@fs/C:/project/jjiban/node_modules/devalue/index.js?v=dfda57ce
GET http://localhost:3333/_nuxt/@fs/C:/project/jjiban/node_modules/nuxt/dist/app/composables/chunk.js?v=dfda57ce
GET http://localhost:3333/_nuxt/@fs/C:/project/jjiban/node_modules/nuxt/dist/app/index.js?v=dfda57ce
GET http://localhost:3333/_nuxt/@fs/C:/project/jjiban/node_modules/primevue/autocomplete/index.mjs?nuxt_component=async&nuxt_component_name=AutoComplete&nuxt_component_export=default
GET http://localhost:3333/_nuxt/@fs/C:/project/jjiban/node_modules/primevue/calendar/index.mjs?nuxt_component=async&nuxt_component_name=Calendar&nuxt_component_export=default
GET http://localhost:3333/_nuxt/@fs/C:/project/jjiban/node_modules/primevue/cascadeselect/index.mjs?nuxt_component=async&nuxt_component_name=CascadeSelect&nuxt_component_export=default
GET http://localhost:3333/_nuxt/@fs/C:/project/jjiban/node_modules/primevue/checkbox/index.mjs?nuxt_component=async&nuxt_component_name=Checkbox&nuxt_component_export=default
GET http://localhost:3333/_nuxt/@fs/C:/project/jjiban/node_modules/primevue/checkboxgroup/index.mjs?nuxt_component=async&nuxt_component_name=CheckboxGroup&nuxt_component_export=default
GET http://localhost:3333/_nuxt/@fs/C:/project/jjiban/node_modules/primevue/chips/index.mjs?nuxt_component=async&nuxt_component_name=Chips&nuxt_component_export=default
GET http://localhost:3333/_nuxt/@fs/C:/project/jjiban/node_modules/primevue/colorpicker/index.mjs?nuxt_component=async&nuxt_component_name=ColorPicker&nuxt_component_export=default
GET http://localhost:3333/_nuxt/@fs/C:/project/jjiban/node_modules/primevue/datepicker/index.mjs?nuxt_component=async&nuxt_component_name=DatePicker&nuxt_component_export=default
GET http://localhost:3333/_nuxt/@fs/C:/project/jjiban/node_modules/primevue/dropdown/index.mjs?nuxt_component=async&nuxt_component_name=Dropdown&nuxt_component_export=default
GET http://localhost:3333/_nuxt/@fs/C:/project/jjiban/node_modules/primevue/floatlabel/index.mjs?nuxt_component=async&nuxt_component_name=FloatLabel&nuxt_component_export=default
GET http://localhost:3333/_nuxt/@fs/C:/project/jjiban/node_modules/primevue/fluid/index.mjs?nuxt_component=async&nuxt_component_name=Fluid&nuxt_component_export=default
GET http://localhost:3333/_nuxt/@fs/C:/project/jjiban/node_modules/primevue/iconfield/index.mjs?nuxt_component=async&nuxt_component_name=IconField&nuxt_component_export=default
GET http://localhost:3333/_nuxt/@fs/C:/project/jjiban/node_modules/primevue/iftalabel/index.mjs?nuxt_component=async&nuxt_component_name=IftaLabel&nuxt_component_export=default
GET http://localhost:3333/_nuxt/@fs/C:/project/jjiban/node_modules/primevue/inputchips/index.mjs?nuxt_component=async&nuxt_component_name=InputChips&nuxt_component_export=default
GET http://localhost:3333/_nuxt/@fs/C:/project/jjiban/node_modules/primevue/inputgroup/index.mjs?nuxt_component=async&nuxt_component_name=InputGroup&nuxt_component_export=default
GET http://localhost:3333/_nuxt/@fs/C:/project/jjiban/node_modules/primevue/inputgroupaddon/index.mjs?nuxt_component=async&nuxt_component_name=InputGroupAddon&nuxt_component_export=default
GET http://localhost:3333/_nuxt/@fs/C:/project/jjiban/node_modules/primevue/inputicon/index.mjs?nuxt_component=async&nuxt_component_name=InputIcon&nuxt_component_export=default
GET http://localhost:3333/_nuxt/@fs/C:/project/jjiban/node_modules/primevue/inputmask/index.mjs?nuxt_component=async&nuxt_component_name=InputMask&nuxt_component_export=default
GET http://localhost:3333/_nuxt/@fs/C:/project/jjiban/node_modules/primevue/inputnumber/index.mjs?nuxt_component=async&nuxt_component_name=InputNumber&nuxt_component_export=default
GET http://localhost:3333/_nuxt/@fs/C:/project/jjiban/node_modules/primevue/inputotp/index.mjs?nuxt_component=async&nuxt_component_name=InputOtp&nuxt_component_export=default
GET http://localhost:3333/_nuxt/@fs/C:/project/jjiban/node_modules/primevue/inputswitch/index.mjs?nuxt_component=async&nuxt_component_name=InputSwitch&nuxt_component_export=default
GET http://localhost:3333/_nuxt/@fs/C:/project/jjiban/node_modules/primevue/inputtext/index.mjs?nuxt_component=async&nuxt_component_name=InputText&nuxt_component_export=default
GET http://localhost:3333/_nuxt/@fs/C:/project/jjiban/node_modules/primevue/knob/index.mjs?nuxt_component=async&nuxt_component_name=Knob&nuxt_component_export=default
GET http://localhost:3333/_nuxt/@fs/C:/project/jjiban/node_modules/primevue/listbox/index.mjs?nuxt_component=async&nuxt_component_name=Listbox&nuxt_component_export=default
GET http://localhost:3333/_nuxt/@fs/C:/project/jjiban/node_modules/primevue/multiselect/index.mjs?nuxt_component=async&nuxt_component_name=MultiSelect&nuxt_component_export=default
GET http://localhost:3333/_nuxt/@fs/C:/project/jjiban/node_modules/primevue/password/index.mjs?nuxt_component=async&nuxt_component_name=Password&nuxt_component_export=default
GET http://localhost:3333/_nuxt/@fs/C:/project/jjiban/node_modules/primevue/radiobutton/index.mjs?nuxt_component=async&nuxt_component_name=RadioButton&nuxt_component_export=default
GET http://localhost:3333/_nuxt/@fs/C:/project/jjiban/node_modules/primevue/radiobuttongroup/index.mjs?nuxt_component=async&nuxt_component_name=RadioButtonGroup&nuxt_component_export=default
GET http://localhost:3333/_nuxt/@fs/C:/project/jjiban/node_modules/primevue/rating/index.mjs?nuxt_component=async&nuxt_component_name=Rating&nuxt_component_export=default
GET http://localhost:3333/_nuxt/@fs/C:/project/jjiban/node_modules/primevue/select/index.mjs?nuxt_component=async&nuxt_component_name=Select&nuxt_component_export=default
GET http://localhost:3333/_nuxt/@fs/C:/project/jjiban/node_modules/primevue/selectbutton/index.mjs?nuxt_component=async&nuxt_component_name=SelectButton&nuxt_component_export=default
GET http://localhost:3333/_nuxt/@fs/C:/project/jjiban/node_modules/primevue/slider/index.mjs?nuxt_component=async&nuxt_component_name=Slider&nuxt_component_export=default
GET http://localhost:3333/_nuxt/@fs/C:/project/jjiban/node_modules/primevue/textarea/index.mjs?nuxt_component=async&nuxt_component_name=Textarea&nuxt_component_export=default
GET http://localhost:3333/_nuxt/@fs/C:/project/jjiban/node_modules/primevue/togglebutton/index.mjs?nuxt_component=async&nuxt_component_name=ToggleButton&nuxt_component_export=default
GET http://localhost:3333/_nuxt/@fs/C:/project/jjiban/node_modules/primevue/toggleswitch/index.mjs?nuxt_component=async&nuxt_component_name=ToggleSwitch&nuxt_component_export=default
GET http://localhost:3333/_nuxt/@fs/C:/project/jjiban/node_modules/primevue/treeselect/index.mjs?nuxt_component=async&nuxt_component_name=TreeSelect&nuxt_component_export=default
GET http://localhost:3333/_nuxt/@fs/C:/project/jjiban/node_modules/primevue/button/index.mjs?nuxt_component=async&nuxt_component_name=Button&nuxt_component_export=default
GET http://localhost:3333/_nuxt/@fs/C:/project/jjiban/node_modules/primevue/buttongroup/index.mjs?nuxt_component=async&nuxt_component_name=ButtonGroup&nuxt_component_export=default
GET http://localhost:3333/_nuxt/@fs/C:/project/jjiban/node_modules/primevue/speeddial/index.mjs?nuxt_component=async&nuxt_component_name=SpeedDial&nuxt_component_export=default
GET http://localhost:3333/_nuxt/@fs/C:/project/jjiban/node_modules/primevue/splitbutton/index.mjs?nuxt_component=async&nuxt_component_name=SplitButton&nuxt_component_export=default
GET http://localhost:3333/_nuxt/@fs/C:/project/jjiban/node_modules/primevue/column/index.mjs?nuxt_component=async&nuxt_component_name=Column&nuxt_component_export=default
GET http://localhost:3333/_nuxt/@fs/C:/project/jjiban/node_modules/primevue/row/index.mjs?nuxt_component=async&nuxt_component_name=Row&nuxt_component_export=default
GET http://localhost:3333/_nuxt/@fs/C:/project/jjiban/node_modules/primevue/columngroup/index.mjs?nuxt_component=async&nuxt_component_name=ColumnGroup&nuxt_component_export=default
GET http://localhost:3333/_nuxt/@fs/C:/project/jjiban/node_modules/primevue/datatable/index.mjs?nuxt_component=async&nuxt_component_name=DataTable&nuxt_component_export=default
GET http://localhost:3333/_nuxt/@fs/C:/project/jjiban/node_modules/primevue/dataview/index.mjs?nuxt_component=async&nuxt_component_name=DataView&nuxt_component_export=default
GET http://localhost:3333/_nuxt/@fs/C:/project/jjiban/node_modules/primevue/orderlist/index.mjs?nuxt_component=async&nuxt_component_name=OrderList&nuxt_component_export=default
GET http://localhost:3333/_nuxt/@fs/C:/project/jjiban/node_modules/primevue/organizationchart/index.mjs?nuxt_component=async&nuxt_component_name=OrganizationChart&nuxt_component_export=default
GET http://localhost:3333/_nuxt/@fs/C:/project/jjiban/node_modules/primevue/paginator/index.mjs?nuxt_component=async&nuxt_component_name=Paginator&nuxt_component_export=default
GET http://localhost:3333/_nuxt/@fs/C:/project/jjiban/node_modules/primevue/picklist/index.mjs?nuxt_component=async&nuxt_component_name=PickList&nuxt_component_export=default
GET http://localhost:3333/_nuxt/@fs/C:/project/jjiban/node_modules/primevue/tree/index.mjs?nuxt_component=async&nuxt_component_name=Tree&nuxt_component_export=default
GET http://localhost:3333/_nuxt/@fs/C:/project/jjiban/node_modules/primevue/treetable/index.mjs?nuxt_component=async&nuxt_component_name=TreeTable&nuxt_component_export=default
GET http://localhost:3333/_nuxt/@fs/C:/project/jjiban/node_modules/primevue/timeline/index.mjs?nuxt_component=async&nuxt_component_name=Timeline&nuxt_component_export=default
GET http://localhost:3333/_nuxt/@fs/C:/project/jjiban/node_modules/primevue/virtualscroller/index.mjs?nuxt_component=async&nuxt_component_name=VirtualScroller&nuxt_component_export=default
GET http://localhost:3333/_nuxt/@fs/C:/project/jjiban/node_modules/primevue/accordion/index.mjs?nuxt_component=async&nuxt_component_name=Accordion&nuxt_component_export=default
GET http://localhost:3333/_nuxt/@fs/C:/project/jjiban/node_modules/primevue/accordionpanel/index.mjs?nuxt_component=async&nuxt_component_name=AccordionPanel&nuxt_component_export=default
GET http://localhost:3333/_nuxt/@fs/C:/project/jjiban/node_modules/primevue/accordionheader/index.mjs?nuxt_component=async&nuxt_component_name=AccordionHeader&nuxt_component_export=default
GET http://localhost:3333/_nuxt/@fs/C:/project/jjiban/node_modules/primevue/accordioncontent/index.mjs?nuxt_component=async&nuxt_component_name=AccordionContent&nuxt_component_export=default
GET http://localhost:3333/_nuxt/@fs/C:/project/jjiban/node_modules/primevue/accordiontab/index.mjs?nuxt_component=async&nuxt_component_name=AccordionTab&nuxt_component_export=default
GET http://localhost:3333/_nuxt/@fs/C:/project/jjiban/node_modules/primevue/card/index.mjs?nuxt_component=async&nuxt_component_name=Card&nuxt_component_export=default
GET http://localhost:3333/_nuxt/@fs/C:/project/jjiban/node_modules/primevue/deferredcontent/index.mjs?nuxt_component=async&nuxt_component_name=DeferredContent&nuxt_component_export=default
GET http://localhost:3333/_nuxt/@fs/C:/project/jjiban/node_modules/primevue/divider/index.mjs?nuxt_component=async&nuxt_component_name=Divider&nuxt_component_export=default
GET http://localhost:3333/_nuxt/@fs/C:/project/jjiban/node_modules/primevue/fieldset/index.mjs?nuxt_component=async&nuxt_component_name=Fieldset&nuxt_component_export=default
GET http://localhost:3333/_nuxt/@fs/C:/project/jjiban/node_modules/primevue/panel/index.mjs?nuxt_component=async&nuxt_component_name=Panel&nuxt_component_export=default
GET http://localhost:3333/_nuxt/@fs/C:/project/jjiban/node_modules/primevue/scrollpanel/index.mjs?nuxt_component=async&nuxt_component_name=ScrollPanel&nuxt_component_export=default
GET http://localhost:3333/_nuxt/@fs/C:/project/jjiban/node_modules/primevue/splitter/index.mjs?nuxt_component=async&nuxt_component_name=Splitter&nuxt_component_export=default
GET http://localhost:3333/_nuxt/@fs/C:/project/jjiban/node_modules/primevue/splitterpanel/index.mjs?nuxt_component=async&nuxt_component_name=SplitterPanel&nuxt_component_export=default
GET http://localhost:3333/_nuxt/@fs/C:/project/jjiban/node_modules/primevue/stepper/index.mjs?nuxt_component=async&nuxt_component_name=Stepper&nuxt_component_export=default
GET http://localhost:3333/_nuxt/@fs/C:/project/jjiban/node_modules/primevue/steplist/index.mjs?nuxt_component=async&nuxt_component_name=StepList&nuxt_component_export=default
GET http://localhost:3333/_nuxt/@fs/C:/project/jjiban/node_modules/primevue/step/index.mjs?nuxt_component=async&nuxt_component_name=Step&nuxt_component_export=default
GET http://localhost:3333/_nuxt/@fs/C:/project/jjiban/node_modules/primevue/stepitem/index.mjs?nuxt_component=async&nuxt_component_name=StepItem&nuxt_component_export=default
GET http://localhost:3333/_nuxt/@fs/C:/project/jjiban/node_modules/primevue/steppanels/index.mjs?nuxt_component=async&nuxt_component_name=StepPanels&nuxt_component_export=default
GET http://localhost:3333/_nuxt/@fs/C:/project/jjiban/node_modules/primevue/steppanel/index.mjs?nuxt_component=async&nuxt_component_name=StepPanel&nuxt_component_export=default
GET http://localhost:3333/_nuxt/@fs/C:/project/jjiban/node_modules/primevue/tabview/index.mjs?nuxt_component=async&nuxt_component_name=TabView&nuxt_component_export=default
GET http://localhost:3333/_nuxt/@fs/C:/project/jjiban/node_modules/primevue/tabs/index.mjs?nuxt_component=async&nuxt_component_name=Tabs&nuxt_component_export=default
GET http://localhost:3333/_nuxt/@fs/C:/project/jjiban/node_modules/primevue/tablist/index.mjs?nuxt_component=async&nuxt_component_name=TabList&nuxt_component_export=default
GET http://localhost:3333/_nuxt/@fs/C:/project/jjiban/node_modules/primevue/tab/index.mjs?nuxt_component=async&nuxt_component_name=Tab&nuxt_component_export=default
GET http://localhost:3333/_nuxt/@fs/C:/project/jjiban/node_modules/primevue/tabpanels/index.mjs?nuxt_component=async&nuxt_component_name=TabPanels&nuxt_component_export=default
GET http://localhost:3333/_nuxt/@fs/C:/project/jjiban/node_modules/primevue/tabpanel/index.mjs?nuxt_component=async&nuxt_component_name=TabPanel&nuxt_component_export=default
GET http://localhost:3333/_nuxt/@fs/C:/project/jjiban/node_modules/primevue/toolbar/index.mjs?nuxt_component=async&nuxt_component_name=Toolbar&nuxt_component_export=default
GET http://localhost:3333/_nuxt/@fs/C:/project/jjiban/node_modules/primevue/confirmdialog/index.mjs?nuxt_component=async&nuxt_component_name=ConfirmDialog&nuxt_component_export=default
GET http://localhost:3333/_nuxt/@fs/C:/project/jjiban/node_modules/primevue/confirmpopup/index.mjs?nuxt_component=async&nuxt_component_name=ConfirmPopup&nuxt_component_export=default
GET http://localhost:3333/_nuxt/@fs/C:/project/jjiban/node_modules/primevue/dialog/index.mjs?nuxt_component=async&nuxt_component_name=Dialog&nuxt_component_export=default
GET http://localhost:3333/_nuxt/@fs/C:/project/jjiban/node_modules/primevue/drawer/index.mjs?nuxt_component=async&nuxt_component_name=Drawer&nuxt_component_export=default
GET http://localhost:3333/_nuxt/@fs/C:/project/jjiban/node_modules/primevue/dynamicdialog/index.mjs?nuxt_component=async&nuxt_component_name=DynamicDialog&nuxt_component_export=default
GET http://localhost:3333/_nuxt/@fs/C:/project/jjiban/node_modules/primevue/overlaypanel/index.mjs?nuxt_component=async&nuxt_component_name=OverlayPanel&nuxt_component_export=default
GET http://localhost:3333/_nuxt/@fs/C:/project/jjiban/node_modules/primevue/popover/index.mjs?nuxt_component=async&nuxt_component_name=Popover&nuxt_component_export=default
GET http://localhost:3333/_nuxt/@fs/C:/project/jjiban/node_modules/primevue/sidebar/index.mjs?nuxt_component=async&nuxt_component_name=Sidebar&nuxt_component_export=default
GET http://localhost:3333/_nuxt/@fs/C:/project/jjiban/node_modules/primevue/fileupload/index.mjs?nuxt_component=async&nuxt_component_name=FileUpload&nuxt_component_export=default
GET http://localhost:3333/_nuxt/@fs/C:/project/jjiban/node_modules/primevue/breadcrumb/index.mjs?nuxt_component=async&nuxt_component_name=Breadcrumb&nuxt_component_export=default
GET http://localhost:3333/_nuxt/@fs/C:/project/jjiban/node_modules/primevue/contextmenu/index.mjs?nuxt_component=async&nuxt_component_name=ContextMenu&nuxt_component_export=default
GET http://localhost:3333/_nuxt/@fs/C:/project/jjiban/node_modules/primevue/dock/index.mjs?nuxt_component=async&nuxt_component_name=Dock&nuxt_component_export=default
GET http://localhost:3333/_nuxt/@fs/C:/project/jjiban/node_modules/primevue/menu/index.mjs?nuxt_component=async&nuxt_component_name=Menu&nuxt_component_export=default
GET http://localhost:3333/_nuxt/@fs/C:/project/jjiban/node_modules/primevue/menubar/index.mjs?nuxt_component=async&nuxt_component_name=Menubar&nuxt_component_export=default
GET http://localhost:3333/_nuxt/@fs/C:/project/jjiban/node_modules/primevue/megamenu/index.mjs?nuxt_component=async&nuxt_component_name=MegaMenu&nuxt_component_export=default
GET http://localhost:3333/_nuxt/@fs/C:/project/jjiban/node_modules/primevue/panelmenu/index.mjs?nuxt_component=async&nuxt_component_name=PanelMenu&nuxt_component_export=default
GET http://localhost:3333/_nuxt/@fs/C:/project/jjiban/node_modules/primevue/steps/index.mjs?nuxt_component=async&nuxt_component_name=Steps&nuxt_component_export=default
GET http://localhost:3333/_nuxt/@fs/C:/project/jjiban/node_modules/primevue/tabmenu/index.mjs?nuxt_component=async&nuxt_component_name=TabMenu&nuxt_component_export=default
GET http://localhost:3333/_nuxt/@fs/C:/project/jjiban/node_modules/primevue/tieredmenu/index.mjs?nuxt_component=async&nuxt_component_name=TieredMenu&nuxt_component_export=default
GET http://localhost:3333/_nuxt/@fs/C:/project/jjiban/node_modules/primevue/message/index.mjs?nuxt_component=async&nuxt_component_name=Message&nuxt_component_export=default
GET http://localhost:3333/_nuxt/@fs/C:/project/jjiban/node_modules/primevue/inlinemessage/index.mjs?nuxt_component=async&nuxt_component_name=InlineMessage&nuxt_component_export=default
GET http://localhost:3333/_nuxt/@fs/C:/project/jjiban/node_modules/primevue/toast/index.mjs?nuxt_component=async&nuxt_component_name=Toast&nuxt_component_export=default
GET http://localhost:3333/_nuxt/@fs/C:/project/jjiban/node_modules/primevue/carousel/index.mjs?nuxt_component=async&nuxt_component_name=Carousel&nuxt_component_export=default
GET http://localhost:3333/_nuxt/@fs/C:/project/jjiban/node_modules/primevue/galleria/index.mjs?nuxt_component=async&nuxt_component_name=Galleria&nuxt_component_export=default
GET http://localhost:3333/_nuxt/@fs/C:/project/jjiban/node_modules/primevue/image/index.mjs?nuxt_component=async&nuxt_component_name=Image&nuxt_component_export=default
GET http://localhost:3333/_nuxt/@fs/C:/project/jjiban/node_modules/primevue/imagecompare/index.mjs?nuxt_component=async&nuxt_component_name=ImageCompare&nuxt_component_export=default
GET http://localhost:3333/_nuxt/@fs/C:/project/jjiban/node_modules/primevue/avatar/index.mjs?nuxt_component=async&nuxt_component_name=Avatar&nuxt_component_export=default
GET http://localhost:3333/_nuxt/@fs/C:/project/jjiban/node_modules/primevue/avatargroup/index.mjs?nuxt_component=async&nuxt_component_name=AvatarGroup&nuxt_component_export=default
GET http://localhost:3333/_nuxt/@fs/C:/project/jjiban/node_modules/primevue/badge/index.mjs?nuxt_component=async&nuxt_component_name=Badge&nuxt_component_export=default
GET http://localhost:3333/_nuxt/@fs/C:/project/jjiban/node_modules/primevue/blockui/index.mjs?nuxt_component=async&nuxt_component_name=BlockUI&nuxt_component_export=default
GET http://localhost:3333/_nuxt/@fs/C:/project/jjiban/node_modules/primevue/chip/index.mjs?nuxt_component=async&nuxt_component_name=Chip&nuxt_component_export=default
GET http://localhost:3333/_nuxt/@fs/C:/project/jjiban/node_modules/primevue/inplace/index.mjs?nuxt_component=async&nuxt_component_name=Inplace&nuxt_component_export=default
GET http://localhost:3333/_nuxt/@fs/C:/project/jjiban/node_modules/primevue/metergroup/index.mjs?nuxt_component=async&nuxt_component_name=MeterGroup&nuxt_component_export=default
GET http://localhost:3333/_nuxt/@fs/C:/project/jjiban/node_modules/primevue/overlaybadge/index.mjs?nuxt_component=async&nuxt_component_name=OverlayBadge&nuxt_component_export=default
GET http://localhost:3333/_nuxt/@fs/C:/project/jjiban/node_modules/primevue/scrolltop/index.mjs?nuxt_component=async&nuxt_component_name=ScrollTop&nuxt_component_export=default
GET http://localhost:3333/_nuxt/@fs/C:/project/jjiban/node_modules/primevue/skeleton/index.mjs?nuxt_component=async&nuxt_component_name=Skeleton&nuxt_component_export=default
GET http://localhost:3333/_nuxt/@fs/C:/project/jjiban/node_modules/primevue/progressbar/index.mjs?nuxt_component=async&nuxt_component_name=ProgressBar&nuxt_component_export=default
GET http://localhost:3333/_nuxt/@fs/C:/project/jjiban/node_modules/primevue/progressspinner/index.mjs?nuxt_component=async&nuxt_component_name=ProgressSpinner&nuxt_component_export=default
GET http://localhost:3333/_nuxt/@fs/C:/project/jjiban/node_modules/primevue/tag/index.mjs?nuxt_component=async&nuxt_component_name=Tag&nuxt_component_export=default
GET http://localhost:3333/_nuxt/@fs/C:/project/jjiban/node_modules/primevue/terminal/index.mjs?nuxt_component=async&nuxt_component_name=Terminal&nuxt_component_export=default
GET http://localhost:3333/_nuxt/@fs/C:/project/jjiban/node_modules/@primevue/forms/form/index.mjs?nuxt_component=async&nuxt_component_name=Form&nuxt_component_export=default
GET http://localhost:3333/_nuxt/@fs/C:/project/jjiban/node_modules/@primevue/forms/formfield/index.mjs?nuxt_component=async&nuxt_component_name=FormField&nuxt_component_export=default
GET http://localhost:3333/_nuxt/@id/virtual:nuxt:C%3A%2Fproject%2Fjjiban%2F.nuxt%2Flayouts.mjs
GET http://localhost:3333/_nuxt/@fs/C:/project/jjiban/node_modules/nuxt/dist/app/composables/preload.js?v=dfda57ce
GET http://localhost:3333/_nuxt/@fs/C:/project/jjiban/node_modules/@nuxt/devtools/dist/runtime/shared/hooks.js?v=dfda57ce
GET http://localhost:3333/_nuxt/@fs/C:/project/jjiban/node_modules/nuxt/dist/app/composables/state.js?v=dfda57ce
GET http://localhost:3333/_nuxt/@fs/C:/project/jjiban/node_modules/.cache/vite/client/deps/primevue_config.js?v=dfda57ce
GET http://localhost:3333/_nuxt/@fs/C:/project/jjiban/node_modules/.cache/vite/client/deps/primevue_confirmationservice.js?v=dfda57ce
GET http://localhost:3333/_nuxt/@fs/C:/project/jjiban/node_modules/.cache/vite/client/deps/primevue_dialogservice.js?v=dfda57ce
GET http://localhost:3333/_nuxt/@fs/C:/project/jjiban/node_modules/.cache/vite/client/deps/primevue_toastservice.js?v=dfda57ce
GET http://localhost:3333/_nuxt/@fs/C:/project/jjiban/node_modules/vite-plugin-vue-tracer/dist/client/record.mjs?v=dfda57ce
GET http://localhost:3333/_nuxt/@id/virtual:nuxt:C%3A%2Fproject%2Fjjiban%2F.nuxt%2Fapp-component.mjs
GET http://localhost:3333/_nuxt/@id/virtual:nuxt:C%3A%2Fproject%2Fjjiban%2F.nuxt%2Ferror-component.mjs
GET http://localhost:3333/_nuxt/@id/__x00__plugin-vue:export-helper
GET http://localhost:3333/_nuxt/@fs/C:/project/jjiban/node_modules/@vue/reactivity/dist/reactivity.esm-bundler.js?v=dfda57ce
GET http://localhost:3333/_nuxt/@fs/C:/project/jjiban/node_modules/.cache/vite/client/deps/errx.js?v=dfda57ce
GET http://localhost:3333/_nuxt/@fs/C:/project/jjiban/node_modules/.cache/vite/client/deps/chunk-IP26PSGW.js?v=dfda57ce
GET http://localhost:3333/_nuxt/@fs/C:/project/jjiban/node_modules/.cache/vite/client/deps/chunk-5WRI5ZAA.js?v=dfda57ce
GET http://localhost:3333/_nuxt/@fs/C:/project/jjiban/node_modules/node-mock-http/dist/_polyfill/events/nodeless.mjs?v=dfda57ce
GET http://localhost:3333/_nuxt/@fs/C:/project/jjiban/node_modules/node-mock-http/dist/_polyfill/buffer/nodeless.mjs?v=dfda57ce
GET http://localhost:3333/_nuxt/@fs/C:/project/jjiban/node_modules/unhead/dist/client.mjs?v=dfda57ce
GET http://localhost:3333/_nuxt/@fs/C:/project/jjiban/node_modules/@unhead/vue/dist/shared/vue.Bm-NbY4b.mjs?v=dfda57ce
GET http://localhost:3333/_nuxt/@fs/C:/project/jjiban/node_modules/@unhead/vue/dist/shared/vue.BVUAdATk.mjs?v=dfda57ce
GET http://localhost:3333/_nuxt/@fs/C:/project/jjiban/node_modules/unhead/dist/plugins.mjs?v=dfda57ce
GET http://localhost:3333/_nuxt/@fs/C:/project/jjiban/node_modules/unhead/dist/utils.mjs?v=dfda57ce
GET http://localhost:3333/_nuxt/@fs/C:/project/jjiban/node_modules/@unhead/vue/dist/shared/vue.N9zWjxoK.mjs?v=dfda57ce
GET http://localhost:3333/_nuxt/@fs/C:/project/jjiban/node_modules/nuxt/dist/app/composables/head.js?v=dfda57ce
GET http://localhost:3333/_nuxt/@fs/C:/project/jjiban/node_modules/pinia/node_modules/@vue/devtools-api/dist/index.js?v=dfda57ce
GET http://localhost:3333/_nuxt/@fs/C:/project/jjiban/node_modules/@unhead/vue/dist/plugins.mjs?v=dfda57ce
GET http://localhost:3333/_nuxt/@fs/C:/project/jjiban/node_modules/vue-router/dist/devtools-EWN81iOl.mjs?v=dfda57ce
GET http://localhost:3333/_nuxt/pages/wbs.vue?macro=true
GET http://localhost:3333/_nuxt/pages/index.vue?macro=true
GET http://localhost:3333/_nuxt/pages/projects.vue?macro=true
GET http://localhost:3333/_nuxt/@fs/C:/project/jjiban/node_modules/nuxt/dist/pages/runtime/router.options.js?v=dfda57ce
GET http://localhost:3333/_nuxt/@fs/C:/project/jjiban/node_modules/nuxt/dist/pages/runtime/validate.js?v=dfda57ce
GET http://localhost:3333/_nuxt/@fs/C:/project/jjiban/node_modules/nuxt/dist/app/middleware/manifest-route-rule.js?v=dfda57ce
GET http://localhost:3333/_nuxt/@fs/C:/project/jjiban/node_modules/nuxt/dist/app/compat/idle-callback.js?v=dfda57ce
GET http://localhost:3333/_nuxt/@fs/C:/project/jjiban/node_modules/consola/dist/core.mjs?v=dfda57ce
GET http://localhost:3333/_nuxt/@fs/C:/project/jjiban/node_modules/devalue/src/uneval.js?v=dfda57ce
GET http://localhost:3333/_nuxt/@fs/C:/project/jjiban/node_modules/devalue/src/parse.js?v=dfda57ce
GET http://localhost:3333/_nuxt/@fs/C:/project/jjiban/node_modules/devalue/src/stringify.js?v=dfda57ce
GET http://localhost:3333/_nuxt/@fs/C:/project/jjiban/node_modules/devalue/src/utils.js?v=dfda57ce
GET http://localhost:3333/_nuxt/@fs/C:/project/jjiban/node_modules/nuxt/dist/app/composables/index.js?v=dfda57ce
GET http://localhost:3333/_nuxt/@fs/C:/project/jjiban/node_modules/nuxt/dist/app/components/index.js?v=dfda57ce
GET http://localhost:3333/_nuxt/@fs/C:/project/jjiban/node_modules/nuxt/dist/app/config.js?v=dfda57ce
GET http://localhost:3333/_nuxt/@fs/C:/project/jjiban/node_modules/.cache/vite/client/deps/chunk-OBXQ2UNT.js?v=dfda57ce
GET http://localhost:3333/_nuxt/@fs/C:/project/jjiban/node_modules/.cache/vite/client/deps/chunk-DEJVEBAA.js?v=dfda57ce
GET http://localhost:3333/_nuxt/@fs/C:/project/jjiban/node_modules/.cache/vite/client/deps/chunk-WESZ7CEP.js?v=dfda57ce
GET http://localhost:3333/_nuxt/@fs/C:/project/jjiban/node_modules/.cache/vite/client/deps/chunk-AMQSNGJJ.js?v=dfda57ce
GET http://localhost:3333/_nuxt/@fs/C:/project/jjiban/node_modules/.cache/vite/client/deps/chunk-DIJ2CZ4T.js?v=dfda57ce
GET http://localhost:3333/_nuxt/@fs/C:/project/jjiban/node_modules/.cache/vite/client/deps/chunk-DB5FFWFB.js?v=dfda57ce
GET http://localhost:3333/_nuxt/app.vue
GET http://localhost:3333/_nuxt/@fs/C:/project/jjiban/node_modules/nuxt/dist/app/components/nuxt-error-page.vue
GET http://localhost:3333/_nuxt/@fs/C:/project/jjiban/node_modules/perfect-debounce/dist/index.mjs?v=dfda57ce
GET http://localhost:3333/_nuxt/@fs/C:/project/jjiban/node_modules/unhead/dist/shared/unhead.DH45uomy.mjs?v=dfda57ce
GET http://localhost:3333/_nuxt/@fs/C:/project/jjiban/node_modules/unhead/dist/shared/unhead.yem5I2v_.mjs?v=dfda57ce
GET http://localhost:3333/_nuxt/@fs/C:/project/jjiban/node_modules/unhead/dist/shared/unhead.BpRRHAhY.mjs?v=dfda57ce
GET http://localhost:3333/_nuxt/@fs/C:/project/jjiban/node_modules/unhead/dist/shared/unhead.DZbvapt-.mjs?v=dfda57ce
GET http://localhost:3333/_nuxt/@fs/C:/project/jjiban/node_modules/unhead/dist/shared/unhead.Djo8ep_Y.mjs?v=dfda57ce
GET http://localhost:3333/_nuxt/@fs/C:/project/jjiban/node_modules/unhead/dist/shared/unhead.CApf5sj3.mjs?v=dfda57ce
GET http://localhost:3333/_nuxt/@fs/C:/project/jjiban/node_modules/unhead/dist/shared/unhead.BYvz9V1x.mjs?v=dfda57ce
GET http://localhost:3333/_nuxt/@fs/C:/project/jjiban/node_modules/unhead/dist/shared/unhead.DQc16pHI.mjs?v=dfda57ce
GET http://localhost:3333/_nuxt/@fs/C:/project/jjiban/node_modules/nuxt/dist/head/runtime/composables/v3.js?v=dfda57ce
GET http://localhost:3333/_nuxt/@fs/C:/project/jjiban/node_modules/@vue/devtools-api/lib/esm/index.js?v=dfda57ce
GET http://localhost:3333/_nuxt/@fs/C:/project/jjiban/node_modules/nuxt/dist/app/components/utils.js?v=dfda57ce
GET http://localhost:3333/_nuxt/@fs/C:/project/jjiban/node_modules/devalue/src/base64.js?v=dfda57ce
GET http://localhost:3333/_nuxt/@fs/C:/project/jjiban/node_modules/devalue/src/constants.js?v=dfda57ce
GET http://localhost:3333/_nuxt/@fs/C:/project/jjiban/node_modules/nuxt/dist/app/composables/component.js?v=dfda57ce
GET http://localhost:3333/_nuxt/@fs/C:/project/jjiban/node_modules/nuxt/dist/app/composables/asyncData.js?v=dfda57ce
GET http://localhost:3333/_nuxt/@fs/C:/project/jjiban/node_modules/nuxt/dist/app/composables/hydrate.js?v=dfda57ce
GET http://localhost:3333/_nuxt/@fs/C:/project/jjiban/node_modules/nuxt/dist/app/composables/once.js?v=dfda57ce
GET http://localhost:3333/_nuxt/@fs/C:/project/jjiban/node_modules/nuxt/dist/app/composables/fetch.js?v=dfda57ce
GET http://localhost:3333/_nuxt/@fs/C:/project/jjiban/node_modules/nuxt/dist/app/composables/cookie.js?v=dfda57ce
GET http://localhost:3333/_nuxt/@fs/C:/project/jjiban/node_modules/nuxt/dist/app/composables/ssr.js?v=dfda57ce
GET http://localhost:3333/_nuxt/@fs/C:/project/jjiban/node_modules/nuxt/dist/app/composables/url.js?v=dfda57ce
GET http://localhost:3333/_nuxt/@fs/C:/project/jjiban/node_modules/nuxt/dist/app/composables/preview.js?v=dfda57ce
GET http://localhost:3333/_nuxt/@fs/C:/project/jjiban/node_modules/nuxt/dist/app/composables/id.js?v=dfda57ce
GET http://localhost:3333/_nuxt/@fs/C:/project/jjiban/node_modules/nuxt/dist/app/composables/route-announcer.js?v=dfda57ce
GET http://localhost:3333/_nuxt/@fs/C:/project/jjiban/node_modules/nuxt/dist/app/composables/runtime-hook.js?v=dfda57ce
GET http://localhost:3333/_nuxt/@fs/C:/project/jjiban/node_modules/nuxt/dist/app/components/nuxt-link.js?v=dfda57ce
GET http://localhost:3333/_nuxt/@fs/C:/project/jjiban/node_modules/klona/dist/index.mjs?v=dfda57ce
GET http://localhost:3333/_nuxt/@id/virtual:nuxt:C%3A%2Fproject%2Fjjiban%2F.nuxt%2Fapp.config.mjs
GET http://localhost:3333/_nuxt/@fs/C:/project/jjiban/node_modules/nuxt/dist/pages/runtime/page.js?v=dfda57ce
GET http://localhost:3333/_nuxt/@fs/C:/project/jjiban/node_modules/nuxt/dist/app/components/nuxt-layout.js?v=dfda57ce
GET http://localhost:3333/_nuxt/@fs/C:/project/jjiban/node_modules/.cache/vite/client/deps/primevue_toast.js?v=dfda57ce
GET http://localhost:3333/_nuxt/@fs/C:/project/jjiban/node_modules/@unhead/vue/dist/index.mjs?v=dfda57ce
GET http://localhost:3333/_nuxt/@fs/C:/project/jjiban/node_modules/@vue/devtools-api/lib/esm/env.js?v=dfda57ce
GET http://localhost:3333/_nuxt/@fs/C:/project/jjiban/node_modules/@vue/devtools-api/lib/esm/const.js?v=dfda57ce
GET http://localhost:3333/_nuxt/@fs/C:/project/jjiban/node_modules/@vue/devtools-api/lib/esm/proxy.js?v=dfda57ce
GET http://localhost:3333/_nuxt/@fs/C:/project/jjiban/node_modules/@vue/devtools-api/lib/esm/api/index.js?v=dfda57ce
GET http://localhost:3333/_nuxt/@fs/C:/project/jjiban/node_modules/@vue/devtools-api/lib/esm/plugin.js?v=dfda57ce
GET http://localhost:3333/_nuxt/@fs/C:/project/jjiban/node_modules/@vue/devtools-api/lib/esm/time.js?v=dfda57ce
GET http://localhost:3333/_nuxt/@id/virtual:nuxt:C%3A%2Fproject%2Fjjiban%2F.nuxt%2Fpages.mjs
GET http://localhost:3333/_nuxt/@fs/C:/project/jjiban/node_modules/ohash/dist/index.mjs?v=dfda57ce
GET http://localhost:3333/_nuxt/@fs/C:/project/jjiban/node_modules/nuxt/dist/app/components/client-only.js?v=dfda57ce
GET http://localhost:3333/_nuxt/@fs/C:/project/jjiban/node_modules/cookie-es/dist/index.mjs?v=dfda57ce
GET http://localhost:3333/_nuxt/@fs/C:/project/jjiban/node_modules/nuxt/dist/app/components/route-provider.js?v=dfda57ce
GET http://localhost:3333/_nuxt/@fs/C:/project/jjiban/node_modules/.cache/vite/client/deps/chunk-76MDHYKR.js?v=dfda57ce
GET http://localhost:3333/_nuxt/@fs/C:/project/jjiban/node_modules/.cache/vite/client/deps/chunk-PME7EAZA.js?v=dfda57ce
GET http://localhost:3333/_nuxt/@fs/C:/project/jjiban/node_modules/.cache/vite/client/deps/chunk-MVSSDMDK.js?v=dfda57ce
GET http://localhost:3333/_nuxt/@fs/C:/project/jjiban/node_modules/.cache/vite/client/deps/chunk-QBY5G5P3.js?v=dfda57ce
GET http://localhost:3333/_nuxt/@fs/C:/project/jjiban/node_modules/.cache/vite/client/deps/chunk-KDBBIUIO.js?v=dfda57ce
GET http://localhost:3333/_nuxt/@fs/C:/project/jjiban/node_modules/unhead/dist/index.mjs?v=dfda57ce
GET http://localhost:3333/_nuxt/@fs/C:/project/jjiban/node_modules/@unhead/vue/dist/utils.mjs?v=dfda57ce
GET http://localhost:3333/_nuxt/@fs/C:/project/jjiban/node_modules/@unhead/vue/dist/shared/vue.CeCEzk2b.mjs?v=dfda57ce
GET http://localhost:3333/_nuxt/@fs/C:/project/jjiban/node_modules/unhead/dist/scripts.mjs?v=dfda57ce
GET http://localhost:3333/_nuxt/@fs/C:/project/jjiban/node_modules/@vue/devtools-api/lib/esm/api/api.js?v=dfda57ce
GET http://localhost:3333/_nuxt/@fs/C:/project/jjiban/node_modules/@vue/devtools-api/lib/esm/api/app.js?v=dfda57ce
GET http://localhost:3333/_nuxt/@fs/C:/project/jjiban/node_modules/@vue/devtools-api/lib/esm/api/component.js?v=dfda57ce
GET http://localhost:3333/_nuxt/@fs/C:/project/jjiban/node_modules/@vue/devtools-api/lib/esm/api/context.js?v=dfda57ce
GET http://localhost:3333/_nuxt/@fs/C:/project/jjiban/node_modules/@vue/devtools-api/lib/esm/api/hooks.js?v=dfda57ce
GET http://localhost:3333/_nuxt/@fs/C:/project/jjiban/node_modules/@vue/devtools-api/lib/esm/api/util.js?v=dfda57ce
GET http://localhost:3333/_nuxt/@fs/C:/project/jjiban/node_modules/ohash/dist/shared/ohash.D__AXeF1.mjs?v=dfda57ce
GET http://localhost:3333/_nuxt/@fs/C:/project/jjiban/node_modules/ohash/dist/crypto/js/index.mjs?v=dfda57ce
GET http://localhost:3333/_nuxt/@fs/C:/project/jjiban/node_modules/nuxt/dist/app/components/server-placeholder.js?v=dfda57ce
GET http://localhost:3333/_nuxt/@fs/C:/project/jjiban/node_modules/unhead/dist/shared/unhead.BPM0-cfG.mjs?v=dfda57ce
GET http://localhost:3333/_nuxt/@fs/C:/project/jjiban/node_modules/unhead/dist/shared/unhead.B578PsDV.mjs?v=dfda57ce
GET http://localhost:3333/_nuxt/pages/wbs.vue
GET http://localhost:3333/_nuxt/components/layout/AppHeader.vue
GET http://localhost:3333/_nuxt/components/layout/AppLayout.vue
GET http://localhost:3333/_nuxt/@fs/C:/project/jjiban/node_modules/.cache/vite/client/deps/primevue_button.js?v=dfda57ce
GET http://localhost:3333/_nuxt/@fs/C:/project/jjiban/node_modules/.cache/vite/client/deps/primevue_message.js?v=dfda57ce
GET http://localhost:3333/_nuxt/@fs/C:/project/jjiban/node_modules/.cache/vite/client/deps/primevue_progressspinner.js?v=dfda57ce
GET http://localhost:3333/_nuxt/components/wbs/WbsTreePanel.vue
GET http://localhost:3333/_nuxt/components/wbs/detail/TaskDetailPanel.vue
GET http://localhost:3333/_nuxt/@fs/C:/project/jjiban/node_modules/nuxt/dist/pages/runtime/composables.js?v=dfda57ce
GET http://localhost:3333/_nuxt/stores/project.ts
GET http://localhost:3333/_nuxt/stores/wbs.ts
GET http://localhost:3333/_nuxt/stores/selection.ts
GET http://localhost:3333/_nuxt/composables/useWbsPage.ts
GET http://localhost:3333/_nuxt/pages/wbs.vue?vue&type=style&index=0&scoped=e65324be&lang.css
GET http://localhost:3333/_nuxt/@fs/C:/project/jjiban/node_modules/.cache/vite/client/deps/chunk-CTAYQQUF.js?v=dfda57ce
GET http://localhost:3333/_nuxt/@fs/C:/project/jjiban/node_modules/.cache/vite/client/deps/chunk-JSSR4FYN.js?v=dfda57ce
GET http://localhost:3333/_nuxt/@fs/C:/project/jjiban/node_modules/.cache/vite/client/deps/chunk-R5A6NWWV.js?v=dfda57ce
GET http://localhost:3333/_nuxt/@fs/C:/project/jjiban/node_modules/.cache/vite/client/deps/primevue_menubar.js?v=dfda57ce
GET http://localhost:3333/_nuxt/@fs/C:/project/jjiban/node_modules/.cache/vite/client/deps/primevue_usetoast.js?v=dfda57ce
GET http://localhost:3333/_nuxt/@fs/C:/project/jjiban/node_modules/@pinia/nuxt/dist/runtime/composables.js?v=dfda57ce
GET http://localhost:3333/_nuxt/@fs/C:/project/jjiban/node_modules/.cache/vite/client/deps/primevue_splitter.js?v=dfda57ce
GET http://localhost:3333/_nuxt/@fs/C:/project/jjiban/node_modules/.cache/vite/client/deps/primevue_splitterpanel.js?v=dfda57ce
GET http://localhost:3333/_nuxt/@fs/C:/project/jjiban/node_modules/.cache/vite/client/deps/primevue_tree.js?v=dfda57ce
GET http://localhost:3333/_nuxt/components/wbs/WbsTreeHeader.vue
GET http://localhost:3333/_nuxt/components/wbs/NodeIcon.vue
GET http://localhost:3333/_nuxt/components/wbs/StatusBadge.vue
GET http://localhost:3333/_nuxt/components/task/DocumentViewer.vue
GET http://localhost:3333/_nuxt/components/wbs/detail/TaskBasicInfo.vue
GET http://localhost:3333/_nuxt/components/wbs/detail/TaskProgress.vue
GET http://localhost:3333/_nuxt/components/wbs/detail/TaskWorkflow.vue
GET http://localhost:3333/_nuxt/components/wbs/detail/TaskActions.vue
GET http://localhost:3333/_nuxt/components/wbs/detail/TaskRequirements.vue
GET http://localhost:3333/_nuxt/components/wbs/detail/TaskDocuments.vue
GET http://localhost:3333/_nuxt/components/wbs/detail/TaskHistory.vue
GET http://localhost:3333/_nuxt/@fs/C:/project/jjiban/node_modules/.cache/vite/client/deps/primevue_card.js?v=dfda57ce
GET http://localhost:3333/_nuxt/@fs/C:/project/jjiban/node_modules/.cache/vite/client/deps/primevue_skeleton.js?v=dfda57ce
GET http://localhost:3333/_nuxt/@fs/C:/project/jjiban/node_modules/.cache/vite/client/deps/primevue_dialog.js?v=dfda57ce
GET http://localhost:3333/_nuxt/composables/useNotification.ts
GET http://localhost:3333/_nuxt/components/wbs/detail/TaskDetailPanel.vue?vue&type=style&index=0&scoped=c5448481&lang.css
GET http://localhost:3333/_nuxt/@fs/C:/project/jjiban/node_modules/.cache/vite/client/deps/chunk-AS3ALMQX.js?v=dfda57ce
GET http://localhost:3333/_nuxt/@fs/C:/project/jjiban/node_modules/.cache/vite/client/deps/chunk-FLI56WKD.js?v=dfda57ce
GET http://localhost:3333/_nuxt/@fs/C:/project/jjiban/node_modules/.cache/vite/client/deps/chunk-PAXGXL2N.js?v=dfda57ce
GET http://localhost:3333/_nuxt/@fs/C:/project/jjiban/node_modules/.cache/vite/client/deps/chunk-GKZVI7SV.js?v=dfda57ce
GET http://localhost:3333/_nuxt/@fs/C:/project/jjiban/node_modules/.cache/vite/client/deps/chunk-F5LVEOLQ.js?v=dfda57ce
GET http://localhost:3333/_nuxt/@fs/C:/project/jjiban/node_modules/.cache/vite/client/deps/chunk-FAJD4C2X.js?v=dfda57ce
GET http://localhost:3333/_nuxt/components/wbs/WbsSearchBox.vue
GET http://localhost:3333/_nuxt/components/wbs/WbsSummaryCards.vue
GET http://localhost:3333/_nuxt/@fs/C:/project/jjiban/node_modules/.cache/vite/client/deps/primevue_panel.js?v=dfda57ce
GET http://localhost:3333/_nuxt/types/index.ts
GET http://localhost:3333/_nuxt/components/wbs/detail/TaskWorkflow.vue?vue&type=style&index=0&scoped=a09bf1e5&lang.css
GET http://localhost:3333/_nuxt/@fs/C:/project/jjiban/node_modules/.cache/vite/client/deps/primevue_tag.js?v=dfda57ce
GET http://localhost:3333/_nuxt/components/wbs/StatusBadge.vue?vue&type=style&index=0&scoped=468087ba&lang.css
GET http://localhost:3333/_nuxt/@fs/C:/project/jjiban/node_modules/.cache/vite/client/deps/primevue_progressbar.js?v=dfda57ce
GET http://localhost:3333/_nuxt/@fs/C:/project/jjiban/node_modules/.cache/vite/client/deps/primevue_badge.js?v=dfda57ce
GET http://localhost:3333/_nuxt/components/wbs/detail/TaskProgress.vue?vue&type=style&index=0&scoped=fe5c9d02&lang.css
GET http://localhost:3333/_nuxt/@fs/C:/project/jjiban/node_modules/.cache/vite/client/deps/primevue_avatar.js?v=dfda57ce
GET http://localhost:3333/_nuxt/@fs/C:/project/jjiban/node_modules/.cache/vite/client/deps/primevue_dropdown.js?v=dfda57ce
GET http://localhost:3333/_nuxt/@fs/C:/project/jjiban/node_modules/.cache/vite/client/deps/primevue_inputtext.js?v=dfda57ce
GET http://localhost:3333/_nuxt/components/wbs/detail/TaskBasicInfo.vue?vue&type=style&index=0&scoped=b9661a3f&lang.css
GET http://localhost:3333/_nuxt/composables/useDocumentLoader.ts
GET http://localhost:3333/_nuxt/composables/useMarkdownRenderer.ts
GET http://localhost:3333/_nuxt/components/task/DocumentViewer.vue?vue&type=style&index=0&scoped=31eb21c3&lang.css
GET http://localhost:3333/_nuxt/@fs/C:/project/jjiban/node_modules/.cache/vite/client/deps/primevue_divider.js?v=dfda57ce
GET http://localhost:3333/_nuxt/@fs/C:/project/jjiban/node_modules/.cache/vite/client/deps/primevue_select.js?v=dfda57ce
GET http://localhost:3333/_nuxt/composables/useOptimisticUpdate.ts
GET http://localhost:3333/_nuxt/composables/useErrorHandler.ts
GET http://localhost:3333/_nuxt/components/wbs/detail/TaskActions.vue?vue&type=style&index=0&scoped=716089ae&lang.css
GET http://localhost:3333/_nuxt/utils/validators.ts
GET http://localhost:3333/_nuxt/utils/documentConfig.ts
GET http://localhost:3333/_nuxt/@fs/C:/project/jjiban/node_modules/.cache/vite/client/deps/primevue_timeline.js?v=dfda57ce
GET http://localhost:3333/_nuxt/components/wbs/detail/TaskHistory.vue?vue&type=style&index=0&scoped=400c1ecd&lang.css
GET http://localhost:3333/_nuxt/@fs/C:/project/jjiban/node_modules/.cache/vite/client/deps/@vueuse_core.js?v=dfda57ce
GET http://localhost:3333/_nuxt/@fs/C:/project/jjiban/node_modules/.cache/vite/client/deps/primevue_iconfield.js?v=dfda57ce
GET http://localhost:3333/_nuxt/@fs/C:/project/jjiban/node_modules/.cache/vite/client/deps/primevue_inputicon.js?v=dfda57ce
GET http://localhost:3333/_nuxt/components/wbs/WbsSearchBox.vue?vue&type=style&index=0&scoped=e1f62467&lang.css
GET http://localhost:3333/_nuxt/@fs/C:/project/jjiban/node_modules/.cache/vite/client/deps/chunk-JXJ4NGW7.js?v=dfda57ce
GET http://localhost:3333/_nuxt/@fs/C:/project/jjiban/node_modules/.cache/vite/client/deps/marked.js?v=dfda57ce
GET http://localhost:3333/_nuxt/@fs/C:/project/jjiban/node_modules/.cache/vite/client/deps/highlight__js_lib_core.js?v=dfda57ce
GET http://localhost:3333/_nuxt/@fs/C:/project/jjiban/node_modules/.cache/vite/client/deps/dompurify.js?v=dfda57ce
GET http://localhost:3333/_nuxt/@fs/C:/project/jjiban/node_modules/.cache/vite/client/deps/highlight__js_lib_languages_typescript.js?v=dfda57ce
GET http://localhost:3333/_nuxt/@fs/C:/project/jjiban/node_modules/.cache/vite/client/deps/highlight__js_lib_languages_javascript.js?v=dfda57ce
GET http://localhost:3333/_nuxt/@fs/C:/project/jjiban/node_modules/.cache/vite/client/deps/highlight__js_lib_languages_bash.js?v=dfda57ce
GET http://localhost:3333/_nuxt/@fs/C:/project/jjiban/node_modules/.cache/vite/client/deps/highlight__js_lib_languages_json.js?v=dfda57ce
GET http://localhost:3333/_nuxt/@fs/C:/project/jjiban/node_modules/.cache/vite/client/deps/highlight__js_lib_languages_xml.js?v=dfda57ce
GET http://localhost:3333/_nuxt/@fs/C:/project/jjiban/node_modules/@nuxt/devtools/dist/runtime/plugins/view/client.js?v=dfda57ce
GET http://localhost:3333/_nuxt/@fs/C:/project/jjiban/node_modules/@nuxt/devtools/dist/webcomponents/index.mjs?v=dfda57ce
GET http://localhost:3333/_nuxt/@fs/C:/project/jjiban/node_modules/vite-plugin-vue-tracer/dist/client/overlay.mjs?v=dfda57ce
GET http://localhost:3333/_nuxt/@fs/C:/project/jjiban/node_modules/@nuxt/devtools/dist/runtime/function-metrics-helpers.js?v=dfda57ce
GET http://localhost:3333/_nuxt/@fs/C:/project/jjiban/node_modules/@nuxt/devtools/dist/runtime/settings.js?v=dfda57ce
GET http://localhost:3333/_nuxt/@fs/C:/project/jjiban/node_modules/@nuxt/devtools/dist/runtime/plugins/view/state.js?v=dfda57ce
GET http://localhost:3333/_nuxt/@fs/C:/project/jjiban/node_modules/nuxt/dist/app/components/error-500.vue
GET http://localhost:3333/_nuxt/@fs/C:/project/jjiban/node_modules/vite-plugin-vue-tracer/dist/client/listeners.mjs?v=dfda57ce
GET http://localhost:3333/_nuxt/@fs/C:/project/jjiban/node_modules/error-stack-parser-es/dist/index.mjs?v=dfda57ce
GET http://localhost:3333/_nuxt/@fs/C:/project/jjiban/node_modules/@nuxt/devtools/dist/runtime/plugins/view/utils.js?v=dfda57ce
GET http://localhost:3333/_nuxt/@id/virtual:nuxt:C%3A%2Fproject%2Fjjiban%2F.nuxt%2Fdevtools%2Fsettings.mjs
GET http://localhost:3333/_nuxt/@fs/C:/project/jjiban/node_modules/error-stack-parser-es/dist/lite.mjs?v=dfda57ce
GET http://localhost:3333/_nuxt/@fs/C:/project/jjiban/node_modules/nuxt/dist/app/components/error-500.vue?vue&type=style&index=0&scoped=347e4e05&lang.css

=== API RESPONSES ===
200 http://localhost:3333/_nuxt/@fs/C:/project/jjiban/node_modules/@vue/devtools-api/lib/esm/api/index.js?v=dfda57ce
  Body: export * from "/_nuxt/@fs/C:/project/jjiban/node_modules/@vue/devtools-api/lib/esm/api/api.js?v=dfda57ce";
export * from "/_nuxt/@fs/C:/project/jjiban/node_modules/@vue/devtools-api/lib/esm/api/app.js...
200 http://localhost:3333/_nuxt/@fs/C:/project/jjiban/node_modules/@vue/devtools-api/lib/esm/api/api.js?v=dfda57ce
  Body: export {};

//# sourceMappingURL=data:application/json;base64,eyJ2ZXJzaW9uIjozLCJzb3VyY2VzIjpbImFwaS5qcz92PWRmZGE1N2NlIl0sInNvdXJjZXNDb250ZW50IjpbImV4cG9ydCB7fTtcbiJdLCJuYW1lcyI6W10sIm1hcHBpbmdzIjoiQU...
200 http://localhost:3333/_nuxt/@fs/C:/project/jjiban/node_modules/@vue/devtools-api/lib/esm/api/app.js?v=dfda57ce
  Body: export {};

//# sourceMappingURL=data:application/json;base64,eyJ2ZXJzaW9uIjozLCJzb3VyY2VzIjpbImFwcC5qcz92PWRmZGE1N2NlIl0sInNvdXJjZXNDb250ZW50IjpbImV4cG9ydCB7fTtcbiJdLCJuYW1lcyI6W10sIm1hcHBpbmdzIjoiQU...
200 http://localhost:3333/_nuxt/@fs/C:/project/jjiban/node_modules/@vue/devtools-api/lib/esm/api/component.js?v=dfda57ce
  Body: export {};

//# sourceMappingURL=data:application/json;base64,eyJ2ZXJzaW9uIjozLCJzb3VyY2VzIjpbImNvbXBvbmVudC5qcz92PWRmZGE1N2NlIl0sInNvdXJjZXNDb250ZW50IjpbImV4cG9ydCB7fTtcbiJdLCJuYW1lcyI6W10sIm1hcHBpbm...
200 http://localhost:3333/_nuxt/@fs/C:/project/jjiban/node_modules/@vue/devtools-api/lib/esm/api/context.js?v=dfda57ce
  Body: export {};

//# sourceMappingURL=data:application/json;base64,eyJ2ZXJzaW9uIjozLCJzb3VyY2VzIjpbImNvbnRleHQuanM/dj1kZmRhNTdjZSJdLCJzb3VyY2VzQ29udGVudCI6WyJleHBvcnQge307XG4iXSwibmFtZXMiOltdLCJtYXBwaW5ncy...
200 http://localhost:3333/_nuxt/@fs/C:/project/jjiban/node_modules/@vue/devtools-api/lib/esm/api/hooks.js?v=dfda57ce
  Body: export {};

//# sourceMappingURL=data:application/json;base64,eyJ2ZXJzaW9uIjozLCJzb3VyY2VzIjpbImhvb2tzLmpzP3Y9ZGZkYTU3Y2UiXSwic291cmNlc0NvbnRlbnQiOlsiZXhwb3J0IHt9O1xuIl0sIm5hbWVzIjpbXSwibWFwcGluZ3MiOi...
200 http://localhost:3333/_nuxt/@fs/C:/project/jjiban/node_modules/@vue/devtools-api/lib/esm/api/util.js?v=dfda57ce
  Body: export {};

//# sourceMappingURL=data:application/json;base64,eyJ2ZXJzaW9uIjozLCJzb3VyY2VzIjpbInV0aWwuanM/dj1kZmRhNTdjZSJdLCJzb3VyY2VzQ29udGVudCI6WyJleHBvcnQge307XG4iXSwibmFtZXMiOltdLCJtYXBwaW5ncyI6Ik...

=== CONSOLE LOGS ===
[error] Failed to load resource: the server responded with a status of 500 (Server Error)
[error] Refused to apply style from 'http://localhost:3333/_nuxt/components/wbs/detail/TaskProgress.vue?vue&type=style&index=0&scoped=fe5c9d02&lang.css' because its MIME type ('application/json') is not a supported stylesheet MIME type, and strict MIME checking is enabled.
[warning] An iframe which has both allow-scripts and allow-same-origin for its sandbox attribute can escape its sandboxing.
[debug] [vite] connecting...
[debug] [vite] connected.
[error] Refused to apply style from 'http://localhost:3333/_nuxt/components/wbs/detail/TaskProgress.vue?vue&type=style&index=0&scoped=fe5c9d02&lang.css' because its MIME type ('application/json') is not a supported stylesheet MIME type, and strict MIME checking is enabled.
[error] Failed to load resource: the server responded with a status of 404 (Server Error)
[warning] [Vue Router warn]: uncaught error during route navigation:
[error] TypeError: Failed to fetch dynamically imported module: http://localhost:3333/_nuxt/pages/wbs.vue
[error] [nuxt] error caught during app initialization H3Error: Failed to fetch dynamically imported module: http://localhost:3333/_nuxt/pages/wbs.vue
[warning] [Vue Router warn]: Unexpected error when starting the router: TypeError: Failed to fetch dynamically imported module: http://localhost:3333/_nuxt/pages/wbs.vue
[warning] [Vue warn]: Plugin has already been applied to target app.
[error] [nuxt] error caught during app initialization H3Error: Failed to fetch dynamically imported module: http://localhost:3333/_nuxt/pages/wbs.vue
[info] <Suspense> is an experimental feature and its API will likely change.
[log] ✨ %cNuxt DevTools %c Press Shift + Alt + D to open DevTools color: black; border-radius: 3px 0 0 3px; padding: 2px 2px 1px 10px; background: #00DC82 border-radius: 0 3px 3px 0; padding: 2px 10px 1px 2px; background: #00DC8220 
[warning] The resource http://localhost:3333/_nuxt/builds/meta/dev.json was preloaded using link preload but not used within a few seconds from the window's load event. Please make sure it has an appropriate `as` value and it is preloaded intentionally.

=== DOM STATE ===
loading-spinner: false
error-message: false
empty-state-no-project: false
wbs-content: false
wbs-tree-panel: false
content-state: false
loading-state: false
error-state: false
  ✓  3 [chromium] › debug-wbs.spec.ts:3:1 › Debug WBS page loading (15.9s)
[2m[WebServer] [22m[43m[30m WARN [39m[49m [Vue Router warn]: uncaught error during route navigation:
[2m[WebServer] [22m[41m[30m ERROR [39m[49m [postcss] C:/project/jjiban/app/components/wbs/detail/TaskProgress.vue?vue&type=style&index=0&scoped=fe5c9d02&lang.css:21:1: You cannot [36m@apply[39m the [36mworkflow-step-current[39m utility here because it creates a circular dependency.
[2m[WebServer] [22m
[2m[WebServer] [22m    [90mat [39mcreateError ([36mC:/project/jjiban/node_modules/h3/dist/index.mjs:71:15[39m)
[2m[WebServer] [22m    [90mat [39mC:/project/jjiban/node_modules/@nuxt/vite-builder/dist/shared/vite-builder.Bmat7g1G.mjs:430:21)
[2m[WebServer] [22m    [90mat [39mprocess.processTicksAndRejections ([36mnode:internal/process/task_queues:105:5[39m)
[2m[WebServer] [22m    [90mat [39masync processMessage ([36mC:/project/jjiban/node_modules/@nuxt/vite-builder/dist/shared/vite-builder.Bmat7g1G.mjs:412:30[39m)
[2m[WebServer] [22m[43m[30m WARN [39m[49m [Vue Router warn]: uncaught error during route navigation:
[2m[WebServer] [22m[41m[30m ERROR [39m[49m [postcss] C:/project/jjiban/app/components/wbs/detail/TaskProgress.vue?vue&type=style&index=0&scoped=fe5c9d02&lang.css:21:1: You cannot [36m@apply[39m the [36mworkflow-step-current[39m utility here because it creates a circular dependency.
[2m[WebServer] [22m
[2m[WebServer] [22m    [90mat [39mcreateError ([36mC:/project/jjiban/node_modules/h3/dist/index.mjs:71:15[39m)
[2m[WebServer] [22m    [90mat [39mC:/project/jjiban/node_modules/@nuxt/vite-builder/dist/shared/vite-builder.Bmat7g1G.mjs:430:21)
[2m[WebServer] [22m    [90mat [39mprocess.processTicksAndRejections ([36mnode:internal/process/task_queues:105:5[39m)
[2m[WebServer] [22m    [90mat [39masync processMessage ([36mC:/project/jjiban/node_modules/@nuxt/vite-builder/dist/shared/vite-builder.Bmat7g1G.mjs:412:30[39m)
[2m[WebServer] [22m[43m[30m WARN [39m[49m [Vue Router warn]: uncaught error during route navigation:
[2m[WebServer] [22m[41m[30m ERROR [39m[49m [postcss] C:/project/jjiban/app/components/wbs/detail/TaskProgress.vue?vue&type=style&index=0&scoped=fe5c9d02&lang.css:21:1: You cannot [36m@apply[39m the [36mworkflow-step-current[39m utility here because it creates a circular dependency.
[2m[WebServer] [22m
[2m[WebServer] [22m    [90mat [39mcreateError ([36mC:/project/jjiban/node_modules/h3/dist/index.mjs:71:15[39m)
[2m[WebServer] [22m    [90mat [39mC:/project/jjiban/node_modules/@nuxt/vite-builder/dist/shared/vite-builder.Bmat7g1G.mjs:430:21)
[2m[WebServer] [22m    [90mat [39mprocess.processTicksAndRejections ([36mnode:internal/process/task_queues:105:5[39m)
[2m[WebServer] [22m    [90mat [39masync processMessage ([36mC:/project/jjiban/node_modules/@nuxt/vite-builder/dist/shared/vite-builder.Bmat7g1G.mjs:412:30[39m)
[2m[WebServer] [22m[43m[30m WARN [39m[49m [nuxt] Failed to stringify dev server logs. Received [36mDevalueError: Cannot stringify arbitrary non-POJOs[39m. You can define your own reducer/reviver for rich types following the instructions in https://nuxt.com/docs/api/composables/use-nuxt-app#payload.
[2m[WebServer] [22m[43m[30m WARN [39m[49m [Vue Router warn]: uncaught error during route navigation:
[2m[WebServer] [22m[41m[30m ERROR [39m[49m [postcss] C:/project/jjiban/app/components/wbs/detail/TaskProgress.vue?vue&type=style&index=0&scoped=fe5c9d02&lang.css:21:1: You cannot [36m@apply[39m the [36mworkflow-step-current[39m utility here because it creates a circular dependency.
[2m[WebServer] [22m
[2m[WebServer] [22m    [90mat [39mcreateError ([36mC:/project/jjiban/node_modules/h3/dist/index.mjs:71:15[39m)
[2m[WebServer] [22m    [90mat [39mC:/project/jjiban/node_modules/@nuxt/vite-builder/dist/shared/vite-builder.Bmat7g1G.mjs:430:21)
[2m[WebServer] [22m    [90mat [39mprocess.processTicksAndRejections ([36mnode:internal/process/task_queues:105:5[39m)
[2m[WebServer] [22m    [90mat [39masync processMessage ([36mC:/project/jjiban/node_modules/@nuxt/vite-builder/dist/shared/vite-builder.Bmat7g1G.mjs:412:30[39m)
[2m[WebServer] [22m[43m[30m WARN [39m[49m [Vue Router warn]: uncaught error during route navigation:
[2m[WebServer] [22m[41m[30m ERROR [39m[49m [postcss] C:/project/jjiban/app/components/wbs/detail/TaskProgress.vue?vue&type=style&index=0&scoped=fe5c9d02&lang.css:21:1: You cannot [36m@apply[39m the [36mworkflow-step-current[39m utility here because it creates a circular dependency.
[2m[WebServer] [22m
[2m[WebServer] [22m    [90mat [39mcreateError ([36mC:/project/jjiban/node_modules/h3/dist/index.mjs:71:15[39m)
[2m[WebServer] [22m    [90mat [39mC:/project/jjiban/node_modules/@nuxt/vite-builder/dist/shared/vite-builder.Bmat7g1G.mjs:430:21)
[2m[WebServer] [22m    [90mat [39mprocess.processTicksAndRejections ([36mnode:internal/process/task_queues:105:5[39m)
[2m[WebServer] [22m    [90mat [39masync processMessage ([36mC:/project/jjiban/node_modules/@nuxt/vite-builder/dist/shared/vite-builder.Bmat7g1G.mjs:412:30[39m)
[2m[WebServer] [22m[43m[30m WARN [39m[49m [Vue Router warn]: uncaught error during route navigation:
[2m[WebServer] [22m[41m[30m ERROR [39m[49m [postcss] C:/project/jjiban/app/components/wbs/detail/TaskProgress.vue?vue&type=style&index=0&scoped=fe5c9d02&lang.css:21:1: You cannot [36m@apply[39m the [36mworkflow-step-current[39m utility here because it creates a circular dependency.
[2m[WebServer] [22m
[2m[WebServer] [22m    [90mat [39mcreateError ([36mC:/project/jjiban/node_modules/h3/dist/index.mjs:71:15[39m)
[2m[WebServer] [22m    [90mat [39mC:/project/jjiban/node_modules/@nuxt/vite-builder/dist/shared/vite-builder.Bmat7g1G.mjs:430:21)
[2m[WebServer] [22m    [90mat [39mprocess.processTicksAndRejections ([36mnode:internal/process/task_queues:105:5[39m)
[2m[WebServer] [22m    [90mat [39masync processMessage ([36mC:/project/jjiban/node_modules/@nuxt/vite-builder/dist/shared/vite-builder.Bmat7g1G.mjs:412:30[39m)
[2m[WebServer] [22m[43m[30m WARN [39m[49m [nuxt] Failed to stringify dev server logs. Received [36mDevalueError: Cannot stringify arbitrary non-POJOs[39m. You can define your own reducer/reviver for rich types following the instructions in https://nuxt.com/docs/api/composables/use-nuxt-app#payload.
[2m[WebServer] [22m[43m[30m WARN [39m[49m [Vue Router warn]: uncaught error during route navigation:
[2m[WebServer] [22m[41m[30m ERROR [39m[49m [postcss] C:/project/jjiban/app/components/wbs/detail/TaskProgress.vue?vue&type=style&index=0&scoped=fe5c9d02&lang.css:21:1: You cannot [36m@apply[39m the [36mworkflow-step-current[39m utility here because it creates a circular dependency.
[2m[WebServer] [22m
[2m[WebServer] [22m    [90mat [39mcreateError ([36mC:/project/jjiban/node_modules/h3/dist/index.mjs:71:15[39m)
[2m[WebServer] [22m    [90mat [39mC:/project/jjiban/node_modules/@nuxt/vite-builder/dist/shared/vite-builder.Bmat7g1G.mjs:430:21)
[2m[WebServer] [22m    [90mat [39mprocess.processTicksAndRejections ([36mnode:internal/process/task_queues:105:5[39m)
[2m[WebServer] [22m    [90mat [39masync processMessage ([36mC:/project/jjiban/node_modules/@nuxt/vite-builder/dist/shared/vite-builder.Bmat7g1G.mjs:412:30[39m)
[2m[WebServer] [22m[43m[30m WARN [39m[49m [nuxt] Failed to stringify dev server logs. Received [36mDevalueError: Cannot stringify arbitrary non-POJOs[39m. You can define your own reducer/reviver for rich types following the instructions in https://nuxt.com/docs/api/composables/use-nuxt-app#payload.
[2m[WebServer] [22m[43m[30m WARN [39m[49m [Vue Router warn]: uncaught error during route navigation:
[2m[WebServer] [22m[41m[30m ERROR [39m[49m [postcss] C:/project/jjiban/app/components/wbs/detail/TaskProgress.vue?vue&type=style&index=0&scoped=fe5c9d02&lang.css:21:1: You cannot [36m@apply[39m the [36mworkflow-step-current[39m utility here because it creates a circular dependency.
[2m[WebServer] [22m
[2m[WebServer] [22m    [90mat [39mcreateError ([36mC:/project/jjiban/node_modules/h3/dist/index.mjs:71:15[39m)
[2m[WebServer] [22m    [90mat [39mC:/project/jjiban/node_modules/@nuxt/vite-builder/dist/shared/vite-builder.Bmat7g1G.mjs:430:21)
[2m[WebServer] [22m    [90mat [39mprocess.processTicksAndRejections ([36mnode:internal/process/task_queues:105:5[39m)
[2m[WebServer] [22m    [90mat [39masync processMessage ([36mC:/project/jjiban/node_modules/@nuxt/vite-builder/dist/shared/vite-builder.Bmat7g1G.mjs:412:30[39m)
[2m[WebServer] [22m[43m[30m WARN [39m[49m [nuxt] Failed to stringify dev server logs. Received [36mDevalueError: Cannot stringify arbitrary non-POJOs[39m. You can define your own reducer/reviver for rich types following the instructions in https://nuxt.com/docs/api/composables/use-nuxt-app#payload.
[2m[WebServer] [22m
[2m[WebServer] [22m[41m[30m ERROR [39m[49m [31mInternal server error: [postcss] C:/project/jjiban/app/components/wbs/detail/TaskProgress.vue?vue&type=style&index=0&scoped=fe5c9d02&lang.css:21:1: You cannot [36m@apply[39m the [36mworkflow-step-current[39m utility here because it creates a circular dependency.[39m
[2m[WebServer] [22m  Plugin: [35mvite:css[39m
[2m[WebServer] [22m  File: [36mC:/project/jjiban/app/components/wbs/detail/TaskProgress.vue?vue&type=style&index=0&scoped=fe5c9d02&lang.css[39m:231:0
[2m[WebServer] [22m[33m  19 |  }
[2m[WebServer] [22m  20 |  
[2m[WebServer] [22m  21 |  .workflow-step-current {
[2m[WebServer] [22m     |  ^
[2m[WebServer] [22m  22 |    @apply workflow-step-current;
[2m[WebServer] [22m  23 |  }[39m
[2m[WebServer] [22m      at Input.error (C:\project\jjiban\node_modules\postcss\lib\input.js:135:16)
[2m[WebServer] [22m      at Rule.error (C:\project\jjiban\node_modules\postcss\lib\node.js:146:32)
[2m[WebServer] [22m      at processApply (C:\project\jjiban\node_modules\tailwindcss\lib\lib\expandApplyAtRules.js:443:32)
[2m[WebServer] [22m      at C:\project\jjiban\node_modules\tailwindcss\lib\lib\expandApplyAtRules.js:551:9
[2m[WebServer] [22m      at C:\project\jjiban\node_modules\tailwindcss\lib\processTailwindFeatures.js:55:50
[2m[WebServer] [22m      at process.processTicksAndRejections (node:internal/process/task_queues:105:5)
[2m[WebServer] [22m      at async plugins (C:\project\jjiban\node_modules\tailwindcss\lib\plugin.js:38:17)
[2m[WebServer] [22m      at async LazyResult.runAsync (C:\project\jjiban\node_modules\postcss\lib\lazy-result.js:293:11)
[2m[WebServer] [22m      at async runPostCSS (file:///C:/project/jjiban/node_modules/vite/dist/node/chunks/config.js:30144:19)
[2m[WebServer] [22m      at async compilePostCSS (file:///C:/project/jjiban/node_modules/vite/dist/node/chunks/config.js:30128:6)[2m (x7)[22m
[2m[WebServer] [22m
[2m[WebServer] [22m
[2m[WebServer] [22m[41m[30m ERROR [39m[49m [31mInternal server error: [postcss] C:/project/jjiban/app/components/wbs/detail/TaskProgress.vue?vue&type=style&index=0&scoped=fe5c9d02&lang.css:21:1: You cannot [36m@apply[39m the [36mworkflow-step-current[39m utility here because it creates a circular dependency.[39m
[2m[WebServer] [22m  Plugin: [35mvite:css[39m
[2m[WebServer] [22m  File: [36mC:/project/jjiban/app/components/wbs/detail/TaskProgress.vue?vue&type=style&index=0&scoped=fe5c9d02&lang.css[39m:231:0
[2m[WebServer] [22m[33m  19 |  }
[2m[WebServer] [22m  20 |  
[2m[WebServer] [22m  21 |  .workflow-step-current {
[2m[WebServer] [22m     |  ^
[2m[WebServer] [22m  22 |    @apply workflow-step-current;
[2m[WebServer] [22m  23 |  }[39m
[2m[WebServer] [22m      at Input.error (C:\project\jjiban\node_modules\postcss\lib\input.js:135:16)
[2m[WebServer] [22m      at Rule.error (C:\project\jjiban\node_modules\postcss\lib\node.js:146:32)
[2m[WebServer] [22m      at processApply (C:\project\jjiban\node_modules\tailwindcss\lib\lib\expandApplyAtRules.js:443:32)
[2m[WebServer] [22m      at C:\project\jjiban\node_modules\tailwindcss\lib\lib\expandApplyAtRules.js:551:9
[2m[WebServer] [22m      at C:\project\jjiban\node_modules\tailwindcss\lib\processTailwindFeatures.js:55:50
[2m[WebServer] [22m      at process.processTicksAndRejections (node:internal/process/task_queues:105:5)
[2m[WebServer] [22m      at async plugins (C:\project\jjiban\node_modules\tailwindcss\lib\plugin.js:38:17)
[2m[WebServer] [22m      at async LazyResult.runAsync (C:\project\jjiban\node_modules\postcss\lib\lazy-result.js:293:11)
[2m[WebServer] [22m      at async runPostCSS (file:///C:/project/jjiban/node_modules/vite/dist/node/chunks/config.js:30144:19)
[2m[WebServer] [22m      at async compilePostCSS (file:///C:/project/jjiban/node_modules/vite/dist/node/chunks/config.js:30128:6)[2m (x8)[22m
[2m[WebServer] [22m
[2m[WebServer] [22m
[2m[WebServer] [22m[41m[30m ERROR [39m[49m [31mInternal server error: [postcss] C:/project/jjiban/app/components/wbs/detail/TaskProgress.vue?vue&type=style&index=0&scoped=fe5c9d02&lang.css:21:1: You cannot [36m@apply[39m the [36mworkflow-step-current[39m utility here because it creates a circular dependency.[39m
[2m[WebServer] [22m  Plugin: [35mvite:css[39m
[2m[WebServer] [22m  File: [36mC:/project/jjiban/app/components/wbs/detail/TaskProgress.vue?vue&type=style&index=0&scoped=fe5c9d02&lang.css[39m:231:0
[2m[WebServer] [22m[33m  19 |  }
[2m[WebServer] [22m  20 |  
[2m[WebServer] [22m  21 |  .workflow-step-current {
[2m[WebServer] [22m     |  ^
[2m[WebServer] [22m  22 |    @apply workflow-step-current;
[2m[WebServer] [22m  23 |  }[39m
[2m[WebServer] [22m      at Input.error (C:\project\jjiban\node_modules\postcss\lib\input.js:135:16)
[2m[WebServer] [22m      at Rule.error (C:\project\jjiban\node_modules\postcss\lib\node.js:146:32)
[2m[WebServer] [22m      at processApply (C:\project\jjiban\node_modules\tailwindcss\lib\lib\expandApplyAtRules.js:443:32)
[2m[WebServer] [22m      at C:\project\jjiban\node_modules\tailwindcss\lib\lib\expandApplyAtRules.js:551:9
[2m[WebServer] [22m      at C:\project\jjiban\node_modules\tailwindcss\lib\processTailwindFeatures.js:55:50
[2m[WebServer] [22m      at process.processTicksAndRejections (node:internal/process/task_queues:105:5)
[2m[WebServer] [22m      at async plugins (C:\project\jjiban\node_modules\tailwindcss\lib\plugin.js:38:17)
[2m[WebServer] [22m      at async LazyResult.runAsync (C:\project\jjiban\node_modules\postcss\lib\lazy-result.js:293:11)
[2m[WebServer] [22m      at async runPostCSS (file:///C:/project/jjiban/node_modules/vite/dist/node/chunks/config.js:30144:19)
[2m[WebServer] [22m      at async compilePostCSS (file:///C:/project/jjiban/node_modules/vite/dist/node/chunks/config.js:30128:6)[2m (x9)[22m
[2m[WebServer] [22m
[2m[WebServer] [22m
[2m[WebServer] [22m[41m[30m ERROR [39m[49m [31mInternal server error: [postcss] C:/project/jjiban/app/components/wbs/detail/TaskProgress.vue?vue&type=style&index=0&scoped=fe5c9d02&lang.css:21:1: You cannot [36m@apply[39m the [36mworkflow-step-current[39m utility here because it creates a circular dependency.[39m
[2m[WebServer] [22m  Plugin: [35mvite:css[39m
[2m[WebServer] [22m  File: [36mC:/project/jjiban/app/components/wbs/detail/TaskProgress.vue?vue&type=style&index=0&scoped=fe5c9d02&lang.css[39m:231:0
[2m[WebServer] [22m[33m  19 |  }
[2m[WebServer] [22m  20 |  
[2m[WebServer] [22m  21 |  .workflow-step-current {
[2m[WebServer] [22m     |  ^
[2m[WebServer] [22m  22 |    @apply workflow-step-current;
[2m[WebServer] [22m  23 |  }[39m
[2m[WebServer] [22m      at Input.error (C:\project\jjiban\node_modules\postcss\lib\input.js:135:16)
[2m[WebServer] [22m      at Rule.error (C:\project\jjiban\node_modules\postcss\lib\node.js:146:32)
[2m[WebServer] [22m      at processApply (C:\project\jjiban\node_modules\tailwindcss\lib\lib\expandApplyAtRules.js:443:32)
[2m[WebServer] [22m      at C:\project\jjiban\node_modules\tailwindcss\lib\lib\expandApplyAtRules.js:551:9
[2m[WebServer] [22m      at C:\project\jjiban\node_modules\tailwindcss\lib\processTailwindFeatures.js:55:50
[2m[WebServer] [22m      at process.processTicksAndRejections (node:internal/process/task_queues:105:5)
[2m[WebServer] [22m      at async plugins (C:\project\jjiban\node_modules\tailwindcss\lib\plugin.js:38:17)
[2m[WebServer] [22m      at async LazyResult.runAsync (C:\project\jjiban\node_modules\postcss\lib\lazy-result.js:293:11)
[2m[WebServer] [22m      at async runPostCSS (file:///C:/project/jjiban/node_modules/vite/dist/node/chunks/config.js:30144:19)
[2m[WebServer] [22m      at async compilePostCSS (file:///C:/project/jjiban/node_modules/vite/dist/node/chunks/config.js:30128:6)[2m (x10)[22m
[2m[WebServer] [22m
[2m[WebServer] [22m
[2m[WebServer] [22m[41m[30m ERROR [39m[49m [31mInternal server error: [postcss] C:/project/jjiban/app/components/wbs/detail/TaskProgress.vue?vue&type=style&index=0&scoped=fe5c9d02&lang.css:21:1: You cannot [36m@apply[39m the [36mworkflow-step-current[39m utility here because it creates a circular dependency.[39m
[2m[WebServer] [22m  Plugin: [35mvite:css[39m
[2m[WebServer] [22m  File: [36mC:/project/jjiban/app/components/wbs/detail/TaskProgress.vue?vue&type=style&index=0&scoped=fe5c9d02&lang.css[39m:231:0
[2m[WebServer] [22m[33m  19 |  }
[2m[WebServer] [22m  20 |  
[2m[WebServer] [22m  21 |  .workflow-step-current {
[2m[WebServer] [22m     |  ^
[2m[WebServer] [22m  22 |    @apply workflow-step-current;
[2m[WebServer] [22m  23 |  }[39m
[2m[WebServer] [22m      at Input.error (C:\project\jjiban\node_modules\postcss\lib\input.js:135:16)
[2m[WebServer] [22m      at Rule.error (C:\project\jjiban\node_modules\postcss\lib\node.js:146:32)
[2m[WebServer] [22m      at processApply (C:\project\jjiban\node_modules\tailwindcss\lib\lib\expandApplyAtRules.js:443:32)
[2m[WebServer] [22m      at C:\project\jjiban\node_modules\tailwindcss\lib\lib\expandApplyAtRules.js:551:9
[2m[WebServer] [22m      at C:\project\jjiban\node_modules\tailwindcss\lib\processTailwindFeatures.js:55:50
[2m[WebServer] [22m      at process.processTicksAndRejections (node:internal/process/task_queues:105:5)
[2m[WebServer] [22m      at async plugins (C:\project\jjiban\node_modules\tailwindcss\lib\plugin.js:38:17)
[2m[WebServer] [22m      at async LazyResult.runAsync (C:\project\jjiban\node_modules\postcss\lib\lazy-result.js:293:11)
[2m[WebServer] [22m      at async runPostCSS (file:///C:/project/jjiban/node_modules/vite/dist/node/chunks/config.js:30144:19)
[2m[WebServer] [22m      at async compilePostCSS (file:///C:/project/jjiban/node_modules/vite/dist/node/chunks/config.js:30128:6)[2m (x11)[22m
[2m[WebServer] [22m
[2m[WebServer] [22m
[2m[WebServer] [22m[41m[30m ERROR [39m[49m [31mInternal server error: [postcss] C:/project/jjiban/app/components/wbs/detail/TaskProgress.vue?vue&type=style&index=0&scoped=fe5c9d02&lang.css:21:1: You cannot [36m@apply[39m the [36mworkflow-step-current[39m utility here because it creates a circular dependency.[39m
[2m[WebServer] [22m  Plugin: [35mvite:css[39m
[2m[WebServer] [22m  File: [36mC:/project/jjiban/app/components/wbs/detail/TaskProgress.vue?vue&type=style&index=0&scoped=fe5c9d02&lang.css[39m:231:0
[2m[WebServer] [22m[33m  19 |  }
[2m[WebServer] [22m  20 |  
[2m[WebServer] [22m  21 |  .workflow-step-current {
[2m[WebServer] [22m     |  ^
[2m[WebServer] [22m  22 |    @apply workflow-step-current;
[2m[WebServer] [22m  23 |  }[39m
[2m[WebServer] [22m      at Input.error (C:\project\jjiban\node_modules\postcss\lib\input.js:135:16)
[2m[WebServer] [22m      at Rule.error (C:\project\jjiban\node_modules\postcss\lib\node.js:146:32)
[2m[WebServer] [22m      at processApply (C:\project\jjiban\node_modules\tailwindcss\lib\lib\expandApplyAtRules.js:443:32)
[2m[WebServer] [22m      at C:\project\jjiban\node_modules\tailwindcss\lib\lib\expandApplyAtRules.js:551:9
[2m[WebServer] [22m      at C:\project\jjiban\node_modules\tailwindcss\lib\processTailwindFeatures.js:55:50
[2m[WebServer] [22m      at process.processTicksAndRejections (node:internal/process/task_queues:105:5)
[2m[WebServer] [22m      at async plugins (C:\project\jjiban\node_modules\tailwindcss\lib\plugin.js:38:17)
[2m[WebServer] [22m      at async LazyResult.runAsync (C:\project\jjiban\node_modules\postcss\lib\lazy-result.js:293:11)
[2m[WebServer] [22m      at async runPostCSS (file:///C:/project/jjiban/node_modules/vite/dist/node/chunks/config.js:30144:19)
[2m[WebServer] [22m      at async compilePostCSS (file:///C:/project/jjiban/node_modules/vite/dist/node/chunks/config.js:30128:6)[2m (x12)[22m
[2m[WebServer] [22m
[2m[WebServer] [22m
[2m[WebServer] [22m[41m[30m ERROR [39m[49m [31mInternal server error: [postcss] C:/project/jjiban/app/components/wbs/detail/TaskProgress.vue?vue&type=style&index=0&scoped=fe5c9d02&lang.css:21:1: You cannot [36m@apply[39m the [36mworkflow-step-current[39m utility here because it creates a circular dependency.[39m
[2m[WebServer] [22m  Plugin: [35mvite:css[39m
[2m[WebServer] [22m  File: [36mC:/project/jjiban/app/components/wbs/detail/TaskProgress.vue?vue&type=style&index=0&scoped=fe5c9d02&lang.css[39m:231:0
[2m[WebServer] [22m[33m  19 |  }
[2m[WebServer] [22m  20 |  
[2m[WebServer] [22m  21 |  .workflow-step-current {
[2m[WebServer] [22m     |  ^
[2m[WebServer] [22m  22 |    @apply workflow-step-current;
[2m[WebServer] [22m  23 |  }[39m
[2m[WebServer] [22m      at Input.error (C:\project\jjiban\node_modules\postcss\lib\input.js:135:16)
[2m[WebServer] [22m      at Rule.error (C:\project\jjiban\node_modules\postcss\lib\node.js:146:32)
[2m[WebServer] [22m      at processApply (C:\project\jjiban\node_modules\tailwindcss\lib\lib\expandApplyAtRules.js:443:32)
[2m[WebServer] [22m      at C:\project\jjiban\node_modules\tailwindcss\lib\lib\expandApplyAtRules.js:551:9
[2m[WebServer] [22m      at C:\project\jjiban\node_modules\tailwindcss\lib\processTailwindFeatures.js:55:50
[2m[WebServer] [22m      at process.processTicksAndRejections (node:internal/process/task_queues:105:5)
[2m[WebServer] [22m      at async plugins (C:\project\jjiban\node_modules\tailwindcss\lib\plugin.js:38:17)
[2m[WebServer] [22m      at async LazyResult.runAsync (C:\project\jjiban\node_modules\postcss\lib\lazy-result.js:293:11)
[2m[WebServer] [22m      at async runPostCSS (file:///C:/project/jjiban/node_modules/vite/dist/node/chunks/config.js:30144:19)
[2m[WebServer] [22m      at async compilePostCSS (file:///C:/project/jjiban/node_modules/vite/dist/node/chunks/config.js:30128:6)[2m (x13)[22m
[2m[WebServer] [22m
[2m[WebServer] [22m
[2m[WebServer] [22m[41m[30m ERROR [39m[49m [31mInternal server error: [postcss] C:/project/jjiban/app/components/wbs/detail/TaskProgress.vue?vue&type=style&index=0&scoped=fe5c9d02&lang.css:21:1: You cannot [36m@apply[39m the [36mworkflow-step-current[39m utility here because it creates a circular dependency.[39m
[2m[WebServer] [22m  Plugin: [35mvite:css[39m
[2m[WebServer] [22m  File: [36mC:/project/jjiban/app/components/wbs/detail/TaskProgress.vue?vue&type=style&index=0&scoped=fe5c9d02&lang.css[39m:231:0
[2m[WebServer] [22m[33m  19 |  }
[2m[WebServer] [22m  20 |  
[2m[WebServer] [22m  21 |  .workflow-step-current {
[2m[WebServer] [22m     |  ^
[2m[WebServer] [22m  22 |    @apply workflow-step-current;
[2m[WebServer] [22m  23 |  }[39m
[2m[WebServer] [22m      at Input.error (C:\project\jjiban\node_modules\postcss\lib\input.js:135:16)
[2m[WebServer] [22m      at Rule.error (C:\project\jjiban\node_modules\postcss\lib\node.js:146:32)
[2m[WebServer] [22m      at processApply (C:\project\jjiban\node_modules\tailwindcss\lib\lib\expandApplyAtRules.js:443:32)
[2m[WebServer] [22m      at C:\project\jjiban\node_modules\tailwindcss\lib\lib\expandApplyAtRules.js:551:9
[2m[WebServer] [22m      at C:\project\jjiban\node_modules\tailwindcss\lib\processTailwindFeatures.js:55:50
[2m[WebServer] [22m      at process.processTicksAndRejections (node:internal/process/task_queues:105:5)
[2m[WebServer] [22m      at async plugins (C:\project\jjiban\node_modules\tailwindcss\lib\plugin.js:38:17)
[2m[WebServer] [22m      at async LazyResult.runAsync (C:\project\jjiban\node_modules\postcss\lib\lazy-result.js:293:11)
[2m[WebServer] [22m      at async runPostCSS (file:///C:/project/jjiban/node_modules/vite/dist/node/chunks/config.js:30144:19)
[2m[WebServer] [22m      at async compilePostCSS (file:///C:/project/jjiban/node_modules/vite/dist/node/chunks/config.js:30128:6)[2m (x14)[22m
[2m[WebServer] [22m
[2m[WebServer] [22m
[2m[WebServer] [22m[41m[30m ERROR [39m[49m [31mInternal server error: [postcss] C:/project/jjiban/app/components/wbs/detail/TaskProgress.vue?vue&type=style&index=0&scoped=fe5c9d02&lang.css:21:1: You cannot [36m@apply[39m the [36mworkflow-step-current[39m utility here because it creates a circular dependency.[39m
[2m[WebServer] [22m  Plugin: [35mvite:css[39m
[2m[WebServer] [22m  File: [36mC:/project/jjiban/app/components/wbs/detail/TaskProgress.vue?vue&type=style&index=0&scoped=fe5c9d02&lang.css[39m:231:0
[2m[WebServer] [22m[33m  19 |  }
[2m[WebServer] [22m  20 |  
[2m[WebServer] [22m  21 |  .workflow-step-current {
[2m[WebServer] [22m     |  ^
[2m[WebServer] [22m  22 |    @apply workflow-step-current;
[2m[WebServer] [22m  23 |  }[39m
[2m[WebServer] [22m      at Input.error (C:\project\jjiban\node_modules\postcss\lib\input.js:135:16)
[2m[WebServer] [22m      at Rule.error (C:\project\jjiban\node_modules\postcss\lib\node.js:146:32)
[2m[WebServer] [22m      at processApply (C:\project\jjiban\node_modules\tailwindcss\lib\lib\expandApplyAtRules.js:443:32)
[2m[WebServer] [22m      at C:\project\jjiban\node_modules\tailwindcss\lib\lib\expandApplyAtRules.js:551:9
[2m[WebServer] [22m      at C:\project\jjiban\node_modules\tailwindcss\lib\processTailwindFeatures.js:55:50
[2m[WebServer] [22m      at process.processTicksAndRejections (node:internal/process/task_queues:105:5)
[2m[WebServer] [22m      at async plugins (C:\project\jjiban\node_modules\tailwindcss\lib\plugin.js:38:17)
[2m[WebServer] [22m      at async LazyResult.runAsync (C:\project\jjiban\node_modules\postcss\lib\lazy-result.js:293:11)
[2m[WebServer] [22m      at async runPostCSS (file:///C:/project/jjiban/node_modules/vite/dist/node/chunks/config.js:30144:19)
[2m[WebServer] [22m      at async compilePostCSS (file:///C:/project/jjiban/node_modules/vite/dist/node/chunks/config.js:30128:6)[2m (x15)[22m
[2m[WebServer] [22m
[2m[WebServer] [22m
[2m[WebServer] [22m[41m[30m ERROR [39m[49m [31mInternal server error: [postcss] C:/project/jjiban/app/components/wbs/detail/TaskProgress.vue?vue&type=style&index=0&scoped=fe5c9d02&lang.css:21:1: You cannot [36m@apply[39m the [36mworkflow-step-current[39m utility here because it creates a circular dependency.[39m
[2m[WebServer] [22m  Plugin: [35mvite:css[39m
[2m[WebServer] [22m  File: [36mC:/project/jjiban/app/components/wbs/detail/TaskProgress.vue?vue&type=style&index=0&scoped=fe5c9d02&lang.css[39m:231:0
[2m[WebServer] [22m[33m  19 |  }
[2m[WebServer] [22m  20 |  
[2m[WebServer] [22m  21 |  .workflow-step-current {
[2m[WebServer] [22m     |  ^
[2m[WebServer] [22m  22 |    @apply workflow-step-current;
[2m[WebServer] [22m  23 |  }[39m
[2m[WebServer] [22m      at Input.error (C:\project\jjiban\node_modules\postcss\lib\input.js:135:16)
[2m[WebServer] [22m      at Rule.error (C:\project\jjiban\node_modules\postcss\lib\node.js:146:32)
[2m[WebServer] [22m      at processApply (C:\project\jjiban\node_modules\tailwindcss\lib\lib\expandApplyAtRules.js:443:32)
[2m[WebServer] [22m      at C:\project\jjiban\node_modules\tailwindcss\lib\lib\expandApplyAtRules.js:551:9
[2m[WebServer] [22m      at C:\project\jjiban\node_modules\tailwindcss\lib\processTailwindFeatures.js:55:50
[2m[WebServer] [22m      at process.processTicksAndRejections (node:internal/process/task_queues:105:5)
[2m[WebServer] [22m      at async plugins (C:\project\jjiban\node_modules\tailwindcss\lib\plugin.js:38:17)
[2m[WebServer] [22m      at async LazyResult.runAsync (C:\project\jjiban\node_modules\postcss\lib\lazy-result.js:293:11)
[2m[WebServer] [22m      at async runPostCSS (file:///C:/project/jjiban/node_modules/vite/dist/node/chunks/config.js:30144:19)
[2m[WebServer] [22m      at async compilePostCSS (file:///C:/project/jjiban/node_modules/vite/dist/node/chunks/config.js:30128:6)[2m (x16)[22m
[2m[WebServer] [22m
[2m[WebServer] [22m
[2m[WebServer] [22m[41m[30m ERROR [39m[49m [31mInternal server error: [postcss] C:/project/jjiban/app/components/wbs/detail/TaskProgress.vue?vue&type=style&index=0&scoped=fe5c9d02&lang.css:21:1: You cannot [36m@apply[39m the [36mworkflow-step-current[39m utility here because it creates a circular dependency.[39m
[2m[WebServer] [22m  Plugin: [35mvite:css[39m
[2m[WebServer] [22m  File: [36mC:/project/jjiban/app/components/wbs/detail/TaskProgress.vue?vue&type=style&index=0&scoped=fe5c9d02&lang.css[39m:231:0
[2m[WebServer] [22m[33m  19 |  }
[2m[WebServer] [22m  20 |  
[2m[WebServer] [22m  21 |  .workflow-step-current {
[2m[WebServer] [22m     |  ^
[2m[WebServer] [22m  22 |    @apply workflow-step-current;
[2m[WebServer] [22m  23 |  }[39m
[2m[WebServer] [22m      at Input.error (C:\project\jjiban\node_modules\postcss\lib\input.js:135:16)
[2m[WebServer] [22m      at Rule.error (C:\project\jjiban\node_modules\postcss\lib\node.js:146:32)
[2m[WebServer] [22m      at processApply (C:\project\jjiban\node_modules\tailwindcss\lib\lib\expandApplyAtRules.js:443:32)
[2m[WebServer] [22m      at C:\project\jjiban\node_modules\tailwindcss\lib\lib\expandApplyAtRules.js:551:9
[2m[WebServer] [22m      at C:\project\jjiban\node_modules\tailwindcss\lib\processTailwindFeatures.js:55:50
[2m[WebServer] [22m      at process.processTicksAndRejections (node:internal/process/task_queues:105:5)
[2m[WebServer] [22m      at async plugins (C:\project\jjiban\node_modules\tailwindcss\lib\plugin.js:38:17)
[2m[WebServer] [22m      at async LazyResult.runAsync (C:\project\jjiban\node_modules\postcss\lib\lazy-result.js:293:11)
[2m[WebServer] [22m      at async runPostCSS (file:///C:/project/jjiban/node_modules/vite/dist/node/chunks/config.js:30144:19)
[2m[WebServer] [22m      at async compilePostCSS (file:///C:/project/jjiban/node_modules/vite/dist/node/chunks/config.js:30128:6)[2m (x17)[22m
[2m[WebServer] [22m
[2m[WebServer] [22m
[2m[WebServer] [22m[41m[30m ERROR [39m[49m [31mInternal server error: [postcss] C:/project/jjiban/app/components/wbs/detail/TaskProgress.vue?vue&type=style&index=0&scoped=fe5c9d02&lang.css:21:1: You cannot [36m@apply[39m the [36mworkflow-step-current[39m utility here because it creates a circular dependency.[39m
[2m[WebServer] [22m  Plugin: [35mvite:css[39m
[2m[WebServer] [22m  File: [36mC:/project/jjiban/app/components/wbs/detail/TaskProgress.vue?vue&type=style&index=0&scoped=fe5c9d02&lang.css[39m:231:0
[2m[WebServer] [22m[33m  19 |  }
[2m[WebServer] [22m  20 |  
[2m[WebServer] [22m  21 |  .workflow-step-current {
[2m[WebServer] [22m     |  ^
[2m[WebServer] [22m  22 |    @apply workflow-step-current;
[2m[WebServer] [22m  23 |  }[39m
[2m[WebServer] [22m      at Input.error (C:\project\jjiban\node_modules\postcss\lib\input.js:135:16)
[2m[WebServer] [22m      at Rule.error (C:\project\jjiban\node_modules\postcss\lib\node.js:146:32)
[2m[WebServer] [22m      at processApply (C:\project\jjiban\node_modules\tailwindcss\lib\lib\expandApplyAtRules.js:443:32)
[2m[WebServer] [22m      at C:\project\jjiban\node_modules\tailwindcss\lib\lib\expandApplyAtRules.js:551:9
[2m[WebServer] [22m      at C:\project\jjiban\node_modules\tailwindcss\lib\processTailwindFeatures.js:55:50
[2m[WebServer] [22m      at process.processTicksAndRejections (node:internal/process/task_queues:105:5)
[2m[WebServer] [22m      at async plugins (C:\project\jjiban\node_modules\tailwindcss\lib\plugin.js:38:17)
[2m[WebServer] [22m      at async LazyResult.runAsync (C:\project\jjiban\node_modules\postcss\lib\lazy-result.js:293:11)
[2m[WebServer] [22m      at async runPostCSS (file:///C:/project/jjiban/node_modules/vite/dist/node/chunks/config.js:30144:19)
[2m[WebServer] [22m      at async compilePostCSS (file:///C:/project/jjiban/node_modules/vite/dist/node/chunks/config.js:30128:6)[2m (x18)[22m
[2m[WebServer] [22m
[2m[WebServer] [22m[43m[30m WARN [39m[49m [Vue Router warn]: uncaught error during route navigation:
[2m[WebServer] [22m[41m[30m ERROR [39m[49m [postcss] C:/project/jjiban/app/components/wbs/detail/TaskProgress.vue?vue&type=style&index=0&scoped=fe5c9d02&lang.css:21:1: You cannot [36m@apply[39m the [36mworkflow-step-current[39m utility here because it creates a circular dependency.
[2m[WebServer] [22m
[2m[WebServer] [22m    [90mat [39mcreateError ([36mC:/project/jjiban/node_modules/h3/dist/index.mjs:71:15[39m)
[2m[WebServer] [22m    [90mat [39mC:/project/jjiban/node_modules/@nuxt/vite-builder/dist/shared/vite-builder.Bmat7g1G.mjs:430:21)
[2m[WebServer] [22m    [90mat [39mprocess.processTicksAndRejections ([36mnode:internal/process/task_queues:105:5[39m)
[2m[WebServer] [22m    [90mat [39masync processMessage ([36mC:/project/jjiban/node_modules/@nuxt/vite-builder/dist/shared/vite-builder.Bmat7g1G.mjs:412:30[39m)
[2m[WebServer] [22m[43m[30m WARN [39m[49m [Vue Router warn]: uncaught error during route navigation:
[2m[WebServer] [22m[41m[30m ERROR [39m[49m [postcss] C:/project/jjiban/app/components/wbs/detail/TaskProgress.vue?vue&type=style&index=0&scoped=fe5c9d02&lang.css:21:1: You cannot [36m@apply[39m the [36mworkflow-step-current[39m utility here because it creates a circular dependency.
[2m[WebServer] [22m
[2m[WebServer] [22m    [90mat [39mcreateError ([36mC:/project/jjiban/node_modules/h3/dist/index.mjs:71:15[39m)
[2m[WebServer] [22m    [90mat [39mC:/project/jjiban/node_modules/@nuxt/vite-builder/dist/shared/vite-builder.Bmat7g1G.mjs:430:21)
[2m[WebServer] [22m    [90mat [39mprocess.processTicksAndRejections ([36mnode:internal/process/task_queues:105:5[39m)
[2m[WebServer] [22m    [90mat [39masync processMessage ([36mC:/project/jjiban/node_modules/@nuxt/vite-builder/dist/shared/vite-builder.Bmat7g1G.mjs:412:30[39m)
[2m[WebServer] [22m[43m[30m WARN [39m[49m [Vue Router warn]: uncaught error during route navigation:
[2m[WebServer] [22m[41m[30m ERROR [39m[49m [postcss] C:/project/jjiban/app/components/wbs/detail/TaskProgress.vue?vue&type=style&index=0&scoped=fe5c9d02&lang.css:21:1: You cannot [36m@apply[39m the [36mworkflow-step-current[39m utility here because it creates a circular dependency.
[2m[WebServer] [22m
[2m[WebServer] [22m    [90mat [39mcreateError ([36mC:/project/jjiban/node_modules/h3/dist/index.mjs:71:15[39m)
[2m[WebServer] [22m    [90mat [39mC:/project/jjiban/node_modules/@nuxt/vite-builder/dist/shared/vite-builder.Bmat7g1G.mjs:430:21)
[2m[WebServer] [22m    [90mat [39mprocess.processTicksAndRejections ([36mnode:internal/process/task_queues:105:5[39m)
[2m[WebServer] [22m    [90mat [39masync processMessage ([36mC:/project/jjiban/node_modules/@nuxt/vite-builder/dist/shared/vite-builder.Bmat7g1G.mjs:412:30[39m)
[2m[WebServer] [22m[43m[30m WARN [39m[49m [nuxt] Failed to stringify dev server logs. Received [36mDevalueError: Cannot stringify arbitrary non-POJOs[39m. You can define your own reducer/reviver for rich types following the instructions in https://nuxt.com/docs/api/composables/use-nuxt-app#payload.
[2m[WebServer] [22m[43m[30m WARN [39m[49m [Vue Router warn]: uncaught error during route navigation:
[2m[WebServer] [22m[41m[30m ERROR [39m[49m [postcss] C:/project/jjiban/app/components/wbs/detail/TaskProgress.vue?vue&type=style&index=0&scoped=fe5c9d02&lang.css:21:1: You cannot [36m@apply[39m the [36mworkflow-step-current[39m utility here because it creates a circular dependency.
[2m[WebServer] [22m
[2m[WebServer] [22m    [90mat [39mcreateError ([36mC:/project/jjiban/node_modules/h3/dist/index.mjs:71:15[39m)
[2m[WebServer] [22m    [90mat [39mC:/project/jjiban/node_modules/@nuxt/vite-builder/dist/shared/vite-builder.Bmat7g1G.mjs:430:21)
[2m[WebServer] [22m    [90mat [39mprocess.processTicksAndRejections ([36mnode:internal/process/task_queues:105:5[39m)
[2m[WebServer] [22m    [90mat [39masync processMessage ([36mC:/project/jjiban/node_modules/@nuxt/vite-builder/dist/shared/vite-builder.Bmat7g1G.mjs:412:30[39m)
[2m[WebServer] [22m[43m[30m WARN [39m[49m [nuxt] Failed to stringify dev server logs. Received [36mDevalueError: Cannot stringify arbitrary non-POJOs[39m. You can define your own reducer/reviver for rich types following the instructions in https://nuxt.com/docs/api/composables/use-nuxt-app#payload.
[2m[WebServer] [22m
[2m[WebServer] [22m[41m[30m ERROR [39m[49m [31mInternal server error: [postcss] C:/project/jjiban/app/components/wbs/detail/TaskProgress.vue?vue&type=style&index=0&scoped=fe5c9d02&lang.css:21:1: You cannot [36m@apply[39m the [36mworkflow-step-current[39m utility here because it creates a circular dependency.[39m
[2m[WebServer] [22m  Plugin: [35mvite:css[39m
[2m[WebServer] [22m  File: [36mC:/project/jjiban/app/components/wbs/detail/TaskProgress.vue?vue&type=style&index=0&scoped=fe5c9d02&lang.css[39m:231:0
[2m[WebServer] [22m[33m  19 |  }
[2m[WebServer] [22m  20 |  
[2m[WebServer] [22m  21 |  .workflow-step-current {
[2m[WebServer] [22m     |  ^
[2m[WebServer] [22m  22 |    @apply workflow-step-current;
[2m[WebServer] [22m  23 |  }[39m
[2m[WebServer] [22m      at Input.error (C:\project\jjiban\node_modules\postcss\lib\input.js:135:16)
[2m[WebServer] [22m      at Rule.error (C:\project\jjiban\node_modules\postcss\lib\node.js:146:32)
[2m[WebServer] [22m      at processApply (C:\project\jjiban\node_modules\tailwindcss\lib\lib\expandApplyAtRules.js:443:32)
[2m[WebServer] [22m      at C:\project\jjiban\node_modules\tailwindcss\lib\lib\expandApplyAtRules.js:551:9
[2m[WebServer] [22m      at C:\project\jjiban\node_modules\tailwindcss\lib\processTailwindFeatures.js:55:50
[2m[WebServer] [22m      at process.processTicksAndRejections (node:internal/process/task_queues:105:5)
[2m[WebServer] [22m      at async plugins (C:\project\jjiban\node_modules\tailwindcss\lib\plugin.js:38:17)
[2m[WebServer] [22m      at async LazyResult.runAsync (C:\project\jjiban\node_modules\postcss\lib\lazy-result.js:293:11)
[2m[WebServer] [22m      at async runPostCSS (file:///C:/project/jjiban/node_modules/vite/dist/node/chunks/config.js:30144:19)
[2m[WebServer] [22m      at async compilePostCSS (file:///C:/project/jjiban/node_modules/vite/dist/node/chunks/config.js:30128:6)[2m (x19)[22m
[2m[WebServer] [22m
[2m[WebServer] [22m
[2m[WebServer] [22m[41m[30m ERROR [39m[49m [31mInternal server error: [postcss] C:/project/jjiban/app/components/wbs/detail/TaskProgress.vue?vue&type=style&index=0&scoped=fe5c9d02&lang.css:21:1: You cannot [36m@apply[39m the [36mworkflow-step-current[39m utility here because it creates a circular dependency.[39m
[2m[WebServer] [22m  Plugin: [35mvite:css[39m
[2m[WebServer] [22m  File: [36mC:/project/jjiban/app/components/wbs/detail/TaskProgress.vue?vue&type=style&index=0&scoped=fe5c9d02&lang.css[39m:231:0
[2m[WebServer] [22m[33m  19 |  }
[2m[WebServer] [22m  20 |  
[2m[WebServer] [22m  21 |  .workflow-step-current {
[2m[WebServer] [22m     |  ^
[2m[WebServer] [22m  22 |    @apply workflow-step-current;
[2m[WebServer] [22m  23 |  }[39m
[2m[WebServer] [22m      at Input.error (C:\project\jjiban\node_modules\postcss\lib\input.js:135:16)
[2m[WebServer] [22m      at Rule.error (C:\project\jjiban\node_modules\postcss\lib\node.js:146:32)
[2m[WebServer] [22m      at processApply (C:\project\jjiban\node_modules\tailwindcss\lib\lib\expandApplyAtRules.js:443:32)
[2m[WebServer] [22m      at C:\project\jjiban\node_modules\tailwindcss\lib\lib\expandApplyAtRules.js:551:9
[2m[WebServer] [22m      at C:\project\jjiban\node_modules\tailwindcss\lib\processTailwindFeatures.js:55:50
[2m[WebServer] [22m      at process.processTicksAndRejections (node:internal/process/task_queues:105:5)
[2m[WebServer] [22m      at async plugins (C:\project\jjiban\node_modules\tailwindcss\lib\plugin.js:38:17)
[2m[WebServer] [22m      at async LazyResult.runAsync (C:\project\jjiban\node_modules\postcss\lib\lazy-result.js:293:11)
[2m[WebServer] [22m      at async runPostCSS (file:///C:/project/jjiban/node_modules/vite/dist/node/chunks/config.js:30144:19)
[2m[WebServer] [22m      at async compilePostCSS (file:///C:/project/jjiban/node_modules/vite/dist/node/chunks/config.js:30128:6)[2m (x20)[22m
[2m[WebServer] [22m
[2m[WebServer] [22m
[2m[WebServer] [22m[41m[30m ERROR [39m[49m [31mInternal server error: [postcss] C:/project/jjiban/app/components/wbs/detail/TaskProgress.vue?vue&type=style&index=0&scoped=fe5c9d02&lang.css:21:1: You cannot [36m@apply[39m the [36mworkflow-step-current[39m utility here because it creates a circular dependency.[39m
[2m[WebServer] [22m  Plugin: [35mvite:css[39m
[2m[WebServer] [22m  File: [36mC:/project/jjiban/app/components/wbs/detail/TaskProgress.vue?vue&type=style&index=0&scoped=fe5c9d02&lang.css[39m:231:0
[2m[WebServer] [22m[33m  19 |  }
[2m[WebServer] [22m  20 |  
[2m[WebServer] [22m  21 |  .workflow-step-current {
[2m[WebServer] [22m     |  ^
[2m[WebServer] [22m  22 |    @apply workflow-step-current;
[2m[WebServer] [22m  23 |  }[39m
[2m[WebServer] [22m      at Input.error (C:\project\jjiban\node_modules\postcss\lib\input.js:135:16)
[2m[WebServer] [22m      at Rule.error (C:\project\jjiban\node_modules\postcss\lib\node.js:146:32)
[2m[WebServer] [22m      at processApply (C:\project\jjiban\node_modules\tailwindcss\lib\lib\expandApplyAtRules.js:443:32)
[2m[WebServer] [22m      at C:\project\jjiban\node_modules\tailwindcss\lib\lib\expandApplyAtRules.js:551:9
[2m[WebServer] [22m      at C:\project\jjiban\node_modules\tailwindcss\lib\processTailwindFeatures.js:55:50
[2m[WebServer] [22m      at process.processTicksAndRejections (node:internal/process/task_queues:105:5)
[2m[WebServer] [22m      at async plugins (C:\project\jjiban\node_modules\tailwindcss\lib\plugin.js:38:17)
[2m[WebServer] [22m      at async LazyResult.runAsync (C:\project\jjiban\node_modules\postcss\lib\lazy-result.js:293:11)
[2m[WebServer] [22m      at async runPostCSS (file:///C:/project/jjiban/node_modules/vite/dist/node/chunks/config.js:30144:19)
[2m[WebServer] [22m      at async compilePostCSS (file:///C:/project/jjiban/node_modules/vite/dist/node/chunks/config.js:30128:6)[2m (x21)[22m
[2m[WebServer] [22m
[2m[WebServer] [22m
[2m[WebServer] [22m[41m[30m ERROR [39m[49m [31mInternal server error: [postcss] C:/project/jjiban/app/components/wbs/detail/TaskProgress.vue?vue&type=style&index=0&scoped=fe5c9d02&lang.css:21:1: You cannot [36m@apply[39m the [36mworkflow-step-current[39m utility here because it creates a circular dependency.[39m
[2m[WebServer] [22m  Plugin: [35mvite:css[39m
[2m[WebServer] [22m  File: [36mC:/project/jjiban/app/components/wbs/detail/TaskProgress.vue?vue&type=style&index=0&scoped=fe5c9d02&lang.css[39m:231:0
[2m[WebServer] [22m[33m  19 |  }
[2m[WebServer] [22m  20 |  
[2m[WebServer] [22m  21 |  .workflow-step-current {
[2m[WebServer] [22m     |  ^
[2m[WebServer] [22m  22 |    @apply workflow-step-current;
[2m[WebServer] [22m  23 |  }[39m
[2m[WebServer] [22m      at Input.error (C:\project\jjiban\node_modules\postcss\lib\input.js:135:16)
[2m[WebServer] [22m      at Rule.error (C:\project\jjiban\node_modules\postcss\lib\node.js:146:32)
[2m[WebServer] [22m      at processApply (C:\project\jjiban\node_modules\tailwindcss\lib\lib\expandApplyAtRules.js:443:32)
[2m[WebServer] [22m      at C:\project\jjiban\node_modules\tailwindcss\lib\lib\expandApplyAtRules.js:551:9
[2m[WebServer] [22m      at C:\project\jjiban\node_modules\tailwindcss\lib\processTailwindFeatures.js:55:50
[2m[WebServer] [22m      at process.processTicksAndRejections (node:internal/process/task_queues:105:5)
[2m[WebServer] [22m      at async plugins (C:\project\jjiban\node_modules\tailwindcss\lib\plugin.js:38:17)
[2m[WebServer] [22m      at async LazyResult.runAsync (C:\project\jjiban\node_modules\postcss\lib\lazy-result.js:293:11)
[2m[WebServer] [22m      at async runPostCSS (file:///C:/project/jjiban/node_modules/vite/dist/node/chunks/config.js:30144:19)
[2m[WebServer] [22m      at async compilePostCSS (file:///C:/project/jjiban/node_modules/vite/dist/node/chunks/config.js:30128:6)[2m (x22)[22m
[2m[WebServer] [22m
[2m[WebServer] [22m
[2m[WebServer] [22m[41m[30m ERROR [39m[49m [31mInternal server error: [postcss] C:/project/jjiban/app/components/wbs/detail/TaskProgress.vue?vue&type=style&index=0&scoped=fe5c9d02&lang.css:21:1: You cannot [36m@apply[39m the [36mworkflow-step-current[39m utility here because it creates a circular dependency.[39m
[2m[WebServer] [22m  Plugin: [35mvite:css[39m
[2m[WebServer] [22m  File: [36mC:/project/jjiban/app/components/wbs/detail/TaskProgress.vue?vue&type=style&index=0&scoped=fe5c9d02&lang.css[39m:231:0
[2m[WebServer] [22m[33m  19 |  }
[2m[WebServer] [22m  20 |  
[2m[WebServer] [22m  21 |  .workflow-step-current {
[2m[WebServer] [22m     |  ^
[2m[WebServer] [22m  22 |    @apply workflow-step-current;
[2m[WebServer] [22m  23 |  }[39m
[2m[WebServer] [22m      at Input.error (C:\project\jjiban\node_modules\postcss\lib\input.js:135:16)
[2m[WebServer] [22m      at Rule.error (C:\project\jjiban\node_modules\postcss\lib\node.js:146:32)
[2m[WebServer] [22m      at processApply (C:\project\jjiban\node_modules\tailwindcss\lib\lib\expandApplyAtRules.js:443:32)
[2m[WebServer] [22m      at C:\project\jjiban\node_modules\tailwindcss\lib\lib\expandApplyAtRules.js:551:9
[2m[WebServer] [22m      at C:\project\jjiban\node_modules\tailwindcss\lib\processTailwindFeatures.js:55:50
[2m[WebServer] [22m      at process.processTicksAndRejections (node:internal/process/task_queues:105:5)
[2m[WebServer] [22m      at async plugins (C:\project\jjiban\node_modules\tailwindcss\lib\plugin.js:38:17)
[2m[WebServer] [22m      at async LazyResult.runAsync (C:\project\jjiban\node_modules\postcss\lib\lazy-result.js:293:11)
[2m[WebServer] [22m      at async runPostCSS (file:///C:/project/jjiban/node_modules/vite/dist/node/chunks/config.js:30144:19)
[2m[WebServer] [22m      at async compilePostCSS (file:///C:/project/jjiban/node_modules/vite/dist/node/chunks/config.js:30128:6)[2m (x23)[22m
[2m[WebServer] [22m
[2m[WebServer] [22m
[2m[WebServer] [22m[41m[30m ERROR [39m[49m [31mInternal server error: [postcss] C:/project/jjiban/app/components/wbs/detail/TaskProgress.vue?vue&type=style&index=0&scoped=fe5c9d02&lang.css:21:1: You cannot [36m@apply[39m the [36mworkflow-step-current[39m utility here because it creates a circular dependency.[39m
[2m[WebServer] [22m  Plugin: [35mvite:css[39m
[2m[WebServer] [22m  File: [36mC:/project/jjiban/app/components/wbs/detail/TaskProgress.vue?vue&type=style&index=0&scoped=fe5c9d02&lang.css[39m:231:0
[2m[WebServer] [22m[33m  19 |  }
[2m[WebServer] [22m  20 |  
[2m[WebServer] [22m  21 |  .workflow-step-current {
[2m[WebServer] [22m     |  ^
[2m[WebServer] [22m  22 |    @apply workflow-step-current;
[2m[WebServer] [22m  23 |  }[39m
[2m[WebServer] [22m      at Input.error (C:\project\jjiban\node_modules\postcss\lib\input.js:135:16)
[2m[WebServer] [22m      at Rule.error (C:\project\jjiban\node_modules\postcss\lib\node.js:146:32)
[2m[WebServer] [22m      at processApply (C:\project\jjiban\node_modules\tailwindcss\lib\lib\expandApplyAtRules.js:443:32)
[2m[WebServer] [22m      at C:\project\jjiban\node_modules\tailwindcss\lib\lib\expandApplyAtRules.js:551:9
[2m[WebServer] [22m      at C:\project\jjiban\node_modules\tailwindcss\lib\processTailwindFeatures.js:55:50
[2m[WebServer] [22m      at process.processTicksAndRejections (node:internal/process/task_queues:105:5)
[2m[WebServer] [22m      at async plugins (C:\project\jjiban\node_modules\tailwindcss\lib\plugin.js:38:17)
[2m[WebServer] [22m      at async LazyResult.runAsync (C:\project\jjiban\node_modules\postcss\lib\lazy-result.js:293:11)
[2m[WebServer] [22m      at async runPostCSS (file:///C:/project/jjiban/node_modules/vite/dist/node/chunks/config.js:30144:19)
[2m[WebServer] [22m      at async compilePostCSS (file:///C:/project/jjiban/node_modules/vite/dist/node/chunks/config.js:30128:6)[2m (x24)[22m
[2m[WebServer] [22m
  ✘  17 [chromium] › detail-panel.spec.ts:407:3 › TSK-05-01: Detail Panel Structure › E2E-011: 우선순위 Dropdown은 4개 옵션만 표시한다 (6.5s)
  ✘  13 [chromium] › detail-panel.spec.ts:306:3 › TSK-05-01: Detail Panel Structure › E2E-007: 인라인 편집 시 낙관적 업데이트가 즉시 반영된다 (9.3s)
  ✘  12 [chromium] › detail-panel.spec.ts:287:3 › TSK-05-01: Detail Panel Structure › E2E-006: 우선순위별 색상이 올바르게 적용된다 (9.5s)
  ✘  14 [chromium] › detail-panel.spec.ts:382:3 › TSK-05-01: Detail Panel Structure › E2E-010: 제목이 200자를 초과하면 에러 메시지를 표시한다 (9.4s)
  ✘  15 [chromium] › detail-panel.spec.ts:331:3 › TSK-05-01: Detail Panel Structure › E2E-008: Detail Panel이 스크롤 가능하다 (8.1s)
  ✘  16 [chromium] › detail-panel.spec.ts:357:3 › TSK-05-01: Detail Panel Structure › E2E-009: Task 로드 중 Skeleton을 표시한다 (8.2s)
[2m[WebServer] [22m[43m[30m WARN [39m[49m [Vue Router warn]: uncaught error during route navigation:
[2m[WebServer] [22m[41m[30m ERROR [39m[49m [postcss] C:/project/jjiban/app/components/wbs/detail/TaskProgress.vue?vue&type=style&index=0&scoped=fe5c9d02&lang.css:21:1: You cannot [36m@apply[39m the [36mworkflow-step-current[39m utility here because it creates a circular dependency.
[2m[WebServer] [22m
[2m[WebServer] [22m    [90mat [39mcreateError ([36mC:/project/jjiban/node_modules/h3/dist/index.mjs:71:15[39m)
[2m[WebServer] [22m    [90mat [39mC:/project/jjiban/node_modules/@nuxt/vite-builder/dist/shared/vite-builder.Bmat7g1G.mjs:430:21)
[2m[WebServer] [22m    [90mat [39mprocess.processTicksAndRejections ([36mnode:internal/process/task_queues:105:5[39m)
[2m[WebServer] [22m    [90mat [39masync processMessage ([36mC:/project/jjiban/node_modules/@nuxt/vite-builder/dist/shared/vite-builder.Bmat7g1G.mjs:412:30[39m)
[2m[WebServer] [22m[43m[30m WARN [39m[49m [Vue Router warn]: uncaught error during route navigation:
[2m[WebServer] [22m[41m[30m ERROR [39m[49m [postcss] C:/project/jjiban/app/components/wbs/detail/TaskProgress.vue?vue&type=style&index=0&scoped=fe5c9d02&lang.css:21:1: You cannot [36m@apply[39m the [36mworkflow-step-current[39m utility here because it creates a circular dependency.
[2m[WebServer] [22m
[2m[WebServer] [22m    [90mat [39mcreateError ([36mC:/project/jjiban/node_modules/h3/dist/index.mjs:71:15[39m)
[2m[WebServer] [22m    [90mat [39mC:/project/jjiban/node_modules/@nuxt/vite-builder/dist/shared/vite-builder.Bmat7g1G.mjs:430:21)
[2m[WebServer] [22m    [90mat [39mprocess.processTicksAndRejections ([36mnode:internal/process/task_queues:105:5[39m)
[2m[WebServer] [22m    [90mat [39masync processMessage ([36mC:/project/jjiban/node_modules/@nuxt/vite-builder/dist/shared/vite-builder.Bmat7g1G.mjs:412:30[39m)
[2m[WebServer] [22m[43m[30m WARN [39m[49m [Vue Router warn]: uncaught error during route navigation:
[2m[WebServer] [22m[41m[30m ERROR [39m[49m [postcss] C:/project/jjiban/app/components/wbs/detail/TaskProgress.vue?vue&type=style&index=0&scoped=fe5c9d02&lang.css:21:1: You cannot [36m@apply[39m the [36mworkflow-step-current[39m utility here because it creates a circular dependency.
[2m[WebServer] [22m
[2m[WebServer] [22m    [90mat [39mcreateError ([36mC:/project/jjiban/node_modules/h3/dist/index.mjs:71:15[39m)
[2m[WebServer] [22m    [90mat [39mC:/project/jjiban/node_modules/@nuxt/vite-builder/dist/shared/vite-builder.Bmat7g1G.mjs:430:21)
[2m[WebServer] [22m    [90mat [39mprocess.processTicksAndRejections ([36mnode:internal/process/task_queues:105:5[39m)
[2m[WebServer] [22m    [90mat [39masync processMessage ([36mC:/project/jjiban/node_modules/@nuxt/vite-builder/dist/shared/vite-builder.Bmat7g1G.mjs:412:30[39m)
[2m[WebServer] [22m[43m[30m WARN [39m[49m [Vue Router warn]: uncaught error during route navigation:
[2m[WebServer] [22m[41m[30m ERROR [39m[49m [postcss] C:/project/jjiban/app/components/wbs/detail/TaskProgress.vue?vue&type=style&index=0&scoped=fe5c9d02&lang.css:21:1: You cannot [36m@apply[39m the [36mworkflow-step-current[39m utility here because it creates a circular dependency.
[2m[WebServer] [22m
[2m[WebServer] [22m    [90mat [39mcreateError ([36mC:/project/jjiban/node_modules/h3/dist/index.mjs:71:15[39m)
[2m[WebServer] [22m    [90mat [39mC:/project/jjiban/node_modules/@nuxt/vite-builder/dist/shared/vite-builder.Bmat7g1G.mjs:430:21)
[2m[WebServer] [22m    [90mat [39mprocess.processTicksAndRejections ([36mnode:internal/process/task_queues:105:5[39m)
[2m[WebServer] [22m    [90mat [39masync processMessage ([36mC:/project/jjiban/node_modules/@nuxt/vite-builder/dist/shared/vite-builder.Bmat7g1G.mjs:412:30[39m)
[2m[WebServer] [22m[43m[30m WARN [39m[49m [Vue Router warn]: uncaught error during route navigation:
[2m[WebServer] [22m[41m[30m ERROR [39m[49m [postcss] C:/project/jjiban/app/components/wbs/detail/TaskProgress.vue?vue&type=style&index=0&scoped=fe5c9d02&lang.css:21:1: You cannot [36m@apply[39m the [36mworkflow-step-current[39m utility here because it creates a circular dependency.
[2m[WebServer] [22m
[2m[WebServer] [22m    [90mat [39mcreateError ([36mC:/project/jjiban/node_modules/h3/dist/index.mjs:71:15[39m)
[2m[WebServer] [22m    [90mat [39mC:/project/jjiban/node_modules/@nuxt/vite-builder/dist/shared/vite-builder.Bmat7g1G.mjs:430:21)
[2m[WebServer] [22m    [90mat [39mprocess.processTicksAndRejections ([36mnode:internal/process/task_queues:105:5[39m)
[2m[WebServer] [22m    [90mat [39masync processMessage ([36mC:/project/jjiban/node_modules/@nuxt/vite-builder/dist/shared/vite-builder.Bmat7g1G.mjs:412:30[39m)
[2m[WebServer] [22m[43m[30m WARN [39m[49m [nuxt] Failed to stringify dev server logs. Received [36mDevalueError: Cannot stringify arbitrary non-POJOs[39m. You can define your own reducer/reviver for rich types following the instructions in https://nuxt.com/docs/api/composables/use-nuxt-app#payload.
[2m[WebServer] [22m[43m[30m WARN [39m[49m [Vue Router warn]: uncaught error during route navigation:
[2m[WebServer] [22m[41m[30m ERROR [39m[49m [postcss] C:/project/jjiban/app/components/wbs/detail/TaskProgress.vue?vue&type=style&index=0&scoped=fe5c9d02&lang.css:21:1: You cannot [36m@apply[39m the [36mworkflow-step-current[39m utility here because it creates a circular dependency.
[2m[WebServer] [22m
[2m[WebServer] [22m    [90mat [39mcreateError ([36mC:/project/jjiban/node_modules/h3/dist/index.mjs:71:15[39m)
[2m[WebServer] [22m    [90mat [39mC:/project/jjiban/node_modules/@nuxt/vite-builder/dist/shared/vite-builder.Bmat7g1G.mjs:430:21)
[2m[WebServer] [22m    [90mat [39mprocess.processTicksAndRejections ([36mnode:internal/process/task_queues:105:5[39m)
[2m[WebServer] [22m    [90mat [39masync processMessage ([36mC:/project/jjiban/node_modules/@nuxt/vite-builder/dist/shared/vite-builder.Bmat7g1G.mjs:412:30[39m)
[2m[WebServer] [22m[43m[30m WARN [39m[49m [Vue Router warn]: uncaught error during route navigation:
[2m[WebServer] [22m[41m[30m ERROR [39m[49m [postcss] C:/project/jjiban/app/components/wbs/detail/TaskProgress.vue?vue&type=style&index=0&scoped=fe5c9d02&lang.css:21:1: You cannot [36m@apply[39m the [36mworkflow-step-current[39m utility here because it creates a circular dependency.
[2m[WebServer] [22m
[2m[WebServer] [22m    [90mat [39mcreateError ([36mC:/project/jjiban/node_modules/h3/dist/index.mjs:71:15[39m)
[2m[WebServer] [22m    [90mat [39mC:/project/jjiban/node_modules/@nuxt/vite-builder/dist/shared/vite-builder.Bmat7g1G.mjs:430:21)
[2m[WebServer] [22m    [90mat [39mprocess.processTicksAndRejections ([36mnode:internal/process/task_queues:105:5[39m)
[2m[WebServer] [22m    [90mat [39masync processMessage ([36mC:/project/jjiban/node_modules/@nuxt/vite-builder/dist/shared/vite-builder.Bmat7g1G.mjs:412:30[39m)
[2m[WebServer] [22m[43m[30m WARN [39m[49m [nuxt] Failed to stringify dev server logs. Received [36mDevalueError: Cannot stringify arbitrary non-POJOs[39m. You can define your own reducer/reviver for rich types following the instructions in https://nuxt.com/docs/api/composables/use-nuxt-app#payload.
[2m[WebServer] [22m[43m[30m WARN [39m[49m [nuxt] Failed to stringify dev server logs. Received [36mDevalueError: Cannot stringify arbitrary non-POJOs[39m. You can define your own reducer/reviver for rich types following the instructions in https://nuxt.com/docs/api/composables/use-nuxt-app#payload.
[2m[WebServer] [22m[43m[30m WARN [39m[49m [Vue Router warn]: uncaught error during route navigation:
[2m[WebServer] [22m[41m[30m ERROR [39m[49m [postcss] C:/project/jjiban/app/components/wbs/detail/TaskProgress.vue?vue&type=style&index=0&scoped=fe5c9d02&lang.css:21:1: You cannot [36m@apply[39m the [36mworkflow-step-current[39m utility here because it creates a circular dependency.
[2m[WebServer] [22m
[2m[WebServer] [22m    [90mat [39mcreateError ([36mC:/project/jjiban/node_modules/h3/dist/index.mjs:71:15[39m)
[2m[WebServer] [22m    [90mat [39mC:/project/jjiban/node_modules/@nuxt/vite-builder/dist/shared/vite-builder.Bmat7g1G.mjs:430:21)
[2m[WebServer] [22m    [90mat [39mprocess.processTicksAndRejections ([36mnode:internal/process/task_queues:105:5[39m)
[2m[WebServer] [22m    [90mat [39masync processMessage ([36mC:/project/jjiban/node_modules/@nuxt/vite-builder/dist/shared/vite-builder.Bmat7g1G.mjs:412:30[39m)
[2m[WebServer] [22m[43m[30m WARN [39m[49m [nuxt] Failed to stringify dev server logs. Received [36mDevalueError: Cannot stringify arbitrary non-POJOs[39m. You can define your own reducer/reviver for rich types following the instructions in https://nuxt.com/docs/api/composables/use-nuxt-app#payload.
[2m[WebServer] [22m
[2m[WebServer] [22m[41m[30m ERROR [39m[49m [31mInternal server error: [postcss] C:/project/jjiban/app/components/wbs/detail/TaskProgress.vue?vue&type=style&index=0&scoped=fe5c9d02&lang.css:21:1: You cannot [36m@apply[39m the [36mworkflow-step-current[39m utility here because it creates a circular dependency.[39m
[2m[WebServer] [22m  Plugin: [35mvite:css[39m
[2m[WebServer] [22m  File: [36mC:/project/jjiban/app/components/wbs/detail/TaskProgress.vue?vue&type=style&index=0&scoped=fe5c9d02&lang.css[39m:231:0
[2m[WebServer] [22m[33m  19 |  }
[2m[WebServer] [22m  20 |  
[2m[WebServer] [22m  21 |  .workflow-step-current {
[2m[WebServer] [22m     |  ^
[2m[WebServer] [22m  22 |    @apply workflow-step-current;
[2m[WebServer] [22m  23 |  }[39m
[2m[WebServer] [22m      at Input.error (C:\project\jjiban\node_modules\postcss\lib\input.js:135:16)
[2m[WebServer] [22m      at Rule.error (C:\project\jjiban\node_modules\postcss\lib\node.js:146:32)
[2m[WebServer] [22m      at processApply (C:\project\jjiban\node_modules\tailwindcss\lib\lib\expandApplyAtRules.js:443:32)
[2m[WebServer] [22m      at C:\project\jjiban\node_modules\tailwindcss\lib\lib\expandApplyAtRules.js:551:9
[2m[WebServer] [22m      at C:\project\jjiban\node_modules\tailwindcss\lib\processTailwindFeatures.js:55:50
[2m[WebServer] [22m      at process.processTicksAndRejections (node:internal/process/task_queues:105:5)
[2m[WebServer] [22m      at async plugins (C:\project\jjiban\node_modules\tailwindcss\lib\plugin.js:38:17)
[2m[WebServer] [22m      at async LazyResult.runAsync (C:\project\jjiban\node_modules\postcss\lib\lazy-result.js:293:11)
[2m[WebServer] [22m      at async runPostCSS (file:///C:/project/jjiban/node_modules/vite/dist/node/chunks/config.js:30144:19)
[2m[WebServer] [22m      at async compilePostCSS (file:///C:/project/jjiban/node_modules/vite/dist/node/chunks/config.js:30128:6)[2m (x25)[22m
[2m[WebServer] [22m
[2m[WebServer] [22m
[2m[WebServer] [22m[41m[30m ERROR [39m[49m [31mInternal server error: [postcss] C:/project/jjiban/app/components/wbs/detail/TaskProgress.vue?vue&type=style&index=0&scoped=fe5c9d02&lang.css:21:1: You cannot [36m@apply[39m the [36mworkflow-step-current[39m utility here because it creates a circular dependency.[39m
[2m[WebServer] [22m  Plugin: [35mvite:css[39m
[2m[WebServer] [22m  File: [36mC:/project/jjiban/app/components/wbs/detail/TaskProgress.vue?vue&type=style&index=0&scoped=fe5c9d02&lang.css[39m:231:0
[2m[WebServer] [22m[33m  19 |  }
[2m[WebServer] [22m  20 |  
[2m[WebServer] [22m  21 |  .workflow-step-current {
[2m[WebServer] [22m     |  ^
[2m[WebServer] [22m  22 |    @apply workflow-step-current;
[2m[WebServer] [22m  23 |  }[39m
[2m[WebServer] [22m      at Input.error (C:\project\jjiban\node_modules\postcss\lib\input.js:135:16)
[2m[WebServer] [22m      at Rule.error (C:\project\jjiban\node_modules\postcss\lib\node.js:146:32)
[2m[WebServer] [22m      at processApply (C:\project\jjiban\node_modules\tailwindcss\lib\lib\expandApplyAtRules.js:443:32)
[2m[WebServer] [22m      at C:\project\jjiban\node_modules\tailwindcss\lib\lib\expandApplyAtRules.js:551:9
[2m[WebServer] [22m      at C:\project\jjiban\node_modules\tailwindcss\lib\processTailwindFeatures.js:55:50
[2m[WebServer] [22m      at process.processTicksAndRejections (node:internal/process/task_queues:105:5)
[2m[WebServer] [22m      at async plugins (C:\project\jjiban\node_modules\tailwindcss\lib\plugin.js:38:17)
[2m[WebServer] [22m      at async LazyResult.runAsync (C:\project\jjiban\node_modules\postcss\lib\lazy-result.js:293:11)
[2m[WebServer] [22m      at async runPostCSS (file:///C:/project/jjiban/node_modules/vite/dist/node/chunks/config.js:30144:19)
[2m[WebServer] [22m      at async compilePostCSS (file:///C:/project/jjiban/node_modules/vite/dist/node/chunks/config.js:30128:6)[2m (x26)[22m
[2m[WebServer] [22m
[2m[WebServer] [22m
[2m[WebServer] [22m[41m[30m ERROR [39m[49m [31mInternal server error: [postcss] C:/project/jjiban/app/components/wbs/detail/TaskProgress.vue?vue&type=style&index=0&scoped=fe5c9d02&lang.css:21:1: You cannot [36m@apply[39m the [36mworkflow-step-current[39m utility here because it creates a circular dependency.[39m
[2m[WebServer] [22m  Plugin: [35mvite:css[39m
[2m[WebServer] [22m  File: [36mC:/project/jjiban/app/components/wbs/detail/TaskProgress.vue?vue&type=style&index=0&scoped=fe5c9d02&lang.css[39m:231:0
[2m[WebServer] [22m[33m  19 |  }
[2m[WebServer] [22m  20 |  
[2m[WebServer] [22m  21 |  .workflow-step-current {
[2m[WebServer] [22m     |  ^
[2m[WebServer] [22m  22 |    @apply workflow-step-current;
[2m[WebServer] [22m  23 |  }[39m
[2m[WebServer] [22m      at Input.error (C:\project\jjiban\node_modules\postcss\lib\input.js:135:16)
[2m[WebServer] [22m      at Rule.error (C:\project\jjiban\node_modules\postcss\lib\node.js:146:32)
[2m[WebServer] [22m      at processApply (C:\project\jjiban\node_modules\tailwindcss\lib\lib\expandApplyAtRules.js:443:32)
[2m[WebServer] [22m      at C:\project\jjiban\node_modules\tailwindcss\lib\lib\expandApplyAtRules.js:551:9
[2m[WebServer] [22m      at C:\project\jjiban\node_modules\tailwindcss\lib\processTailwindFeatures.js:55:50
[2m[WebServer] [22m      at process.processTicksAndRejections (node:internal/process/task_queues:105:5)
[2m[WebServer] [22m      at async plugins (C:\project\jjiban\node_modules\tailwindcss\lib\plugin.js:38:17)
[2m[WebServer] [22m      at async LazyResult.runAsync (C:\project\jjiban\node_modules\postcss\lib\lazy-result.js:293:11)
[2m[WebServer] [22m      at async runPostCSS (file:///C:/project/jjiban/node_modules/vite/dist/node/chunks/config.js:30144:19)
[2m[WebServer] [22m      at async compilePostCSS (file:///C:/project/jjiban/node_modules/vite/dist/node/chunks/config.js:30128:6)[2m (x27)[22m
[2m[WebServer] [22m
[2m[WebServer] [22m
[2m[WebServer] [22m[41m[30m ERROR [39m[49m [31mInternal server error: [postcss] C:/project/jjiban/app/components/wbs/detail/TaskProgress.vue?vue&type=style&index=0&scoped=fe5c9d02&lang.css:21:1: You cannot [36m@apply[39m the [36mworkflow-step-current[39m utility here because it creates a circular dependency.[39m
[2m[WebServer] [22m  Plugin: [35mvite:css[39m
[2m[WebServer] [22m  File: [36mC:/project/jjiban/app/components/wbs/detail/TaskProgress.vue?vue&type=style&index=0&scoped=fe5c9d02&lang.css[39m:231:0
[2m[WebServer] [22m[33m  19 |  }
[2m[WebServer] [22m  20 |  
[2m[WebServer] [22m  21 |  .workflow-step-current {
[2m[WebServer] [22m     |  ^
[2m[WebServer] [22m  22 |    @apply workflow-step-current;
[2m[WebServer] [22m  23 |  }[39m
[2m[WebServer] [22m      at Input.error (C:\project\jjiban\node_modules\postcss\lib\input.js:135:16)
[2m[WebServer] [22m      at Rule.error (C:\project\jjiban\node_modules\postcss\lib\node.js:146:32)
[2m[WebServer] [22m      at processApply (C:\project\jjiban\node_modules\tailwindcss\lib\lib\expandApplyAtRules.js:443:32)
[2m[WebServer] [22m      at C:\project\jjiban\node_modules\tailwindcss\lib\lib\expandApplyAtRules.js:551:9
[2m[WebServer] [22m      at C:\project\jjiban\node_modules\tailwindcss\lib\processTailwindFeatures.js:55:50
[2m[WebServer] [22m      at process.processTicksAndRejections (node:internal/process/task_queues:105:5)
[2m[WebServer] [22m      at async plugins (C:\project\jjiban\node_modules\tailwindcss\lib\plugin.js:38:17)
[2m[WebServer] [22m      at async LazyResult.runAsync (C:\project\jjiban\node_modules\postcss\lib\lazy-result.js:293:11)
[2m[WebServer] [22m      at async runPostCSS (file:///C:/project/jjiban/node_modules/vite/dist/node/chunks/config.js:30144:19)
[2m[WebServer] [22m      at async compilePostCSS (file:///C:/project/jjiban/node_modules/vite/dist/node/chunks/config.js:30128:6)[2m (x28)[22m
[2m[WebServer] [22m
[2m[WebServer] [22m
[2m[WebServer] [22m[41m[30m ERROR [39m[49m [31mInternal server error: [postcss] C:/project/jjiban/app/components/wbs/detail/TaskProgress.vue?vue&type=style&index=0&scoped=fe5c9d02&lang.css:21:1: You cannot [36m@apply[39m the [36mworkflow-step-current[39m utility here because it creates a circular dependency.[39m
[2m[WebServer] [22m  Plugin: [35mvite:css[39m
[2m[WebServer] [22m  File: [36mC:/project/jjiban/app/components/wbs/detail/TaskProgress.vue?vue&type=style&index=0&scoped=fe5c9d02&lang.css[39m:231:0
[2m[WebServer] [22m[33m  19 |  }
[2m[WebServer] [22m  20 |  
[2m[WebServer] [22m  21 |  .workflow-step-current {
[2m[WebServer] [22m     |  ^
[2m[WebServer] [22m  22 |    @apply workflow-step-current;
[2m[WebServer] [22m  23 |  }[39m
[2m[WebServer] [22m      at Input.error (C:\project\jjiban\node_modules\postcss\lib\input.js:135:16)
[2m[WebServer] [22m      at Rule.error (C:\project\jjiban\node_modules\postcss\lib\node.js:146:32)
[2m[WebServer] [22m      at processApply (C:\project\jjiban\node_modules\tailwindcss\lib\lib\expandApplyAtRules.js:443:32)
[2m[WebServer] [22m      at C:\project\jjiban\node_modules\tailwindcss\lib\lib\expandApplyAtRules.js:551:9
[2m[WebServer] [22m      at C:\project\jjiban\node_modules\tailwindcss\lib\processTailwindFeatures.js:55:50
[2m[WebServer] [22m      at process.processTicksAndRejections (node:internal/process/task_queues:105:5)
[2m[WebServer] [22m      at async plugins (C:\project\jjiban\node_modules\tailwindcss\lib\plugin.js:38:17)
[2m[WebServer] [22m      at async LazyResult.runAsync (C:\project\jjiban\node_modules\postcss\lib\lazy-result.js:293:11)
[2m[WebServer] [22m      at async runPostCSS (file:///C:/project/jjiban/node_modules/vite/dist/node/chunks/config.js:30144:19)
[2m[WebServer] [22m      at async compilePostCSS (file:///C:/project/jjiban/node_modules/vite/dist/node/chunks/config.js:30128:6)[2m (x29)[22m
[2m[WebServer] [22m
[2m[WebServer] [22m
[2m[WebServer] [22m[41m[30m ERROR [39m[49m [31mInternal server error: [postcss] C:/project/jjiban/app/components/wbs/detail/TaskProgress.vue?vue&type=style&index=0&scoped=fe5c9d02&lang.css:21:1: You cannot [36m@apply[39m the [36mworkflow-step-current[39m utility here because it creates a circular dependency.[39m
[2m[WebServer] [22m  Plugin: [35mvite:css[39m
[2m[WebServer] [22m  File: [36mC:/project/jjiban/app/components/wbs/detail/TaskProgress.vue?vue&type=style&index=0&scoped=fe5c9d02&lang.css[39m:231:0
[2m[WebServer] [22m[33m  19 |  }
[2m[WebServer] [22m  20 |  
[2m[WebServer] [22m  21 |  .workflow-step-current {
[2m[WebServer] [22m     |  ^
[2m[WebServer] [22m  22 |    @apply workflow-step-current;
[2m[WebServer] [22m  23 |  }[39m
[2m[WebServer] [22m      at Input.error (C:\project\jjiban\node_modules\postcss\lib\input.js:135:16)
[2m[WebServer] [22m      at Rule.error (C:\project\jjiban\node_modules\postcss\lib\node.js:146:32)
[2m[WebServer] [22m      at processApply (C:\project\jjiban\node_modules\tailwindcss\lib\lib\expandApplyAtRules.js:443:32)
[2m[WebServer] [22m      at C:\project\jjiban\node_modules\tailwindcss\lib\lib\expandApplyAtRules.js:551:9
[2m[WebServer] [22m      at C:\project\jjiban\node_modules\tailwindcss\lib\processTailwindFeatures.js:55:50
[2m[WebServer] [22m      at process.processTicksAndRejections (node:internal/process/task_queues:105:5)
[2m[WebServer] [22m      at async plugins (C:\project\jjiban\node_modules\tailwindcss\lib\plugin.js:38:17)
[2m[WebServer] [22m      at async LazyResult.runAsync (C:\project\jjiban\node_modules\postcss\lib\lazy-result.js:293:11)
[2m[WebServer] [22m      at async runPostCSS (file:///C:/project/jjiban/node_modules/vite/dist/node/chunks/config.js:30144:19)
[2m[WebServer] [22m      at async compilePostCSS (file:///C:/project/jjiban/node_modules/vite/dist/node/chunks/config.js:30128:6)[2m (x30)[22m
[2m[WebServer] [22m
[2m[WebServer] [22m
[2m[WebServer] [22m[41m[30m ERROR [39m[49m [31mInternal server error: [postcss] C:/project/jjiban/app/components/wbs/detail/TaskProgress.vue?vue&type=style&index=0&scoped=fe5c9d02&lang.css:21:1: You cannot [36m@apply[39m the [36mworkflow-step-current[39m utility here because it creates a circular dependency.[39m
[2m[WebServer] [22m  Plugin: [35mvite:css[39m
[2m[WebServer] [22m  File: [36mC:/project/jjiban/app/components/wbs/detail/TaskProgress.vue?vue&type=style&index=0&scoped=fe5c9d02&lang.css[39m:231:0
[2m[WebServer] [22m[33m  19 |  }
[2m[WebServer] [22m  20 |  
[2m[WebServer] [22m  21 |  .workflow-step-current {
[2m[WebServer] [22m     |  ^
[2m[WebServer] [22m  22 |    @apply workflow-step-current;
[2m[WebServer] [22m  23 |  }[39m
[2m[WebServer] [22m      at Input.error (C:\project\jjiban\node_modules\postcss\lib\input.js:135:16)
[2m[WebServer] [22m      at Rule.error (C:\project\jjiban\node_modules\postcss\lib\node.js:146:32)
[2m[WebServer] [22m      at processApply (C:\project\jjiban\node_modules\tailwindcss\lib\lib\expandApplyAtRules.js:443:32)
[2m[WebServer] [22m      at C:\project\jjiban\node_modules\tailwindcss\lib\lib\expandApplyAtRules.js:551:9
[2m[WebServer] [22m      at C:\project\jjiban\node_modules\tailwindcss\lib\processTailwindFeatures.js:55:50
[2m[WebServer] [22m      at process.processTicksAndRejections (node:internal/process/task_queues:105:5)
[2m[WebServer] [22m      at async plugins (C:\project\jjiban\node_modules\tailwindcss\lib\plugin.js:38:17)
[2m[WebServer] [22m      at async LazyResult.runAsync (C:\project\jjiban\node_modules\postcss\lib\lazy-result.js:293:11)
[2m[WebServer] [22m      at async runPostCSS (file:///C:/project/jjiban/node_modules/vite/dist/node/chunks/config.js:30144:19)
[2m[WebServer] [22m      at async compilePostCSS (file:///C:/project/jjiban/node_modules/vite/dist/node/chunks/config.js:30128:6)[2m (x31)[22m
[2m[WebServer] [22m
[2m[WebServer] [22m
[2m[WebServer] [22m[41m[30m ERROR [39m[49m [31mInternal server error: [postcss] C:/project/jjiban/app/components/wbs/detail/TaskProgress.vue?vue&type=style&index=0&scoped=fe5c9d02&lang.css:21:1: You cannot [36m@apply[39m the [36mworkflow-step-current[39m utility here because it creates a circular dependency.[39m
[2m[WebServer] [22m  Plugin: [35mvite:css[39m
[2m[WebServer] [22m  File: [36mC:/project/jjiban/app/components/wbs/detail/TaskProgress.vue?vue&type=style&index=0&scoped=fe5c9d02&lang.css[39m:231:0
[2m[WebServer] [22m[33m  19 |  }
[2m[WebServer] [22m  20 |  
[2m[WebServer] [22m  21 |  .workflow-step-current {
[2m[WebServer] [22m     |  ^
[2m[WebServer] [22m  22 |    @apply workflow-step-current;
[2m[WebServer] [22m  23 |  }[39m
[2m[WebServer] [22m      at Input.error (C:\project\jjiban\node_modules\postcss\lib\input.js:135:16)
[2m[WebServer] [22m      at Rule.error (C:\project\jjiban\node_modules\postcss\lib\node.js:146:32)
[2m[WebServer] [22m      at processApply (C:\project\jjiban\node_modules\tailwindcss\lib\lib\expandApplyAtRules.js:443:32)
[2m[WebServer] [22m      at C:\project\jjiban\node_modules\tailwindcss\lib\lib\expandApplyAtRules.js:551:9
[2m[WebServer] [22m      at C:\project\jjiban\node_modules\tailwindcss\lib\processTailwindFeatures.js:55:50
[2m[WebServer] [22m      at process.processTicksAndRejections (node:internal/process/task_queues:105:5)
[2m[WebServer] [22m      at async plugins (C:\project\jjiban\node_modules\tailwindcss\lib\plugin.js:38:17)
[2m[WebServer] [22m      at async LazyResult.runAsync (C:\project\jjiban\node_modules\postcss\lib\lazy-result.js:293:11)
[2m[WebServer] [22m      at async runPostCSS (file:///C:/project/jjiban/node_modules/vite/dist/node/chunks/config.js:30144:19)
[2m[WebServer] [22m      at async compilePostCSS (file:///C:/project/jjiban/node_modules/vite/dist/node/chunks/config.js:30128:6)[2m (x32)[22m
[2m[WebServer] [22m
[2m[WebServer] [22m[43m[30m WARN [39m[49m [Vue Router warn]: uncaught error during route navigation:
[2m[WebServer] [22m[41m[30m ERROR [39m[49m [postcss] C:/project/jjiban/app/components/wbs/detail/TaskProgress.vue?vue&type=style&index=0&scoped=fe5c9d02&lang.css:21:1: You cannot [36m@apply[39m the [36mworkflow-step-current[39m utility here because it creates a circular dependency.
[2m[WebServer] [22m
[2m[WebServer] [22m    [90mat [39mcreateError ([36mC:/project/jjiban/node_modules/h3/dist/index.mjs:71:15[39m)
[2m[WebServer] [22m    [90mat [39mC:/project/jjiban/node_modules/@nuxt/vite-builder/dist/shared/vite-builder.Bmat7g1G.mjs:430:21)
[2m[WebServer] [22m    [90mat [39mprocess.processTicksAndRejections ([36mnode:internal/process/task_queues:105:5[39m)
[2m[WebServer] [22m    [90mat [39masync processMessage ([36mC:/project/jjiban/node_modules/@nuxt/vite-builder/dist/shared/vite-builder.Bmat7g1G.mjs:412:30[39m)
[2m[WebServer] [22m[43m[30m WARN [39m[49m [Vue Router warn]: uncaught error during route navigation:
[2m[WebServer] [22m[41m[30m ERROR [39m[49m [postcss] C:/project/jjiban/app/components/wbs/detail/TaskProgress.vue?vue&type=style&index=0&scoped=fe5c9d02&lang.css:21:1: You cannot [36m@apply[39m the [36mworkflow-step-current[39m utility here because it creates a circular dependency.
[2m[WebServer] [22m
[2m[WebServer] [22m    [90mat [39mcreateError ([36mC:/project/jjiban/node_modules/h3/dist/index.mjs:71:15[39m)
[2m[WebServer] [22m    [90mat [39mC:/project/jjiban/node_modules/@nuxt/vite-builder/dist/shared/vite-builder.Bmat7g1G.mjs:430:21)
[2m[WebServer] [22m    [90mat [39mprocess.processTicksAndRejections ([36mnode:internal/process/task_queues:105:5[39m)
[2m[WebServer] [22m    [90mat [39masync processMessage ([36mC:/project/jjiban/node_modules/@nuxt/vite-builder/dist/shared/vite-builder.Bmat7g1G.mjs:412:30[39m)
[2m[WebServer] [22m
[2m[WebServer] [22m[41m[30m ERROR [39m[49m [31mInternal server error: [postcss] C:/project/jjiban/app/components/wbs/detail/TaskProgress.vue?vue&type=style&index=0&scoped=fe5c9d02&lang.css:21:1: You cannot [36m@apply[39m the [36mworkflow-step-current[39m utility here because it creates a circular dependency.[39m
[2m[WebServer] [22m  Plugin: [35mvite:css[39m
[2m[WebServer] [22m  File: [36mC:/project/jjiban/app/components/wbs/detail/TaskProgress.vue?vue&type=style&index=0&scoped=fe5c9d02&lang.css[39m:231:0
[2m[WebServer] [22m[33m  19 |  }
[2m[WebServer] [22m  20 |  
[2m[WebServer] [22m  21 |  .workflow-step-current {
[2m[WebServer] [22m     |  ^
[2m[WebServer] [22m  22 |    @apply workflow-step-current;
[2m[WebServer] [22m  23 |  }[39m
[2m[WebServer] [22m      at Input.error (C:\project\jjiban\node_modules\postcss\lib\input.js:135:16)
[2m[WebServer] [22m      at Rule.error (C:\project\jjiban\node_modules\postcss\lib\node.js:146:32)
[2m[WebServer] [22m      at processApply (C:\project\jjiban\node_modules\tailwindcss\lib\lib\expandApplyAtRules.js:443:32)
[2m[WebServer] [22m      at C:\project\jjiban\node_modules\tailwindcss\lib\lib\expandApplyAtRules.js:551:9
[2m[WebServer] [22m      at C:\project\jjiban\node_modules\tailwindcss\lib\processTailwindFeatures.js:55:50
[2m[WebServer] [22m      at process.processTicksAndRejections (node:internal/process/task_queues:105:5)
[2m[WebServer] [22m      at async plugins (C:\project\jjiban\node_modules\tailwindcss\lib\plugin.js:38:17)
[2m[WebServer] [22m      at async LazyResult.runAsync (C:\project\jjiban\node_modules\postcss\lib\lazy-result.js:293:11)
[2m[WebServer] [22m      at async runPostCSS (file:///C:/project/jjiban/node_modules/vite/dist/node/chunks/config.js:30144:19)
[2m[WebServer] [22m      at async compilePostCSS (file:///C:/project/jjiban/node_modules/vite/dist/node/chunks/config.js:30128:6)[2m (x33)[22m
[2m[WebServer] [22m
[2m[WebServer] [22m
[2m[WebServer] [22m[41m[30m ERROR [39m[49m [31mInternal server error: [postcss] C:/project/jjiban/app/components/wbs/detail/TaskProgress.vue?vue&type=style&index=0&scoped=fe5c9d02&lang.css:21:1: You cannot [36m@apply[39m the [36mworkflow-step-current[39m utility here because it creates a circular dependency.[39m
[2m[WebServer] [22m  Plugin: [35mvite:css[39m
[2m[WebServer] [22m  File: [36mC:/project/jjiban/app/components/wbs/detail/TaskProgress.vue?vue&type=style&index=0&scoped=fe5c9d02&lang.css[39m:231:0
[2m[WebServer] [22m[33m  19 |  }
[2m[WebServer] [22m  20 |  
[2m[WebServer] [22m  21 |  .workflow-step-current {
[2m[WebServer] [22m     |  ^
[2m[WebServer] [22m  22 |    @apply workflow-step-current;
[2m[WebServer] [22m  23 |  }[39m
[2m[WebServer] [22m      at Input.error (C:\project\jjiban\node_modules\postcss\lib\input.js:135:16)
[2m[WebServer] [22m      at Rule.error (C:\project\jjiban\node_modules\postcss\lib\node.js:146:32)
[2m[WebServer] [22m      at processApply (C:\project\jjiban\node_modules\tailwindcss\lib\lib\expandApplyAtRules.js:443:32)
[2m[WebServer] [22m      at C:\project\jjiban\node_modules\tailwindcss\lib\lib\expandApplyAtRules.js:551:9
[2m[WebServer] [22m      at C:\project\jjiban\node_modules\tailwindcss\lib\processTailwindFeatures.js:55:50
[2m[WebServer] [22m      at process.processTicksAndRejections (node:internal/process/task_queues:105:5)
[2m[WebServer] [22m      at async plugins (C:\project\jjiban\node_modules\tailwindcss\lib\plugin.js:38:17)
[2m[WebServer] [22m      at async LazyResult.runAsync (C:\project\jjiban\node_modules\postcss\lib\lazy-result.js:293:11)
[2m[WebServer] [22m      at async runPostCSS (file:///C:/project/jjiban/node_modules/vite/dist/node/chunks/config.js:30144:19)
[2m[WebServer] [22m      at async compilePostCSS (file:///C:/project/jjiban/node_modules/vite/dist/node/chunks/config.js:30128:6)[2m (x34)[22m
[2m[WebServer] [22m
[2m[WebServer] [22m
[2m[WebServer] [22m[41m[30m ERROR [39m[49m [31mInternal server error: [postcss] C:/project/jjiban/app/components/wbs/detail/TaskProgress.vue?vue&type=style&index=0&scoped=fe5c9d02&lang.css:21:1: You cannot [36m@apply[39m the [36mworkflow-step-current[39m utility here because it creates a circular dependency.[39m
[2m[WebServer] [22m  Plugin: [35mvite:css[39m
[2m[WebServer] [22m  File: [36mC:/project/jjiban/app/components/wbs/detail/TaskProgress.vue?vue&type=style&index=0&scoped=fe5c9d02&lang.css[39m:231:0
[2m[WebServer] [22m[33m  19 |  }
[2m[WebServer] [22m  20 |  
[2m[WebServer] [22m  21 |  .workflow-step-current {
[2m[WebServer] [22m     |  ^
[2m[WebServer] [22m  22 |    @apply workflow-step-current;
[2m[WebServer] [22m  23 |  }[39m
[2m[WebServer] [22m      at Input.error (C:\project\jjiban\node_modules\postcss\lib\input.js:135:16)
[2m[WebServer] [22m      at Rule.error (C:\project\jjiban\node_modules\postcss\lib\node.js:146:32)
[2m[WebServer] [22m      at processApply (C:\project\jjiban\node_modules\tailwindcss\lib\lib\expandApplyAtRules.js:443:32)
[2m[WebServer] [22m      at C:\project\jjiban\node_modules\tailwindcss\lib\lib\expandApplyAtRules.js:551:9
[2m[WebServer] [22m      at C:\project\jjiban\node_modules\tailwindcss\lib\processTailwindFeatures.js:55:50
[2m[WebServer] [22m      at process.processTicksAndRejections (node:internal/process/task_queues:105:5)
[2m[WebServer] [22m      at async plugins (C:\project\jjiban\node_modules\tailwindcss\lib\plugin.js:38:17)
[2m[WebServer] [22m      at async LazyResult.runAsync (C:\project\jjiban\node_modules\postcss\lib\lazy-result.js:293:11)
[2m[WebServer] [22m      at async runPostCSS (file:///C:/project/jjiban/node_modules/vite/dist/node/chunks/config.js:30144:19)
[2m[WebServer] [22m      at async compilePostCSS (file:///C:/project/jjiban/node_modules/vite/dist/node/chunks/config.js:30128:6)[2m (x35)[22m
[2m[WebServer] [22m
[2m[WebServer] [22m
[2m[WebServer] [22m[41m[30m ERROR [39m[49m [31mInternal server error: [postcss] C:/project/jjiban/app/components/wbs/detail/TaskProgress.vue?vue&type=style&index=0&scoped=fe5c9d02&lang.css:21:1: You cannot [36m@apply[39m the [36mworkflow-step-current[39m utility here because it creates a circular dependency.[39m
[2m[WebServer] [22m  Plugin: [35mvite:css[39m
[2m[WebServer] [22m  File: [36mC:/project/jjiban/app/components/wbs/detail/TaskProgress.vue?vue&type=style&index=0&scoped=fe5c9d02&lang.css[39m:231:0
[2m[WebServer] [22m[33m  19 |  }
[2m[WebServer] [22m  20 |  
[2m[WebServer] [22m  21 |  .workflow-step-current {
[2m[WebServer] [22m     |  ^
[2m[WebServer] [22m  22 |    @apply workflow-step-current;
[2m[WebServer] [22m  23 |  }[39m
[2m[WebServer] [22m      at Input.error (C:\project\jjiban\node_modules\postcss\lib\input.js:135:16)
[2m[WebServer] [22m      at Rule.error (C:\project\jjiban\node_modules\postcss\lib\node.js:146:32)
[2m[WebServer] [22m      at processApply (C:\project\jjiban\node_modules\tailwindcss\lib\lib\expandApplyAtRules.js:443:32)
[2m[WebServer] [22m      at C:\project\jjiban\node_modules\tailwindcss\lib\lib\expandApplyAtRules.js:551:9
[2m[WebServer] [22m      at C:\project\jjiban\node_modules\tailwindcss\lib\processTailwindFeatures.js:55:50
[2m[WebServer] [22m      at process.processTicksAndRejections (node:internal/process/task_queues:105:5)
[2m[WebServer] [22m      at async plugins (C:\project\jjiban\node_modules\tailwindcss\lib\plugin.js:38:17)
[2m[WebServer] [22m      at async LazyResult.runAsync (C:\project\jjiban\node_modules\postcss\lib\lazy-result.js:293:11)
[2m[WebServer] [22m      at async runPostCSS (file:///C:/project/jjiban/node_modules/vite/dist/node/chunks/config.js:30144:19)
[2m[WebServer] [22m      at async compilePostCSS (file:///C:/project/jjiban/node_modules/vite/dist/node/chunks/config.js:30128:6)[2m (x36)[22m
[2m[WebServer] [22m
[2m[WebServer] [22m[43m[30m WARN [39m[49m [Vue Router warn]: uncaught error during route navigation:
[2m[WebServer] [22m[41m[30m ERROR [39m[49m [postcss] C:/project/jjiban/app/components/wbs/detail/TaskProgress.vue?vue&type=style&index=0&scoped=fe5c9d02&lang.css:21:1: You cannot [36m@apply[39m the [36mworkflow-step-current[39m utility here because it creates a circular dependency.
[2m[WebServer] [22m
[2m[WebServer] [22m    [90mat [39mcreateError ([36mC:/project/jjiban/node_modules/h3/dist/index.mjs:71:15[39m)
[2m[WebServer] [22m    [90mat [39mC:/project/jjiban/node_modules/@nuxt/vite-builder/dist/shared/vite-builder.Bmat7g1G.mjs:430:21)
[2m[WebServer] [22m    [90mat [39mprocess.processTicksAndRejections ([36mnode:internal/process/task_queues:105:5[39m)
[2m[WebServer] [22m    [90mat [39masync processMessage ([36mC:/project/jjiban/node_modules/@nuxt/vite-builder/dist/shared/vite-builder.Bmat7g1G.mjs:412:30[39m)
[2m[WebServer] [22m[43m[30m WARN [39m[49m [Vue Router warn]: uncaught error during route navigation:
[2m[WebServer] [22m[41m[30m ERROR [39m[49m [postcss] C:/project/jjiban/app/components/wbs/detail/TaskProgress.vue?vue&type=style&index=0&scoped=fe5c9d02&lang.css:21:1: You cannot [36m@apply[39m the [36mworkflow-step-current[39m utility here because it creates a circular dependency.
[2m[WebServer] [22m
[2m[WebServer] [22m    [90mat [39mcreateError ([36mC:/project/jjiban/node_modules/h3/dist/index.mjs:71:15[39m)
[2m[WebServer] [22m    [90mat [39mC:/project/jjiban/node_modules/@nuxt/vite-builder/dist/shared/vite-builder.Bmat7g1G.mjs:430:21)
[2m[WebServer] [22m    [90mat [39mprocess.processTicksAndRejections ([36mnode:internal/process/task_queues:105:5[39m)
[2m[WebServer] [22m    [90mat [39masync processMessage ([36mC:/project/jjiban/node_modules/@nuxt/vite-builder/dist/shared/vite-builder.Bmat7g1G.mjs:412:30[39m)
[2m[WebServer] [22m[43m[30m WARN [39m[49m [nuxt] Failed to stringify dev server logs. Received [36mDevalueError: Cannot stringify arbitrary non-POJOs[39m. You can define your own reducer/reviver for rich types following the instructions in https://nuxt.com/docs/api/composables/use-nuxt-app#payload.
[2m[WebServer] [22m[43m[30m WARN [39m[49m [nuxt] Failed to stringify dev server logs. Received [36mDevalueError: Cannot stringify arbitrary non-POJOs[39m. You can define your own reducer/reviver for rich types following the instructions in https://nuxt.com/docs/api/composables/use-nuxt-app#payload.
[2m[WebServer] [22m
[2m[WebServer] [22m[41m[30m ERROR [39m[49m [31mInternal server error: [postcss] C:/project/jjiban/app/components/wbs/detail/TaskProgress.vue?vue&type=style&index=0&scoped=fe5c9d02&lang.css:21:1: You cannot [36m@apply[39m the [36mworkflow-step-current[39m utility here because it creates a circular dependency.[39m
[2m[WebServer] [22m  Plugin: [35mvite:css[39m
[2m[WebServer] [22m  File: [36mC:/project/jjiban/app/components/wbs/detail/TaskProgress.vue?vue&type=style&index=0&scoped=fe5c9d02&lang.css[39m:231:0
[2m[WebServer] [22m[33m  19 |  }
[2m[WebServer] [22m  20 |  
[2m[WebServer] [22m  21 |  .workflow-step-current {
[2m[WebServer] [22m     |  ^
[2m[WebServer] [22m  22 |    @apply workflow-step-current;
[2m[WebServer] [22m  23 |  }[39m
[2m[WebServer] [22m      at Input.error (C:\project\jjiban\node_modules\postcss\lib\input.js:135:16)
[2m[WebServer] [22m      at Rule.error (C:\project\jjiban\node_modules\postcss\lib\node.js:146:32)
[2m[WebServer] [22m      at processApply (C:\project\jjiban\node_modules\tailwindcss\lib\lib\expandApplyAtRules.js:443:32)
[2m[WebServer] [22m      at C:\project\jjiban\node_modules\tailwindcss\lib\lib\expandApplyAtRules.js:551:9
[2m[WebServer] [22m      at C:\project\jjiban\node_modules\tailwindcss\lib\processTailwindFeatures.js:55:50
[2m[WebServer] [22m      at process.processTicksAndRejections (node:internal/process/task_queues:105:5)
[2m[WebServer] [22m      at async plugins (C:\project\jjiban\node_modules\tailwindcss\lib\plugin.js:38:17)
[2m[WebServer] [22m      at async LazyResult.runAsync (C:\project\jjiban\node_modules\postcss\lib\lazy-result.js:293:11)
[2m[WebServer] [22m      at async runPostCSS (file:///C:/project/jjiban/node_modules/vite/dist/node/chunks/config.js:30144:19)
[2m[WebServer] [22m      at async compilePostCSS (file:///C:/project/jjiban/node_modules/vite/dist/node/chunks/config.js:30128:6)[2m (x37)[22m
[2m[WebServer] [22m
[2m[WebServer] [22m
[2m[WebServer] [22m[41m[30m ERROR [39m[49m [31mInternal server error: [postcss] C:/project/jjiban/app/components/wbs/detail/TaskProgress.vue?vue&type=style&index=0&scoped=fe5c9d02&lang.css:21:1: You cannot [36m@apply[39m the [36mworkflow-step-current[39m utility here because it creates a circular dependency.[39m
[2m[WebServer] [22m  Plugin: [35mvite:css[39m
[2m[WebServer] [22m  File: [36mC:/project/jjiban/app/components/wbs/detail/TaskProgress.vue?vue&type=style&index=0&scoped=fe5c9d02&lang.css[39m:231:0
[2m[WebServer] [22m[33m  19 |  }
[2m[WebServer] [22m  20 |  
[2m[WebServer] [22m  21 |  .workflow-step-current {
[2m[WebServer] [22m     |  ^
[2m[WebServer] [22m  22 |    @apply workflow-step-current;
[2m[WebServer] [22m  23 |  }[39m
[2m[WebServer] [22m      at Input.error (C:\project\jjiban\node_modules\postcss\lib\input.js:135:16)
[2m[WebServer] [22m      at Rule.error (C:\project\jjiban\node_modules\postcss\lib\node.js:146:32)
[2m[WebServer] [22m      at processApply (C:\project\jjiban\node_modules\tailwindcss\lib\lib\expandApplyAtRules.js:443:32)
[2m[WebServer] [22m      at C:\project\jjiban\node_modules\tailwindcss\lib\lib\expandApplyAtRules.js:551:9
[2m[WebServer] [22m      at C:\project\jjiban\node_modules\tailwindcss\lib\processTailwindFeatures.js:55:50
[2m[WebServer] [22m      at process.processTicksAndRejections (node:internal/process/task_queues:105:5)
[2m[WebServer] [22m      at async plugins (C:\project\jjiban\node_modules\tailwindcss\lib\plugin.js:38:17)
[2m[WebServer] [22m      at async LazyResult.runAsync (C:\project\jjiban\node_modules\postcss\lib\lazy-result.js:293:11)
[2m[WebServer] [22m      at async runPostCSS (file:///C:/project/jjiban/node_modules/vite/dist/node/chunks/config.js:30144:19)
[2m[WebServer] [22m      at async compilePostCSS (file:///C:/project/jjiban/node_modules/vite/dist/node/chunks/config.js:30128:6)[2m (x38)[22m
[2m[WebServer] [22m
[2m[WebServer] [22m
[2m[WebServer] [22m[41m[30m ERROR [39m[49m [31mInternal server error: [postcss] C:/project/jjiban/app/components/wbs/detail/TaskProgress.vue?vue&type=style&index=0&scoped=fe5c9d02&lang.css:21:1: You cannot [36m@apply[39m the [36mworkflow-step-current[39m utility here because it creates a circular dependency.[39m
[2m[WebServer] [22m  Plugin: [35mvite:css[39m
[2m[WebServer] [22m  File: [36mC:/project/jjiban/app/components/wbs/detail/TaskProgress.vue?vue&type=style&index=0&scoped=fe5c9d02&lang.css[39m:231:0
[2m[WebServer] [22m[33m  19 |  }
[2m[WebServer] [22m  20 |  
[2m[WebServer] [22m  21 |  .workflow-step-current {
[2m[WebServer] [22m     |  ^
[2m[WebServer] [22m  22 |    @apply workflow-step-current;
[2m[WebServer] [22m  23 |  }[39m
[2m[WebServer] [22m      at Input.error (C:\project\jjiban\node_modules\postcss\lib\input.js:135:16)
[2m[WebServer] [22m      at Rule.error (C:\project\jjiban\node_modules\postcss\lib\node.js:146:32)
[2m[WebServer] [22m      at processApply (C:\project\jjiban\node_modules\tailwindcss\lib\lib\expandApplyAtRules.js:443:32)
[2m[WebServer] [22m      at C:\project\jjiban\node_modules\tailwindcss\lib\lib\expandApplyAtRules.js:551:9
[2m[WebServer] [22m      at C:\project\jjiban\node_modules\tailwindcss\lib\processTailwindFeatures.js:55:50
[2m[WebServer] [22m      at process.processTicksAndRejections (node:internal/process/task_queues:105:5)
[2m[WebServer] [22m      at async plugins (C:\project\jjiban\node_modules\tailwindcss\lib\plugin.js:38:17)
[2m[WebServer] [22m      at async LazyResult.runAsync (C:\project\jjiban\node_modules\postcss\lib\lazy-result.js:293:11)
[2m[WebServer] [22m      at async runPostCSS (file:///C:/project/jjiban/node_modules/vite/dist/node/chunks/config.js:30144:19)
[2m[WebServer] [22m      at async compilePostCSS (file:///C:/project/jjiban/node_modules/vite/dist/node/chunks/config.js:30128:6)[2m (x39)[22m
[2m[WebServer] [22m
[2m[WebServer] [22m
[2m[WebServer] [22m[41m[30m ERROR [39m[49m [31mInternal server error: [postcss] C:/project/jjiban/app/components/wbs/detail/TaskProgress.vue?vue&type=style&index=0&scoped=fe5c9d02&lang.css:21:1: You cannot [36m@apply[39m the [36mworkflow-step-current[39m utility here because it creates a circular dependency.[39m
[2m[WebServer] [22m  Plugin: [35mvite:css[39m
[2m[WebServer] [22m  File: [36mC:/project/jjiban/app/components/wbs/detail/TaskProgress.vue?vue&type=style&index=0&scoped=fe5c9d02&lang.css[39m:231:0
[2m[WebServer] [22m[33m  19 |  }
[2m[WebServer] [22m  20 |  
[2m[WebServer] [22m  21 |  .workflow-step-current {
[2m[WebServer] [22m     |  ^
[2m[WebServer] [22m  22 |    @apply workflow-step-current;
[2m[WebServer] [22m  23 |  }[39m
[2m[WebServer] [22m      at Input.error (C:\project\jjiban\node_modules\postcss\lib\input.js:135:16)
[2m[WebServer] [22m      at Rule.error (C:\project\jjiban\node_modules\postcss\lib\node.js:146:32)
[2m[WebServer] [22m      at processApply (C:\project\jjiban\node_modules\tailwindcss\lib\lib\expandApplyAtRules.js:443:32)
[2m[WebServer] [22m      at C:\project\jjiban\node_modules\tailwindcss\lib\lib\expandApplyAtRules.js:551:9
[2m[WebServer] [22m      at C:\project\jjiban\node_modules\tailwindcss\lib\processTailwindFeatures.js:55:50
[2m[WebServer] [22m      at process.processTicksAndRejections (node:internal/process/task_queues:105:5)
[2m[WebServer] [22m      at async plugins (C:\project\jjiban\node_modules\tailwindcss\lib\plugin.js:38:17)
[2m[WebServer] [22m      at async LazyResult.runAsync (C:\project\jjiban\node_modules\postcss\lib\lazy-result.js:293:11)
[2m[WebServer] [22m      at async runPostCSS (file:///C:/project/jjiban/node_modules/vite/dist/node/chunks/config.js:30144:19)
[2m[WebServer] [22m      at async compilePostCSS (file:///C:/project/jjiban/node_modules/vite/dist/node/chunks/config.js:30128:6)[2m (x40)[22m
[2m[WebServer] [22m
[2m[WebServer] [22m
[2m[WebServer] [22m[41m[30m ERROR [39m[49m [31mInternal server error: [postcss] C:/project/jjiban/app/components/wbs/detail/TaskProgress.vue?vue&type=style&index=0&scoped=fe5c9d02&lang.css:21:1: You cannot [36m@apply[39m the [36mworkflow-step-current[39m utility here because it creates a circular dependency.[39m
[2m[WebServer] [22m  Plugin: [35mvite:css[39m
[2m[WebServer] [22m  File: [36mC:/project/jjiban/app/components/wbs/detail/TaskProgress.vue?vue&type=style&index=0&scoped=fe5c9d02&lang.css[39m:231:0
[2m[WebServer] [22m[33m  19 |  }
[2m[WebServer] [22m  20 |  
[2m[WebServer] [22m  21 |  .workflow-step-current {
[2m[WebServer] [22m     |  ^
[2m[WebServer] [22m  22 |    @apply workflow-step-current;
[2m[WebServer] [22m  23 |  }[39m
[2m[WebServer] [22m      at Input.error (C:\project\jjiban\node_modules\postcss\lib\input.js:135:16)
[2m[WebServer] [22m      at Rule.error (C:\project\jjiban\node_modules\postcss\lib\node.js:146:32)
[2m[WebServer] [22m      at processApply (C:\project\jjiban\node_modules\tailwindcss\lib\lib\expandApplyAtRules.js:443:32)
[2m[WebServer] [22m      at C:\project\jjiban\node_modules\tailwindcss\lib\lib\expandApplyAtRules.js:551:9
[2m[WebServer] [22m      at C:\project\jjiban\node_modules\tailwindcss\lib\processTailwindFeatures.js:55:50
[2m[WebServer] [22m      at process.processTicksAndRejections (node:internal/process/task_queues:105:5)
[2m[WebServer] [22m      at async plugins (C:\project\jjiban\node_modules\tailwindcss\lib\plugin.js:38:17)
[2m[WebServer] [22m      at async LazyResult.runAsync (C:\project\jjiban\node_modules\postcss\lib\lazy-result.js:293:11)
[2m[WebServer] [22m      at async runPostCSS (file:///C:/project/jjiban/node_modules/vite/dist/node/chunks/config.js:30144:19)
[2m[WebServer] [22m      at async compilePostCSS (file:///C:/project/jjiban/node_modules/vite/dist/node/chunks/config.js:30128:6)[2m (x41)[22m
[2m[WebServer] [22m
[2m[WebServer] [22m
[2m[WebServer] [22m[41m[30m ERROR [39m[49m [31mInternal server error: [postcss] C:/project/jjiban/app/components/wbs/detail/TaskProgress.vue?vue&type=style&index=0&scoped=fe5c9d02&lang.css:21:1: You cannot [36m@apply[39m the [36mworkflow-step-current[39m utility here because it creates a circular dependency.[39m
[2m[WebServer] [22m  Plugin: [35mvite:css[39m
[2m[WebServer] [22m  File: [36mC:/project/jjiban/app/components/wbs/detail/TaskProgress.vue?vue&type=style&index=0&scoped=fe5c9d02&lang.css[39m:231:0
[2m[WebServer] [22m[33m  19 |  }
[2m[WebServer] [22m  20 |  
[2m[WebServer] [22m  21 |  .workflow-step-current {
[2m[WebServer] [22m     |  ^
[2m[WebServer] [22m  22 |    @apply workflow-step-current;
[2m[WebServer] [22m  23 |  }[39m
[2m[WebServer] [22m      at Input.error (C:\project\jjiban\node_modules\postcss\lib\input.js:135:16)
[2m[WebServer] [22m      at Rule.error (C:\project\jjiban\node_modules\postcss\lib\node.js:146:32)
[2m[WebServer] [22m      at processApply (C:\project\jjiban\node_modules\tailwindcss\lib\lib\expandApplyAtRules.js:443:32)
[2m[WebServer] [22m      at C:\project\jjiban\node_modules\tailwindcss\lib\lib\expandApplyAtRules.js:551:9
[2m[WebServer] [22m      at C:\project\jjiban\node_modules\tailwindcss\lib\processTailwindFeatures.js:55:50
[2m[WebServer] [22m      at process.processTicksAndRejections (node:internal/process/task_queues:105:5)
[2m[WebServer] [22m      at async plugins (C:\project\jjiban\node_modules\tailwindcss\lib\plugin.js:38:17)
[2m[WebServer] [22m      at async LazyResult.runAsync (C:\project\jjiban\node_modules\postcss\lib\lazy-result.js:293:11)
[2m[WebServer] [22m      at async runPostCSS (file:///C:/project/jjiban/node_modules/vite/dist/node/chunks/config.js:30144:19)
[2m[WebServer] [22m      at async compilePostCSS (file:///C:/project/jjiban/node_modules/vite/dist/node/chunks/config.js:30128:6)[2m (x42)[22m
[2m[WebServer] [22m
  ✘  18 [chromium] › detail-panel.spec.ts:432:3 › TSK-05-01: Detail Panel Structure › E2E-013: API 실패 시 이전 값으로 롤백한다 (6.6s)
  ✘  20 [chromium] › detail-panel.spec.ts:476:3 › TSK-05-01: Detail Panel Structure › E2E-014: 카테고리는 편집할 수 없다 (6.6s)
  ✘  19 [chromium] › detail-panel.spec.ts:496:3 › TSK-05-01: Detail Panel Structure › E2E-015: Dialog가 올바른 다크 테마 스타일을 가진다 (6.7s)
  ✘  21 [chromium] › detail-sections.spec.ts:45:3 › TSK-05-02: Detail Sections Integration › E2E-001: 워크플로우 흐름이 올바르게 표시된다 (8.2s)
[2m[WebServer] [22m[43m[30m WARN [39m[49m [Vue Router warn]: uncaught error during route navigation:
[2m[WebServer] [22m[41m[30m ERROR [39m[49m [postcss] C:/project/jjiban/app/components/wbs/detail/TaskProgress.vue?vue&type=style&index=0&scoped=fe5c9d02&lang.css:21:1: You cannot [36m@apply[39m the [36mworkflow-step-current[39m utility here because it creates a circular dependency.
[2m[WebServer] [22m
[2m[WebServer] [22m    [90mat [39mcreateError ([36mC:/project/jjiban/node_modules/h3/dist/index.mjs:71:15[39m)
[2m[WebServer] [22m    [90mat [39mC:/project/jjiban/node_modules/@nuxt/vite-builder/dist/shared/vite-builder.Bmat7g1G.mjs:430:21)
[2m[WebServer] [22m    [90mat [39mprocess.processTicksAndRejections ([36mnode:internal/process/task_queues:105:5[39m)
[2m[WebServer] [22m    [90mat [39masync processMessage ([36mC:/project/jjiban/node_modules/@nuxt/vite-builder/dist/shared/vite-builder.Bmat7g1G.mjs:412:30[39m)
[2m[WebServer] [22m[43m[30m WARN [39m[49m [Vue Router warn]: uncaught error during route navigation:
[2m[WebServer] [22m[41m[30m ERROR [39m[49m [postcss] C:/project/jjiban/app/components/wbs/detail/TaskProgress.vue?vue&type=style&index=0&scoped=fe5c9d02&lang.css:21:1: You cannot [36m@apply[39m the [36mworkflow-step-current[39m utility here because it creates a circular dependency.
[2m[WebServer] [22m
[2m[WebServer] [22m    [90mat [39mcreateError ([36mC:/project/jjiban/node_modules/h3/dist/index.mjs:71:15[39m)
[2m[WebServer] [22m    [90mat [39mC:/project/jjiban/node_modules/@nuxt/vite-builder/dist/shared/vite-builder.Bmat7g1G.mjs:430:21)
[2m[WebServer] [22m    [90mat [39mprocess.processTicksAndRejections ([36mnode:internal/process/task_queues:105:5[39m)
[2m[WebServer] [22m    [90mat [39masync processMessage ([36mC:/project/jjiban/node_modules/@nuxt/vite-builder/dist/shared/vite-builder.Bmat7g1G.mjs:412:30[39m)
[2m[WebServer] [22m[43m[30m WARN [39m[49m [nuxt] Failed to stringify dev server logs. Received [36mDevalueError: Cannot stringify arbitrary non-POJOs[39m. You can define your own reducer/reviver for rich types following the instructions in https://nuxt.com/docs/api/composables/use-nuxt-app#payload.
[2m[WebServer] [22m
[2m[WebServer] [22m[41m[30m ERROR [39m[49m [31mInternal server error: [postcss] C:/project/jjiban/app/components/wbs/detail/TaskProgress.vue?vue&type=style&index=0&scoped=fe5c9d02&lang.css:21:1: You cannot [36m@apply[39m the [36mworkflow-step-current[39m utility here because it creates a circular dependency.[39m
[2m[WebServer] [22m  Plugin: [35mvite:css[39m
[2m[WebServer] [22m  File: [36mC:/project/jjiban/app/components/wbs/detail/TaskProgress.vue?vue&type=style&index=0&scoped=fe5c9d02&lang.css[39m:231:0
[2m[WebServer] [22m[33m  19 |  }
[2m[WebServer] [22m  20 |  
[2m[WebServer] [22m  21 |  .workflow-step-current {
[2m[WebServer] [22m     |  ^
[2m[WebServer] [22m  22 |    @apply workflow-step-current;
[2m[WebServer] [22m  23 |  }[39m
[2m[WebServer] [22m      at Input.error (C:\project\jjiban\node_modules\postcss\lib\input.js:135:16)
[2m[WebServer] [22m      at Rule.error (C:\project\jjiban\node_modules\postcss\lib\node.js:146:32)
[2m[WebServer] [22m      at processApply (C:\project\jjiban\node_modules\tailwindcss\lib\lib\expandApplyAtRules.js:443:32)
[2m[WebServer] [22m      at C:\project\jjiban\node_modules\tailwindcss\lib\lib\expandApplyAtRules.js:551:9
[2m[WebServer] [22m      at C:\project\jjiban\node_modules\tailwindcss\lib\processTailwindFeatures.js:55:50
[2m[WebServer] [22m      at process.processTicksAndRejections (node:internal/process/task_queues:105:5)
[2m[WebServer] [22m      at async plugins (C:\project\jjiban\node_modules\tailwindcss\lib\plugin.js:38:17)
[2m[WebServer] [22m      at async LazyResult.runAsync (C:\project\jjiban\node_modules\postcss\lib\lazy-result.js:293:11)
[2m[WebServer] [22m      at async runPostCSS (file:///C:/project/jjiban/node_modules/vite/dist/node/chunks/config.js:30144:19)
[2m[WebServer] [22m      at async compilePostCSS (file:///C:/project/jjiban/node_modules/vite/dist/node/chunks/config.js:30128:6)[2m (x43)[22m
[2m[WebServer] [22m
[2m[WebServer] [22m
[2m[WebServer] [22m[41m[30m ERROR [39m[49m [31mInternal server error: [postcss] C:/project/jjiban/app/components/wbs/detail/TaskProgress.vue?vue&type=style&index=0&scoped=fe5c9d02&lang.css:21:1: You cannot [36m@apply[39m the [36mworkflow-step-current[39m utility here because it creates a circular dependency.[39m
[2m[WebServer] [22m  Plugin: [35mvite:css[39m
[2m[WebServer] [22m  File: [36mC:/project/jjiban/app/components/wbs/detail/TaskProgress.vue?vue&type=style&index=0&scoped=fe5c9d02&lang.css[39m:231:0
[2m[WebServer] [22m[33m  19 |  }
[2m[WebServer] [22m  20 |  
[2m[WebServer] [22m  21 |  .workflow-step-current {
[2m[WebServer] [22m     |  ^
[2m[WebServer] [22m  22 |    @apply workflow-step-current;
[2m[WebServer] [22m  23 |  }[39m
[2m[WebServer] [22m      at Input.error (C:\project\jjiban\node_modules\postcss\lib\input.js:135:16)
[2m[WebServer] [22m      at Rule.error (C:\project\jjiban\node_modules\postcss\lib\node.js:146:32)
[2m[WebServer] [22m      at processApply (C:\project\jjiban\node_modules\tailwindcss\lib\lib\expandApplyAtRules.js:443:32)
[2m[WebServer] [22m      at C:\project\jjiban\node_modules\tailwindcss\lib\lib\expandApplyAtRules.js:551:9
[2m[WebServer] [22m      at C:\project\jjiban\node_modules\tailwindcss\lib\processTailwindFeatures.js:55:50
[2m[WebServer] [22m      at process.processTicksAndRejections (node:internal/process/task_queues:105:5)
[2m[WebServer] [22m      at async plugins (C:\project\jjiban\node_modules\tailwindcss\lib\plugin.js:38:17)
[2m[WebServer] [22m      at async LazyResult.runAsync (C:\project\jjiban\node_modules\postcss\lib\lazy-result.js:293:11)
[2m[WebServer] [22m      at async runPostCSS (file:///C:/project/jjiban/node_modules/vite/dist/node/chunks/config.js:30144:19)
[2m[WebServer] [22m      at async compilePostCSS (file:///C:/project/jjiban/node_modules/vite/dist/node/chunks/config.js:30128:6)[2m (x44)[22m
[2m[WebServer] [22m
[2m[WebServer] [22m
[2m[WebServer] [22m[41m[30m ERROR [39m[49m [31mInternal server error: [postcss] C:/project/jjiban/app/components/wbs/detail/TaskProgress.vue?vue&type=style&index=0&scoped=fe5c9d02&lang.css:21:1: You cannot [36m@apply[39m the [36mworkflow-step-current[39m utility here because it creates a circular dependency.[39m
[2m[WebServer] [22m  Plugin: [35mvite:css[39m
[2m[WebServer] [22m  File: [36mC:/project/jjiban/app/components/wbs/detail/TaskProgress.vue?vue&type=style&index=0&scoped=fe5c9d02&lang.css[39m:231:0
[2m[WebServer] [22m[33m  19 |  }
[2m[WebServer] [22m  20 |  
[2m[WebServer] [22m  21 |  .workflow-step-current {
[2m[WebServer] [22m     |  ^
[2m[WebServer] [22m  22 |    @apply workflow-step-current;
[2m[WebServer] [22m  23 |  }[39m
[2m[WebServer] [22m      at Input.error (C:\project\jjiban\node_modules\postcss\lib\input.js:135:16)
[2m[WebServer] [22m      at Rule.error (C:\project\jjiban\node_modules\postcss\lib\node.js:146:32)
[2m[WebServer] [22m      at processApply (C:\project\jjiban\node_modules\tailwindcss\lib\lib\expandApplyAtRules.js:443:32)
[2m[WebServer] [22m      at C:\project\jjiban\node_modules\tailwindcss\lib\lib\expandApplyAtRules.js:551:9
[2m[WebServer] [22m      at C:\project\jjiban\node_modules\tailwindcss\lib\processTailwindFeatures.js:55:50
[2m[WebServer] [22m      at process.processTicksAndRejections (node:internal/process/task_queues:105:5)
[2m[WebServer] [22m      at async plugins (C:\project\jjiban\node_modules\tailwindcss\lib\plugin.js:38:17)
[2m[WebServer] [22m      at async LazyResult.runAsync (C:\project\jjiban\node_modules\postcss\lib\lazy-result.js:293:11)
[2m[WebServer] [22m      at async runPostCSS (file:///C:/project/jjiban/node_modules/vite/dist/node/chunks/config.js:30144:19)
[2m[WebServer] [22m      at async compilePostCSS (file:///C:/project/jjiban/node_modules/vite/dist/node/chunks/config.js:30128:6)[2m (x45)[22m
[2m[WebServer] [22m
  ✘  23 [chromium] › detail-sections.spec.ts:109:3 › TSK-05-02: Detail Sections Integration › E2E-003: 요구사항을 편집할 수 있다 (7.6s)
  ✘  22 [chromium] › detail-sections.spec.ts:82:3 › TSK-05-02: Detail Sections Integration › E2E-002: 요구사항 목록과 PRD 참조가 표시된다 (7.8s)
[2m[WebServer] [22m[43m[30m WARN [39m[49m [Vue Router warn]: uncaught error during route navigation:
[2m[WebServer] [22m[41m[30m ERROR [39m[49m [postcss] C:/project/jjiban/app/components/wbs/detail/TaskProgress.vue?vue&type=style&index=0&scoped=fe5c9d02&lang.css:21:1: You cannot [36m@apply[39m the [36mworkflow-step-current[39m utility here because it creates a circular dependency.
[2m[WebServer] [22m
[2m[WebServer] [22m    [90mat [39mcreateError ([36mC:/project/jjiban/node_modules/h3/dist/index.mjs:71:15[39m)
[2m[WebServer] [22m    [90mat [39mC:/project/jjiban/node_modules/@nuxt/vite-builder/dist/shared/vite-builder.Bmat7g1G.mjs:430:21)
[2m[WebServer] [22m    [90mat [39mprocess.processTicksAndRejections ([36mnode:internal/process/task_queues:105:5[39m)
[2m[WebServer] [22m    [90mat [39masync processMessage ([36mC:/project/jjiban/node_modules/@nuxt/vite-builder/dist/shared/vite-builder.Bmat7g1G.mjs:412:30[39m)
[2m[WebServer] [22m[43m[30m WARN [39m[49m [Vue Router warn]: uncaught error during route navigation:
[2m[WebServer] [22m[41m[30m ERROR [39m[49m [postcss] C:/project/jjiban/app/components/wbs/detail/TaskProgress.vue?vue&type=style&index=0&scoped=fe5c9d02&lang.css:21:1: You cannot [36m@apply[39m the [36mworkflow-step-current[39m utility here because it creates a circular dependency.
[2m[WebServer] [22m
[2m[WebServer] [22m    [90mat [39mcreateError ([36mC:/project/jjiban/node_modules/h3/dist/index.mjs:71:15[39m)
[2m[WebServer] [22m    [90mat [39mC:/project/jjiban/node_modules/@nuxt/vite-builder/dist/shared/vite-builder.Bmat7g1G.mjs:430:21)
[2m[WebServer] [22m    [90mat [39mprocess.processTicksAndRejections ([36mnode:internal/process/task_queues:105:5[39m)
[2m[WebServer] [22m    [90mat [39masync processMessage ([36mC:/project/jjiban/node_modules/@nuxt/vite-builder/dist/shared/vite-builder.Bmat7g1G.mjs:412:30[39m)
[2m[WebServer] [22m[43m[30m WARN [39m[49m [nuxt] Failed to stringify dev server logs. Received [36mDevalueError: Cannot stringify arbitrary non-POJOs[39m. You can define your own reducer/reviver for rich types following the instructions in https://nuxt.com/docs/api/composables/use-nuxt-app#payload.
[2m[WebServer] [22m
[2m[WebServer] [22m[41m[30m ERROR [39m[49m [31mInternal server error: [postcss] C:/project/jjiban/app/components/wbs/detail/TaskProgress.vue?vue&type=style&index=0&scoped=fe5c9d02&lang.css:21:1: You cannot [36m@apply[39m the [36mworkflow-step-current[39m utility here because it creates a circular dependency.[39m
[2m[WebServer] [22m  Plugin: [35mvite:css[39m
[2m[WebServer] [22m  File: [36mC:/project/jjiban/app/components/wbs/detail/TaskProgress.vue?vue&type=style&index=0&scoped=fe5c9d02&lang.css[39m:231:0
[2m[WebServer] [22m[33m  19 |  }
[2m[WebServer] [22m  20 |  
[2m[WebServer] [22m  21 |  .workflow-step-current {
[2m[WebServer] [22m     |  ^
[2m[WebServer] [22m  22 |    @apply workflow-step-current;
[2m[WebServer] [22m  23 |  }[39m
[2m[WebServer] [22m      at Input.error (C:\project\jjiban\node_modules\postcss\lib\input.js:135:16)
[2m[WebServer] [22m      at Rule.error (C:\project\jjiban\node_modules\postcss\lib\node.js:146:32)
[2m[WebServer] [22m      at processApply (C:\project\jjiban\node_modules\tailwindcss\lib\lib\expandApplyAtRules.js:443:32)
[2m[WebServer] [22m      at C:\project\jjiban\node_modules\tailwindcss\lib\lib\expandApplyAtRules.js:551:9
[2m[WebServer] [22m      at C:\project\jjiban\node_modules\tailwindcss\lib\processTailwindFeatures.js:55:50
[2m[WebServer] [22m      at process.processTicksAndRejections (node:internal/process/task_queues:105:5)
[2m[WebServer] [22m      at async plugins (C:\project\jjiban\node_modules\tailwindcss\lib\plugin.js:38:17)
[2m[WebServer] [22m      at async LazyResult.runAsync (C:\project\jjiban\node_modules\postcss\lib\lazy-result.js:293:11)
[2m[WebServer] [22m      at async runPostCSS (file:///C:/project/jjiban/node_modules/vite/dist/node/chunks/config.js:30144:19)
[2m[WebServer] [22m      at async compilePostCSS (file:///C:/project/jjiban/node_modules/vite/dist/node/chunks/config.js:30128:6)[2m (x46)[22m
[2m[WebServer] [22m
[2m[WebServer] [22m
[2m[WebServer] [22m[41m[30m ERROR [39m[49m [31mInternal server error: [postcss] C:/project/jjiban/app/components/wbs/detail/TaskProgress.vue?vue&type=style&index=0&scoped=fe5c9d02&lang.css:21:1: You cannot [36m@apply[39m the [36mworkflow-step-current[39m utility here because it creates a circular dependency.[39m
[2m[WebServer] [22m  Plugin: [35mvite:css[39m
[2m[WebServer] [22m  File: [36mC:/project/jjiban/app/components/wbs/detail/TaskProgress.vue?vue&type=style&index=0&scoped=fe5c9d02&lang.css[39m:231:0
[2m[WebServer] [22m[33m  19 |  }
[2m[WebServer] [22m  20 |  
[2m[WebServer] [22m  21 |  .workflow-step-current {
[2m[WebServer] [22m     |  ^
[2m[WebServer] [22m  22 |    @apply workflow-step-current;
[2m[WebServer] [22m  23 |  }[39m
[2m[WebServer] [22m      at Input.error (C:\project\jjiban\node_modules\postcss\lib\input.js:135:16)
[2m[WebServer] [22m      at Rule.error (C:\project\jjiban\node_modules\postcss\lib\node.js:146:32)
[2m[WebServer] [22m      at processApply (C:\project\jjiban\node_modules\tailwindcss\lib\lib\expandApplyAtRules.js:443:32)
[2m[WebServer] [22m      at C:\project\jjiban\node_modules\tailwindcss\lib\lib\expandApplyAtRules.js:551:9
[2m[WebServer] [22m      at C:\project\jjiban\node_modules\tailwindcss\lib\processTailwindFeatures.js:55:50
[2m[WebServer] [22m      at process.processTicksAndRejections (node:internal/process/task_queues:105:5)
[2m[WebServer] [22m      at async plugins (C:\project\jjiban\node_modules\tailwindcss\lib\plugin.js:38:17)
[2m[WebServer] [22m      at async LazyResult.runAsync (C:\project\jjiban\node_modules\postcss\lib\lazy-result.js:293:11)
[2m[WebServer] [22m      at async runPostCSS (file:///C:/project/jjiban/node_modules/vite/dist/node/chunks/config.js:30144:19)
[2m[WebServer] [22m      at async compilePostCSS (file:///C:/project/jjiban/node_modules/vite/dist/node/chunks/config.js:30128:6)[2m (x47)[22m
[2m[WebServer] [22m
[2m[WebServer] [22m[43m[30m WARN [39m[49m [Vue Router warn]: uncaught error during route navigation:
[2m[WebServer] [22m[41m[30m ERROR [39m[49m [postcss] C:/project/jjiban/app/components/wbs/detail/TaskProgress.vue?vue&type=style&index=0&scoped=fe5c9d02&lang.css:21:1: You cannot [36m@apply[39m the [36mworkflow-step-current[39m utility here because it creates a circular dependency.
[2m[WebServer] [22m
[2m[WebServer] [22m    [90mat [39mcreateError ([36mC:/project/jjiban/node_modules/h3/dist/index.mjs:71:15[39m)
[2m[WebServer] [22m    [90mat [39mC:/project/jjiban/node_modules/@nuxt/vite-builder/dist/shared/vite-builder.Bmat7g1G.mjs:430:21)
[2m[WebServer] [22m    [90mat [39mprocess.processTicksAndRejections ([36mnode:internal/process/task_queues:105:5[39m)
[2m[WebServer] [22m    [90mat [39masync processMessage ([36mC:/project/jjiban/node_modules/@nuxt/vite-builder/dist/shared/vite-builder.Bmat7g1G.mjs:412:30[39m)
[2m[WebServer] [22m[43m[30m WARN [39m[49m [Vue Router warn]: uncaught error during route navigation:
[2m[WebServer] [22m[41m[30m ERROR [39m[49m [postcss] C:/project/jjiban/app/components/wbs/detail/TaskProgress.vue?vue&type=style&index=0&scoped=fe5c9d02&lang.css:21:1: You cannot [36m@apply[39m the [36mworkflow-step-current[39m utility here because it creates a circular dependency.
[2m[WebServer] [22m
[2m[WebServer] [22m    [90mat [39mcreateError ([36mC:/project/jjiban/node_modules/h3/dist/index.mjs:71:15[39m)
[2m[WebServer] [22m    [90mat [39mC:/project/jjiban/node_modules/@nuxt/vite-builder/dist/shared/vite-builder.Bmat7g1G.mjs:430:21)
[2m[WebServer] [22m    [90mat [39mprocess.processTicksAndRejections ([36mnode:internal/process/task_queues:105:5[39m)
[2m[WebServer] [22m    [90mat [39masync processMessage ([36mC:/project/jjiban/node_modules/@nuxt/vite-builder/dist/shared/vite-builder.Bmat7g1G.mjs:412:30[39m)
[2m[WebServer] [22m[43m[30m WARN [39m[49m [nuxt] Failed to stringify dev server logs. Received [36mDevalueError: Cannot stringify arbitrary non-POJOs[39m. You can define your own reducer/reviver for rich types following the instructions in https://nuxt.com/docs/api/composables/use-nuxt-app#payload.
[2m[WebServer] [22m
[2m[WebServer] [22m[41m[30m ERROR [39m[49m [31mInternal server error: [postcss] C:/project/jjiban/app/components/wbs/detail/TaskProgress.vue?vue&type=style&index=0&scoped=fe5c9d02&lang.css:21:1: You cannot [36m@apply[39m the [36mworkflow-step-current[39m utility here because it creates a circular dependency.[39m
[2m[WebServer] [22m  Plugin: [35mvite:css[39m
[2m[WebServer] [22m  File: [36mC:/project/jjiban/app/components/wbs/detail/TaskProgress.vue?vue&type=style&index=0&scoped=fe5c9d02&lang.css[39m:231:0
[2m[WebServer] [22m[33m  19 |  }
[2m[WebServer] [22m  20 |  
[2m[WebServer] [22m  21 |  .workflow-step-current {
[2m[WebServer] [22m     |  ^
[2m[WebServer] [22m  22 |    @apply workflow-step-current;
[2m[WebServer] [22m  23 |  }[39m
[2m[WebServer] [22m      at Input.error (C:\project\jjiban\node_modules\postcss\lib\input.js:135:16)
[2m[WebServer] [22m      at Rule.error (C:\project\jjiban\node_modules\postcss\lib\node.js:146:32)
[2m[WebServer] [22m      at processApply (C:\project\jjiban\node_modules\tailwindcss\lib\lib\expandApplyAtRules.js:443:32)
[2m[WebServer] [22m      at C:\project\jjiban\node_modules\tailwindcss\lib\lib\expandApplyAtRules.js:551:9
[2m[WebServer] [22m      at C:\project\jjiban\node_modules\tailwindcss\lib\processTailwindFeatures.js:55:50
[2m[WebServer] [22m      at process.processTicksAndRejections (node:internal/process/task_queues:105:5)
[2m[WebServer] [22m      at async plugins (C:\project\jjiban\node_modules\tailwindcss\lib\plugin.js:38:17)
[2m[WebServer] [22m      at async LazyResult.runAsync (C:\project\jjiban\node_modules\postcss\lib\lazy-result.js:293:11)
[2m[WebServer] [22m      at async runPostCSS (file:///C:/project/jjiban/node_modules/vite/dist/node/chunks/config.js:30144:19)
[2m[WebServer] [22m      at async compilePostCSS (file:///C:/project/jjiban/node_modules/vite/dist/node/chunks/config.js:30128:6)[2m (x48)[22m
[2m[WebServer] [22m
[2m[WebServer] [22m
[2m[WebServer] [22m[41m[30m ERROR [39m[49m [31mInternal server error: [postcss] C:/project/jjiban/app/components/wbs/detail/TaskProgress.vue?vue&type=style&index=0&scoped=fe5c9d02&lang.css:21:1: You cannot [36m@apply[39m the [36mworkflow-step-current[39m utility here because it creates a circular dependency.[39m
[2m[WebServer] [22m  Plugin: [35mvite:css[39m
[2m[WebServer] [22m  File: [36mC:/project/jjiban/app/components/wbs/detail/TaskProgress.vue?vue&type=style&index=0&scoped=fe5c9d02&lang.css[39m:231:0
[2m[WebServer] [22m[33m  19 |  }
[2m[WebServer] [22m  20 |  
[2m[WebServer] [22m  21 |  .workflow-step-current {
[2m[WebServer] [22m     |  ^
[2m[WebServer] [22m  22 |    @apply workflow-step-current;
[2m[WebServer] [22m  23 |  }[39m
[2m[WebServer] [22m      at Input.error (C:\project\jjiban\node_modules\postcss\lib\input.js:135:16)
[2m[WebServer] [22m      at Rule.error (C:\project\jjiban\node_modules\postcss\lib\node.js:146:32)
[2m[WebServer] [22m      at processApply (C:\project\jjiban\node_modules\tailwindcss\lib\lib\expandApplyAtRules.js:443:32)
[2m[WebServer] [22m      at C:\project\jjiban\node_modules\tailwindcss\lib\lib\expandApplyAtRules.js:551:9
[2m[WebServer] [22m      at C:\project\jjiban\node_modules\tailwindcss\lib\processTailwindFeatures.js:55:50
[2m[WebServer] [22m      at process.processTicksAndRejections (node:internal/process/task_queues:105:5)
[2m[WebServer] [22m      at async plugins (C:\project\jjiban\node_modules\tailwindcss\lib\plugin.js:38:17)
[2m[WebServer] [22m      at async LazyResult.runAsync (C:\project\jjiban\node_modules\postcss\lib\lazy-result.js:293:11)
[2m[WebServer] [22m      at async runPostCSS (file:///C:/project/jjiban/node_modules/vite/dist/node/chunks/config.js:30144:19)
[2m[WebServer] [22m      at async compilePostCSS (file:///C:/project/jjiban/node_modules/vite/dist/node/chunks/config.js:30128:6)[2m (x49)[22m
[2m[WebServer] [22m
[2m[WebServer] [22m
[2m[WebServer] [22m[41m[30m ERROR [39m[49m [31mInternal server error: [postcss] C:/project/jjiban/app/components/wbs/detail/TaskProgress.vue?vue&type=style&index=0&scoped=fe5c9d02&lang.css:21:1: You cannot [36m@apply[39m the [36mworkflow-step-current[39m utility here because it creates a circular dependency.[39m
[2m[WebServer] [22m  Plugin: [35mvite:css[39m
[2m[WebServer] [22m  File: [36mC:/project/jjiban/app/components/wbs/detail/TaskProgress.vue?vue&type=style&index=0&scoped=fe5c9d02&lang.css[39m:231:0
[2m[WebServer] [22m[33m  19 |  }
[2m[WebServer] [22m  20 |  
[2m[WebServer] [22m  21 |  .workflow-step-current {
[2m[WebServer] [22m     |  ^
[2m[WebServer] [22m  22 |    @apply workflow-step-current;
[2m[WebServer] [22m  23 |  }[39m
[2m[WebServer] [22m      at Input.error (C:\project\jjiban\node_modules\postcss\lib\input.js:135:16)
[2m[WebServer] [22m      at Rule.error (C:\project\jjiban\node_modules\postcss\lib\node.js:146:32)
[2m[WebServer] [22m      at processApply (C:\project\jjiban\node_modules\tailwindcss\lib\lib\expandApplyAtRules.js:443:32)
[2m[WebServer] [22m      at C:\project\jjiban\node_modules\tailwindcss\lib\lib\expandApplyAtRules.js:551:9
[2m[WebServer] [22m      at C:\project\jjiban\node_modules\tailwindcss\lib\processTailwindFeatures.js:55:50
[2m[WebServer] [22m      at process.processTicksAndRejections (node:internal/process/task_queues:105:5)
[2m[WebServer] [22m      at async plugins (C:\project\jjiban\node_modules\tailwindcss\lib\plugin.js:38:17)
[2m[WebServer] [22m      at async LazyResult.runAsync (C:\project\jjiban\node_modules\postcss\lib\lazy-result.js:293:11)
[2m[WebServer] [22m      at async runPostCSS (file:///C:/project/jjiban/node_modules/vite/dist/node/chunks/config.js:30144:19)
[2m[WebServer] [22m      at async compilePostCSS (file:///C:/project/jjiban/node_modules/vite/dist/node/chunks/config.js:30128:6)[2m (x50)[22m
[2m[WebServer] [22m
[2m[WebServer] [22m
[2m[WebServer] [22m[41m[30m ERROR [39m[49m [31mInternal server error: [postcss] C:/project/jjiban/app/components/wbs/detail/TaskProgress.vue?vue&type=style&index=0&scoped=fe5c9d02&lang.css:21:1: You cannot [36m@apply[39m the [36mworkflow-step-current[39m utility here because it creates a circular dependency.[39m
[2m[WebServer] [22m  Plugin: [35mvite:css[39m
[2m[WebServer] [22m  File: [36mC:/project/jjiban/app/components/wbs/detail/TaskProgress.vue?vue&type=style&index=0&scoped=fe5c9d02&lang.css[39m:231:0
[2m[WebServer] [22m[33m  19 |  }
[2m[WebServer] [22m  20 |  
[2m[WebServer] [22m  21 |  .workflow-step-current {
[2m[WebServer] [22m     |  ^
[2m[WebServer] [22m  22 |    @apply workflow-step-current;
[2m[WebServer] [22m  23 |  }[39m
[2m[WebServer] [22m      at Input.error (C:\project\jjiban\node_modules\postcss\lib\input.js:135:16)
[2m[WebServer] [22m      at Rule.error (C:\project\jjiban\node_modules\postcss\lib\node.js:146:32)
[2m[WebServer] [22m      at processApply (C:\project\jjiban\node_modules\tailwindcss\lib\lib\expandApplyAtRules.js:443:32)
[2m[WebServer] [22m      at C:\project\jjiban\node_modules\tailwindcss\lib\lib\expandApplyAtRules.js:551:9
[2m[WebServer] [22m      at C:\project\jjiban\node_modules\tailwindcss\lib\processTailwindFeatures.js:55:50
[2m[WebServer] [22m      at process.processTicksAndRejections (node:internal/process/task_queues:105:5)
[2m[WebServer] [22m      at async plugins (C:\project\jjiban\node_modules\tailwindcss\lib\plugin.js:38:17)
[2m[WebServer] [22m      at async LazyResult.runAsync (C:\project\jjiban\node_modules\postcss\lib\lazy-result.js:293:11)
[2m[WebServer] [22m      at async runPostCSS (file:///C:/project/jjiban/node_modules/vite/dist/node/chunks/config.js:30144:19)
[2m[WebServer] [22m      at async compilePostCSS (file:///C:/project/jjiban/node_modules/vite/dist/node/chunks/config.js:30128:6)[2m (x51)[22m
[2m[WebServer] [22m
[2m[WebServer] [22m[43m[30m WARN [39m[49m [Vue Router warn]: uncaught error during route navigation:
[2m[WebServer] [22m[41m[30m ERROR [39m[49m [postcss] C:/project/jjiban/app/components/wbs/detail/TaskProgress.vue?vue&type=style&index=0&scoped=fe5c9d02&lang.css:21:1: You cannot [36m@apply[39m the [36mworkflow-step-current[39m utility here because it creates a circular dependency.
[2m[WebServer] [22m
[2m[WebServer] [22m    [90mat [39mcreateError ([36mC:/project/jjiban/node_modules/h3/dist/index.mjs:71:15[39m)
[2m[WebServer] [22m    [90mat [39mC:/project/jjiban/node_modules/@nuxt/vite-builder/dist/shared/vite-builder.Bmat7g1G.mjs:430:21)
[2m[WebServer] [22m    [90mat [39mprocess.processTicksAndRejections ([36mnode:internal/process/task_queues:105:5[39m)
[2m[WebServer] [22m    [90mat [39masync processMessage ([36mC:/project/jjiban/node_modules/@nuxt/vite-builder/dist/shared/vite-builder.Bmat7g1G.mjs:412:30[39m)
[2m[WebServer] [22m[43m[30m WARN [39m[49m [Vue Router warn]: uncaught error during route navigation:
[2m[WebServer] [22m[41m[30m ERROR [39m[49m [postcss] C:/project/jjiban/app/components/wbs/detail/TaskProgress.vue?vue&type=style&index=0&scoped=fe5c9d02&lang.css:21:1: You cannot [36m@apply[39m the [36mworkflow-step-current[39m utility here because it creates a circular dependency.
[2m[WebServer] [22m
[2m[WebServer] [22m    [90mat [39mcreateError ([36mC:/project/jjiban/node_modules/h3/dist/index.mjs:71:15[39m)
[2m[WebServer] [22m    [90mat [39mC:/project/jjiban/node_modules/@nuxt/vite-builder/dist/shared/vite-builder.Bmat7g1G.mjs:430:21)
[2m[WebServer] [22m    [90mat [39mprocess.processTicksAndRejections ([36mnode:internal/process/task_queues:105:5[39m)
[2m[WebServer] [22m    [90mat [39masync processMessage ([36mC:/project/jjiban/node_modules/@nuxt/vite-builder/dist/shared/vite-builder.Bmat7g1G.mjs:412:30[39m)
[2m[WebServer] [22m[43m[30m WARN [39m[49m [Vue Router warn]: uncaught error during route navigation:
[2m[WebServer] [22m[41m[30m ERROR [39m[49m [postcss] C:/project/jjiban/app/components/wbs/detail/TaskProgress.vue?vue&type=style&index=0&scoped=fe5c9d02&lang.css:21:1: You cannot [36m@apply[39m the [36mworkflow-step-current[39m utility here because it creates a circular dependency.
[2m[WebServer] [22m
[2m[WebServer] [22m    [90mat [39mcreateError ([36mC:/project/jjiban/node_modules/h3/dist/index.mjs:71:15[39m)
[2m[WebServer] [22m    [90mat [39mC:/project/jjiban/node_modules/@nuxt/vite-builder/dist/shared/vite-builder.Bmat7g1G.mjs:430:21)
[2m[WebServer] [22m    [90mat [39mprocess.processTicksAndRejections ([36mnode:internal/process/task_queues:105:5[39m)
[2m[WebServer] [22m    [90mat [39masync processMessage ([36mC:/project/jjiban/node_modules/@nuxt/vite-builder/dist/shared/vite-builder.Bmat7g1G.mjs:412:30[39m)
[2m[WebServer] [22m[43m[30m WARN [39m[49m [nuxt] Failed to stringify dev server logs. Received [36mDevalueError: Cannot stringify arbitrary non-POJOs[39m. You can define your own reducer/reviver for rich types following the instructions in https://nuxt.com/docs/api/composables/use-nuxt-app#payload.
[2m[WebServer] [22m[43m[30m WARN [39m[49m [Vue Router warn]: uncaught error during route navigation:
[2m[WebServer] [22m[41m[30m ERROR [39m[49m [postcss] C:/project/jjiban/app/components/wbs/detail/TaskProgress.vue?vue&type=style&index=0&scoped=fe5c9d02&lang.css:21:1: You cannot [36m@apply[39m the [36mworkflow-step-current[39m utility here because it creates a circular dependency.
[2m[WebServer] [22m
[2m[WebServer] [22m    [90mat [39mcreateError ([36mC:/project/jjiban/node_modules/h3/dist/index.mjs:71:15[39m)
[2m[WebServer] [22m    [90mat [39mC:/project/jjiban/node_modules/@nuxt/vite-builder/dist/shared/vite-builder.Bmat7g1G.mjs:430:21)
[2m[WebServer] [22m    [90mat [39mprocess.processTicksAndRejections ([36mnode:internal/process/task_queues:105:5[39m)
[2m[WebServer] [22m    [90mat [39masync processMessage ([36mC:/project/jjiban/node_modules/@nuxt/vite-builder/dist/shared/vite-builder.Bmat7g1G.mjs:412:30[39m)
[2m[WebServer] [22m[43m[30m WARN [39m[49m [nuxt] Failed to stringify dev server logs. Received [36mDevalueError: Cannot stringify arbitrary non-POJOs[39m. You can define your own reducer/reviver for rich types following the instructions in https://nuxt.com/docs/api/composables/use-nuxt-app#payload.
[2m[WebServer] [22m
[2m[WebServer] [22m[41m[30m ERROR [39m[49m [31mInternal server error: [postcss] C:/project/jjiban/app/components/wbs/detail/TaskProgress.vue?vue&type=style&index=0&scoped=fe5c9d02&lang.css:21:1: You cannot [36m@apply[39m the [36mworkflow-step-current[39m utility here because it creates a circular dependency.[39m
[2m[WebServer] [22m  Plugin: [35mvite:css[39m
[2m[WebServer] [22m  File: [36mC:/project/jjiban/app/components/wbs/detail/TaskProgress.vue?vue&type=style&index=0&scoped=fe5c9d02&lang.css[39m:231:0
[2m[WebServer] [22m[33m  19 |  }
[2m[WebServer] [22m  20 |  
[2m[WebServer] [22m  21 |  .workflow-step-current {
[2m[WebServer] [22m     |  ^
[2m[WebServer] [22m  22 |    @apply workflow-step-current;
[2m[WebServer] [22m  23 |  }[39m
[2m[WebServer] [22m      at Input.error (C:\project\jjiban\node_modules\postcss\lib\input.js:135:16)
[2m[WebServer] [22m      at Rule.error (C:\project\jjiban\node_modules\postcss\lib\node.js:146:32)
[2m[WebServer] [22m      at processApply (C:\project\jjiban\node_modules\tailwindcss\lib\lib\expandApplyAtRules.js:443:32)
[2m[WebServer] [22m      at C:\project\jjiban\node_modules\tailwindcss\lib\lib\expandApplyAtRules.js:551:9
[2m[WebServer] [22m      at C:\project\jjiban\node_modules\tailwindcss\lib\processTailwindFeatures.js:55:50
[2m[WebServer] [22m      at process.processTicksAndRejections (node:internal/process/task_queues:105:5)
[2m[WebServer] [22m      at async plugins (C:\project\jjiban\node_modules\tailwindcss\lib\plugin.js:38:17)
[2m[WebServer] [22m      at async LazyResult.runAsync (C:\project\jjiban\node_modules\postcss\lib\lazy-result.js:293:11)
[2m[WebServer] [22m      at async runPostCSS (file:///C:/project/jjiban/node_modules/vite/dist/node/chunks/config.js:30144:19)
[2m[WebServer] [22m      at async compilePostCSS (file:///C:/project/jjiban/node_modules/vite/dist/node/chunks/config.js:30128:6)[2m (x52)[22m
[2m[WebServer] [22m
[2m[WebServer] [22m
[2m[WebServer] [22m[41m[30m ERROR [39m[49m [31mInternal server error: [postcss] C:/project/jjiban/app/components/wbs/detail/TaskProgress.vue?vue&type=style&index=0&scoped=fe5c9d02&lang.css:21:1: You cannot [36m@apply[39m the [36mworkflow-step-current[39m utility here because it creates a circular dependency.[39m
[2m[WebServer] [22m  Plugin: [35mvite:css[39m
[2m[WebServer] [22m  File: [36mC:/project/jjiban/app/components/wbs/detail/TaskProgress.vue?vue&type=style&index=0&scoped=fe5c9d02&lang.css[39m:231:0
[2m[WebServer] [22m[33m  19 |  }
[2m[WebServer] [22m  20 |  
[2m[WebServer] [22m  21 |  .workflow-step-current {
[2m[WebServer] [22m     |  ^
[2m[WebServer] [22m  22 |    @apply workflow-step-current;
[2m[WebServer] [22m  23 |  }[39m
[2m[WebServer] [22m      at Input.error (C:\project\jjiban\node_modules\postcss\lib\input.js:135:16)
[2m[WebServer] [22m      at Rule.error (C:\project\jjiban\node_modules\postcss\lib\node.js:146:32)
[2m[WebServer] [22m      at processApply (C:\project\jjiban\node_modules\tailwindcss\lib\lib\expandApplyAtRules.js:443:32)
[2m[WebServer] [22m      at C:\project\jjiban\node_modules\tailwindcss\lib\lib\expandApplyAtRules.js:551:9
[2m[WebServer] [22m      at C:\project\jjiban\node_modules\tailwindcss\lib\processTailwindFeatures.js:55:50
[2m[WebServer] [22m      at process.processTicksAndRejections (node:internal/process/task_queues:105:5)
[2m[WebServer] [22m      at async plugins (C:\project\jjiban\node_modules\tailwindcss\lib\plugin.js:38:17)
[2m[WebServer] [22m      at async LazyResult.runAsync (C:\project\jjiban\node_modules\postcss\lib\lazy-result.js:293:11)
[2m[WebServer] [22m      at async runPostCSS (file:///C:/project/jjiban/node_modules/vite/dist/node/chunks/config.js:30144:19)
[2m[WebServer] [22m      at async compilePostCSS (file:///C:/project/jjiban/node_modules/vite/dist/node/chunks/config.js:30128:6)[2m (x53)[22m
[2m[WebServer] [22m
[2m[WebServer] [22m[36mℹ[39m [32mpage reload [39m[2mcomponents/wbs/detail/TaskProgress.vue[22m
[2m[WebServer] [22m[32m✔[39m Vite server hmr 1 files in 0.01ms
[2m[WebServer] [22m[32m✔[39m Vite server hmr 13 files in 954.541ms
[2m[WebServer] [22m[90m[[90mnuxt[90m][39m [36mℹ[39m Compiled [36mplugins.server.mjs[39m in 832.74ms
[2m[WebServer] [22m[90m[[90mnuxt[90m][39m [36mℹ[39m Compiled [36mplugins.client.mjs[39m in 858.11ms
[2m[WebServer] [22m[90m[[90mnuxt[90m][39m [36mℹ[39m Compiled [36mtypes/plugins.d.ts[39m in 877.95ms
  ✘  27 [chromium] › detail-sections.spec.ts:238:3 › TSK-05-02: Detail Sections Integration › E2E-007: 상태 변경 이력이 타임라인으로 표시된다 (7.5s)
  ✘  26 [chromium] › detail-sections.spec.ts:218:3 › TSK-05-02: Detail Sections Integration › E2E-006: 존재하는 문서를 클릭하면 뷰어가 열린다 (9.6s)
  ✘  24 [chromium] › detail-sections.spec.ts:145:3 › TSK-05-02: Detail Sections Integration › E2E-004: 요구사항을 추가하고 삭제할 수 있다 (7.0s)
  ✘  29 [chromium] › detail-sections.spec.ts:269:3 › TSK-05-02: Detail Sections Integration › E2E-008: 카테고리별로 다른 워크플로우 단계가 표시된다 (7.8s)
  ✘  28 [chromium] › detail-sections.spec.ts:293:3 › TSK-05-02: Detail Sections Integration › E2E-PERF-01: 모든 섹션이 빠르게 렌더링된다 (9.4s)
  ✘  25 [chromium] › detail-sections.spec.ts:189:3 › TSK-05-02: Detail Sections Integration › E2E-005: 문서 목록과 존재/예정 상태가 표시된다 (12.4s)
  ✓  34 [chromium] › header.spec.ts:18:3 › AppHeader 컴포넌트 › E2E-001: 로고 클릭 시 /wbs 페이지로 이동한다 (1.7s)
  ✓  35 [chromium] › header.spec.ts:40:3 › AppHeader 컴포넌트 › E2E-002: WBS 메뉴 클릭 시 /wbs 페이지로 이동한다 (2.8s)
  ✓  36 [chromium] › header.spec.ts:62:3 › AppHeader 컴포넌트 › E2E-003: 비활성 메뉴 클릭 시 Toast가 표시된다 (3.2s)
  ✓  37 [chromium] › header.spec.ts:88:3 › AppHeader 컴포넌트 › E2E-004: 프로젝트명이 헤더에 표시된다 (2.0s)
  ✘  31 [chromium] › detail-sections.spec.ts:386:3 › TSK-05-02: Detail Sections Integration › E2E-INTEGRATION-01: WBS 페이지에서 Task 선택 시 모든 섹션이 표시된다 (9.4s)
  ✓  38 [chromium] › header.spec.ts:104:3 › AppHeader 컴포넌트 › E2E-005: 현재 페이지에 해당하는 메뉴가 강조 표시된다 (2.3s)
  ✓  39 [chromium] › header.spec.ts:125:3 › AppHeader 컴포넌트 › E2E-006: 프로젝트 미선택 시 안내 텍스트가 표시된다 (2.5s)
  ✓  40 [chromium] › header.spec.ts:165:3 › AppHeader 컴포넌트 › E2E-008: 비활성 메뉴는 opacity가 낮게 표시된다 (2.0s)
  ✘  33 [chromium] › detail-sections.spec.ts:428:3 › TSK-05-02: Detail Sections Integration › E2E-THEME-01: TaskWorkflow 현재 단계가 강조 표시된다 (8.1s)
  ✓  41 [chromium] › header.spec.ts:187:3 › AppHeader 컴포넌트 › E2E-009: 로고가 키보드로 접근 가능하다 (1.6s)
  ✓  42 [chromium] › header.spec.ts:205:3 › AppHeader 컴포넌트 › E2E-010: PrimeVue Menubar 컴포넌트가 렌더링된다 (1.6s)
  ✓  45 [chromium] › layout.spec.ts:40:3 › AppLayout 컴포넌트 › E2E-002: 좌우 패널이 60:40 비율로 분할된다 (2.7s)
  ✓  43 [chromium] › layout.spec.ts:14:3 › AppLayout 컴포넌트 › E2E-001: AppLayout이 Header + Content 구조로 표시된다 (2.9s)
  ✓  44 [chromium] › header.spec.ts:144:3 › AppHeader 컴포넌트 › E2E-007: 4개의 네비게이션 메뉴가 표시된다 (2.7s)
  ✓  46 [chromium] › header.spec.ts:225:3 › AppHeader 컴포넌트 › E2E-011: Menubar가 올바른 다크 테마 스타일을 가진다 (2.4s)
  ✓  47 [chromium] › layout.spec.ts:74:3 › AppLayout 컴포넌트 › E2E-003: 1200px 미만에서 가로 스크롤이 발생한다 (3.6s)
  ✓  49 [chromium] › layout.spec.ts:124:3 › AppLayout 컴포넌트 › E2E-005: 패널은 최소 너비를 유지한다 (3.6s)
  ✓  48 [chromium] › layout.spec.ts:94:3 › AppLayout 컴포넌트 › E2E-004: Header는 56px, Content는 나머지 높이를 차지한다 (4.0s)
  ✓  50 [chromium] › layout.spec.ts:154:3 › AppLayout 컴포넌트 › E2E-006: 시맨틱 HTML 태그가 올바르게 적용된다 (2.4s)
  ✓  53 [chromium] › projects.spec.ts:102:3 › Project Metadata Service API › E2E-001: GET /api/projects returns project list (517ms)
  ✓  51 [chromium] › layout.spec.ts:182:3 › AppLayout 컴포넌트 › E2E-007: Splitter Gutter가 올바른 다크 테마 스타일을 가진다 (1.3s)
  ✓  54 [chromium] › projects.spec.ts:131:3 › Project Metadata Service API › E2E-002: GET /api/projects/:id returns project detail with team (213ms)
[2m[WebServer] [22m[43m[30m WARN [39m[49m [TaskService] Failed to search task in project 'e2e-page-test-001': 프로젝트를 찾을 수 없습니다: e2e-page-test-001
[2m[WebServer] [22m
[2m[WebServer] [22m    [90mat [39mcreateError ([36m/C:/project/jjiban/node_modules/h3/dist/index.mjs:71:15[39m)
[2m[WebServer] [22m    [90mat [39mcreateStandardError ([36m/C:/project/jjiban/.nuxt/dev/index.mjs:8802:10[39m)
[2m[WebServer] [22m    [90mat [39mcreateNotFoundError ([36m/C:/project/jjiban/.nuxt/dev/index.mjs:8812:10[39m)
[2m[WebServer] [22m    [90mat [39mgetWbsTree ([36m/C:/project/jjiban/.nuxt/dev/index.mjs:10662:11[39m)
[2m[WebServer] [22m    [90mat [39masync findTaskById ([36m/C:/project/jjiban/.nuxt/dev/index.mjs:10773:24[39m)
[2m[WebServer] [22m    [90mat [39masync getTaskDetail ([36m/C:/project/jjiban/.nuxt/dev/index.mjs:10876:24[39m)
[2m[WebServer] [22m    [90mat [39masync Object.handler ([36m/C:/project/jjiban/.nuxt/dev/index.mjs:15485:16[39m)
[2m[WebServer] [22m    [90mat [39masync /C:/project/jjiban/node_modules/h3/dist/index.mjs:2004:19
[2m[WebServer] [22m    [90mat [39masync Object.callAsync ([36m/C:/project/jjiban/node_modules/unctx/dist/index.mjs:72:16[39m)
[2m[WebServer] [22m    [90mat [39masync Server.toNodeHandle ([36m/C:/project/jjiban/node_modules/h3/dist/index.mjs:2296:7[39m)
[2m[WebServer] [22m
[2m[WebServer] [22m  [cause]: 프로젝트를 찾을 수 없습니다: e2e-page-test-001
  ✓  55 [chromium] › tasks.spec.ts:107:3 › Task API › E2E-TASK-01: GET /api/tasks/:id - Task 조회 성공 (488ms)
[2m[WebServer] [22m[43m[30m WARN [39m[49m [TaskService] Failed to search task in project 'e2e-create-project': 프로젝트를 찾을 수 없습니다: e2e-create-project
[2m[WebServer] [22m
[2m[WebServer] [22m    [90mat [39mcreateError ([36m/C:/project/jjiban/node_modules/h3/dist/index.mjs:71:15[39m)
[2m[WebServer] [22m    [90mat [39mcreateStandardError ([36m/C:/project/jjiban/.nuxt/dev/index.mjs:8802:10[39m)
[2m[WebServer] [22m    [90mat [39mcreateNotFoundError ([36m/C:/project/jjiban/.nuxt/dev/index.mjs:8812:10[39m)
[2m[WebServer] [22m    [90mat [39mgetWbsTree ([36m/C:/project/jjiban/.nuxt/dev/index.mjs:10662:11[39m)
[2m[WebServer] [22m    [90mat [39masync findTaskById ([36m/C:/project/jjiban/.nuxt/dev/index.mjs:10773:24[39m)
[2m[WebServer] [22m    [90mat [39masync getTaskDetail ([36m/C:/project/jjiban/.nuxt/dev/index.mjs:10876:24[39m)
[2m[WebServer] [22m    [90mat [39masync Object.handler ([36m/C:/project/jjiban/.nuxt/dev/index.mjs:15485:16[39m)
[2m[WebServer] [22m    [90mat [39masync /C:/project/jjiban/node_modules/h3/dist/index.mjs:2004:19
[2m[WebServer] [22m    [90mat [39masync Object.callAsync ([36m/C:/project/jjiban/node_modules/unctx/dist/index.mjs:72:16[39m)
[2m[WebServer] [22m    [90mat [39masync Server.toNodeHandle ([36m/C:/project/jjiban/node_modules/h3/dist/index.mjs:2296:7[39m)
[2m[WebServer] [22m
[2m[WebServer] [22m  [cause]: 프로젝트를 찾을 수 없습니다: e2e-create-project
[2m[WebServer] [22m[43m[30m WARN [39m[49m [TaskService] Failed to search task in project 'e2e-page-test-001': 프로젝트를 찾을 수 없습니다: e2e-page-test-001
[2m[WebServer] [22m
[2m[WebServer] [22m    [90mat [39mcreateError ([36m/C:/project/jjiban/node_modules/h3/dist/index.mjs:71:15[39m)
[2m[WebServer] [22m    [90mat [39mcreateStandardError ([36m/C:/project/jjiban/.nuxt/dev/index.mjs:8802:10[39m)
[2m[WebServer] [22m    [90mat [39mcreateNotFoundError ([36m/C:/project/jjiban/.nuxt/dev/index.mjs:8812:10[39m)
[2m[WebServer] [22m    [90mat [39mgetWbsTree ([36m/C:/project/jjiban/.nuxt/dev/index.mjs:10662:11[39m)
[2m[WebServer] [22m    [90mat [39masync findTaskById ([36m/C:/project/jjiban/.nuxt/dev/index.mjs:10773:24[39m)
[2m[WebServer] [22m    [90mat [39masync getTaskDetail ([36m/C:/project/jjiban/.nuxt/dev/index.mjs:10876:24[39m)
[2m[WebServer] [22m    [90mat [39masync Object.handler ([36m/C:/project/jjiban/.nuxt/dev/index.mjs:15485:16[39m)
[2m[WebServer] [22m    [90mat [39masync /C:/project/jjiban/node_modules/h3/dist/index.mjs:2004:19
[2m[WebServer] [22m    [90mat [39masync Object.callAsync ([36m/C:/project/jjiban/node_modules/unctx/dist/index.mjs:72:16[39m)
[2m[WebServer] [22m    [90mat [39masync Server.toNodeHandle ([36m/C:/project/jjiban/node_modules/h3/dist/index.mjs:2296:7[39m)
[2m[WebServer] [22m
[2m[WebServer] [22m  [cause]: 프로젝트를 찾을 수 없습니다: e2e-page-test-001
[2m[WebServer] [22m[43m[30m WARN [39m[49m [TaskService] Failed to search task in project 'e2e-create-project': 프로젝트를 찾을 수 없습니다: e2e-create-project
[2m[WebServer] [22m
[2m[WebServer] [22m    [90mat [39mcreateError ([36m/C:/project/jjiban/node_modules/h3/dist/index.mjs:71:15[39m)
[2m[WebServer] [22m    [90mat [39mcreateStandardError ([36m/C:/project/jjiban/.nuxt/dev/index.mjs:8802:10[39m)
[2m[WebServer] [22m    [90mat [39mcreateNotFoundError ([36m/C:/project/jjiban/.nuxt/dev/index.mjs:8812:10[39m)
[2m[WebServer] [22m    [90mat [39mgetWbsTree ([36m/C:/project/jjiban/.nuxt/dev/index.mjs:10662:11[39m)
[2m[WebServer] [22m    [90mat [39masync findTaskById ([36m/C:/project/jjiban/.nuxt/dev/index.mjs:10773:24[39m)
[2m[WebServer] [22m    [90mat [39masync updateTask ([36m/C:/project/jjiban/.nuxt/dev/index.mjs:10912:24[39m)
[2m[WebServer] [22m    [90mat [39masync Object.handler ([36m/C:/project/jjiban/.nuxt/dev/index.mjs:15497:16[39m)
[2m[WebServer] [22m    [90mat [39masync /C:/project/jjiban/node_modules/h3/dist/index.mjs:2004:19
[2m[WebServer] [22m    [90mat [39masync Object.callAsync ([36m/C:/project/jjiban/node_modules/unctx/dist/index.mjs:72:16[39m)
[2m[WebServer] [22m    [90mat [39masync Server.toNodeHandle ([36m/C:/project/jjiban/node_modules/h3/dist/index.mjs:2296:7[39m)
[2m[WebServer] [22m
[2m[WebServer] [22m  [cause]: 프로젝트를 찾을 수 없습니다: e2e-create-project
  ✓  56 [chromium] › projects.spec.ts:159:3 › Project Metadata Service API › E2E-003: POST /api/projects creates new project with folder structure (711ms)
[2m[WebServer] [22m[43m[30m WARN [39m[49m [TaskService] Failed to search task in project 'e2e-page-test-001': 프로젝트를 찾을 수 없습니다: e2e-page-test-001
[2m[WebServer] [22m
[2m[WebServer] [22m    [90mat [39mcreateError ([36m/C:/project/jjiban/node_modules/h3/dist/index.mjs:71:15[39m)
[2m[WebServer] [22m    [90mat [39mcreateStandardError ([36m/C:/project/jjiban/.nuxt/dev/index.mjs:8802:10[39m)
[2m[WebServer] [22m    [90mat [39mcreateNotFoundError ([36m/C:/project/jjiban/.nuxt/dev/index.mjs:8812:10[39m)
[2m[WebServer] [22m    [90mat [39mgetWbsTree ([36m/C:/project/jjiban/.nuxt/dev/index.mjs:10662:11[39m)
[2m[WebServer] [22m    [90mat [39masync findTaskById ([36m/C:/project/jjiban/.nuxt/dev/index.mjs:10773:24[39m)
[2m[WebServer] [22m    [90mat [39masync updateTask ([36m/C:/project/jjiban/.nuxt/dev/index.mjs:10912:24[39m)
[2m[WebServer] [22m    [90mat [39masync Object.handler ([36m/C:/project/jjiban/.nuxt/dev/index.mjs:15497:16[39m)
[2m[WebServer] [22m    [90mat [39masync /C:/project/jjiban/node_modules/h3/dist/index.mjs:2004:19
[2m[WebServer] [22m    [90mat [39masync Object.callAsync ([36m/C:/project/jjiban/node_modules/unctx/dist/index.mjs:72:16[39m)
[2m[WebServer] [22m    [90mat [39masync Server.toNodeHandle ([36m/C:/project/jjiban/node_modules/h3/dist/index.mjs:2296:7[39m)
[2m[WebServer] [22m
[2m[WebServer] [22m  [cause]: 프로젝트를 찾을 수 없습니다: e2e-page-test-001
[2m[WebServer] [22m[43m[30m WARN [39m[49m [TaskService] Failed to search task in project 'e2e-page-test-001': 프로젝트를 찾을 수 없습니다: e2e-page-test-001
[2m[WebServer] [22m
[2m[WebServer] [22m    [90mat [39mcreateError ([36m/C:/project/jjiban/node_modules/h3/dist/index.mjs:71:15[39m)
[2m[WebServer] [22m    [90mat [39mcreateStandardError ([36m/C:/project/jjiban/.nuxt/dev/index.mjs:8802:10[39m)
[2m[WebServer] [22m    [90mat [39mcreateNotFoundError ([36m/C:/project/jjiban/.nuxt/dev/index.mjs:8812:10[39m)
[2m[WebServer] [22m    [90mat [39mgetWbsTree ([36m/C:/project/jjiban/.nuxt/dev/index.mjs:10662:11[39m)
[2m[WebServer] [22m    [90mat [39masync findTaskById ([36m/C:/project/jjiban/.nuxt/dev/index.mjs:10773:24[39m)
[2m[WebServer] [22m    [90mat [39masync getTaskDetail ([36m/C:/project/jjiban/.nuxt/dev/index.mjs:10876:24[39m)
[2m[WebServer] [22m    [90mat [39masync Object.handler ([36m/C:/project/jjiban/.nuxt/dev/index.mjs:15497:16[39m)
[2m[WebServer] [22m    [90mat [39masync /C:/project/jjiban/node_modules/h3/dist/index.mjs:2004:19
[2m[WebServer] [22m    [90mat [39masync Object.callAsync ([36m/C:/project/jjiban/node_modules/unctx/dist/index.mjs:72:16[39m)
[2m[WebServer] [22m    [90mat [39masync Server.toNodeHandle ([36m/C:/project/jjiban/node_modules/h3/dist/index.mjs:2296:7[39m)
[2m[WebServer] [22m
[2m[WebServer] [22m  [cause]: 프로젝트를 찾을 수 없습니다: e2e-page-test-001
[2m[WebServer] [22m[43m[30m WARN [39m[49m [TaskService] Failed to search task in project 'e2e-page-test-001': 프로젝트를 찾을 수 없습니다: e2e-page-test-001
[2m[WebServer] [22m
[2m[WebServer] [22m    [90mat [39mcreateError ([36m/C:/project/jjiban/node_modules/h3/dist/index.mjs:71:15[39m)
[2m[WebServer] [22m    [90mat [39mcreateStandardError ([36m/C:/project/jjiban/.nuxt/dev/index.mjs:8802:10[39m)
[2m[WebServer] [22m    [90mat [39mcreateNotFoundError ([36m/C:/project/jjiban/.nuxt/dev/index.mjs:8812:10[39m)
[2m[WebServer] [22m    [90mat [39mgetWbsTree ([36m/C:/project/jjiban/.nuxt/dev/index.mjs:10662:11[39m)
[2m[WebServer] [22m    [90mat [39masync findTaskById ([36m/C:/project/jjiban/.nuxt/dev/index.mjs:10773:24[39m)
[2m[WebServer] [22m    [90mat [39masync getTaskDetail ([36m/C:/project/jjiban/.nuxt/dev/index.mjs:10876:24[39m)
[2m[WebServer] [22m    [90mat [39masync Object.handler ([36m/C:/project/jjiban/.nuxt/dev/index.mjs:15485:16[39m)
[2m[WebServer] [22m    [90mat [39masync /C:/project/jjiban/node_modules/h3/dist/index.mjs:2004:19
[2m[WebServer] [22m    [90mat [39masync Object.callAsync ([36m/C:/project/jjiban/node_modules/unctx/dist/index.mjs:72:16[39m)
[2m[WebServer] [22m    [90mat [39masync Server.toNodeHandle ([36m/C:/project/jjiban/node_modules/h3/dist/index.mjs:2296:7[39m)
[2m[WebServer] [22m
[2m[WebServer] [22m  [cause]: 프로젝트를 찾을 수 없습니다: e2e-page-test-001
  ✓  59 [chromium] › projects.spec.ts:194:3 › Project Metadata Service API › E2E-004: PUT /api/projects/:id updates project fields (288ms)
  ✓  58 [chromium] › tasks.spec.ts:128:3 › Task API › E2E-TASK-02: PUT /api/tasks/:id - Task 수정 및 이력 기록 (776ms)
  ✓  60 [chromium] › projects.spec.ts:223:3 › Project Metadata Service API › E2E-005: team CRUD operations work correctly (285ms)
[2m[WebServer] [22m[43m[30m WARN [39m[49m [ProjectsList] Skipping test-project-api: project.json not found or invalid
[2m[WebServer] [22m[43m[30m WARN [39m[49m [TaskService] Failed to search task in project 'e2e-page-test-001': 프로젝트를 찾을 수 없습니다: e2e-page-test-001
[2m[WebServer] [22m
[2m[WebServer] [22m    [90mat [39mcreateError ([36m/C:/project/jjiban/node_modules/h3/dist/index.mjs:71:15[39m)
[2m[WebServer] [22m    [90mat [39mcreateStandardError ([36m/C:/project/jjiban/.nuxt/dev/index.mjs:8802:10[39m)
[2m[WebServer] [22m    [90mat [39mcreateNotFoundError ([36m/C:/project/jjiban/.nuxt/dev/index.mjs:8812:10[39m)
[2m[WebServer] [22m    [90mat [39mgetWbsTree ([36m/C:/project/jjiban/.nuxt/dev/index.mjs:10662:11[39m)
[2m[WebServer] [22m    [90mat [39masync findTaskById ([36m/C:/project/jjiban/.nuxt/dev/index.mjs:10773:24[39m)
[2m[WebServer] [22m    [90mat [39masync getTaskDetail ([36m/C:/project/jjiban/.nuxt/dev/index.mjs:10876:24[39m)
[2m[WebServer] [22m    [90mat [39masync Object.handler ([36m/C:/project/jjiban/.nuxt/dev/index.mjs:15485:16[39m)
[2m[WebServer] [22m    [90mat [39masync /C:/project/jjiban/node_modules/h3/dist/index.mjs:2004:19
[2m[WebServer] [22m    [90mat [39masync Object.callAsync ([36m/C:/project/jjiban/node_modules/unctx/dist/index.mjs:72:16[39m)
[2m[WebServer] [22m    [90mat [39masync Server.toNodeHandle ([36m/C:/project/jjiban/node_modules/h3/dist/index.mjs:2296:7[39m)
[2m[WebServer] [22m
[2m[WebServer] [22m  [cause]: 프로젝트를 찾을 수 없습니다: e2e-page-test-001
  ✓  61 [chromium] › tasks.spec.ts:162:3 › Task API › E2E-TASK-03: GET /api/tasks/:id - 존재하지 않는 Task (1.6s)
  ✓  62 [chromium] › projects.spec.ts:270:3 › Project Metadata Service API › E2E-006: GET /api/projects/:id returns 404 for non-existent project (1.6s)
[2m[WebServer] [22m[43m[30m WARN [39m[49m [TaskService] Failed to search task in project 'e2e-page-test-001': 프로젝트를 찾을 수 없습니다: e2e-page-test-001
[2m[WebServer] [22m
[2m[WebServer] [22m    [90mat [39mcreateError ([36m/C:/project/jjiban/node_modules/h3/dist/index.mjs:71:15[39m)
[2m[WebServer] [22m    [90mat [39mcreateStandardError ([36m/C:/project/jjiban/.nuxt/dev/index.mjs:8802:10[39m)
[2m[WebServer] [22m    [90mat [39mcreateNotFoundError ([36m/C:/project/jjiban/.nuxt/dev/index.mjs:8812:10[39m)
[2m[WebServer] [22m    [90mat [39mgetWbsTree ([36m/C:/project/jjiban/.nuxt/dev/index.mjs:10662:11[39m)
[2m[WebServer] [22m    [90mat [39masync findTaskById ([36m/C:/project/jjiban/.nuxt/dev/index.mjs:10773:24[39m)
[2m[WebServer] [22m    [90mat [39masync updateTask ([36m/C:/project/jjiban/.nuxt/dev/index.mjs:10912:24[39m)
[2m[WebServer] [22m    [90mat [39masync Object.handler ([36m/C:/project/jjiban/.nuxt/dev/index.mjs:15497:16[39m)
[2m[WebServer] [22m    [90mat [39masync /C:/project/jjiban/node_modules/h3/dist/index.mjs:2004:19
[2m[WebServer] [22m    [90mat [39masync Object.callAsync ([36m/C:/project/jjiban/node_modules/unctx/dist/index.mjs:72:16[39m)
[2m[WebServer] [22m    [90mat [39masync Server.toNodeHandle ([36m/C:/project/jjiban/node_modules/h3/dist/index.mjs:2296:7[39m)
[2m[WebServer] [22m
[2m[WebServer] [22m  [cause]: 프로젝트를 찾을 수 없습니다: e2e-page-test-001
  ✓  64 [chromium] › projects.spec.ts:287:3 › Project Metadata Service API › E2E-007: POST /api/projects rejects invalid project ID format (1.1s)
  ✓  63 [chromium] › tasks.spec.ts:173:3 › Task API › E2E-TASK-04: PUT /api/tasks/:id - 유효성 검증 실패 (1.4s)
[2m[WebServer] [22m[43m[30m WARN [39m[49m [TaskService] Failed to search task in project 'e2e-page-test-001': 프로젝트를 찾을 수 없습니다: e2e-page-test-001
[2m[WebServer] [22m
[2m[WebServer] [22m    [90mat [39mcreateError ([36m/C:/project/jjiban/node_modules/h3/dist/index.mjs:71:15[39m)
[2m[WebServer] [22m    [90mat [39mcreateStandardError ([36m/C:/project/jjiban/.nuxt/dev/index.mjs:8802:10[39m)
[2m[WebServer] [22m    [90mat [39mcreateNotFoundError ([36m/C:/project/jjiban/.nuxt/dev/index.mjs:8812:10[39m)
[2m[WebServer] [22m    [90mat [39mgetWbsTree ([36m/C:/project/jjiban/.nuxt/dev/index.mjs:10662:11[39m)
[2m[WebServer] [22m    [90mat [39masync findTaskById ([36m/C:/project/jjiban/.nuxt/dev/index.mjs:10773:24[39m)
[2m[WebServer] [22m    [90mat [39masync Object.handler ([36m/C:/project/jjiban/.nuxt/dev/index.mjs:15547:24[39m)
[2m[WebServer] [22m    [90mat [39masync /C:/project/jjiban/node_modules/h3/dist/index.mjs:2004:19
[2m[WebServer] [22m    [90mat [39masync Object.callAsync ([36m/C:/project/jjiban/node_modules/unctx/dist/index.mjs:72:16[39m)
[2m[WebServer] [22m    [90mat [39masync Server.toNodeHandle ([36m/C:/project/jjiban/node_modules/h3/dist/index.mjs:2296:7[39m)
[2m[WebServer] [22m
[2m[WebServer] [22m  [cause]: 프로젝트를 찾을 수 없습니다: e2e-page-test-001
[2m[WebServer] [22m[36mℹ[39m [32m✨ new dependencies optimized: [33mprimevue/inlinemessage, primevue/selectbutton[32m[39m
[2m[WebServer] [22m[36mℹ[39m [32m✨ optimized dependencies changed. reloading[39m
[2m[WebServer] [22m[43m[30m WARN [39m[49m [TaskService] Failed to search task in project 'e2e-page-test-001': 프로젝트를 찾을 수 없습니다: e2e-page-test-001
[2m[WebServer] [22m
[2m[WebServer] [22m    [90mat [39mcreateError ([36m/C:/project/jjiban/node_modules/h3/dist/index.mjs:71:15[39m)
[2m[WebServer] [22m    [90mat [39mcreateStandardError ([36m/C:/project/jjiban/.nuxt/dev/index.mjs:8802:10[39m)
[2m[WebServer] [22m    [90mat [39mcreateNotFoundError ([36m/C:/project/jjiban/.nuxt/dev/index.mjs:8812:10[39m)
[2m[WebServer] [22m    [90mat [39mgetWbsTree ([36m/C:/project/jjiban/.nuxt/dev/index.mjs:10662:11[39m)
[2m[WebServer] [22m    [90mat [39masync findTaskById ([36m/C:/project/jjiban/.nuxt/dev/index.mjs:10773:24[39m)
[2m[WebServer] [22m    [90mat [39masync getTaskDocuments ([36m/C:/project/jjiban/.nuxt/dev/index.mjs:11095:22[39m)
[2m[WebServer] [22m    [90mat [39masync Object.handler ([36m/C:/project/jjiban/.nuxt/dev/index.mjs:15556:23[39m)
[2m[WebServer] [22m    [90mat [39masync /C:/project/jjiban/node_modules/h3/dist/index.mjs:2004:19
[2m[WebServer] [22m    [90mat [39masync Object.callAsync ([36m/C:/project/jjiban/node_modules/unctx/dist/index.mjs:72:16[39m)
[2m[WebServer] [22m    [90mat [39masync Server.toNodeHandle ([36m/C:/project/jjiban/node_modules/h3/dist/index.mjs:2296:7[39m)
[2m[WebServer] [22m
[2m[WebServer] [22m  [cause]: 프로젝트를 찾을 수 없습니다: e2e-page-test-001
[2m[WebServer] [22m[43m[30m WARN [39m[49m [TaskService] Failed to search task in project 'e2e-page-test-001': 프로젝트를 찾을 수 없습니다: e2e-page-test-001
[2m[WebServer] [22m
[2m[WebServer] [22m    [90mat [39mcreateError ([36m/C:/project/jjiban/node_modules/h3/dist/index.mjs:71:15[39m)
[2m[WebServer] [22m    [90mat [39mcreateStandardError ([36m/C:/project/jjiban/.nuxt/dev/index.mjs:8802:10[39m)
[2m[WebServer] [22m    [90mat [39mcreateNotFoundError ([36m/C:/project/jjiban/.nuxt/dev/index.mjs:8812:10[39m)
[2m[WebServer] [22m    [90mat [39mgetWbsTree ([36m/C:/project/jjiban/.nuxt/dev/index.mjs:10662:11[39m)
[2m[WebServer] [22m    [90mat [39masync findTaskById ([36m/C:/project/jjiban/.nuxt/dev/index.mjs:10773:24[39m)
[2m[WebServer] [22m    [90mat [39masync getExpectedDocuments ([36m/C:/project/jjiban/.nuxt/dev/index.mjs:11060:22[39m)
[2m[WebServer] [22m    [90mat [39masync getTaskDocuments ([36m/C:/project/jjiban/.nuxt/dev/index.mjs:11102:24[39m)
[2m[WebServer] [22m    [90mat [39masync Object.handler ([36m/C:/project/jjiban/.nuxt/dev/index.mjs:15556:23[39m)
[2m[WebServer] [22m    [90mat [39masync /C:/project/jjiban/node_modules/h3/dist/index.mjs:2004:19
[2m[WebServer] [22m    [90mat [39masync Object.callAsync ([36m/C:/project/jjiban/node_modules/unctx/dist/index.mjs:72:16[39m)
[2m[WebServer] [22m
[2m[WebServer] [22m  [cause]: 프로젝트를 찾을 수 없습니다: e2e-page-test-001
  ✓  65 [chromium] › projects.spec.ts:308:3 › Project Metadata Service API › E2E-008: POST /api/projects rejects duplicate project ID (2.6s)
  ✓  66 [chromium] › tasks.spec.ts:187:3 › Task API › E2E-TASK-05: GET /api/tasks/:id/documents - 문서 목록 조회 (2.6s)
  ✓  67 [chromium] › projects.spec.ts:330:3 › Project Metadata Service API › E2E-009: PUT /api/projects/:id rejects ID change attempt (1.6s)
[2m[WebServer] [22m[43m[30m WARN [39m[49m [TaskService] Failed to search task in project 'e2e-page-test-001': 프로젝트를 찾을 수 없습니다: e2e-page-test-001
[2m[WebServer] [22m
[2m[WebServer] [22m    [90mat [39mcreateError ([36m/C:/project/jjiban/node_modules/h3/dist/index.mjs:71:15[39m)
[2m[WebServer] [22m    [90mat [39mcreateStandardError ([36m/C:/project/jjiban/.nuxt/dev/index.mjs:8802:10[39m)
[2m[WebServer] [22m    [90mat [39mcreateNotFoundError ([36m/C:/project/jjiban/.nuxt/dev/index.mjs:8812:10[39m)
[2m[WebServer] [22m    [90mat [39mgetWbsTree ([36m/C:/project/jjiban/.nuxt/dev/index.mjs:10662:11[39m)
[2m[WebServer] [22m    [90mat [39masync findTaskById ([36m/C:/project/jjiban/.nuxt/dev/index.mjs:10773:24[39m)
[2m[WebServer] [22m    [90mat [39masync validateTransitionInternal ([36m/C:/project/jjiban/.nuxt/dev/index.mjs:11178:22[39m)
[2m[WebServer] [22m    [90mat [39masync executeTransition ([36m/C:/project/jjiban/.nuxt/dev/index.mjs:11229:22[39m)
[2m[WebServer] [22m    [90mat [39masync Object.handler ([36m/C:/project/jjiban/.nuxt/dev/index.mjs:15702:20[39m)
[2m[WebServer] [22m    [90mat [39masync /C:/project/jjiban/node_modules/h3/dist/index.mjs:2004:19
[2m[WebServer] [22m    [90mat [39masync Object.callAsync ([36m/C:/project/jjiban/node_modules/unctx/dist/index.mjs:72:16[39m)
[2m[WebServer] [22m
[2m[WebServer] [22m  [cause]: 프로젝트를 찾을 수 없습니다: e2e-page-test-001
  ✓  69 [chromium] › projects.spec.ts:350:3 › Project Metadata Service API › E2E-010: PUT /api/projects/:id/team rejects duplicate member IDs (1.2s)
  ✘  52 [chromium] › projects-page.spec.ts:109:3 › Projects Page E2E Tests › E2E-001: should render project list on page load (9.6s)
  -  71 [chromium] › projects-page.spec.ts:132:3 › Projects Page E2E Tests › E2E-003: should display all project information in card
  -  72 [chromium] › projects-page.spec.ts:162:3 › Projects Page E2E Tests › E2E-004: should navigate to WBS page on card click
  -  73 [chromium] › projects-page.spec.ts:199:3 › Projects Page E2E Tests › E2E-005: should filter projects by status
  -  74 [chromium] › projects-page.spec.ts:239:3 › Projects Page E2E Tests › E2E-007: should show loading state during initial render
  -  75 [chromium] › projects-page.spec.ts:257:3 › Projects Page E2E Tests › E2E-009: should show empty state message when no projects exist
  -  76 [chromium] › projects-page.spec.ts:275:3 › Projects Page E2E Tests › E2E-010: should show default badge on default project
  -  77 [chromium] › projects-page.spec.ts:297:3 › Projects Page E2E Tests › E2E-011: should display correctly on different viewports
  ✓  68 [chromium] › tasks.spec.ts:215:3 › Task API › E2E-TASK-06: POST /api/tasks/:id/transition - 상태 전이 성공 (2.8s)
  ✓  70 [chromium] › projects.spec.ts:371:3 › Project Metadata Service API › E2E-011: GET /api/projects supports status filtering (1.3s)
  ✓  78 [chromium] › tasks.spec.ts:238:3 › Task API › E2E-TASK-07: POST /api/tasks/:id/transition - 유효하지 않은 전이 (1.4s)
  ✓  80 [chromium] › tasks.spec.ts:251:3 › Task API › E2E-TASK-08: GET /api/tasks/:id/available-commands - 가능한 명령어 조회 (461ms)
waitForWbsLoaded failed: page.waitForSelector: Timeout 15000ms exceeded.
Call log:
[2m  - waiting for locator('[data-testid="wbs-tree-content"]') to be visible[22m

    at waitForWbsLoaded [90m(C:\project\jjiban\[39mtests\helpers\e2e-helpers.ts:43:12[90m)[39m
    at [90mC:\project\jjiban\[39mtests\e2e\theme-integration.spec.ts:12:5 {
  name: [32m'TimeoutError'[39m,
  [[32mSymbol(step)[39m]: {
    stepId: [32m'pw:api@12'[39m,
    location: {
      file: [32m'C:\\project\\jjiban\\tests\\helpers\\e2e-helpers.ts'[39m,
      line: [33m43[39m,
      column: [33m12[39m,
      function: [32m'waitForWbsLoaded'[39m
    },
    category: [32m'pw:api'[39m,
    title: [32m'page.waitForSelector([data-testid="wbs-tree-content"])'[39m,
    apiName: [32m'page.waitForSelector'[39m,
    params: {
      selector: [32m'[data-testid="wbs-tree-content"]'[39m,
      state: [32m'visible'[39m,
      timeout: [33m15000[39m
    },
    boxedStack: [90mundefined[39m,
    steps: [],
    complete: [36m[Function: complete][39m,
    endWallTime: [33m1765864687585[39m,
    error: {
      message: [32m'TimeoutError: page.waitForSelector: Timeout 15000ms exceeded.\n'[39m +
        [32m'Call log:\n'[39m +
        [32m`\x1B[2m  - waiting for locator('[data-testid="wbs-tree-content"]') to be visible\x1B[22m\n`[39m,
      stack: [32m'TimeoutError: page.waitForSelector: Timeout 15000ms exceeded.\n'[39m +
        [32m'Call log:\n'[39m +
        [32m`\x1B[2m  - waiting for locator('[data-testid="wbs-tree-content"]') to be visible\x1B[22m\n`[39m +
        [32m'\n'[39m +
        [32m'    at waitForWbsLoaded (C:\\project\\jjiban\\tests\\helpers\\e2e-helpers.ts:43:12)\n'[39m +
        [32m'    at C:\\project\\jjiban\\tests\\e2e\\theme-integration.spec.ts:12:5'[39m,
      cause: [90mundefined[39m
    }
  }
}
  ✘  57 [chromium] › theme-integration.spec.ts:15:3 › Theme Integration Tests › TC-01: Tree 컴포넌트가 올바른 다크 테마 스타일을 가진다 (26.5s)
[2m[WebServer] [22m[36mℹ[39m .nuxt/dist directory has been removed. Restarting Nuxt...
[2m[WebServer] [22m[90m[[90mnuxt:tailwindcss[90m][39m [36mℹ[39m Using Tailwind CSS from ~/assets/css/main.css
[2m[WebServer] [22m[33m  ➜ DevTools: [39m[2mpress [22m[32mShift[39m[2m + [22m[32mAlt[39m[2m + [22m[32mD[39m[2m in the browser (v3.1.1)[22m
[2m[WebServer] [22m
[2m[WebServer] [22m[32m✔[39m Vite client built in 154ms
[2m[WebServer] [22m
[2m[WebServer] [22m[41m[30m ERROR [39m[49m Pre-transform error: Failed to resolve import "#app-manifest" from "node_modules/nuxt/dist/app/composables/manifest.js?v=4b2a066d". Does the file exist?
[2m[WebServer] [22m  Plugin: [35mvite:import-analysis[39m
[2m[WebServer] [22m  File: [36mC:/project/jjiban/node_modules/nuxt/dist/app/composables/manifest.js?v=4b2a066d[39m:13:22
[2m[WebServer] [22m[33m  11 |    }
[2m[WebServer] [22m  12 |    if (false) {
[2m[WebServer] [22m  13 |      manifest = import("#app-manifest");
[2m[WebServer] [22m     |                        ^
[2m[WebServer] [22m  14 |    } else {
[2m[WebServer] [22m  15 |      manifest = $fetch(buildAssetsURL([36mbuilds/meta/${useRuntimeConfig().app.buildId}.json[39m), {[39m
[2m[WebServer] [22m
[2m[WebServer] [22m
[2m[WebServer] [22m[41m[30m ERROR [39m[49m Pre-transform error: Failed to resolve import "#app-manifest" from "node_modules/nuxt/dist/app/composables/manifest.js?v=4b2a066d". Does the file exist?
[2m[WebServer] [22m  Plugin: [35mvite:import-analysis[39m
[2m[WebServer] [22m  File: [36mC:/project/jjiban/node_modules/nuxt/dist/app/composables/manifest.js?v=4b2a066d[39m:13:22
[2m[WebServer] [22m[33m  11 |    }
[2m[WebServer] [22m  12 |    if (false) {
[2m[WebServer] [22m  13 |      manifest = import("#app-manifest");
[2m[WebServer] [22m     |                        ^
[2m[WebServer] [22m  14 |    } else {
[2m[WebServer] [22m  15 |      manifest = $fetch(buildAssetsURL([36mbuilds/meta/${useRuntimeConfig().app.buildId}.json[39m), {[39m[2m (x2)[22m
[2m[WebServer] [22m
[2m[WebServer] [22m
[2m[WebServer] [22m[41m[30m ERROR [39m[49m Pre-transform error: Failed to resolve import "#app-manifest" from "node_modules/nuxt/dist/app/composables/manifest.js?v=4b2a066d". Does the file exist?
[2m[WebServer] [22m  Plugin: [35mvite:import-analysis[39m
[2m[WebServer] [22m  File: [36mC:/project/jjiban/node_modules/nuxt/dist/app/composables/manifest.js?v=4b2a066d[39m:13:22
[2m[WebServer] [22m[33m  11 |    }
[2m[WebServer] [22m  12 |    if (false) {
[2m[WebServer] [22m  13 |      manifest = import("#app-manifest");
[2m[WebServer] [22m     |                        ^
[2m[WebServer] [22m  14 |    } else {
[2m[WebServer] [22m  15 |      manifest = $fetch(buildAssetsURL([36mbuilds/meta/${useRuntimeConfig().app.buildId}.json[39m), {[39m[2m (x3)[22m
[2m[WebServer] [22m
  ✘  32 [chromium] › detail-sections.spec.ts:344:3 › TSK-05-02: Detail Sections Integration › E2E-ERROR-01: 요구사항 편집 실패 시 롤백된다 (1.0m)
  ✘  30 [chromium] › detail-sections.spec.ts:319:3 › TSK-05-02: Detail Sections Integration › E2E-A11Y-01: 모든 섹션이 접근 가능하다 (1.0m)
[2m[WebServer] [22m
[2m[WebServer] [22m[41m[30m ERROR [39m[49m Pre-transform error: Failed to resolve import "#app-manifest" from "node_modules/nuxt/dist/app/composables/manifest.js?v=4b2a066d". Does the file exist?
[2m[WebServer] [22m  Plugin: [35mvite:import-analysis[39m
[2m[WebServer] [22m  File: [36mC:/project/jjiban/node_modules/nuxt/dist/app/composables/manifest.js?v=4b2a066d[39m:13:22
[2m[WebServer] [22m[33m  11 |    }
[2m[WebServer] [22m  12 |    if (false) {
[2m[WebServer] [22m  13 |      manifest = import("#app-manifest");
[2m[WebServer] [22m     |                        ^
[2m[WebServer] [22m  14 |    } else {
[2m[WebServer] [22m  15 |      manifest = $fetch(buildAssetsURL([36mbuilds/meta/${useRuntimeConfig().app.buildId}.json[39m), {[39m[2m (x4)[22m
[2m[WebServer] [22m
[2m[WebServer] [22m[32m✔[39m Vite server built in 4595ms
[2m[WebServer] [22m
[2m[WebServer] [22m[41m[30m ERROR [39m[49m Pre-transform error: Failed to resolve import "#app-manifest" from "node_modules/nuxt/dist/app/composables/manifest.js?v=4b2a066d". Does the file exist?
[2m[WebServer] [22m  Plugin: [35mvite:import-analysis[39m
[2m[WebServer] [22m  File: [36mC:/project/jjiban/node_modules/nuxt/dist/app/composables/manifest.js?v=4b2a066d[39m:13:22
[2m[WebServer] [22m[33m  11 |    }
[2m[WebServer] [22m  12 |    if (false) {
[2m[WebServer] [22m  13 |      manifest = import("#app-manifest");
[2m[WebServer] [22m     |                        ^
[2m[WebServer] [22m  14 |    } else {
[2m[WebServer] [22m  15 |      manifest = $fetch(buildAssetsURL([36mbuilds/meta/${useRuntimeConfig().app.buildId}.json[39m), {[39m[2m (x5)[22m
[2m[WebServer] [22m
waitForWbsLoaded failed: page.waitForSelector: Timeout 15000ms exceeded.
Call log:
[2m  - waiting for locator('[data-testid="wbs-tree-content"]') to be visible[22m

    at waitForWbsLoaded [90m(C:\project\jjiban\[39mtests\helpers\e2e-helpers.ts:43:12[90m)[39m
    at [90mC:\project\jjiban\[39mtests\e2e\theme-integration.spec.ts:12:5 {
  name: [32m'TimeoutError'[39m,
  [[32mSymbol(step)[39m]: {
    stepId: [32m'pw:api@12'[39m,
    location: {
      file: [32m'C:\\project\\jjiban\\tests\\helpers\\e2e-helpers.ts'[39m,
      line: [33m43[39m,
      column: [33m12[39m,
      function: [32m'waitForWbsLoaded'[39m
    },
    category: [32m'pw:api'[39m,
    title: [32m'page.waitForSelector([data-testid="wbs-tree-content"])'[39m,
    apiName: [32m'page.waitForSelector'[39m,
    params: {
      selector: [32m'[data-testid="wbs-tree-content"]'[39m,
      state: [32m'visible'[39m,
      timeout: [33m15000[39m
    },
    boxedStack: [90mundefined[39m,
    steps: [],
    complete: [36m[Function: complete][39m,
    endWallTime: [33m1765864701813[39m,
    error: {
      message: [32m'TimeoutError: page.waitForSelector: Timeout 15000ms exceeded.\n'[39m +
        [32m'Call log:\n'[39m +
        [32m`\x1B[2m  - waiting for locator('[data-testid="wbs-tree-content"]') to be visible\x1B[22m\n`[39m,
      stack: [32m'TimeoutError: page.waitForSelector: Timeout 15000ms exceeded.\n'[39m +
        [32m'Call log:\n'[39m +
        [32m`\x1B[2m  - waiting for locator('[data-testid="wbs-tree-content"]') to be visible\x1B[22m\n`[39m +
        [32m'\n'[39m +
        [32m'    at waitForWbsLoaded (C:\\project\\jjiban\\tests\\helpers\\e2e-helpers.ts:43:12)\n'[39m +
        [32m'    at C:\\project\\jjiban\\tests\\e2e\\theme-integration.spec.ts:12:5'[39m,
      cause: [90mundefined[39m
    }
  }
}
waitForWbsLoaded failed: page.waitForSelector: Timeout 15000ms exceeded.
Call log:
[2m  - waiting for locator('[data-testid="wbs-tree-content"]') to be visible[22m

    at waitForWbsLoaded [90m(C:\project\jjiban\[39mtests\helpers\e2e-helpers.ts:43:12[90m)[39m
    at [90mC:\project\jjiban\[39mtests\e2e\theme-integration.spec.ts:12:5 {
  name: [32m'TimeoutError'[39m,
  [[32mSymbol(step)[39m]: {
    stepId: [32m'pw:api@12'[39m,
    location: {
      file: [32m'C:\\project\\jjiban\\tests\\helpers\\e2e-helpers.ts'[39m,
      line: [33m43[39m,
      column: [33m12[39m,
      function: [32m'waitForWbsLoaded'[39m
    },
    category: [32m'pw:api'[39m,
    title: [32m'page.waitForSelector([data-testid="wbs-tree-content"])'[39m,
    apiName: [32m'page.waitForSelector'[39m,
    params: {
      selector: [32m'[data-testid="wbs-tree-content"]'[39m,
      state: [32m'visible'[39m,
      timeout: [33m15000[39m
    },
    boxedStack: [90mundefined[39m,
    steps: [],
    complete: [36m[Function: complete][39m,
    endWallTime: [33m1765864701862[39m,
    error: {
      message: [32m'TimeoutError: page.waitForSelector: Timeout 15000ms exceeded.\n'[39m +
        [32m'Call log:\n'[39m +
        [32m`\x1B[2m  - waiting for locator('[data-testid="wbs-tree-content"]') to be visible\x1B[22m\n`[39m,
      stack: [32m'TimeoutError: page.waitForSelector: Timeout 15000ms exceeded.\n'[39m +
        [32m'Call log:\n'[39m +
        [32m`\x1B[2m  - waiting for locator('[data-testid="wbs-tree-content"]') to be visible\x1B[22m\n`[39m +
        [32m'\n'[39m +
        [32m'    at waitForWbsLoaded (C:\\project\\jjiban\\tests\\helpers\\e2e-helpers.ts:43:12)\n'[39m +
        [32m'    at C:\\project\\jjiban\\tests\\e2e\\theme-integration.spec.ts:12:5'[39m,
      cause: [90mundefined[39m
    }
  }
}
waitForWbsLoaded failed: page.waitForSelector: Timeout 15000ms exceeded.
Call log:
[2m  - waiting for locator('[data-testid="wbs-tree-content"]') to be visible[22m

    at waitForWbsLoaded [90m(C:\project\jjiban\[39mtests\helpers\e2e-helpers.ts:43:12[90m)[39m
    at [90mC:\project\jjiban\[39mtests\e2e\theme-integration.spec.ts:12:5 {
  name: [32m'TimeoutError'[39m,
  [[32mSymbol(step)[39m]: {
    stepId: [32m'pw:api@14'[39m,
    location: {
      file: [32m'C:\\project\\jjiban\\tests\\helpers\\e2e-helpers.ts'[39m,
      line: [33m43[39m,
      column: [33m12[39m,
      function: [32m'waitForWbsLoaded'[39m
    },
    category: [32m'pw:api'[39m,
    title: [32m'page.waitForSelector([data-testid="wbs-tree-content"])'[39m,
    apiName: [32m'page.waitForSelector'[39m,
    params: {
      selector: [32m'[data-testid="wbs-tree-content"]'[39m,
      state: [32m'visible'[39m,
      timeout: [33m15000[39m
    },
    boxedStack: [90mundefined[39m,
    steps: [],
    complete: [36m[Function: complete][39m,
    endWallTime: [33m1765864702036[39m,
    error: {
      message: [32m'TimeoutError: page.waitForSelector: Timeout 15000ms exceeded.\n'[39m +
        [32m'Call log:\n'[39m +
        [32m`\x1B[2m  - waiting for locator('[data-testid="wbs-tree-content"]') to be visible\x1B[22m\n`[39m,
      stack: [32m'TimeoutError: page.waitForSelector: Timeout 15000ms exceeded.\n'[39m +
        [32m'Call log:\n'[39m +
        [32m`\x1B[2m  - waiting for locator('[data-testid="wbs-tree-content"]') to be visible\x1B[22m\n`[39m +
        [32m'\n'[39m +
        [32m'    at waitForWbsLoaded (C:\\project\\jjiban\\tests\\helpers\\e2e-helpers.ts:43:12)\n'[39m +
        [32m'    at C:\\project\\jjiban\\tests\\e2e\\theme-integration.spec.ts:12:5'[39m,
      cause: [90mundefined[39m
    }
  }
}
[2m[WebServer] [22m
[2m[WebServer] [22m[43m[30m WARN [39m[49m Duplicated imports "refreshCache", the one from "C:/project/jjiban/server/utils/settings/index.ts" has been ignored and "C:/project/jjiban/server/utils/settings/_cache.ts" is used
[2m[WebServer] [22m
[2m[WebServer] [22m
[2m[WebServer] [22m[43m[30m WARN [39m[49m Duplicated imports "refreshCache", the one from "C:/project/jjiban/server/utils/settings/_cache.ts" has been ignored and "C:/project/jjiban/server/utils/settings/index.ts" is used
[2m[WebServer] [22m
[2m[WebServer] [22m
[2m[WebServer] [22m[43m[30m WARN [39m[49m Duplicated imports "refreshCache", the one from "C:/project/jjiban/server/utils/settings/index.ts" has been ignored and "C:/project/jjiban/server/utils/settings/_cache.ts" is used
[2m[WebServer] [22m
[2m[WebServer] [22m
[2m[WebServer] [22m[43m[30m WARN [39m[49m Duplicated imports "refreshCache", the one from "C:/project/jjiban/server/utils/settings/_cache.ts" has been ignored and "C:/project/jjiban/server/utils/settings/index.ts" is used
[2m[WebServer] [22m
