
[1m[46m RUN [49m[22m [36mv4.0.15 [39m[90mC:/project/jjiban[39m

 [31m×[39m tests/unit/services/projectsListService.test.ts[2m > [22mProjectsListService[2m > [22mgetProjectsList[2m > [22mUT-001: should return project list with default config[32m 6[2mms[22m[39m
[31m   → __vite_ssr_import_0__.vi.mocked(...).mockResolvedValue is not a function[39m
 [31m×[39m tests/unit/services/projectsListService.test.ts[2m > [22mProjectsListService[2m > [22mgetProjectsList[2m > [22mUT-001a: should return empty list when no projects.json exists[32m 1[2mms[22m[39m
[31m   → __vite_ssr_import_0__.vi.mocked(...).mockRejectedValue is not a function[39m
 [31m×[39m tests/unit/services/projectsListService.test.ts[2m > [22mProjectsListService[2m > [22mgetProjectsList[2m > [22mUT-001b: should filter by status when statusFilter is provided[32m 1[2mms[22m[39m
[31m   → __vite_ssr_import_0__.vi.mocked(...).mockResolvedValue is not a function[39m
 [31m×[39m tests/unit/services/projectsListService.test.ts[2m > [22mProjectsListService[2m > [22misProjectIdDuplicate[2m > [22mshould return true for existing project ID[32m 1[2mms[22m[39m
[31m   → __vite_ssr_import_0__.vi.mocked(...).mockResolvedValue is not a function[39m
 [31m×[39m tests/unit/services/projectsListService.test.ts[2m > [22mProjectsListService[2m > [22misProjectIdDuplicate[2m > [22mshould return false for non-existing project ID[32m 0[2mms[22m[39m
[31m   → __vite_ssr_import_0__.vi.mocked(...).mockResolvedValue is not a function[39m
 [31m×[39m tests/unit/services/projectsListService.test.ts[2m > [22mProjectsListService[2m > [22maddProjectToList[2m > [22mshould add project to list successfully[32m 0[2mms[22m[39m
[31m   → __vite_ssr_import_0__.vi.mocked(...).mockResolvedValue is not a function[39m
 [31m×[39m tests/unit/services/projectsListService.test.ts[2m > [22mProjectsListService[2m > [22maddProjectToList[2m > [22mshould throw error on duplicate project ID[32m 0[2mms[22m[39m
[31m   → __vite_ssr_import_0__.vi.mocked(...).mockResolvedValue is not a function[39m
 [31m×[39m tests/unit/services/projectsListService.test.ts[2m > [22mProjectsListService[2m > [22msetDefaultProject[2m > [22mUT-009: should throw on invalid (non-existent) project ID[32m 0[2mms[22m[39m
[31m   → __vite_ssr_import_0__.vi.mocked(...).mockResolvedValue is not a function[39m
 [31m×[39m tests/unit/services/projectsListService.test.ts[2m > [22mProjectsListService[2m > [22msetDefaultProject[2m > [22mshould set default project successfully for valid ID[32m 1[2mms[22m[39m
[31m   → __vite_ssr_import_0__.vi.mocked(...).mockResolvedValue is not a function[39m
 [31m×[39m tests/unit/services/projectsListService.test.ts[2m > [22mProjectsListService[2m > [22msetDefaultProject[2m > [22mshould allow setting default to null[32m 1[2mms[22m[39m
[31m   → __vite_ssr_import_0__.vi.mocked(...).mockResolvedValue is not a function[39m
 [31m×[39m tests/unit/services/projectService.test.ts[2m > [22mProjectService[2m > [22mgetProject[2m > [22mUT-002: should return project with team[32m 6[2mms[22m[39m
[31m   → __vite_ssr_import_0__.vi.mocked(...).mockResolvedValue is not a function[39m
 [31m×[39m tests/unit/services/projectService.test.ts[2m > [22mProjectService[2m > [22mgetProject[2m > [22mUT-010: should throw on non-existent project[32m 1[2mms[22m[39m
[31m   → __vite_ssr_import_0__.vi.mocked(...).mockRejectedValue is not a function[39m
 [31m×[39m tests/unit/services/projectService.test.ts[2m > [22mProjectService[2m > [22mgetProject[2m > [22mshould throw on file read error[32m 1[2mms[22m[39m
[31m   → __vite_ssr_import_0__.vi.mocked(...).mockRejectedValue is not a function[39m
 [31m×[39m tests/unit/services/projectService.test.ts[2m > [22mProjectService[2m > [22mcreateProject[2m > [22mUT-003: should create project with valid ID[32m 1[2mms[22m[39m
[31m   → __vite_ssr_import_0__.vi.mocked(...).mockResolvedValue is not a function[39m
 [31m×[39m tests/unit/services/projectService.test.ts[2m > [22mProjectService[2m > [22mcreateProject[2m > [22mshould create project with minimal fields[32m 1[2mms[22m[39m
[31m   → __vite_ssr_import_0__.vi.mocked(...).mockResolvedValue is not a function[39m
 [31m×[39m tests/unit/services/projectService.test.ts[2m > [22mProjectService[2m > [22mcreateProject[2m > [22mshould throw on file system error during creation[32m 1[2mms[22m[39m
[31m   → __vite_ssr_import_0__.vi.mocked(...).mockRejectedValue is not a function[39m
 [31m×[39m tests/unit/services/projectService.test.ts[2m > [22mProjectService[2m > [22mupdateProject[2m > [22mUT-005: should update project fields[32m 0[2mms[22m[39m
[31m   → __vite_ssr_import_0__.vi.mocked(...).mockResolvedValue is not a function[39m
 [32m✓[39m tests/unit/services/projectService.test.ts[2m > [22mProjectService[2m > [22mupdateProject[2m > [22mUT-006: should throw on ID change attempt[32m 4[2mms[22m[39m
 [31m×[39m tests/unit/services/projectService.test.ts[2m > [22mProjectService[2m > [22mupdateProject[2m > [22mshould preserve unchanged fields[32m 1[2mms[22m[39m
[31m   → __vite_ssr_import_0__.vi.mocked(...).mockResolvedValue is not a function[39m
 [31m×[39m tests/unit/services/projectService.test.ts[2m > [22mProjectService[2m > [22mupdateProject[2m > [22mshould throw on non-existent project[32m 1[2mms[22m[39m
[31m   → __vite_ssr_import_0__.vi.mocked(...).mockRejectedValue is not a function[39m
 [31m×[39m tests/unit/services/teamService.test.ts[2m > [22mTeamService[2m > [22mgetTeam[2m > [22mUT-007: should return team members[32m 6[2mms[22m[39m
[31m   → __vite_ssr_import_0__.vi.mocked(...).mockResolvedValue is not a function[39m
 [31m×[39m tests/unit/services/teamService.test.ts[2m > [22mTeamService[2m > [22mgetTeam[2m > [22mshould return empty array when team.json does not exist[32m 1[2mms[22m[39m
[31m   → __vite_ssr_import_0__.vi.mocked(...).mockRejectedValue is not a function[39m
 [31m×[39m tests/unit/services/teamService.test.ts[2m > [22mTeamService[2m > [22mgetTeam[2m > [22mshould throw on file read error (non-ENOENT)[32m 1[2mms[22m[39m
[31m   → __vite_ssr_import_0__.vi.mocked(...).mockRejectedValue is not a function[39m
 [32m✓[39m tests/unit/services/teamService.test.ts[2m > [22mTeamService[2m > [22mupdateTeam[2m > [22mUT-008: should throw on duplicate member ID[32m 4[2mms[22m[39m
 [31m×[39m tests/unit/services/teamService.test.ts[2m > [22mTeamService[2m > [22mupdateTeam[2m > [22mshould update team successfully with unique member IDs[32m 1[2mms[22m[39m
[31m   → __vite_ssr_import_0__.vi.mocked(...).mockResolvedValue is not a function[39m
 [31m×[39m tests/unit/services/teamService.test.ts[2m > [22mTeamService[2m > [22mupdateTeam[2m > [22mshould handle empty team update[32m 1[2mms[22m[39m
[31m   → __vite_ssr_import_0__.vi.mocked(...).mockResolvedValue is not a function[39m
 [31m×[39m tests/unit/services/teamService.test.ts[2m > [22mTeamService[2m > [22mupdateTeam[2m > [22mshould throw on file write error[32m 1[2mms[22m[39m
[31m   → __vite_ssr_import_0__.vi.mocked(...).mockRejectedValue is not a function[39m
 [31m×[39m tests/unit/services/teamService.test.ts[2m > [22mTeamService[2m > [22mupdateTeam[2m > [22mshould preserve all member fields[32m 0[2mms[22m[39m
[31m   → __vite_ssr_import_0__.vi.mocked(...).mockResolvedValue is not a function[39m
[90mstderr[2m | tests/utils/wbs/parser.test.ts[2m > [22m[2mparseWbsMarkdown[2m > [22m[2mTC-005-006: should skip invalid headers and parse valid ones
[22m[39mOrphan node: TSK-01-02-01, missing parent: ACT-01-02

 [32m✓[39m tests/utils/wbs/parser.test.ts[2m > [22mparseNodeHeader[2m > [22mTC-001-001: should parse valid WP header[32m 3[2mms[22m[39m
 [32m✓[39m tests/utils/wbs/parser.test.ts[2m > [22mparseNodeHeader[2m > [22mTC-001-002: should parse valid ACT header (4-level)[32m 1[2mms[22m[39m
 [32m✓[39m tests/utils/wbs/parser.test.ts[2m > [22mparseNodeHeader[2m > [22mTC-001-003: should parse valid TSK header (4-level)[32m 1[2mms[22m[39m
 [32m✓[39m tests/utils/wbs/parser.test.ts[2m > [22mparseNodeHeader[2m > [22mTC-001-004: should parse valid TSK header (3-level)[32m 1[2mms[22m[39m
 [32m✓[39m tests/utils/wbs/parser.test.ts[2m > [22mparseNodeHeader[2m > [22mTC-001-005: should parse title with special characters[32m 0[2mms[22m[39m
 [32m✓[39m tests/utils/wbs/parser.test.ts[2m > [22mparseNodeHeader[2m > [22mTC-001-006: should parse title with Korean characters[32m 0[2mms[22m[39m
 [32m✓[39m tests/utils/wbs/parser.test.ts[2m > [22mparseNodeHeader[2m > [22mTC-001-007: should return null for invalid header format (missing colon)[32m 0[2mms[22m[39m
 [32m✓[39m tests/utils/wbs/parser.test.ts[2m > [22mparseNodeHeader[2m > [22mTC-001-008: should return null for invalid ID format[32m 0[2mms[22m[39m
 [32m✓[39m tests/utils/wbs/parser.test.ts[2m > [22mparseNodeHeader[2m > [22mTC-001-009: should return null for empty title[32m 1[2mms[22m[39m
 [32m✓[39m tests/utils/wbs/parser.test.ts[2m > [22mparseNodeHeader[2m > [22mTC-001-010: should return null for whitespace-only title[32m 0[2mms[22m[39m
 [32m✓[39m tests/utils/wbs/parser.test.ts[2m > [22mparseNodeAttributes[2m > [22mTC-002-001: should parse category attribute[32m 0[2mms[22m[39m
 [32m✓[39m tests/utils/wbs/parser.test.ts[2m > [22mparseNodeAttributes[2m > [22mTC-002-002: should parse status attribute and extract status code[32m 0[2mms[22m[39m
 [32m✓[39m tests/utils/wbs/parser.test.ts[2m > [22mparseNodeAttributes[2m > [22mTC-002-003: should parse priority attribute[32m 0[2mms[22m[39m
 [32m✓[39m tests/utils/wbs/parser.test.ts[2m > [22mparseNodeAttributes[2m > [22mTC-002-004: should parse assignee attribute[32m 0[2mms[22m[39m
 [32m✓[39m tests/utils/wbs/parser.test.ts[2m > [22mparseNodeAttributes[2m > [22mTC-002-005: should parse schedule attribute[32m 1[2mms[22m[39m
 [32m✓[39m tests/utils/wbs/parser.test.ts[2m > [22mparseNodeAttributes[2m > [22mTC-002-006: should parse tags attribute[32m 0[2mms[22m[39m
 [32m✓[39m tests/utils/wbs/parser.test.ts[2m > [22mparseNodeAttributes[2m > [22mTC-002-007: should parse depends attribute[32m 0[2mms[22m[39m
 [32m✓[39m tests/utils/wbs/parser.test.ts[2m > [22mparseNodeAttributes[2m > [22mTC-002-008: should parse requirements attribute (multi-line)[32m 0[2mms[22m[39m
 [32m✓[39m tests/utils/wbs/parser.test.ts[2m > [22mparseNodeAttributes[2m > [22mTC-002-009: should parse ref attribute[32m 0[2mms[22m[39m
 [32m✓[39m tests/utils/wbs/parser.test.ts[2m > [22mparseNodeAttributes[2m > [22mTC-002-010: should handle invalid category value[32m 0[2mms[22m[39m
 [32m✓[39m tests/utils/wbs/parser.test.ts[2m > [22mparseNodeAttributes[2m > [22mTC-002-011: should handle status without code[32m 0[2mms[22m[39m
 [32m✓[39m tests/utils/wbs/parser.test.ts[2m > [22mparseNodeAttributes[2m > [22mTC-002-012: should handle invalid date format[32m 0[2mms[22m[39m
 [32m✓[39m tests/utils/wbs/parser.test.ts[2m > [22mparseNodeAttributes[2m > [22mTC-002-013: should handle empty requirements[32m 0[2mms[22m[39m
 [32m✓[39m tests/utils/wbs/parser.test.ts[2m > [22mparseNodeAttributes[2m > [22mTC-002-014: should handle multiple depends[32m 0[2mms[22m[39m
 [32m✓[39m tests/utils/wbs/parser.test.ts[2m > [22mparseNodeAttributes[2m > [22mTC-002-015: should parse all attributes together[32m 1[2mms[22m[39m
 [32m✓[39m tests/utils/wbs/parser.test.ts[2m > [22mbuildTree[2m > [22mTC-003-001: should build 4-level tree (WP -> ACT -> TSK)[32m 2[2mms[22m[39m
 [32m✓[39m tests/utils/wbs/parser.test.ts[2m > [22mbuildTree[2m > [22mTC-003-002: should build 3-level tree (WP -> TSK)[32m 1[2mms[22m[39m
 [32m✓[39m tests/utils/wbs/parser.test.ts[2m > [22mbuildTree[2m > [22mTC-003-003: should build mixed tree (3-level + 4-level)[32m 1[2mms[22m[39m
 [32m✓[39m tests/utils/wbs/parser.test.ts[2m > [22mbuildTree[2m > [22mTC-003-004: should handle multiple WP as root nodes[32m 1[2mms[22m[39m
 [32m✓[39m tests/utils/wbs/parser.test.ts[2m > [22mbuildTree[2m > [22mTC-003-005: should handle multiple children[32m 0[2mms[22m[39m
 [32m✓[39m tests/utils/wbs/parser.test.ts[2m > [22mbuildTree[2m > [22mTC-003-006: should handle orphan node (missing parent)[32m 1[2mms[22m[39m
 [32m✓[39m tests/utils/wbs/parser.test.ts[2m > [22mcalculateProgress[2m > [22mTC-004-001: should calculate 100% when all tasks are completed[32m 0[2mms[22m[39m
 [32m✓[39m tests/utils/wbs/parser.test.ts[2m > [22mcalculateProgress[2m > [22mTC-004-002: should calculate 50% when half tasks are completed[32m 0[2mms[22m[39m
 [31m×[39m tests/utils/wbs/parser.test.ts[2m > [22mcalculateProgress[2m > [22mTC-004-003: should calculate 0% when no tasks are completed[32m 22[2mms[22m[39m
[31m   → expected 27 to be +0 // Object.is equality[39m
 [32m✓[39m tests/utils/wbs/parser.test.ts[2m > [22mcalculateProgress[2m > [22mTC-004-004: should calculate progress for nested structure[32m 1[2mms[22m[39m
 [32m✓[39m tests/utils/wbs/parser.test.ts[2m > [22mcalculateProgress[2m > [22mTC-004-005: should handle node without tasks[32m 0[2mms[22m[39m
 [32m✓[39m tests/utils/wbs/parser.test.ts[2m > [22mparseWbsMarkdown[2m > [22mTC-005-001: should parse complex wbs.md file[32m 2[2mms[22m[39m
 [32m✓[39m tests/utils/wbs/parser.test.ts[2m > [22mparseWbsMarkdown[2m > [22mTC-005-002: should return empty array for empty file[32m 0[2mms[22m[39m
 [32m✓[39m tests/utils/wbs/parser.test.ts[2m > [22mparseWbsMarkdown[2m > [22mTC-005-003: should parse 3-level structure[32m 1[2mms[22m[39m
 [32m✓[39m tests/utils/wbs/parser.test.ts[2m > [22mparseWbsMarkdown[2m > [22mTC-005-004: should parse 4-level structure[32m 1[2mms[22m[39m
 [32m✓[39m tests/utils/wbs/parser.test.ts[2m > [22mparseWbsMarkdown[2m > [22mTC-005-005: should return empty array for metadata only[32m 0[2mms[22m[39m
 [32m✓[39m tests/utils/wbs/parser.test.ts[2m > [22mparseWbsMarkdown[2m > [22mTC-005-006: should skip invalid headers and parse valid ones[32m 2[2mms[22m[39m
 [32m✓[39m tests/utils/wbs/parser.test.ts[2m > [22mparseWbsMarkdown[2m > [22mTC-005-007: should handle orphan nodes[32m 0[2mms[22m[39m
 [32m✓[39m tests/utils/wbs/parser.test.ts[2m > [22mparseWbsMarkdown[2m > [22mTC-005-008: should parse all 9 attributes correctly[32m 1[2mms[22m[39m
 [32m✓[39m tests/utils/wbs/parser.test.ts[2m > [22mPerformance[2m > [22mTC-006-001: should parse small wbs.md under 50ms[32m 0[2mms[22m[39m
 [32m✓[39m tests/utils/wbs/parser.test.ts[2m > [22mError Handling[2m > [22mTC-007-001: should skip invalid header format[32m 1[2mms[22m[39m
 [32m✓[39m tests/utils/wbs/parser.test.ts[2m > [22mError Handling[2m > [22mTC-007-002: should skip unknown ID pattern[32m 0[2mms[22m[39m
 [32m✓[39m tests/utils/wbs/parser.test.ts[2m > [22mError Handling[2m > [22mTC-007-003: should handle missing required attributes[32m 0[2mms[22m[39m
 [32m✓[39m tests/utils/wbs/parser.test.ts[2m > [22mError Handling[2m > [22mTC-007-007: should ignore empty lines[32m 0[2mms[22m[39m
 [32m✓[39m tests/utils/wbs/parser.test.ts[2m > [22mdetermineParentId[2m > [22mshould return null for WP node[32m 0[2mms[22m[39m
 [32m✓[39m tests/utils/wbs/parser.test.ts[2m > [22mdetermineParentId[2m > [22mshould return WP id for ACT node[32m 0[2mms[22m[39m
 [32m✓[39m tests/utils/wbs/parser.test.ts[2m > [22mdetermineParentId[2m > [22mshould return ACT id for 4-level TSK node[32m 0[2mms[22m[39m
 [32m✓[39m tests/utils/wbs/parser.test.ts[2m > [22mdetermineParentId[2m > [22mshould return WP id for 3-level TSK node[32m 0[2mms[22m[39m
 [31m×[39m tests/utils/projects/api-integration.test.ts[2m > [22mProject Metadata Service - API Integration Tests[2m > [22mE2E-003: Project Creation Flow[2m > [22mshould create project with folder structure and files[32m 21[2mms[22m[39m
[31m   → expected 0 to be greater than or equal to 2[39m
 [32m✓[39m tests/utils/projects/api-integration.test.ts[2m > [22mProject Metadata Service - API Integration Tests[2m > [22mE2E-003: Project Creation Flow[2m > [22mshould reject duplicate project ID (409 Conflict)[32m 9[2mms[22m[39m
 [32m✓[39m tests/unit/components/wbs/detail/TaskHistory.test.ts[2m > [22mTaskHistory[2m > [22msortedHistory computed[2m > [22mshould sort history entries by timestamp descending (newest first)[32m 200[2mms[22m[39m
 [32m✓[39m tests/utils/projects/api-integration.test.ts[2m > [22mProject Metadata Service - API Integration Tests[2m > [22mE2E-003: Project Creation Flow[2m > [22mshould reject invalid project ID format (400 Bad Request)[32m 123[2mms[22m[39m
 [32m✓[39m tests/utils/projects/api-integration.test.ts[2m > [22mProject Metadata Service - API Integration Tests[2m > [22mE2E-001: Project List Retrieval[2m > [22mshould return project list with correct structure[32m 36[2mms[22m[39m
 [32m✓[39m tests/unit/components/wbs/detail/TaskHistory.test.ts[2m > [22mTaskHistory[2m > [22msortedHistory computed[2m > [22mshould not mutate original history array[32m 19[2mms[22m[39m
 [32m✓[39m tests/unit/components/wbs/detail/TaskHistory.test.ts[2m > [22mTaskHistory[2m > [22msortedHistory computed[2m > [22mshould handle empty history array[32m 20[2mms[22m[39m
 [32m✓[39m tests/unit/components/wbs/detail/TaskHistory.test.ts[2m > [22mTaskHistory[2m > [22msortedHistory computed[2m > [22mshould handle single entry[32m 16[2mms[22m[39m
 [32m✓[39m tests/unit/components/wbs/detail/TaskHistory.test.ts[2m > [22mTaskHistory[2m > [22mgetEntryIcon method[2m > [22mshould return arrow-right icon for transition action[32m 15[2mms[22m[39m
 [32m✓[39m tests/unit/components/wbs/detail/TaskHistory.test.ts[2m > [22mTaskHistory[2m > [22mgetEntryIcon method[2m > [22mshould return pencil icon for update action[32m 16[2mms[22m[39m
 [32m✓[39m tests/unit/components/wbs/detail/TaskHistory.test.ts[2m > [22mTaskHistory[2m > [22mgetEntryIcon method[2m > [22mshould return bolt icon for action type[32m 11[2mms[22m[39m
 [32m✓[39m tests/utils/projects/api-integration.test.ts[2m > [22mProject Metadata Service - API Integration Tests[2m > [22mE2E-001: Project List Retrieval[2m > [22mshould support status filtering[32m 45[2mms[22m[39m
 [32m✓[39m tests/utils/projects/api-integration.test.ts[2m > [22mProject Metadata Service - API Integration Tests[2m > [22mE2E-002: Project Detail Retrieval[2m > [22mshould return project with team information[32m 20[2mms[22m[39m
 [32m✓[39m tests/utils/projects/api-integration.test.ts[2m > [22mProject Metadata Service - API Integration Tests[2m > [22mE2E-002: Project Detail Retrieval[2m > [22mshould throw 404 for non-existent project[32m 7[2mms[22m[39m
 [32m✓[39m tests/utils/projects/api-integration.test.ts[2m > [22mProject Metadata Service - API Integration Tests[2m > [22mE2E-004: Project Update Flow[2m > [22mshould update project fields successfully[32m 65[2mms[22m[39m
 [31m×[39m tests/unit/components/wbs/detail/TaskHistory.test.ts[2m > [22mTaskHistory[2m > [22mgetEntryIcon method[2m > [22mshould return info-circle icon for unknown action[32m 21[2mms[22m[39m
[31m   → expected 'pi pi-circle' to be 'pi pi-info-circle' // Object.is equality[39m
 [32m✓[39m tests/unit/components/wbs/detail/TaskHistory.test.ts[2m > [22mTaskHistory[2m > [22mgetEntryColor method[2m > [22mshould return blue for transition[32m 14[2mms[22m[39m
 [32m✓[39m tests/unit/components/wbs/detail/TaskHistory.test.ts[2m > [22mTaskHistory[2m > [22mgetEntryColor method[2m > [22mshould return green for update[32m 15[2mms[22m[39m
 [31m×[39m tests/unit/components/wbs/detail/TaskHistory.test.ts[2m > [22mTaskHistory[2m > [22mgetEntryColor method[2m > [22mshould return amber for action[32m 19[2mms[22m[39m
[31m   → expected '#8b5cf6' to be '#f59e0b' // Object.is equality[39m
 [32m✓[39m tests/unit/components/wbs/detail/TaskHistory.test.ts[2m > [22mTaskHistory[2m > [22mgetEntryColor method[2m > [22mshould return gray for unknown action[32m 13[2mms[22m[39m
 [32m✓[39m tests/unit/components/wbs/detail/TaskHistory.test.ts[2m > [22mTaskHistory[2m > [22mgetEntryTitle method[2m > [22mshould return "상태 전이" for transition[32m 12[2mms[22m[39m
 [32m✓[39m tests/unit/components/wbs/detail/TaskHistory.test.ts[2m > [22mTaskHistory[2m > [22mgetEntryTitle method[2m > [22mshould return "정보 수정" for update[32m 9[2mms[22m[39m
 [32m✓[39m tests/unit/components/wbs/detail/TaskHistory.test.ts[2m > [22mTaskHistory[2m > [22mgetEntryTitle method[2m > [22mshould return "액션 실행" for action[32m 9[2mms[22m[39m
 [32m✓[39m tests/unit/components/wbs/detail/TaskHistory.test.ts[2m > [22mTaskHistory[2m > [22mgetEntryTitle method[2m > [22mshould return action value for unknown action[32m 10[2mms[22m[39m
 [32m✓[39m tests/utils/projects/api-integration.test.ts[2m > [22mProject Metadata Service - API Integration Tests[2m > [22mE2E-004: Project Update Flow[2m > [22mshould reject ID change attempt (BR-002)[32m 1[2mms[22m[39m
 [32m✓[39m tests/utils/projects/api-integration.test.ts[2m > [22mProject Metadata Service - API Integration Tests[2m > [22mE2E-005: Team Management Flow[2m > [22mshould add and update team members successfully[32m 54[2mms[22m[39m
 [32m✓[39m tests/utils/projects/api-integration.test.ts[2m > [22mProject Metadata Service - API Integration Tests[2m > [22mE2E-005: Team Management Flow[2m > [22mshould reject duplicate team member IDs (BR-003)[32m 1[2mms[22m[39m
 [32m✓[39m tests/utils/projects/api-integration.test.ts[2m > [22mProject Metadata Service - API Integration Tests[2m > [22mE2E-005: Team Management Flow[2m > [22mshould allow removing team members[32m 18[2mms[22m[39m
 [32m✓[39m tests/utils/wbs/integration.test.ts[2m > [22mWBS Module Integration[2m > [22mScenario 1: Parse Real WBS File[2m > [22mshould parse real wbs.md without errors[32m 7[2mms[22m[39m
 [31m×[39m tests/utils/wbs/integration.test.ts[2m > [22mWBS Module Integration[2m > [22mScenario 1: Parse Real WBS File[2m > [22mshould parse all Work Packages (WP)[32m 9[2mms[22m[39m
[31m   → expected 8 to be 6 // Object.is equality[39m
 [32m✓[39m tests/utils/wbs/integration.test.ts[2m > [22mWBS Module Integration[2m > [22mScenario 1: Parse Real WBS File[2m > [22mshould parse nested ACT and TSK nodes[32m 1[2mms[22m[39m
 [32m✓[39m tests/utils/wbs/integration.test.ts[2m > [22mWBS Module Integration[2m > [22mScenario 1: Parse Real WBS File[2m > [22mshould parse Task attributes correctly[32m 0[2mms[22m[39m
 [32m✓[39m tests/utils/wbs/integration.test.ts[2m > [22mWBS Module Integration[2m > [22mScenario 2: Validate Parsed WBS[2m > [22mshould validate parsed WBS without errors[32m 3[2mms[22m[39m
 [32m✓[39m tests/utils/wbs/integration.test.ts[2m > [22mWBS Module Integration[2m > [22mScenario 2: Validate Parsed WBS[2m > [22mshould validate all node IDs[32m 1[2mms[22m[39m
 [32m✓[39m tests/utils/wbs/integration.test.ts[2m > [22mWBS Module Integration[2m > [22mScenario 2: Validate Parsed WBS[2m > [22mshould validate hierarchy relationships[32m 1[2mms[22m[39m
 [32m✓[39m tests/utils/wbs/integration.test.ts[2m > [22mWBS Module Integration[2m > [22mScenario 3: Serialize and Re-parse (Round-trip)[2m > [22mshould serialize parsed nodes to markdown[32m 4[2mms[22m[39m
 [32m✓[39m tests/utils/wbs/integration.test.ts[2m > [22mWBS Module Integration[2m > [22mScenario 3: Serialize and Re-parse (Round-trip)[2m > [22mshould re-parse serialized content successfully[32m 2[2mms[22m[39m
 [32m✓[39m tests/utils/wbs/integration.test.ts[2m > [22mWBS Module Integration[2m > [22mScenario 3: Serialize and Re-parse (Round-trip)[2m > [22mshould preserve WP count after round-trip[32m 0[2mms[22m[39m
 [32m✓[39m tests/utils/wbs/integration.test.ts[2m > [22mWBS Module Integration[2m > [22mScenario 3: Serialize and Re-parse (Round-trip)[2m > [22mshould preserve Task IDs after round-trip[32m 1[2mms[22m[39m
 [32m✓[39m tests/utils/wbs/integration.test.ts[2m > [22mWBS Module Integration[2m > [22mScenario 3: Serialize and Re-parse (Round-trip)[2m > [22mshould preserve critical Task attributes after round-trip[32m 0[2mms[22m[39m
 [32m✓[39m tests/utils/wbs/integration.test.ts[2m > [22mWBS Module Integration[2m > [22mScenario 4: Cross-module Validation[2m > [22mshould validate re-parsed nodes without errors[32m 3[2mms[22m[39m
 [32m✓[39m tests/utils/wbs/integration.test.ts[2m > [22mWBS Module Integration[2m > [22mScenario 4: Cross-module Validation[2m > [22mshould detect validation errors in corrupted data[32m 0[2mms[22m[39m
 [32m✓[39m tests/utils/wbs/integration.test.ts[2m > [22mWBS Module Integration[2m > [22mScenario 5: Performance[2m > [22mshould complete full pipeline within 100ms[32m 4[2mms[22m[39m
[90mstderr[2m | tests/utils/wbs/taskService.test.ts[2m > [22m[2mTaskService[2m > [22m[2mgetTaskDetail[2m > [22m[2mUT-TASK-01-01: 존재하는 Task ID - TaskDetail 반환
[22m[39m[ProjectsList] Skipping test-task-service: project.json not found or invalid

 [32m✓[39m tests/unit/components/wbs/detail/TaskHistory.test.ts[2m > [22mTaskHistory[2m > [22mformatTimestamp method[2m > [22mshould format timestamp to Korean locale string[32m 22[2mms[22m[39m
 [32m✓[39m tests/unit/components/wbs/detail/TaskHistory.test.ts[2m > [22mTaskHistory[2m > [22mformatTimestamp method[2m > [22mshould return consistent format for multiple timestamps[32m 10[2mms[22m[39m
 [32m✓[39m tests/unit/components/wbs/detail/TaskHistory.test.ts[2m > [22mTaskHistory[2m > [22mRendering[2m > [22mshould render timeline with correct data-testid[32m 17[2mms[22m[39m
 [32m✓[39m tests/unit/components/wbs/detail/TaskHistory.test.ts[2m > [22mTaskHistory[2m > [22mRendering[2m > [22mshould render history entries with correct data-testid[32m 26[2mms[22m[39m
 [32m✓[39m tests/unit/components/wbs/detail/TaskHistory.test.ts[2m > [22mTaskHistory[2m > [22mRendering[2m > [22mshould display transition information with previousStatus and newStatus[32m 9[2mms[22m[39m
 [32m✓[39m tests/unit/components/wbs/detail/TaskHistory.test.ts[2m > [22mTaskHistory[2m > [22mRendering[2m > [22mshould display command information when present[32m 11[2mms[22m[39m
 [32m✓[39m tests/unit/components/wbs/detail/TaskHistory.test.ts[2m > [22mTaskHistory[2m > [22mRendering[2m > [22mshould display document created information when present[32m 11[2mms[22m[39m
 [32m✓[39m tests/utils/projects/api-integration.test.ts[2m > [22mProject Metadata Service - API Integration Tests[2m > [22mE2E-005: Team Management Flow[2m > [22mshould allow clearing all team members[32m 36[2mms[22m[39m
 [32m✓[39m tests/unit/components/wbs/detail/TaskHistory.test.ts[2m > [22mTaskHistory[2m > [22mRendering[2m > [22mshould display comment when present[32m 9[2mms[22m[39m
 [32m✓[39m tests/unit/components/wbs/detail/TaskHistory.test.ts[2m > [22mTaskHistory[2m > [22mRendering[2m > [22mshould display user information when present[32m 11[2mms[22m[39m
 [32m✓[39m tests/unit/components/wbs/detail/TaskHistory.test.ts[2m > [22mTaskHistory[2m > [22mEmpty State[2m > [22mshould display message when no history exists[32m 12[2mms[22m[39m
 [32m✓[39m tests/unit/components/wbs/detail/TaskHistory.test.ts[2m > [22mTaskHistory[2m > [22mBackward Compatibility[2m > [22mshould handle legacy history format with from/to fields[32m 14[2mms[22m[39m
 [32m✓[39m tests/unit/components/wbs/detail/TaskHistory.test.ts[2m > [22mTaskHistory[2m > [22mBackward Compatibility[2m > [22mshould handle legacy user field[32m 13[2mms[22m[39m
 [31m×[39m tests/utils/wbs/taskService.test.ts[2m > [22mTaskService[2m > [22mgetTaskDetail[2m > [22mUT-TASK-01-01: 존재하는 Task ID - TaskDetail 반환[32m 135[2mms[22m[39m
[31m   → Task를 찾을 수 없습니다: TSK-01-01[39m
[90mstderr[2m | tests/utils/wbs/taskService.test.ts[2m > [22m[2mTaskService[2m > [22m[2mgetTaskDetail[2m > [22m[2mUT-TASK-01-02: documents 배열 포함
[22m[39m[ProjectsList] Skipping test-task-service: project.json not found or invalid

 [32m✓[39m tests/utils/projects/api-integration.test.ts[2m > [22mProject Metadata Service - API Integration Tests[2m > [22mIntegration: Complete Project Lifecycle[2m > [22mshould handle complete project lifecycle[33m 351[2mms[22m[39m
 [31m×[39m tests/utils/projects/api-integration.test.ts[2m > [22mProject Metadata Service - API Integration Tests[2m > [22mError Handling and Edge Cases[2m > [22mshould handle empty project list gracefully[32m 66[2mms[22m[39m
[31m   → expected [ Array(4) ] to deeply equal [][39m
[90mstderr[2m | tests/utils/workflow/transitionService.test.ts[2m > [22m[2mTransitionService[2m > [22m[2mgetAvailableCommands[2m > [22m[2mTC-005-1: defect [ ] → [start]
[22m[39m[ProjectsList] Skipping test-task-service: project.json not found or invalid

 [31m×[39m tests/utils/workflow/transitionService.test.ts[2m > [22mTransitionService[2m > [22mvalidateTransition[2m > [22mTC-001: valid development transition [ ] → [bd][32m 23[2mms[22m[39m
[31m   → expected false to be true // Object.is equality[39m
 [32m✓[39m tests/utils/workflow/transitionService.test.ts[2m > [22mTransitionService[2m > [22mvalidateTransition[2m > [22mTC-002: invalid transition [vf] → [dd][32m 0[2mms[22m[39m
 [32m✓[39m tests/utils/workflow/transitionService.test.ts[2m > [22mTransitionService[2m > [22mvalidateTransition[2m > [22mTC-003: Task not found[32m 5[2mms[22m[39m
 [31m×[39m tests/utils/workflow/transitionService.test.ts[2m > [22mTransitionService[2m > [22mgetAvailableCommands[2m > [22mTC-004-1: development [ ] → [start][32m 10[2mms[22m[39m
[31m   → expected [] to include 'start'[39m
 [31m×[39m tests/utils/workflow/transitionService.test.ts[2m > [22mTransitionService[2m > [22mgetAvailableCommands[2m > [22mTC-005-1: defect [ ] → [start][32m 48[2mms[22m[39m
[31m   → expected [] to include 'start'[39m
[90mstderr[2m | tests/utils/workflow/transitionService.test.ts[2m > [22m[2mTransitionService[2m > [22m[2mgetAvailableCommands[2m > [22m[2mTC-006-1: infrastructure [ ] → [start, skip]
[22m[39m[ProjectsList] Skipping test-task-service: project.json not found or invalid

 [31m×[39m tests/utils/wbs/taskService.test.ts[2m > [22mTaskService[2m > [22mgetTaskDetail[2m > [22mUT-TASK-01-02: documents 배열 포함[33m 330[2mms[22m[39m
[31m   → Task를 찾을 수 없습니다: TSK-01-01[39m
[90mstderr[2m | tests/utils/workflow/transitionService.test.ts[2m > [22m[2mTransitionService[2m > [22m[2mexecuteTransition[2m > [22m[2mTC-008: success with document creation
[22m[39m[ProjectsList] Skipping test-task-service: project.json not found or invalid

[90mstderr[2m | tests/utils/wbs/taskService.test.ts[2m > [22m[2mTaskService[2m > [22m[2mgetTaskDetail[2m > [22m[2mUT-TASK-01-03: history 배열 포함
[22m[39m[ProjectsList] Skipping test-task-service: project.json not found or invalid

[90mstderr[2m | tests/utils/workflow/transitionService.test.ts[2m > [22m[2mTransitionService[2m > [22m[2mexecuteTransition[2m > [22m[2mTC-009: fails on invalid transition
[22m[39m[ProjectsList] Skipping test-task-service: project.json not found or invalid

 [31m×[39m tests/utils/workflow/transitionService.test.ts[2m > [22mTransitionService[2m > [22mgetAvailableCommands[2m > [22mTC-006-1: infrastructure [ ] → [start, skip][32m 51[2mms[22m[39m
[31m   → expected 0 to be greater than 0[39m
 [32m✓[39m tests/utils/workflow/transitionService.test.ts[2m > [22mTransitionService[2m > [22mexecuteTransition[2m > [22mTC-007: success without document creation[32m 0[2mms[22m[39m
 [32m✓[39m tests/utils/workflow/transitionService.test.ts[2m > [22mTransitionService[2m > [22mexecuteTransition[2m > [22mTC-008: success with document creation[32m 46[2mms[22m[39m
 [32m✓[39m tests/utils/workflow/transitionService.test.ts[2m > [22mTransitionService[2m > [22mexecuteTransition[2m > [22mTC-009: fails on invalid transition[32m 50[2mms[22m[39m
[90mstderr[2m | tests/utils/wbs/taskService.test.ts[2m > [22m[2mTaskService[2m > [22m[2mgetTaskDetail[2m > [22m[2mUT-TASK-01-04: assignee 정보 포함
[22m[39m[ProjectsList] Skipping test-task-service: project.json not found or invalid

[90mstderr[2m | tests/utils/wbs/taskService.test.ts[2m > [22m[2mTaskService[2m > [22m[2mgetTaskDetail[2m > [22m[2mUT-TASK-01-05: 존재하지 않는 Task ID - TASK_NOT_FOUND
[22m[39m[ProjectsList] Skipping test-task-service: project.json not found or invalid

[90mstderr[2m | tests/utils/wbs/taskService.test.ts[2m > [22m[2mTaskService[2m > [22m[2mupdateTask[2m > [22m[2mUT-TASK-02-01: title 수정 성공
[22m[39m[ProjectsList] Skipping test-task-service: project.json not found or invalid

 [31m×[39m tests/utils/wbs/taskService.test.ts[2m > [22mTaskService[2m > [22mgetTaskDetail[2m > [22mUT-TASK-01-03: history 배열 포함[32m 238[2mms[22m[39m
[31m   → Task를 찾을 수 없습니다: TSK-01-01[39m
 [31m×[39m tests/utils/wbs/taskService.test.ts[2m > [22mTaskService[2m > [22mgetTaskDetail[2m > [22mUT-TASK-01-04: assignee 정보 포함[32m 17[2mms[22m[39m
[31m   → Task를 찾을 수 없습니다: TSK-01-01[39m
 [32m✓[39m tests/utils/wbs/taskService.test.ts[2m > [22mTaskService[2m > [22mgetTaskDetail[2m > [22mUT-TASK-01-05: 존재하지 않는 Task ID - TASK_NOT_FOUND[32m 16[2mms[22m[39m
 [32m✓[39m tests/utils/projects/api-integration.test.ts[2m > [22mProject Metadata Service - API Integration Tests[2m > [22mError Handling and Edge Cases[2m > [22mshould validate project ID format strictly[33m 489[2mms[22m[39m
 [31m×[39m tests/utils/wbs/taskService.test.ts[2m > [22mTaskService[2m > [22mupdateTask[2m > [22mUT-TASK-02-01: title 수정 성공[32m 128[2mms[22m[39m
[31m   → Task를 찾을 수 없습니다: TSK-01-01[39m
 [32m✓[39m tests/utils/projects/api-integration.test.ts[2m > [22mProject Metadata Service - API Integration Tests[2m > [22mError Handling and Edge Cases[2m > [22mshould accept valid project ID formats[32m 122[2mms[22m[39m
[90mstderr[2m | tests/utils/wbs/taskService.test.ts[2m > [22m[2mTaskService[2m > [22m[2mupdateTask[2m > [22m[2mUT-TASK-02-02: priority 수정 성공
[22m[39m[ProjectsList] Skipping test-task-service: project.json not found or invalid

 [31m×[39m tests/utils/settings/api.test.ts[2m > [22mSettings API Handler[2m > [22mtype validation[2m > [22mAT-001: should accept columns type[32m 5[2mms[22m[39m
[31m   → __vite_ssr_import_0__.vi.mocked(...).mockRejectedValue is not a function[39m
 [31m×[39m tests/utils/settings/api.test.ts[2m > [22mSettings API Handler[2m > [22mtype validation[2m > [22mAT-002: should accept categories type[32m 1[2mms[22m[39m
[31m   → __vite_ssr_import_0__.vi.mocked(...).mockRejectedValue is not a function[39m
 [31m×[39m tests/utils/settings/api.test.ts[2m > [22mSettings API Handler[2m > [22mtype validation[2m > [22mAT-003: should accept workflows type[32m 1[2mms[22m[39m
[31m   → __vite_ssr_import_0__.vi.mocked(...).mockRejectedValue is not a function[39m
 [31m×[39m tests/utils/settings/api.test.ts[2m > [22mSettings API Handler[2m > [22mtype validation[2m > [22mAT-004: should accept actions type[32m 1[2mms[22m[39m
[31m   → __vite_ssr_import_0__.vi.mocked(...).mockRejectedValue is not a function[39m
 [31m×[39m tests/utils/settings/api.test.ts[2m > [22mSettings API Handler[2m > [22mtype validation[2m > [22mshould reject invalid type[32m 1[2mms[22m[39m
[31m   → __vite_ssr_import_0__.vi.mocked(...).mockRejectedValue is not a function[39m
 [31m×[39m tests/utils/settings/api.test.ts[2m > [22mSettings API Handler[2m > [22mdefault settings structure[2m > [22mshould have correct columns structure[32m 0[2mms[22m[39m
[31m   → __vite_ssr_import_0__.vi.mocked(...).mockRejectedValue is not a function[39m
 [31m×[39m tests/utils/settings/api.test.ts[2m > [22mSettings API Handler[2m > [22mdefault settings structure[2m > [22mshould have correct categories structure[32m 0[2mms[22m[39m
[31m   → __vite_ssr_import_0__.vi.mocked(...).mockRejectedValue is not a function[39m
 [31m×[39m tests/utils/settings/api.test.ts[2m > [22mSettings API Handler[2m > [22mdefault settings structure[2m > [22mshould have correct workflows structure[32m 0[2mms[22m[39m
[31m   → __vite_ssr_import_0__.vi.mocked(...).mockRejectedValue is not a function[39m
 [31m×[39m tests/utils/settings/api.test.ts[2m > [22mSettings API Handler[2m > [22mdefault settings structure[2m > [22mshould have correct actions structure[32m 1[2mms[22m[39m
[31m   → __vite_ssr_import_0__.vi.mocked(...).mockRejectedValue is not a function[39m
 [31m×[39m tests/utils/wbs/taskService.test.ts[2m > [22mTaskService[2m > [22mupdateTask[2m > [22mUT-TASK-02-02: priority 수정 성공[33m 361[2mms[22m[39m
[31m   → Task를 찾을 수 없습니다: TSK-01-01[39m
[90mstderr[2m | tests/utils/wbs/taskService.test.ts[2m > [22m[2mTaskService[2m > [22m[2mupdateTask[2m > [22m[2mUT-TASK-02-03: assignee 수정 성공
[22m[39m[ProjectsList] Skipping test-task-service: project.json not found or invalid

 [31m×[39m tests/utils/settings/service.test.ts[2m > [22mSettings Service[2m > [22mtype-specific getters[2m > [22mUT-007: should return columns config[32m 5[2mms[22m[39m
[31m   → __vi_import_1__.refreshCache is not a function[39m
 [31m×[39m tests/utils/settings/service.test.ts[2m > [22mSettings Service[2m > [22mtype-specific getters[2m > [22mUT-008: should return categories config[32m 1[2mms[22m[39m
[31m   → __vi_import_1__.refreshCache is not a function[39m
 [31m×[39m tests/utils/settings/service.test.ts[2m > [22mSettings Service[2m > [22mtype-specific getters[2m > [22mUT-009: should return workflows and actions config[32m 1[2mms[22m[39m
[31m   → __vi_import_1__.refreshCache is not a function[39m
 [31m×[39m tests/utils/settings/service.test.ts[2m > [22mSettings Service[2m > [22mgetSettingsByType[2m > [22mshould return columns when type is columns[32m 0[2mms[22m[39m
[31m   → __vi_import_1__.refreshCache is not a function[39m
 [31m×[39m tests/utils/settings/service.test.ts[2m > [22mSettings Service[2m > [22mgetSettingsByType[2m > [22mshould return categories when type is categories[32m 0[2mms[22m[39m
[31m   → __vi_import_1__.refreshCache is not a function[39m
 [31m×[39m tests/utils/settings/service.test.ts[2m > [22mSettings Service[2m > [22mgetSettingsByType[2m > [22mshould return workflows when type is workflows[32m 0[2mms[22m[39m
[31m   → __vi_import_1__.refreshCache is not a function[39m
 [31m×[39m tests/utils/settings/service.test.ts[2m > [22mSettings Service[2m > [22mgetSettingsByType[2m > [22mshould return actions when type is actions[32m 0[2mms[22m[39m
[31m   → __vi_import_1__.refreshCache is not a function[39m
 [31m×[39m tests/utils/settings/service.test.ts[2m > [22mSettings Service[2m > [22misValidSettingsType[2m > [22mshould return true for valid types[32m 1[2mms[22m[39m
[31m   → __vi_import_1__.refreshCache is not a function[39m
 [31m×[39m tests/utils/settings/service.test.ts[2m > [22mSettings Service[2m > [22misValidSettingsType[2m > [22mUT-010: should return false for invalid types[32m 1[2mms[22m[39m
[31m   → __vi_import_1__.refreshCache is not a function[39m
 [31m×[39m tests/utils/wbs/taskService.test.ts[2m > [22mTaskService[2m > [22mupdateTask[2m > [22mUT-TASK-02-03: assignee 수정 성공[33m 604[2mms[22m[39m
[31m   → Task를 찾을 수 없습니다: TSK-01-01[39m
[90mstderr[2m | tests/utils/wbs/taskService.test.ts[2m > [22m[2mTaskService[2m > [22m[2mupdateTask[2m > [22m[2mUT-TASK-02-04: 존재하지 않는 Task ID - TASK_NOT_FOUND
[22m[39m[ProjectsList] Skipping test-task-service: project.json not found or invalid

OPTIONS https://telemetry.nuxt.com/ 405 (Method Not Allowed)
Cross-Origin Request Blocked: The Same Origin Policy disallows reading the remote resource at "https://telemetry.nuxt.com/".
 [32m✓[39m tests/utils/wbs/taskService.test.ts[2m > [22mTaskService[2m > [22mupdateTask[2m > [22mUT-TASK-02-04: 존재하지 않는 Task ID - TASK_NOT_FOUND[33m 376[2mms[22m[39m
[90mstderr[2m | tests/utils/wbs/taskService.test.ts[2m > [22m[2mTaskService[2m > [22m[2mupdateTask[2m > [22m[2mUT-TASK-02-05: 유효하지 않은 priority - VALIDATION_ERROR
[22m[39m[ProjectsList] Skipping test-task-service: project.json not found or invalid

 [31m×[39m tests/utils/wbs/taskService.test.ts[2m > [22mTaskService[2m > [22mupdateTask[2m > [22mUT-TASK-02-05: 유효하지 않은 priority - VALIDATION_ERROR[32m 209[2mms[22m[39m
[31m   → expected [Function] to throw error including '유효하지 않은 우선순위' but got 'Task를 찾을 수 없습니다: TSK-01-01'[39m
[90mstderr[2m | tests/utils/wbs/taskService.test.ts[2m > [22m[2mTaskService[2m > [22m[2mHistoryEntry[2m > [22m[2mUT-TASK-03-01: Task 수정 시 이력 기록
[22m[39m[ProjectsList] Skipping test-task-service: project.json not found or invalid

[90mstderr[2m | tests/utils/wbs/taskService.test.ts[2m > [22m[2mTaskService[2m > [22m[2mHistoryEntry[2m > [22m[2mUT-TASK-03-03: timestamp ISO 8601 형식
[22m[39m[ProjectsList] Skipping test-task-service: project.json not found or invalid

 [31m×[39m tests/utils/wbs/taskService.test.ts[2m > [22mTaskService[2m > [22mHistoryEntry[2m > [22mUT-TASK-03-01: Task 수정 시 이력 기록[33m 417[2mms[22m[39m
[31m   → Task를 찾을 수 없습니다: TSK-01-01[39m
 [31m×[39m tests/utils/wbs/taskService.test.ts[2m > [22mTaskService[2m > [22mHistoryEntry[2m > [22mUT-TASK-03-03: timestamp ISO 8601 형식[32m 19[2mms[22m[39m
[31m   → Task를 찾을 수 없습니다: TSK-01-01[39m
 [32m✓[39m tests/api/projects/[id]/wbs/tasks/[taskId]/test-result.test.ts[2m > [22mPUT /api/projects/:id/wbs/tasks/:taskId/test-result[2m > [22mUT-001: 정상 test-result 업데이트[2m > [22mshould update test-result successfully[32m 103[2mms[22m[39m
 [32m✓[39m tests/utils/workflow/workflowEngine.test.ts[2m > [22mWorkflowEngine[2m > [22mgetWorkflowState[2m > [22mreturns workflow state for development task[32m 18[2mms[22m[39m
 [32m✓[39m tests/utils/workflow/workflowEngine.test.ts[2m > [22mWorkflowEngine[2m > [22mgetWorkflowState[2m > [22mreturns workflow state for second development task[32m 9[2mms[22m[39m
 [32m✓[39m tests/utils/workflow/workflowEngine.test.ts[2m > [22mWorkflowEngine[2m > [22mgetWorkflowState[2m > [22mreturns workflow state for infrastructure task[32m 54[2mms[22m[39m
OPTIONS https://telemetry.nuxt.com/ 405 (Method Not Allowed)
Cross-Origin Request Blocked: The Same Origin Policy disallows reading the remote resource at "https://telemetry.nuxt.com/".
 [32m✓[39m tests/utils/workflow/workflowEngine.test.ts[2m > [22mWorkflowEngine[2m > [22mgetWorkflowState[2m > [22mthrows TASK_NOT_FOUND for invalid task[32m 133[2mms[22m[39m
PUT http://localhost:3000/etc/passwd/wbs/tasks/TSK-01-01/test-result 404 (Page not found: /etc/passwd/wbs/tasks/TSK-01-01/test-result)
 [32m✓[39m tests/api/projects/[id]/wbs/tasks/[taskId]/test-result.test.ts[2m > [22mPUT /api/projects/:id/wbs/tasks/:taskId/test-result[2m > [22mUT-002: 파라미터 검증 실패[2m > [22mshould return 400 or 404 for invalid project ID (path traversal)[33m 347[2mms[22m[39m
 [32m✓[39m tests/unit/components/wbs/detail/TaskRequirements.test.ts[2m > [22mTaskRequirements[2m > [22mtoggleEdit functionality[2m > [22mshould activate editing mode when edit button clicked[32m 179[2mms[22m[39m
 [32m✓[39m tests/utils/workflow/workflowEngine.test.ts[2m > [22mWorkflowEngine[2m > [22mgetWorkflowState[2m > [22mincludes available commands in workflow state[32m 199[2mms[22m[39m
 [32m✓[39m tests/utils/workflow/workflowEngine.test.ts[2m > [22mWorkflowEngine[2m > [22mgetWorkflowState[2m > [22mworkflow states array is not empty[32m 55[2mms[22m[39m
 [32m✓[39m tests/unit/components/wbs/detail/TaskRequirements.test.ts[2m > [22mTaskRequirements[2m > [22mtoggleEdit functionality[2m > [22mshould copy requirements to localRequirements when editing starts[32m 47[2mms[22m[39m
 [32m✓[39m tests/unit/components/wbs/detail/TaskRequirements.test.ts[2m > [22mTaskRequirements[2m > [22mtoggleEdit functionality[2m > [22mshould emit update:requirements event on save[32m 55[2mms[22m[39m
 [32m✓[39m tests/unit/components/wbs/detail/TaskRequirements.test.ts[2m > [22mTaskRequirements[2m > [22mtoggleEdit functionality[2m > [22mshould exit editing mode on cancel without saving[32m 36[2mms[22m[39m
 [32m✓[39m tests/unit/components/wbs/detail/TaskRequirements.test.ts[2m > [22mTaskRequirements[2m > [22maddRequirement and removeRequirement[2m > [22mshould add new requirement[32m 34[2mms[22m[39m
 [32m✓[39m tests/unit/components/wbs/detail/TaskRequirements.test.ts[2m > [22mTaskRequirements[2m > [22maddRequirement and removeRequirement[2m > [22mshould remove requirement[32m 38[2mms[22m[39m
 [32m✓[39m tests/utils/workflow/workflowEngine.test.ts[2m > [22mWorkflowEngine[2m > [22mgetWorkflowState[2m > [22mworkflow transitions array is not empty[32m 140[2mms[22m[39m
 [32m✓[39m tests/unit/components/wbs/detail/TaskRequirements.test.ts[2m > [22mTaskRequirements[2m > [22mvalidateRequirement - 500 character limit[2m > [22mshould accept requirements under 500 characters[32m 28[2mms[22m[39m
 [32m✓[39m tests/unit/components/wbs/detail/TaskRequirements.test.ts[2m > [22mTaskRequirements[2m > [22mvalidateRequirement - 500 character limit[2m > [22mshould reject requirements over 500 characters[32m 26[2mms[22m[39m
 [32m✓[39m tests/unit/components/wbs/detail/TaskRequirements.test.ts[2m > [22mTaskRequirements[2m > [22mvalidateRequirement - 500 character limit[2m > [22mshould prevent save when validation error exists[32m 22[2mms[22m[39m
 [32m✓[39m tests/unit/components/wbs/detail/TaskRequirements.test.ts[2m > [22mTaskRequirements[2m > [22mvalidateRequirement - 500 character limit[2m > [22mshould display error message when validation fails[32m 19[2mms[22m[39m
 [32m✓[39m tests/unit/components/wbs/detail/TaskRequirements.test.ts[2m > [22mTaskRequirements[2m > [22mPRD Reference Display[2m > [22mshould display PRD reference when provided[32m 11[2mms[22m[39m
 [32m✓[39m tests/unit/components/wbs/detail/TaskRequirements.test.ts[2m > [22mTaskRequirements[2m > [22mPRD Reference Display[2m > [22mshould not display PRD reference when not provided[32m 12[2mms[22m[39m
 [32m✓[39m tests/unit/components/wbs/detail/TaskRequirements.test.ts[2m > [22mTaskRequirements[2m > [22mEmpty State[2m > [22mshould display message when no requirements exist[32m 9[2mms[22m[39m
 [32m✓[39m tests/unit/components/wbs/detail/TaskRequirements.test.ts[2m > [22mTaskRequirements[2m > [22mData Integrity[2m > [22mshould filter out empty requirements on save[32m 21[2mms[22m[39m
 [32m✓[39m tests/utils/wbs/wbsService.test.ts[2m > [22mWbsService[2m > [22mgetWbsTree[2m > [22mUT-WBS-01-01: 유효한 wbs.md (4단계) 파싱 성공[32m 166[2mms[22m[39m
[90mstderr[2m | tests/utils/workflow/workflowEngine.test.ts[2m > [22m[2mWorkflowEngine[2m > [22m[2mgetWorkflowState[2m > [22m[2mcurrent state name is defined
[22m[39m[ProjectsList] Skipping test-wbs-service: project.json not found or invalid

 [32m✓[39m tests/utils/workflow/workflowEngine.test.ts[2m > [22mWorkflowEngine[2m > [22mgetWorkflowState[2m > [22mcurrent state name is defined[32m 280[2mms[22m[39m
 [32m✓[39m tests/utils/workflow/workflowEngine.test.ts[2m > [22mWorkflowEngine[2m > [22mgetAvailableCommands[2m > [22mreturns commands for development task[32m 195[2mms[22m[39m
 [32m✓[39m tests/utils/workflow/workflowEngine.test.ts[2m > [22mWorkflowEngine[2m > [22mgetAvailableCommands[2m > [22mreturns commands for second development task[32m 9[2mms[22m[39m
[90mstderr[2m | tests/utils/workflow/workflowEngine.test.ts[2m > [22m[2mWorkflowEngine[2m > [22m[2mexecuteCommand[2m > [22m[2mreturns transition result with required fields
[22m[39m[ProjectsList] Skipping test-wbs-service: project.json not found or invalid

[90mstderr[2m | tests/utils/workflow/workflowEngine.test.ts[2m > [22m[2mWorkflowEngine[2m > [22m[2mexecuteCommand[2m > [22m[2mthrows error for invalid command
[22m[39m[ProjectsList] Skipping test-wbs-service: project.json not found or invalid

[90mstdout[2m | tests/unit/composables/useTreePersistence.test.ts[2m > [22m[2museTreePersistence[2m > [22m[2msaveExpandedState[2m > [22m[2mshould save expanded state to localStorage
[22m[39m[useTreePersistence] Saved state: [33m3[39m nodes

[90mstdout[2m | tests/unit/composables/useTreePersistence.test.ts[2m > [22m[2museTreePersistence[2m > [22m[2msaveExpandedState[2m > [22m[2mshould save empty set as empty array
[22m[39m[useTreePersistence] Saved state: [33m0[39m nodes

 [32m✓[39m tests/utils/workflow/workflowEngine.test.ts[2m > [22mWorkflowEngine[2m > [22mgetAvailableCommands[2m > [22mreturns commands for infrastructure task[32m 5[2mms[22m[39m
 [32m✓[39m tests/utils/workflow/workflowEngine.test.ts[2m > [22mWorkflowEngine[2m > [22mgetAvailableCommands[2m > [22mthrows error for invalid task[32m 4[2mms[22m[39m
 [32m✓[39m tests/utils/workflow/workflowEngine.test.ts[2m > [22mWorkflowEngine[2m > [22mgetAvailableCommands[2m > [22mcommands are strings[32m 15[2mms[22m[39m
 [32m✓[39m tests/utils/workflow/workflowEngine.test.ts[2m > [22mWorkflowEngine[2m > [22mexecuteCommand[2m > [22mreturns transition result with required fields[32m 12[2mms[22m[39m
 [32m✓[39m tests/utils/workflow/workflowEngine.test.ts[2m > [22mWorkflowEngine[2m > [22mexecuteCommand[2m > [22mthrows error for invalid command[32m 58[2mms[22m[39m
 [32m✓[39m tests/utils/wbs/wbsService.test.ts[2m > [22mWbsService[2m > [22mgetWbsTree[2m > [22mUT-WBS-01-03: 빈 wbs.md (메타데이터만) 파싱 성공[32m 280[2mms[22m[39m
 [32m✓[39m tests/utils/wbs/wbsService.test.ts[2m > [22mWbsService[2m > [22mgetWbsTree[2m > [22mUT-WBS-01-04: wbs.md 없음 - PROJECT_NOT_FOUND 에러[32m 45[2mms[22m[39m
PUT http://localhost:3000/api/projects/test-tsk-03-05/wbs/tasks/TSK-01-01/test-result 400 (INVALID_REQUEST_BODY)
[90mstdout[2m | tests/unit/composables/useTreePersistence.test.ts[2m > [22m[2museTreePersistence[2m > [22m[2mrestoreExpandedState[2m > [22m[2mshould restore expanded state from localStorage
[22m[39m[useTreePersistence] Restored state: [33m2[39m nodes

[90mstderr[2m | tests/utils/workflow/workflowEngine.test.ts[2m > [22m[2mWorkflowEngine[2m > [22m[2mexecuteCommand[2m > [22m[2mthrows error for invalid task
[22m[39m[ProjectsList] Skipping test-wbs-service: project.json not found or invalid

[90mstdout[2m | tests/unit/composables/useTreePersistence.test.ts[2m > [22m[2museTreePersistence[2m > [22m[2mrestoreExpandedState[2m > [22m[2mshould handle JSON parse error and clear state
[22m[39m[useTreePersistence] Cleared state

[90mstdout[2m | tests/unit/composables/useTreePersistence.test.ts[2m > [22m[2museTreePersistence[2m > [22m[2mclearExpandedState[2m > [22m[2mshould remove state from localStorage
[22m[39m[useTreePersistence] Saved state: [33m1[39m nodes
[useTreePersistence] Cleared state

PUT http://localhost:3000/api/projects/test-tsk-03-05/wbs/tasks/TSK-01-01/test-result 400 (INVALID_REQUEST_BODY)
 [32m✓[39m tests/unit/composables/useTreePersistence.test.ts[2m > [22museTreePersistence[2m > [22msaveExpandedState[2m > [22mshould save expanded state to localStorage[32m 11[2mms[22m[39m
 [32m✓[39m tests/unit/composables/useTreePersistence.test.ts[2m > [22museTreePersistence[2m > [22msaveExpandedState[2m > [22mshould save empty set as empty array[32m 2[2mms[22m[39m
 [32m✓[39m tests/unit/composables/useTreePersistence.test.ts[2m > [22museTreePersistence[2m > [22msaveExpandedState[2m > [22mshould warn and skip save if size exceeds limit[32m 39[2mms[22m[39m
 [32m✓[39m tests/unit/composables/useTreePersistence.test.ts[2m > [22museTreePersistence[2m > [22msaveExpandedState[2m > [22mshould log debug message on successful save[32m 2[2mms[22m[39m
 [32m✓[39m tests/unit/composables/useTreePersistence.test.ts[2m > [22museTreePersistence[2m > [22mrestoreExpandedState[2m > [22mshould restore expanded state from localStorage[32m 4[2mms[22m[39m
 [32m✓[39m tests/unit/composables/useTreePersistence.test.ts[2m > [22museTreePersistence[2m > [22mrestoreExpandedState[2m > [22mshould filter out invalid nodes during restoration[32m 2[2mms[22m[39m
 [32m✓[39m tests/unit/composables/useTreePersistence.test.ts[2m > [22museTreePersistence[2m > [22mrestoreExpandedState[2m > [22mshould log info and return if no saved state found[32m 1[2mms[22m[39m
 [32m✓[39m tests/unit/composables/useTreePersistence.test.ts[2m > [22museTreePersistence[2m > [22mrestoreExpandedState[2m > [22mshould clear state if version mismatch[32m 1[2mms[22m[39m
 [32m✓[39m tests/unit/composables/useTreePersistence.test.ts[2m > [22museTreePersistence[2m > [22mrestoreExpandedState[2m > [22mshould handle JSON parse error and clear state[32m 2[2mms[22m[39m
 [32m✓[39m tests/unit/composables/useTreePersistence.test.ts[2m > [22museTreePersistence[2m > [22mclearExpandedState[2m > [22mshould remove state from localStorage[32m 1[2mms[22m[39m
 [32m✓[39m tests/unit/composables/useTreePersistence.test.ts[2m > [22museTreePersistence[2m > [22mclearExpandedState[2m > [22mshould log info on successful clear[32m 3[2mms[22m[39m
[90mstderr[2m | tests/utils/workflow/workflowEngine.test.ts[2m > [22m[2mWorkflowEngine[2m > [22m[2mexecuteCommand[2m > [22m[2mthrows error for invalid task
[22m[39mFailed to read Markdown file: .jjiban\projects\test-tsk-03-05\wbs.md Error: ENOENT: no such file or directory, open 'C:\project\jjiban\.jjiban\projects\test-tsk-03-05\wbs.md'
[90m    at open (node:internal/fs/promises:638:25)[39m
[90m    at Object.readFile (node:internal/fs/promises:1242:14)[39m
    at readMarkdownFile (C:/project/jjiban/server/utils/file.ts:75:12)
    at getWbsTree (C:/project/jjiban/server/utils/wbs/wbsService.ts:111:20)
    at findTaskById (C:/project/jjiban/server/utils/wbs/taskService.ts:118:24)
    at validateTransitionInternal (C:/project/jjiban/server/utils/workflow/transitionService.ts:193:22)
    at executeTransition (C:/project/jjiban/server/utils/workflow/transitionService.ts:308:22)
    at executeCommand (C:/project/jjiban/server/utils/workflow/workflowEngine.ts:116:18)
    at C:/project/jjiban/tests/utils/workflow/workflowEngine.test.ts:160:7
    at [90mfile:///C:/project/jjiban/[39mnode_modules/[4m@vitest[24m/runner/dist/index.js:915:20 {
  errno: [33m-4058[39m,
  code: [32m'ENOENT'[39m,
  syscall: [32m'open'[39m,
  path: [32m'C:\\project\\jjiban\\.jjiban\\projects\\test-tsk-03-05\\wbs.md'[39m
}

[90mstderr[2m | tests/utils/workflow/workflowEngine.test.ts[2m > [22m[2mWorkflowEngine[2m > [22m[2mexecuteCommand[2m > [22m[2mthrows error for invalid task
[22m[39m[TaskService] Failed to search task in project 'test-tsk-03-05': H3Error: WBS 파일을 읽을 수 없습니다
    at createError [90m(file:///C:/project/jjiban/[39mnode_modules/[4mh3[24m/dist/index.mjs:71:15[90m)[39m
    at createStandardError (C:/project/jjiban/server/utils/errors/standardError.ts:30:10)
    at createInternalError (C:/project/jjiban/server/utils/errors/standardError.ts:65:10)
    at getWbsTree (C:/project/jjiban/server/utils/wbs/wbsService.ts:113:11)
    at findTaskById (C:/project/jjiban/server/utils/wbs/taskService.ts:118:24)
    at validateTransitionInternal (C:/project/jjiban/server/utils/workflow/transitionService.ts:193:22)
    at executeTransition (C:/project/jjiban/server/utils/workflow/transitionService.ts:308:22)
    at executeCommand (C:/project/jjiban/server/utils/workflow/workflowEngine.ts:116:18)
    at C:/project/jjiban/tests/utils/workflow/workflowEngine.test.ts:160:7
    at [90mfile:///C:/project/jjiban/[39mnode_modules/[4m@vitest[24m/runner/dist/index.js:915:20 {
  cause: {
    statusCode: [33m500[39m,
    statusMessage: [32m'FILE_ACCESS_ERROR'[39m,
    message: [32m'WBS 파일을 읽을 수 없습니다'[39m,
    data: { timestamp: [32m'2025-12-15T15:34:45.384Z'[39m }
  },
  statusCode: [33m500[39m,
  fatal: [33mfalse[39m,
  unhandled: [33mfalse[39m,
  statusMessage: [32m'FILE_ACCESS_ERROR'[39m,
  data: { timestamp: [32m'2025-12-15T15:34:45.384Z'[39m }
}

 [32m✓[39m tests/utils/workflow/workflowEngine.test.ts[2m > [22mWorkflowEngine[2m > [22mexecuteCommand[2m > [22mthrows error for invalid task[32m 115[2mms[22m[39m
 [32m✓[39m tests/api/projects/[id]/wbs/tasks/[taskId]/test-result.test.ts[2m > [22mPUT /api/projects/:id/wbs/tasks/:taskId/test-result[2m > [22mUT-002: 파라미터 검증 실패[2m > [22mshould return 400 for missing request body[33m 935[2mms[22m[39m
 [32m✓[39m tests/api/projects/[id]/wbs/tasks/[taskId]/test-result.test.ts[2m > [22mPUT /api/projects/:id/wbs/tasks/:taskId/test-result[2m > [22mUT-002: 파라미터 검증 실패[2m > [22mshould return 400 for missing testResult field[32m 54[2mms[22m[39m
[90mstderr[2m | tests/utils/workflow/workflowEngine.test.ts[2m > [22m[2mWorkflowEngine[2m > [22m[2mexecuteCommand[2m > [22m[2maccepts optional comment parameter
[22m[39m[ProjectsList] Skipping test-tsk-03-05: project.json not found or invalid

[90mstderr[2m | tests/utils/workflow/workflowEngine.test.ts[2m > [22m[2mWorkflowEngine[2m > [22m[2mexecuteCommand[2m > [22m[2maccepts optional comment parameter
[22m[39m[ProjectsList] Skipping test-wbs-service: project.json not found or invalid

PUT http://localhost:3000/api/projects/test-tsk-03-05/wbs/tasks/TSK-01-01-01/test-result 404 (TASK_NOT_FOUND)
[90mstderr[2m | tests/utils/workflow/workflowEngine.test.ts[2m > [22m[2mWorkflowEngine[2m > [22m[2mexecuteCommand[2m > [22m[2mrecords history after execution
[22m[39m[ProjectsList] Skipping test-wbs-service: project.json not found or invalid

 [32m✓[39m tests/api/projects/[id]/wbs/tasks/[taskId]/test-result.test.ts[2m > [22mPUT /api/projects/:id/wbs/tasks/:taskId/test-result[2m > [22mUT-003: Task ID 형식 검증 (BR-001)[2m > [22mshould accept valid 3-level Task ID[32m 57[2mms[22m[39m
 [32m✓[39m tests/api/projects/[id]/wbs/tasks/[taskId]/test-result.test.ts[2m > [22mPUT /api/projects/:id/wbs/tasks/:taskId/test-result[2m > [22mUT-003: Task ID 형식 검증 (BR-001)[2m > [22mshould accept valid 4-level Task ID format[32m 76[2mms[22m[39m
 [32m✓[39m tests/utils/wbs/wbsService.test.ts[2m > [22mWbsService[2m > [22msaveWbsTree[2m > [22mUT-WBS-02-01: 유효한 WbsNode[] 저장 성공[32m 199[2mms[22m[39m
 [32m✓[39m tests/utils/wbs/wbsService.test.ts[2m > [22mWbsService[2m > [22msaveWbsTree[2m > [22mUT-WBS-02-04: 유효성 검증 실패 - VALIDATION_ERROR[32m 46[2mms[22m[39m
 [32m✓[39m tests/unit/components/wbs/detail/TaskDocuments.test.ts[2m > [22mTaskDocuments[2m > [22mgetDocumentCardStyle method[2m > [22mshould return blue background for existing documents[32m 154[2mms[22m[39m
PUT http://localhost:3000/api/projects/test-tsk-03-05/wbs/tasks/TSK-1-1/test-result 400 (INVALID_TASK_ID)
 [32m✓[39m tests/utils/workflow/workflowEngine.test.ts[2m > [22mWorkflowEngine[2m > [22mexecuteCommand[2m > [22maccepts optional comment parameter[32m 106[2mms[22m[39m
 [32m✓[39m tests/utils/workflow/workflowEngine.test.ts[2m > [22mWorkflowEngine[2m > [22mexecuteCommand[2m > [22mrecords history after execution[32m 76[2mms[22m[39m
 [32m✓[39m tests/utils/wbs/wbsService.test.ts[2m > [22mWbsService[2m > [22msaveWbsTree[2m > [22mUT-WBS-03-01: updated 필드 자동 갱신[32m 127[2mms[22m[39m
[90mstderr[2m | tests/utils/workflow/workflowEngine.test.ts[2m > [22m[2mWorkflowEngine[2m > [22m[2mqueryHistory[2m > [22m[2mreturns history result with items and totalCount
[22m[39m[ProjectsList] Skipping test-wbs-service: project.json not found or invalid

[90mstderr[2m | tests/utils/workflow/workflowEngine.test.ts[2m > [22m[2mWorkflowEngine[2m > [22m[2mqueryHistory[2m > [22m[2mreturns history result with items and totalCount
[22m[39mFailed to read JSON file: .jjiban\projects\jjiban\tasks\TSK-01-02-01\workflow-history.json Error: ENOENT: no such file or directory, open 'C:\project\jjiban\.jjiban\projects\jjiban\tasks\TSK-01-02-01\workflow-history.json'
[90m    at open (node:internal/fs/promises:638:25)[39m
[90m    at Object.readFile (node:internal/fs/promises:1242:14)[39m
    at readJsonFile (C:/project/jjiban/server/utils/file.ts:48:21)
    at queryHistory (C:/project/jjiban/server/utils/workflow/workflowEngine.ts:159:20)
    at C:/project/jjiban/tests/utils/workflow/workflowEngine.test.ts:200:22
    at [90mfile:///C:/project/jjiban/[39mnode_modules/[4m@vitest[24m/runner/dist/index.js:915:20 {
  errno: [33m-4058[39m,
  code: [32m'ENOENT'[39m,
  syscall: [32m'open'[39m,
  path: [32m'C:\\project\\jjiban\\.jjiban\\projects\\jjiban\\tasks\\TSK-01-02-01\\workflow-history.json'[39m
}

[90mstdout[2m | tests/unit/composables/useTreePersistence.test.ts[2m > [22m[2museTreePersistence[2m > [22m[2mautoSave[2m > [22m[2mshould auto-save when expandedNodes changes
[22m[39m[useTreePersistence] Saved state: [33m2[39m nodes

[90mstdout[2m | tests/unit/composables/useTreePersistence.test.ts[2m > [22m[2museTreePersistence[2m > [22m[2mautoSave[2m > [22m[2mshould auto-save when expandedNodes changes
[22m[39m[useTreePersistence] Saved state: [33m1[39m nodes

[90mstdout[2m | tests/unit/composables/useTreePersistence.test.ts[2m > [22m[2museTreePersistence[2m > [22m[2mautoSave[2m > [22m[2mshould auto-save when expandedNodes changes
[22m[39m[useTreePersistence] Saved state: [33m1[39m nodes

PUT http://localhost:3000/api/projects/test-tsk-03-05/wbs/tasks/TASK-01-01/test-result 400 (INVALID_TASK_ID)
 [32m✓[39m tests/api/projects/[id]/wbs/tasks/[taskId]/test-result.test.ts[2m > [22mPUT /api/projects/:id/wbs/tasks/:taskId/test-result[2m > [22mUT-003: Task ID 형식 검증 (BR-001)[2m > [22mshould reject invalid Task ID format (insufficient digits)[32m 78[2mms[22m[39m
 [32m✓[39m tests/unit/components/wbs/detail/TaskDocuments.test.ts[2m > [22mTaskDocuments[2m > [22mgetDocumentCardStyle method[2m > [22mshould return gray background with dashed border for expected documents[32m 19[2mms[22m[39m
 [32m✓[39m tests/unit/components/wbs/detail/TaskDocuments.test.ts[2m > [22mTaskDocuments[2m > [22mhandleOpenDocument method[2m > [22mshould emit open-document event when exists=true[32m 19[2mms[22m[39m
 [32m✓[39m tests/unit/components/wbs/detail/TaskDocuments.test.ts[2m > [22mTaskDocuments[2m > [22mhandleOpenDocument method[2m > [22mshould NOT emit open-document event when exists=false[32m 12[2mms[22m[39m
 [32m✓[39m tests/unit/components/wbs/detail/TaskDocuments.test.ts[2m > [22mTaskDocuments[2m > [22mDocument Card Classes[2m > [22mshould add cursor-pointer and hover classes for existing documents[32m 19[2mms[22m[39m
 [32m✓[39m tests/unit/components/wbs/detail/TaskDocuments.test.ts[2m > [22mTaskDocuments[2m > [22mDocument Card Classes[2m > [22mshould add cursor-not-allowed for expected documents[32m 15[2mms[22m[39m
 [32m✓[39m tests/unit/components/wbs/detail/TaskDocuments.test.ts[2m > [22mTaskDocuments[2m > [22mDocument Type Icons and Colors[2m > [22mshould return correct icon for design documents[32m 21[2mms[22m[39m
 [32m✓[39m tests/utils/workflow/workflowEngine.test.ts[2m > [22mWorkflowEngine[2m > [22mqueryHistory[2m > [22mreturns history result with items and totalCount[32m 60[2mms[22m[39m
PUT http://localhost:3000/api/projects/test-tsk-03-05/wbs/tasks/TSK-01/test-result 400 (INVALID_TASK_ID)
 [32m✓[39m tests/unit/components/wbs/detail/TaskDocuments.test.ts[2m > [22mTaskDocuments[2m > [22mDocument Type Icons and Colors[2m > [22mshould return fallback icon for unknown type[32m 32[2mms[22m[39m
 [32m✓[39m tests/unit/components/wbs/detail/TaskDocuments.test.ts[2m > [22mTaskDocuments[2m > [22mFile Size Formatting[2m > [22mshould format bytes correctly[32m 15[2mms[22m[39m
 [32m✓[39m tests/unit/components/wbs/detail/TaskDocuments.test.ts[2m > [22mTaskDocuments[2m > [22mDate Formatting[2m > [22mshould format date string to Korean locale[32m 44[2mms[22m[39m
 [32m✓[39m tests/unit/components/wbs/detail/TaskDocuments.test.ts[2m > [22mTaskDocuments[2m > [22mDocument Base Name Extraction[2m > [22mshould remove file extension from filename[32m 9[2mms[22m[39m
 [32m✓[39m tests/api/projects/[id]/wbs/tasks/[taskId]/test-result.test.ts[2m > [22mPUT /api/projects/:id/wbs/tasks/:taskId/test-result[2m > [22mUT-003: Task ID 형식 검증 (BR-001)[2m > [22mshould reject invalid Task ID format (wrong prefix)[32m 68[2mms[22m[39m
 [32m✓[39m tests/api/projects/[id]/wbs/tasks/[taskId]/test-result.test.ts[2m > [22mPUT /api/projects/:id/wbs/tasks/:taskId/test-result[2m > [22mUT-003: Task ID 형식 검증 (BR-001)[2m > [22mshould reject invalid Task ID format (insufficient segments)[32m 85[2mms[22m[39m
[90mstderr[2m | tests/utils/workflow/workflowEngine.test.ts[2m > [22m[2mWorkflowEngine[2m > [22m[2mqueryHistory[2m > [22m[2mfilters by action type
[22m[39mFailed to read JSON file: .jjiban\projects\jjiban\tasks\TSK-01-02-01\workflow-history.json Error: ENOENT: no such file or directory, open 'C:\project\jjiban\.jjiban\projects\jjiban\tasks\TSK-01-02-01\workflow-history.json'
[90m    at open (node:internal/fs/promises:638:25)[39m
[90m    at Object.readFile (node:internal/fs/promises:1242:14)[39m
    at readJsonFile (C:/project/jjiban/server/utils/file.ts:48:21)
    at queryHistory (C:/project/jjiban/server/utils/workflow/workflowEngine.ts:159:20)
    at C:/project/jjiban/tests/utils/workflow/workflowEngine.test.ts:211:22
    at [90mfile:///C:/project/jjiban/[39mnode_modules/[4m@vitest[24m/runner/dist/index.js:915:20 {
  errno: [33m-4058[39m,
  code: [32m'ENOENT'[39m,
  syscall: [32m'open'[39m,
  path: [32m'C:\\project\\jjiban\\.jjiban\\projects\\jjiban\\tasks\\TSK-01-02-01\\workflow-history.json'[39m
}

PUT http://localhost:3000/api/projects/test-tsk-03-05/wbs/tasks/TSK-AA-BB/test-result 400 (INVALID_TASK_ID)
[90mstderr[2m | tests/utils/workflow/workflowEngine.test.ts[2m > [22m[2mWorkflowEngine[2m > [22m[2mqueryHistory[2m > [22m[2mapplies limit correctly
[22m[39mFailed to read JSON file: .jjiban\projects\jjiban\tasks\TSK-01-02-01\workflow-history.json Error: ENOENT: no such file or directory, open 'C:\project\jjiban\.jjiban\projects\jjiban\tasks\TSK-01-02-01\workflow-history.json'
[90m    at open (node:internal/fs/promises:638:25)[39m
[90m    at Object.readFile (node:internal/fs/promises:1242:14)[39m
    at readJsonFile (C:/project/jjiban/server/utils/file.ts:48:21)
    at queryHistory (C:/project/jjiban/server/utils/workflow/workflowEngine.ts:159:20)
    at C:/project/jjiban/tests/utils/workflow/workflowEngine.test.ts:222:22
    at [90mfile:///C:/project/jjiban/[39mnode_modules/[4m@vitest[24m/runner/dist/index.js:915:20 {
  errno: [33m-4058[39m,
  code: [32m'ENOENT'[39m,
  syscall: [32m'open'[39m,
  path: [32m'C:\\project\\jjiban\\.jjiban\\projects\\jjiban\\tasks\\TSK-01-02-01\\workflow-history.json'[39m
}

 [32m✓[39m tests/utils/workflow/workflowEngine.test.ts[2m > [22mWorkflowEngine[2m > [22mqueryHistory[2m > [22mfilters by action type[32m 136[2mms[22m[39m
 [32m✓[39m tests/utils/workflow/workflowEngine.test.ts[2m > [22mWorkflowEngine[2m > [22mqueryHistory[2m > [22mapplies limit correctly[32m 69[2mms[22m[39m
 [32m✓[39m tests/unit/composables/useTreePersistence.test.ts[2m > [22museTreePersistence[2m > [22mautoSave[2m > [22mshould auto-save when expandedNodes changes[33m 414[2mms[22m[39m
 [32m✓[39m tests/unit/components/wbs/detail/TaskDocuments.test.ts[2m > [22mTaskDocuments[2m > [22mRendering[2m > [22mshould render document cards with correct data-testid[32m 16[2mms[22m[39m
 [32m✓[39m tests/unit/components/wbs/detail/TaskDocuments.test.ts[2m > [22mTaskDocuments[2m > [22mRendering[2m > [22mshould display open button only for existing documents[32m 33[2mms[22m[39m
 [32m✓[39m tests/unit/components/wbs/detail/TaskDocuments.test.ts[2m > [22mTaskDocuments[2m > [22mRendering[2m > [22mshould display file size and updated date for existing documents[32m 16[2mms[22m[39m
 [32m✓[39m tests/unit/components/wbs/detail/TaskDocuments.test.ts[2m > [22mTaskDocuments[2m > [22mRendering[2m > [22mshould display expected condition for expected documents[32m 11[2mms[22m[39m
 [32m✓[39m tests/unit/components/wbs/detail/TaskDocuments.test.ts[2m > [22mTaskDocuments[2m > [22mEmpty State[2m > [22mshould display message when no documents exist[32m 19[2mms[22m[39m
 [32m✓[39m tests/unit/components/wbs/detail/TaskDocuments.test.ts[2m > [22mTaskDocuments[2m > [22mDocument Type Labels[2m > [22mshould return correct label for each document type[32m 11[2mms[22m[39m
 [32m✓[39m tests/api/projects/[id]/wbs/tasks/[taskId]/test-result.test.ts[2m > [22mPUT /api/projects/:id/wbs/tasks/:taskId/test-result[2m > [22mUT-003: Task ID 형식 검증 (BR-001)[2m > [22mshould reject invalid Task ID format (non-numeric)[32m 73[2mms[22m[39m
 [32m✓[39m tests/api/projects/[id]/wbs/tasks/[taskId]/test-result.test.ts[2m > [22mPUT /api/projects/:id/wbs/tasks/:taskId/test-result[2m > [22mUT-004: test-result 값 검증 (BR-002)[2m > [22mshould accept valid value: none[32m 33[2mms[22m[39m
[90mstderr[2m | tests/utils/workflow/workflowEngine.test.ts[2m > [22m[2mWorkflowEngine[2m > [22m[2mqueryHistory[2m > [22m[2mapplies offset correctly
[22m[39mFailed to read JSON file: .jjiban\projects\jjiban\tasks\TSK-01-02-01\workflow-history.json Error: ENOENT: no such file or directory, open 'C:\project\jjiban\.jjiban\projects\jjiban\tasks\TSK-01-02-01\workflow-history.json'
[90m    at open (node:internal/fs/promises:638:25)[39m
[90m    at Object.readFile (node:internal/fs/promises:1242:14)[39m
    at readJsonFile (C:/project/jjiban/server/utils/file.ts:48:21)
    at queryHistory (C:/project/jjiban/server/utils/workflow/workflowEngine.ts:159:20)
    at C:/project/jjiban/tests/utils/workflow/workflowEngine.test.ts:228:26
    at [90mfile:///C:/project/jjiban/[39mnode_modules/[4m@vitest[24m/runner/dist/index.js:915:20 {
  errno: [33m-4058[39m,
  code: [32m'ENOENT'[39m,
  syscall: [32m'open'[39m,
  path: [32m'C:\\project\\jjiban\\.jjiban\\projects\\jjiban\\tasks\\TSK-01-02-01\\workflow-history.json'[39m
}

 [32m✓[39m tests/unit/composables/useTreeInteraction.test.ts[2m > [22museTreeInteraction[2m > [22mtoggleNode[2m > [22mshould toggle node expansion state[32m 7[2mms[22m[39m
 [32m✓[39m tests/unit/composables/useTreeInteraction.test.ts[2m > [22museTreeInteraction[2m > [22mtoggleNode[2m > [22mshould warn and return early if nodeId is invalid[32m 4[2mms[22m[39m
 [32m✓[39m tests/unit/composables/useTreeInteraction.test.ts[2m > [22museTreeInteraction[2m > [22mtoggleNode[2m > [22mshould warn and return early if node does not exist[32m 2[2mms[22m[39m
 [32m✓[39m tests/unit/composables/useTreeInteraction.test.ts[2m > [22museTreeInteraction[2m > [22mtoggleNode[2m > [22mshould not toggle node without children[32m 1[2mms[22m[39m
 [32m✓[39m tests/unit/composables/useTreeInteraction.test.ts[2m > [22museTreeInteraction[2m > [22mtoggleNode[2m > [22mshould call wbsStore.toggleExpand for valid node with children[32m 2[2mms[22m[39m
 [32m✓[39m tests/unit/composables/useTreeInteraction.test.ts[2m > [22museTreeInteraction[2m > [22mselectNode[2m > [22mshould select node via selectionStore[32m 1[2mms[22m[39m
 [32m✓[39m tests/unit/composables/useTreeInteraction.test.ts[2m > [22museTreeInteraction[2m > [22mselectNode[2m > [22mshould prevent duplicate selection[32m 1[2mms[22m[39m
[90mstderr[2m | tests/unit/composables/useTreeInteraction.test.ts[2m > [22m[2museTreeInteraction[2m > [22m[2mselectNode[2m > [22m[2mshould reset isSelecting flag after error
[22m[39m[useTreeInteraction] Failed to select node: Error: Test error
    at C:/project/jjiban/tests/unit/composables/useTreeInteraction.test.ts:214:21
    at [90mfile:///C:/project/jjiban/[39mnode_modules/[4m@vitest[24m/runner/dist/index.js:145:11
    at [90mfile:///C:/project/jjiban/[39mnode_modules/[4m@vitest[24m/runner/dist/index.js:915:26
    at [90mfile:///C:/project/jjiban/[39mnode_modules/[4m@vitest[24m/runner/dist/index.js:1240:20
    at new Promise (<anonymous>)
    at runWithTimeout [90m(file:///C:/project/jjiban/[39mnode_modules/[4m@vitest[24m/runner/dist/index.js:1206:10[90m)[39m
    at [90mfile:///C:/project/jjiban/[39mnode_modules/[4m@vitest[24m/runner/dist/index.js:1650:37
    at Traces.$ [90m(file:///C:/project/jjiban/[39mnode_modules/[4mvitest[24m/dist/chunks/traces.U4xDYhzZ.js:115:27[90m)[39m
    at trace [90m(file:///C:/project/jjiban/[39mnode_modules/[4mvitest[24m/dist/chunks/test.BT8LKgU9.js:239:21[90m)[39m
    at runTest [90m(file:///C:/project/jjiban/[39mnode_modules/[4m@vitest[24m/runner/dist/index.js:1650:12[90m)[39m

[90mstderr[2m | tests/utils/workflow/workflowEngine.test.ts[2m > [22m[2mWorkflowEngine[2m > [22m[2mqueryHistory[2m > [22m[2mapplies offset correctly
[22m[39m[ProjectsList] Skipping test-tsk-03-05: project.json not found or invalid

 [32m✓[39m tests/unit/composables/useTreeInteraction.test.ts[2m > [22museTreeInteraction[2m > [22mselectNode[2m > [22mshould prevent race condition with isSelecting flag[32m 102[2mms[22m[39m
 [32m✓[39m tests/unit/composables/useTreeInteraction.test.ts[2m > [22museTreeInteraction[2m > [22mselectNode[2m > [22mshould warn and return early if nodeId is invalid[32m 1[2mms[22m[39m
 [32m✓[39m tests/unit/composables/useTreeInteraction.test.ts[2m > [22museTreeInteraction[2m > [22mselectNode[2m > [22mshould handle selection error and clear selection[32m 3[2mms[22m[39m
 [32m✓[39m tests/unit/composables/useTreeInteraction.test.ts[2m > [22museTreeInteraction[2m > [22mselectNode[2m > [22mshould reset isSelecting flag after selection completes[32m 1[2mms[22m[39m
 [32m✓[39m tests/unit/composables/useTreeInteraction.test.ts[2m > [22museTreeInteraction[2m > [22mselectNode[2m > [22mshould reset isSelecting flag after error[32m 7[2mms[22m[39m
 [32m✓[39m tests/unit/composables/useTreeInteraction.test.ts[2m > [22museTreeInteraction[2m > [22mexpandAll[2m > [22mshould expand all nodes[32m 1[2mms[22m[39m
 [32m✓[39m tests/unit/composables/useTreeInteraction.test.ts[2m > [22museTreeInteraction[2m > [22mcollapseAll[2m > [22mshould collapse all nodes[32m 1[2mms[22m[39m
 [32m✓[39m tests/unit/composables/useTreeInteraction.test.ts[2m > [22museTreeInteraction[2m > [22misExpanded[2m > [22mshould return true if node is expanded[32m 1[2mms[22m[39m
 [32m✓[39m tests/unit/composables/useTreeInteraction.test.ts[2m > [22museTreeInteraction[2m > [22misSelected[2m > [22mshould return true if node is selected[32m 1[2mms[22m[39m
[90mstderr[2m | tests/utils/workflow/workflowEngine.test.ts[2m > [22m[2mWorkflowEngine[2m > [22m[2mqueryHistory[2m > [22m[2mapplies offset correctly
[22m[39mFailed to read JSON file: .jjiban\projects\jjiban\tasks\TSK-01-02-01\workflow-history.json Error: ENOENT: no such file or directory, open 'C:\project\jjiban\.jjiban\projects\jjiban\tasks\TSK-01-02-01\workflow-history.json'
[90m    at open (node:internal/fs/promises:638:25)[39m
[90m    at Object.readFile (node:internal/fs/promises:1242:14)[39m
    at readJsonFile (C:/project/jjiban/server/utils/file.ts:48:21)
    at queryHistory (C:/project/jjiban/server/utils/workflow/workflowEngine.ts:159:20)
    at C:/project/jjiban/tests/utils/workflow/workflowEngine.test.ts:229:28
    at [90mfile:///C:/project/jjiban/[39mnode_modules/[4m@vitest[24m/runner/dist/index.js:915:20 {
  errno: [33m-4058[39m,
  code: [32m'ENOENT'[39m,
  syscall: [32m'open'[39m,
  path: [32m'C:\\project\\jjiban\\.jjiban\\projects\\jjiban\\tasks\\TSK-01-02-01\\workflow-history.json'[39m
}

 [32m✓[39m tests/api/projects/[id]/wbs/tasks/[taskId]/test-result.test.ts[2m > [22mPUT /api/projects/:id/wbs/tasks/:taskId/test-result[2m > [22mUT-004: test-result 값 검증 (BR-002)[2m > [22mshould accept valid value: pass[32m 27[2mms[22m[39m
 [32m✓[39m tests/api/projects/[id]/wbs/tasks/[taskId]/test-result.test.ts[2m > [22mPUT /api/projects/:id/wbs/tasks/:taskId/test-result[2m > [22mUT-004: test-result 값 검증 (BR-002)[2m > [22mshould accept valid value: fail[32m 44[2mms[22m[39m
PUT http://localhost:3000/api/projects/test-tsk-03-05/wbs/tasks/TSK-01-01/test-result 400 (INVALID_TEST_RESULT)
PUT http://localhost:3000/api/projects/test-tsk-03-05/wbs/tasks/TSK-01-01/test-result 400 (INVALID_TEST_RESULT)
[90mstderr[2m | tests/utils/workflow/workflowEngine.test.ts[2m > [22m[2mWorkflowEngine[2m > [22m[2mqueryHistory[2m > [22m[2mcombines limit and offset
[22m[39mFailed to read JSON file: .jjiban\projects\jjiban\tasks\TSK-01-02-01\workflow-history.json Error: ENOENT: no such file or directory, open 'C:\project\jjiban\.jjiban\projects\jjiban\tasks\TSK-01-02-01\workflow-history.json'
[90m    at open (node:internal/fs/promises:638:25)[39m
[90m    at Object.readFile (node:internal/fs/promises:1242:14)[39m
    at readJsonFile (C:/project/jjiban/server/utils/file.ts:48:21)
    at queryHistory (C:/project/jjiban/server/utils/workflow/workflowEngine.ts:159:20)
    at C:/project/jjiban/tests/utils/workflow/workflowEngine.test.ts:237:22
    at [90mfile:///C:/project/jjiban/[39mnode_modules/[4m@vitest[24m/runner/dist/index.js:915:20 {
  errno: [33m-4058[39m,
  code: [32m'ENOENT'[39m,
  syscall: [32m'open'[39m,
  path: [32m'C:\\project\\jjiban\\.jjiban\\projects\\jjiban\\tasks\\TSK-01-02-01\\workflow-history.json'[39m
}

 [32m✓[39m tests/utils/workflow/workflowEngine.test.ts[2m > [22mWorkflowEngine[2m > [22mqueryHistory[2m > [22mapplies offset correctly[32m 122[2mms[22m[39m
 [32m✓[39m tests/utils/workflow/workflowEngine.test.ts[2m > [22mWorkflowEngine[2m > [22mqueryHistory[2m > [22mcombines limit and offset[32m 74[2mms[22m[39m
PUT http://localhost:3000/api/projects/test-tsk-03-05/wbs/tasks/TSK-01-01/test-result 400 (INVALID_TEST_RESULT)
[90mstderr[2m | tests/utils/workflow/workflowEngine.test.ts[2m > [22m[2mWorkflowEngine[2m > [22m[2mqueryHistory[2m > [22m[2mreturns empty array when no history exists
[22m[39mFailed to read JSON file: .jjiban\projects\jjiban\tasks\TSK-01-02-02\workflow-history.json Error: ENOENT: no such file or directory, open 'C:\project\jjiban\.jjiban\projects\jjiban\tasks\TSK-01-02-02\workflow-history.json'
[90m    at open (node:internal/fs/promises:638:25)[39m
[90m    at Object.readFile (node:internal/fs/promises:1242:14)[39m
    at readJsonFile (C:/project/jjiban/server/utils/file.ts:48:21)
    at queryHistory (C:/project/jjiban/server/utils/workflow/workflowEngine.ts:159:20)
    at C:/project/jjiban/tests/utils/workflow/workflowEngine.test.ts:247:22
    at [90mfile:///C:/project/jjiban/[39mnode_modules/[4m@vitest[24m/runner/dist/index.js:915:20 {
  errno: [33m-4058[39m,
  code: [32m'ENOENT'[39m,
  syscall: [32m'open'[39m,
  path: [32m'C:\\project\\jjiban\\.jjiban\\projects\\jjiban\\tasks\\TSK-01-02-02\\workflow-history.json'[39m
}

 [32m✓[39m tests/api/projects/[id]/wbs/tasks/[taskId]/test-result.test.ts[2m > [22mPUT /api/projects/:id/wbs/tasks/:taskId/test-result[2m > [22mUT-004: test-result 값 검증 (BR-002)[2m > [22mshould reject invalid value: passed (typo)[32m 76[2mms[22m[39m
 [32m✓[39m tests/api/projects/[id]/wbs/tasks/[taskId]/test-result.test.ts[2m > [22mPUT /api/projects/:id/wbs/tasks/:taskId/test-result[2m > [22mUT-004: test-result 값 검증 (BR-002)[2m > [22mshould reject invalid value: success[32m 36[2mms[22m[39m
 [32m✓[39m tests/api/projects/[id]/wbs/tasks/[taskId]/test-result.test.ts[2m > [22mPUT /api/projects/:id/wbs/tasks/:taskId/test-result[2m > [22mUT-004: test-result 값 검증 (BR-002)[2m > [22mshould reject empty string[32m 36[2mms[22m[39m
 [32m✓[39m tests/unit/composables/useOptimisticUpdate.test.ts[2m > [22museOptimisticUpdate[2m > [22mexecute[2m > [22mshould perform optimistic update on success[32m 4[2mms[22m[39m
 [32m✓[39m tests/unit/composables/useOptimisticUpdate.test.ts[2m > [22museOptimisticUpdate[2m > [22mexecute[2m > [22mshould rollback on API failure[32m 3[2mms[22m[39m
 [32m✓[39m tests/unit/composables/useOptimisticUpdate.test.ts[2m > [22museOptimisticUpdate[2m > [22mexecute[2m > [22mshould call refreshData on success[32m 1[2mms[22m[39m
PUT http://localhost:3000/api/projects/test-tsk-03-05/wbs/tasks/TSK-99-99/test-result 404 (TASK_NOT_FOUND)
 [32m✓[39m tests/unit/composables/useOptimisticUpdate.test.ts[2m > [22museOptimisticUpdate[2m > [22mexecute[2m > [22mshould prevent concurrent updates[32m 112[2mms[22m[39m
 [32m✓[39m tests/unit/composables/useOptimisticUpdate.test.ts[2m > [22museOptimisticUpdate[2m > [22mexecute[2m > [22mshould set isUpdating during execution[32m 1[2mms[22m[39m
 [32m✓[39m tests/unit/composables/useOptimisticUpdate.test.ts[2m > [22museOptimisticUpdate[2m > [22mexecuteRef[2m > [22mshould update ref value[32m 1[2mms[22m[39m
 [32m✓[39m tests/unit/composables/useOptimisticUpdate.test.ts[2m > [22museOptimisticUpdate[2m > [22mexecuteRef[2m > [22mshould rollback ref value on failure[32m 0[2mms[22m[39m
 [32m✓[39m tests/unit/composables/useOptimisticUpdate.test.ts[2m > [22museOptimisticUpdate[2m > [22mexecuteRef[2m > [22mshould call callbacks[32m 0[2mms[22m[39m
 [32m✓[39m tests/unit/composables/useOptimisticUpdate.test.ts[2m > [22museOptimisticUpdate[2m > [22mexecutePartial[2m > [22mshould update object fields[32m 1[2mms[22m[39m
 [32m✓[39m tests/unit/composables/useOptimisticUpdate.test.ts[2m > [22museOptimisticUpdate[2m > [22mexecutePartial[2m > [22mshould rollback object fields on failure[32m 0[2mms[22m[39m
 [32m✓[39m tests/unit/composables/useOptimisticUpdate.test.ts[2m > [22museOptimisticUpdate[2m > [22mexecutePartial[2m > [22mshould return error when target is null[32m 0[2mms[22m[39m
 [32m✓[39m tests/unit/composables/useOptimisticUpdate.test.ts[2m > [22museOptimisticUpdate[2m > [22mexecutePartial[2m > [22mshould call onError callback on failure[32m 0[2mms[22m[39m
 [32m✓[39m tests/unit/composables/useOptimisticUpdate.test.ts[2m > [22museOptimisticUpdate[2m > [22misUpdating[2m > [22mshould be readonly[32m 0[2mms[22m[39m
PUT http://localhost:3000/api/projects/test-tsk-03-05/wbs/tasks/TSK-01-01/test-result 404 (TASK_NOT_FOUND)
[90mstderr[2m | tests/utils/workflow/workflowEngine.test.ts[2m > [22m[2mWorkflowEngine[2m > [22m[2mqueryHistory[2m > [22m[2mhistory items have required fields
[22m[39mFailed to read JSON file: .jjiban\projects\jjiban\tasks\TSK-01-02-01\workflow-history.json Error: ENOENT: no such file or directory, open 'C:\project\jjiban\.jjiban\projects\jjiban\tasks\TSK-01-02-01\workflow-history.json'
[90m    at open (node:internal/fs/promises:638:25)[39m
[90m    at Object.readFile (node:internal/fs/promises:1242:14)[39m
    at readJsonFile (C:/project/jjiban/server/utils/file.ts:48:21)
    at queryHistory (C:/project/jjiban/server/utils/workflow/workflowEngine.ts:159:20)
    at C:/project/jjiban/tests/utils/workflow/workflowEngine.test.ts:261:22
    at [90mfile:///C:/project/jjiban/[39mnode_modules/[4m@vitest[24m/runner/dist/index.js:915:20 {
  errno: [33m-4058[39m,
  code: [32m'ENOENT'[39m,
  syscall: [32m'open'[39m,
  path: [32m'C:\\project\\jjiban\\.jjiban\\projects\\jjiban\\tasks\\TSK-01-02-01\\workflow-history.json'[39m
}

 [32m✓[39m tests/utils/workflow/workflowEngine.test.ts[2m > [22mWorkflowEngine[2m > [22mqueryHistory[2m > [22mreturns empty array when no history exists[32m 42[2mms[22m[39m
 [32m✓[39m tests/utils/workflow/workflowEngine.test.ts[2m > [22mWorkflowEngine[2m > [22mqueryHistory[2m > [22mthrows error for invalid task[32m 48[2mms[22m[39m
 [32m✓[39m tests/utils/workflow/workflowEngine.test.ts[2m > [22mWorkflowEngine[2m > [22mqueryHistory[2m > [22mhistory items have required fields[32m 42[2mms[22m[39m
[90mstderr[2m | tests/utils/workflow/workflowEngine.test.ts[2m > [22m[2mWorkflowEngine[2m > [22m[2mqueryHistory[2m > [22m[2mhistory items are sorted (newest first)
[22m[39m[ProjectsList] Skipping test-tsk-03-05: project.json not found or invalid

[90mstderr[2m | tests/utils/workflow/workflowEngine.test.ts[2m > [22m[2mWorkflowEngine[2m > [22m[2mqueryHistory[2m > [22m[2mhistory items are sorted (newest first)
[22m[39mFailed to read JSON file: .jjiban\projects\jjiban\tasks\TSK-01-02-01\workflow-history.json Error: ENOENT: no such file or directory, open 'C:\project\jjiban\.jjiban\projects\jjiban\tasks\TSK-01-02-01\workflow-history.json'
[90m    at open (node:internal/fs/promises:638:25)[39m
[90m    at Object.readFile (node:internal/fs/promises:1242:14)[39m
    at readJsonFile (C:/project/jjiban/server/utils/file.ts:48:21)
    at queryHistory (C:/project/jjiban/server/utils/workflow/workflowEngine.ts:159:20)
    at C:/project/jjiban/tests/utils/workflow/workflowEngine.test.ts:272:22
    at [90mfile:///C:/project/jjiban/[39mnode_modules/[4m@vitest[24m/runner/dist/index.js:915:20 {
  errno: [33m-4058[39m,
  code: [32m'ENOENT'[39m,
  syscall: [32m'open'[39m,
  path: [32m'C:\\project\\jjiban\\.jjiban\\projects\\jjiban\\tasks\\TSK-01-02-01\\workflow-history.json'[39m
}

 [32m✓[39m tests/api/projects/[id]/wbs/tasks/[taskId]/test-result.test.ts[2m > [22mPUT /api/projects/:id/wbs/tasks/:taskId/test-result[2m > [22mUT-005: findTaskInTree 함수 (BR-003)[2m > [22mshould find Task in 3-level WBS[32m 26[2mms[22m[39m
 [32m✓[39m tests/api/projects/[id]/wbs/tasks/[taskId]/test-result.test.ts[2m > [22mPUT /api/projects/:id/wbs/tasks/:taskId/test-result[2m > [22mUT-005: findTaskInTree 함수 (BR-003)[2m > [22mshould return 404 for non-existent Task[32m 44[2mms[22m[39m
 [32m✓[39m tests/api/projects/[id]/wbs/tasks/[taskId]/test-result.test.ts[2m > [22mPUT /api/projects/:id/wbs/tasks/:taskId/test-result[2m > [22mUT-005: findTaskInTree 함수 (BR-003)[2m > [22mshould return 404 for empty WBS tree[32m 32[2mms[22m[39m
[90mstderr[2m | tests/utils/workflow/workflowEngine.test.ts[2m > [22m[2mWorkflowEngine[2m > [22m[2mqueryHistory[2m > [22m[2mtotalCount reflects unfiltered count
[22m[39mFailed to read JSON file: .jjiban\projects\jjiban\tasks\TSK-01-02-01\workflow-history.json Error: ENOENT: no such file or directory, open 'C:\project\jjiban\.jjiban\projects\jjiban\tasks\TSK-01-02-01\workflow-history.json'
[90m    at open (node:internal/fs/promises:638:25)[39m
[90m    at Object.readFile (node:internal/fs/promises:1242:14)[39m
    at readJsonFile (C:/project/jjiban/server/utils/file.ts:48:21)
    at queryHistory (C:/project/jjiban/server/utils/workflow/workflowEngine.ts:159:20)
    at C:/project/jjiban/tests/utils/workflow/workflowEngine.test.ts:284:32
    at [90mfile:///C:/project/jjiban/[39mnode_modules/[4m@vitest[24m/runner/dist/index.js:915:20 {
  errno: [33m-4058[39m,
  code: [32m'ENOENT'[39m,
  syscall: [32m'open'[39m,
  path: [32m'C:\\project\\jjiban\\.jjiban\\projects\\jjiban\\tasks\\TSK-01-02-01\\workflow-history.json'[39m
}

 [32m✓[39m tests/unit/composables/useTreePersistence.test.ts[2m > [22museTreePersistence[2m > [22mautoSave[2m > [22mshould not auto-save when autoSave is false[33m 410[2mms[22m[39m
 [32m✓[39m tests/api/projects/[id]/wbs/tasks/[taskId]/test-result.test.ts[2m > [22mPUT /api/projects/:id/wbs/tasks/:taskId/test-result[2m > [22mUT-006: 백업 및 롤백 (BR-004)[2m > [22mshould create backup file before update[32m 39[2mms[22m[39m
 [32m✓[39m tests/api/projects/[id]/wbs/tasks/[taskId]/test-result.test.ts[2m > [22mPUT /api/projects/:id/wbs/tasks/:taskId/test-result[2m > [22mUT-006: 백업 및 롤백 (BR-004)[2m > [22mshould maintain idempotency when test-result is already the same[32m 42[2mms[22m[39m
 [32m✓[39m tests/api/projects/[id]/wbs/tasks/[taskId]/test-result.test.ts[2m > [22mPUT /api/projects/:id/wbs/tasks/:taskId/test-result[2m > [22mUT-007: 대용량 WBS 성능 테스트 (H-03)[2m > [22mshould respond within 200ms for large WBS[32m 23[2mms[22m[39m
[90mstderr[2m | tests/utils/workflow/workflowEngine.test.ts[2m > [22m[2mWorkflowEngine[2m > [22m[2mqueryHistory[2m > [22m[2mtotalCount reflects unfiltered count
[22m[39m[ProjectsList] Skipping test-tsk-03-05: project.json not found or invalid

[90mstderr[2m | tests/utils/workflow/workflowEngine.test.ts[2m > [22m[2mWorkflowEngine[2m > [22m[2mqueryHistory[2m > [22m[2mtotalCount reflects unfiltered count
[22m[39mFailed to read JSON file: .jjiban\projects\jjiban\tasks\TSK-01-02-01\workflow-history.json Error: ENOENT: no such file or directory, open 'C:\project\jjiban\.jjiban\projects\jjiban\tasks\TSK-01-02-01\workflow-history.json'
[90m    at open (node:internal/fs/promises:638:25)[39m
[90m    at Object.readFile (node:internal/fs/promises:1242:14)[39m
    at readJsonFile (C:/project/jjiban/server/utils/file.ts:48:21)
    at queryHistory (C:/project/jjiban/server/utils/workflow/workflowEngine.ts:159:20)
    at C:/project/jjiban/tests/utils/workflow/workflowEngine.test.ts:285:29
    at [90mfile:///C:/project/jjiban/[39mnode_modules/[4m@vitest[24m/runner/dist/index.js:915:20 {
  errno: [33m-4058[39m,
  code: [32m'ENOENT'[39m,
  syscall: [32m'open'[39m,
  path: [32m'C:\\project\\jjiban\\.jjiban\\projects\\jjiban\\tasks\\TSK-01-02-01\\workflow-history.json'[39m
}

 [32m✓[39m tests/utils/workflow/workflowEngine.test.ts[2m > [22mWorkflowEngine[2m > [22mqueryHistory[2m > [22mhistory items are sorted (newest first)[32m 5[2mms[22m[39m
 [32m✓[39m tests/utils/workflow/workflowEngine.test.ts[2m > [22mWorkflowEngine[2m > [22mqueryHistory[2m > [22mtotalCount reflects unfiltered count[32m 166[2mms[22m[39m
 [32m✓[39m tests/unit/composables/useMarkdownRenderer.test.ts[2m > [22museMarkdownRenderer[2m > [22mshould render markdown to HTML[32m 29[2mms[22m[39m
 [32m✓[39m tests/unit/composables/useMarkdownRenderer.test.ts[2m > [22museMarkdownRenderer[2m > [22mshould return empty HTML for empty markdown[32m 1[2mms[22m[39m
 [32m✓[39m tests/unit/composables/useMarkdownRenderer.test.ts[2m > [22museMarkdownRenderer[2m > [22mshould apply syntax highlighting to code blocks[32m 25[2mms[22m[39m
 [32m✓[39m tests/unit/composables/useMarkdownRenderer.test.ts[2m > [22museMarkdownRenderer[2m > [22mshould render GFM tables[32m 17[2mms[22m[39m
 [32m✓[39m tests/unit/composables/useMarkdownRenderer.test.ts[2m > [22museMarkdownRenderer[2m > [22mshould render GFM checkboxes[32m 6[2mms[22m[39m
 [32m✓[39m tests/unit/composables/useMarkdownRenderer.test.ts[2m > [22museMarkdownRenderer[2m > [22mshould sanitize malicious HTML[32m 1[2mms[22m[39m
 [32m✓[39m tests/unit/composables/useMarkdownRenderer.test.ts[2m > [22museMarkdownRenderer[2m > [22mshould render strikethrough (GFM)[32m 5[2mms[22m[39m
 [32m✓[39m tests/unit/composables/useMarkdownRenderer.test.ts[2m > [22museMarkdownRenderer[2m > [22mshould add id to headings for anchor links[32m 3[2mms[22m[39m
 [32m✓[39m tests/unit/composables/useMarkdownRenderer.test.ts[2m > [22museMarkdownRenderer[2m > [22mshould handle external links[32m 5[2mms[22m[39m
 [32m✓[39m tests/unit/composables/useMarkdownRenderer.test.ts[2m > [22museMarkdownRenderer[2m > [22mshould render emphasis and strong[32m 17[2mms[22m[39m
 [32m✓[39m tests/unit/composables/useMarkdownRenderer.test.ts[2m > [22museMarkdownRenderer[2m > [22mshould render inline code[32m 1[2mms[22m[39m
 [32m✓[39m tests/unit/composables/useMarkdownRenderer.test.ts[2m > [22museMarkdownRenderer[2m > [22mshould handle blockquotes[32m 2[2mms[22m[39m
 [32m✓[39m tests/unit/composables/useMarkdownRenderer.test.ts[2m > [22museMarkdownRenderer[2m > [22mshould render lists[32m 3[2mms[22m[39m
 [32m✓[39m tests/unit/composables/useMarkdownRenderer.test.ts[2m > [22museMarkdownRenderer[2m > [22mshould handle rendering errors gracefully[32m 1[2mms[22m[39m
 [32m✓[39m tests/utils/workflow/workflowEngine.test.ts[2m > [22mWorkflowEngine[2m > [22mintegration scenarios[2m > [22mworkflow state and available commands are consistent[32m 124[2mms[22m[39m
 [32m✓[39m tests/utils/workflow/workflowEngine.test.ts[2m > [22mWorkflowEngine[2m > [22mintegration scenarios[2m > [22mexecuting command updates workflow state[32m 4[2mms[22m[39m
 [32m✓[39m tests/utils/workflow/workflowEngine.test.ts[2m > [22mWorkflowEngine[2m > [22mintegration scenarios[2m > [22mhistory records include command from executeCommand[32m 4[2mms[22m[39m
 [32m✓[39m tests/utils/workflow/workflowEngine.test.ts[2m > [22mWorkflowEngine[2m > [22merror handling[2m > [22mhandles non-existent task gracefully[32m 13[2mms[22m[39m
 [32m✓[39m tests/utils/workflow/workflowEngine.test.ts[2m > [22mWorkflowEngine[2m > [22merror handling[2m > [22mhandles invalid command gracefully[32m 5[2mms[22m[39m
 [32m✓[39m tests/utils/workflow/workflowEngine.test.ts[2m > [22mWorkflowEngine[2m > [22merror handling[2m > [22mgetWorkflowState error includes task ID[32m 3[2mms[22m[39m
 [32m✓[39m tests/unit/composables/useTreePersistence.test.ts[2m > [22museTreePersistence[2m > [22mautoSave[2m > [22mshould debounce multiple rapid changes[33m 435[2mms[22m[39m
 [32m✓[39m tests/unit/components/wbs/WbsTreeNode.test.ts[2m > [22mWbsTreeNode[2m > [22mshould render node recursively with children[32m 53[2mms[22m[39m
 [32m✓[39m tests/unit/components/wbs/WbsTreeNode.test.ts[2m > [22mWbsTreeNode[2m > [22mshould calculate indent width correctly for depth 0[32m 5[2mms[22m[39m
 [32m✓[39m tests/unit/components/wbs/WbsTreeNode.test.ts[2m > [22mWbsTreeNode[2m > [22mshould calculate indent width correctly for depth 1[32m 4[2mms[22m[39m
 [32m✓[39m tests/unit/components/wbs/WbsTreeNode.test.ts[2m > [22mWbsTreeNode[2m > [22mshould calculate indent width correctly for depth 3[32m 6[2mms[22m[39m
 [32m✓[39m tests/unit/components/wbs/WbsTreeNode.test.ts[2m > [22mWbsTreeNode[2m > [22mshould show expand button only if has children[32m 13[2mms[22m[39m
 [32m✓[39m tests/unit/components/wbs/WbsTreeNode.test.ts[2m > [22mWbsTreeNode[2m > [22mshould apply selected class when node is selected[32m 13[2mms[22m[39m
 [32m✓[39m tests/unit/components/wbs/WbsTreeNode.test.ts[2m > [22mWbsTreeNode[2m > [22mshould render node content with title[32m 11[2mms[22m[39m
 [32m✓[39m tests/unit/components/wbs/WbsTreeNode.test.ts[2m > [22mWbsTreeNode[2m > [22mshould render optional components conditionally[32m 11[2mms[22m[39m
 [32m✓[39m tests/unit/components/wbs/ProgressBar.test.ts[2m > [22mProgressBar[2m > [22mshould apply correct color for 15% #ef4444[32m 44[2mms[22m[39m
 [32m✓[39m tests/unit/components/wbs/ProgressBar.test.ts[2m > [22mProgressBar[2m > [22mshould apply correct color for 50% #f59e0b[32m 7[2mms[22m[39m
 [32m✓[39m tests/unit/components/wbs/ProgressBar.test.ts[2m > [22mProgressBar[2m > [22mshould apply correct color for 85% #22c55e[32m 9[2mms[22m[39m
 [32m✓[39m tests/unit/components/wbs/ProgressBar.test.ts[2m > [22mProgressBar[2m > [22mshould handle boundary value 0% #ef4444 correctly[32m 4[2mms[22m[39m
 [32m✓[39m tests/unit/components/wbs/ProgressBar.test.ts[2m > [22mProgressBar[2m > [22mshould handle boundary value 30% #f59e0b correctly[32m 4[2mms[22m[39m
 [32m✓[39m tests/unit/components/wbs/ProgressBar.test.ts[2m > [22mProgressBar[2m > [22mshould handle boundary value 70% #22c55e correctly[32m 9[2mms[22m[39m
 [32m✓[39m tests/unit/components/wbs/ProgressBar.test.ts[2m > [22mProgressBar[2m > [22mshould handle boundary value 100% #22c55e correctly[32m 4[2mms[22m[39m
 [32m✓[39m tests/unit/components/wbs/ProgressBar.test.ts[2m > [22mProgressBar[2m > [22mshould show value by default[32m 3[2mms[22m[39m
 [32m✓[39m tests/unit/components/wbs/ProgressBar.test.ts[2m > [22mProgressBar[2m > [22mshould allow hiding value[32m 5[2mms[22m[39m
 [32m✓[39m tests/unit/components/wbs/CategoryTag.test.ts[2m > [22mCategoryTag[2m > [22mshould display correct tag for development[32m 62[2mms[22m[39m
 [32m✓[39m tests/unit/components/wbs/CategoryTag.test.ts[2m > [22mCategoryTag[2m > [22mshould display correct tag for defect[32m 10[2mms[22m[39m
 [32m✓[39m tests/unit/components/wbs/CategoryTag.test.ts[2m > [22mCategoryTag[2m > [22mshould display correct tag for infrastructure[32m 9[2mms[22m[39m
 [32m✓[39m tests/unit/components/wbs/CategoryTag.test.ts[2m > [22mCategoryTag[2m > [22mshould have rounded attribute[32m 9[2mms[22m[39m
 [32m✓[39m tests/unit/components/wbs/CategoryTag.test.ts[2m > [22mCategoryTag[2m > [22mshould render icon and label together[32m 5[2mms[22m[39m
 [32m✓[39m tests/unit/components/wbs/NodeIcon.test.ts[2m > [22mNodeIcon[2m > [22mshould display correct icon for project[32m 26[2mms[22m[39m
 [32m✓[39m tests/unit/components/wbs/NodeIcon.test.ts[2m > [22mNodeIcon[2m > [22mshould display correct icon for wp[32m 4[2mms[22m[39m
 [32m✓[39m tests/unit/components/wbs/NodeIcon.test.ts[2m > [22mNodeIcon[2m > [22mshould display correct icon for act[32m 3[2mms[22m[39m
 [32m✓[39m tests/unit/components/wbs/NodeIcon.test.ts[2m > [22mNodeIcon[2m > [22mshould display correct icon for task[32m 4[2mms[22m[39m
 [32m✓[39m tests/unit/components/wbs/NodeIcon.test.ts[2m > [22mNodeIcon[2m > [22mshould render with correct dimensions[32m 4[2mms[22m[39m
 [32m✓[39m tests/unit/components/wbs/NodeIcon.test.ts[2m > [22mNodeIcon[2m > [22mshould have rounded rectangle shape[32m 1[2mms[22m[39m
 [32m✓[39m tests/unit/components/wbs/StatusBadge.test.ts[2m > [22mStatusBadge[2m > [22mshould parse status code correctly[32m 41[2mms[22m[39m
 [32m✓[39m tests/unit/components/wbs/StatusBadge.test.ts[2m > [22mStatusBadge[2m > [22mshould parse "detail-design [dd]" to label "Detail" with severity "info"[32m 5[2mms[22m[39m
 [32m✓[39m tests/unit/components/wbs/StatusBadge.test.ts[2m > [22mStatusBadge[2m > [22mshould parse "implement [im]" to label "Implement" with severity "warning"[32m 9[2mms[22m[39m
 [32m✓[39m tests/unit/components/wbs/StatusBadge.test.ts[2m > [22mStatusBadge[2m > [22mshould parse "verify [vf]" to label "Verify" with severity "success"[32m 4[2mms[22m[39m
 [32m✓[39m tests/unit/components/wbs/StatusBadge.test.ts[2m > [22mStatusBadge[2m > [22mshould parse "done [xx]" to label "Done" with severity "success"[32m 4[2mms[22m[39m
 [32m✓[39m tests/unit/components/wbs/StatusBadge.test.ts[2m > [22mStatusBadge[2m > [22mshould parse "todo [ ]" to label "Todo" with severity "secondary"[32m 3[2mms[22m[39m
 [32m✓[39m tests/unit/components/wbs/StatusBadge.test.ts[2m > [22mStatusBadge[2m > [22mshould display original status if parsing fails[32m 3[2mms[22m[39m
 [32m✓[39m tests/unit/components/wbs/StatusBadge.test.ts[2m > [22mStatusBadge[2m > [22mshould have rounded and small size attributes[32m 3[2mms[22m[39m
 [32m✓[39m tests/utils/projects/integration.test.ts[2m > [22mProject Services Integration[2m > [22mshould create project with folder structure[32m 49[2mms[22m[39m
 [32m✓[39m tests/utils/projects/integration.test.ts[2m > [22mProject Services Integration[2m > [22mshould retrieve created project[32m 1[2mms[22m[39m
 [32m✓[39m tests/utils/projects/integration.test.ts[2m > [22mProject Services Integration[2m > [22mshould manage team members[32m 4[2mms[22m[39m
 [32m✓[39m tests/utils/projects/integration.test.ts[2m > [22mProject Services Integration[2m > [22mshould list all projects[32m 2[2mms[22m[39m
 [32m✓[39m tests/utils/projects/integration.test.ts[2m > [22mProject Services Integration[2m > [22mshould reject duplicate team member IDs[32m 2[2mms[22m[39m
 [32m✓[39m tests/utils/projects/integration.test.ts[2m > [22mProject Services Integration[2m > [22mshould reject invalid project ID format[32m 2[2mms[22m[39m
 [32m✓[39m tests/unit/composables/useKeyboardNav.test.ts[2m > [22museKeyboardNav[2m > [22mhandleKeyDown[2m > [22mshould call handler for valid key[32m 11[2mms[22m[39m
 [32m✓[39m tests/unit/composables/useKeyboardNav.test.ts[2m > [22museKeyboardNav[2m > [22mhandleKeyDown[2m > [22mshould ignore invalid keys[32m 2[2mms[22m[39m
 [32m✓[39m tests/unit/composables/useKeyboardNav.test.ts[2m > [22museKeyboardNav[2m > [22mhandleArrowDown[2m > [22mshould move to next node[32m 2[2mms[22m[39m
 [32m✓[39m tests/unit/composables/useKeyboardNav.test.ts[2m > [22museKeyboardNav[2m > [22mhandleArrowDown[2m > [22mshould stay at last node when at end[32m 1[2mms[22m[39m
 [32m✓[39m tests/unit/composables/useKeyboardNav.test.ts[2m > [22museKeyboardNav[2m > [22mhandleArrowUp[2m > [22mshould move to previous node[32m 13[2mms[22m[39m
 [32m✓[39m tests/unit/composables/useKeyboardNav.test.ts[2m > [22museKeyboardNav[2m > [22mhandleArrowUp[2m > [22mshould stay at first node when at beginning[32m 1[2mms[22m[39m
 [32m✓[39m tests/unit/composables/useKeyboardNav.test.ts[2m > [22museKeyboardNav[2m > [22mhandleArrowRight[2m > [22mshould expand collapsed node with children[32m 3[2mms[22m[39m
 [32m✓[39m tests/unit/composables/useKeyboardNav.test.ts[2m > [22museKeyboardNav[2m > [22mhandleArrowRight[2m > [22mshould move to first child if already expanded[32m 1[2mms[22m[39m
 [32m✓[39m tests/unit/composables/useKeyboardNav.test.ts[2m > [22museKeyboardNav[2m > [22mhandleArrowRight[2m > [22mshould do nothing on leaf node[32m 2[2mms[22m[39m
 [32m✓[39m tests/unit/composables/useKeyboardNav.test.ts[2m > [22museKeyboardNav[2m > [22mhandleArrowLeft[2m > [22mshould collapse expanded node with children[32m 1[2mms[22m[39m
 [32m✓[39m tests/unit/composables/useKeyboardNav.test.ts[2m > [22museKeyboardNav[2m > [22mhandleArrowLeft[2m > [22mshould move to parent if already collapsed[32m 1[2mms[22m[39m
 [32m✓[39m tests/unit/composables/useKeyboardNav.test.ts[2m > [22museKeyboardNav[2m > [22mhandleEnter[2m > [22mshould call onNodeSelect callback[32m 2[2mms[22m[39m
 [32m✓[39m tests/unit/composables/useKeyboardNav.test.ts[2m > [22museKeyboardNav[2m > [22mhandleEnter[2m > [22mshould not call callback if no node focused[32m 1[2mms[22m[39m
 [32m✓[39m tests/unit/composables/useKeyboardNav.test.ts[2m > [22museKeyboardNav[2m > [22mhandleSpace[2m > [22mshould toggle node expansion[32m 1[2mms[22m[39m
 [32m✓[39m tests/unit/composables/useKeyboardNav.test.ts[2m > [22museKeyboardNav[2m > [22mhandleSpace[2m > [22mshould not toggle node without children[32m 1[2mms[22m[39m
 [32m✓[39m tests/unit/composables/useKeyboardNav.test.ts[2m > [22museKeyboardNav[2m > [22mhandleHome[2m > [22mshould move to first node[32m 1[2mms[22m[39m
 [32m✓[39m tests/unit/composables/useKeyboardNav.test.ts[2m > [22museKeyboardNav[2m > [22mhandleEnd[2m > [22mshould move to last node[32m 1[2mms[22m[39m
 [32m✓[39m tests/unit/composables/useKeyboardNav.test.ts[2m > [22museKeyboardNav[2m > [22mhandleEscape[2m > [22mshould handle Escape key[32m 2[2mms[22m[39m
 [32m✓[39m tests/unit/composables/useKeyboardNav.test.ts[2m > [22museKeyboardNav[2m > [22mflattenedNodes[2m > [22mshould include only expanded nodes[32m 2[2mms[22m[39m
 [32m✓[39m tests/unit/composables/useKeyboardNav.test.ts[2m > [22museKeyboardNav[2m > [22mflattenedNodes[2m > [22mshould exclude children of collapsed nodes[32m 1[2mms[22m[39m
[90mstderr[2m | tests/unit/composables/useDocumentLoader.test.ts[2m > [22m[2museDocumentLoader[2m > [22m[2mshould handle API errors with 404
[22m[39mDocument load error: {
  statusCode: [33m404[39m,
  data: { code: [32m'DOCUMENT_NOT_FOUND'[39m },
  statusMessage: [32m'요청한 문서를 찾을 수 없습니다'[39m
}

[90mstderr[2m | tests/unit/composables/useDocumentLoader.test.ts[2m > [22m[2museDocumentLoader[2m > [22m[2mshould handle network errors
[22m[39mDocument load error: Error: Network error
    at C:/project/jjiban/tests/unit/composables/useDocumentLoader.test.ts:77:23
    at [90mfile:///C:/project/jjiban/[39mnode_modules/[4m@vitest[24m/runner/dist/index.js:145:11
    at [90mfile:///C:/project/jjiban/[39mnode_modules/[4m@vitest[24m/runner/dist/index.js:915:26
    at [90mfile:///C:/project/jjiban/[39mnode_modules/[4m@vitest[24m/runner/dist/index.js:1240:20
    at new Promise (<anonymous>)
    at runWithTimeout [90m(file:///C:/project/jjiban/[39mnode_modules/[4m@vitest[24m/runner/dist/index.js:1206:10[90m)[39m
    at [90mfile:///C:/project/jjiban/[39mnode_modules/[4m@vitest[24m/runner/dist/index.js:1650:37
    at Traces.$ [90m(file:///C:/project/jjiban/[39mnode_modules/[4mvitest[24m/dist/chunks/traces.U4xDYhzZ.js:115:27[90m)[39m
    at trace [90m(file:///C:/project/jjiban/[39mnode_modules/[4mvitest[24m/dist/chunks/test.BT8LKgU9.js:239:21[90m)[39m
    at runTest [90m(file:///C:/project/jjiban/[39mnode_modules/[4m@vitest[24m/runner/dist/index.js:1650:12[90m)[39m

[90mstderr[2m | tests/unit/composables/useDocumentLoader.test.ts[2m > [22m[2museDocumentLoader[2m > [22m[2mshould handle timeout errors
[22m[39mDocument load error: DOMException [AbortError]: The operation was aborted
    at C:/project/jjiban/tests/unit/composables/useDocumentLoader.test.ts:97:24
    at [90mfile:///C:/project/jjiban/[39mnode_modules/[4m@vitest[24m/runner/dist/index.js:145:11
    at [90mfile:///C:/project/jjiban/[39mnode_modules/[4m@vitest[24m/runner/dist/index.js:915:26
    at [90mfile:///C:/project/jjiban/[39mnode_modules/[4m@vitest[24m/runner/dist/index.js:1240:20
    at new Promise (<anonymous>)
    at runWithTimeout [90m(file:///C:/project/jjiban/[39mnode_modules/[4m@vitest[24m/runner/dist/index.js:1206:10[90m)[39m
    at [90mfile:///C:/project/jjiban/[39mnode_modules/[4m@vitest[24m/runner/dist/index.js:1650:37
    at Traces.$ [90m(file:///C:/project/jjiban/[39mnode_modules/[4mvitest[24m/dist/chunks/traces.U4xDYhzZ.js:115:27[90m)[39m
    at trace [90m(file:///C:/project/jjiban/[39mnode_modules/[4mvitest[24m/dist/chunks/test.BT8LKgU9.js:239:21[90m)[39m
    at runTest [90m(file:///C:/project/jjiban/[39mnode_modules/[4m@vitest[24m/runner/dist/index.js:1650:12[90m)[39m

[90mstderr[2m | tests/unit/composables/useDocumentLoader.test.ts[2m > [22m[2museDocumentLoader[2m > [22m[2mshould handle invalid request errors
[22m[39mDocument load error: {
  statusCode: [33m400[39m,
  data: { code: [32m'INVALID_FILENAME'[39m },
  statusMessage: [32m'유효하지 않은 파일명입니다'[39m
}

 [32m✓[39m tests/unit/composables/useDocumentLoader.test.ts[2m > [22museDocumentLoader[2m > [22mshould load document content successfully[32m 8[2mms[22m[39m
 [32m✓[39m tests/unit/composables/useDocumentLoader.test.ts[2m > [22museDocumentLoader[2m > [22mshould handle API errors with 404[32m 5[2mms[22m[39m
 [32m✓[39m tests/unit/composables/useDocumentLoader.test.ts[2m > [22museDocumentLoader[2m > [22mshould handle network errors[32m 5[2mms[22m[39m
 [32m✓[39m tests/unit/composables/useDocumentLoader.test.ts[2m > [22museDocumentLoader[2m > [22mshould handle timeout errors[32m 2[2mms[22m[39m
 [32m✓[39m tests/unit/composables/useDocumentLoader.test.ts[2m > [22museDocumentLoader[2m > [22mshould use cache when enabled[32m 2[2mms[22m[39m
 [32m✓[39m tests/unit/composables/useDocumentLoader.test.ts[2m > [22museDocumentLoader[2m > [22mshould clear cache on reload[32m 1[2mms[22m[39m
 [32m✓[39m tests/unit/composables/useDocumentLoader.test.ts[2m > [22museDocumentLoader[2m > [22mshould handle invalid request errors[32m 1[2mms[22m[39m
 [32m✓[39m tests/unit/composables/useDocumentLoader.test.ts[2m > [22museDocumentLoader[2m > [22mshould watch for taskId and filename changes[32m 2[2mms[22m[39m
 [32m✓[39m tests/utils/workflow/documentService.test.ts[2m > [22mDocumentService[2m > [22mgetExistingDocuments[2m > [22mTC-011: returns .md files[32m 2[2mms[22m[39m
 [32m✓[39m tests/utils/workflow/documentService.test.ts[2m > [22mDocumentService[2m > [22mgetExistingDocuments[2m > [22mTC-012: empty when folder not found[32m 1[2mms[22m[39m
 [32m✓[39m tests/utils/workflow/documentService.test.ts[2m > [22mDocumentService[2m > [22mgetExpectedDocuments[2m > [22mTC-013: returns workflow-based docs[32m 15[2mms[22m[39m
 [32m✓[39m tests/utils/workflow/documentService.test.ts[2m > [22mDocumentService[2m > [22mgetTaskDocuments[2m > [22mTC-014: merges existing and expected[32m 121[2mms[22m[39m
 [32m✓[39m tests/utils/workflow/documentService.test.ts[2m > [22mDocumentService[2m > [22mgetTaskDocuments[2m > [22mTC-015: classifies document types[32m 117[2mms[22m[39m
 [32m✓[39m tests/utils/wbs/validator.test.ts[2m > [22mIdValidator[2m > [22mvalidateId[2m > [22mUT-ID-001: should return null for valid WP ID[32m 2[2mms[22m[39m
 [32m✓[39m tests/utils/wbs/validator.test.ts[2m > [22mIdValidator[2m > [22mvalidateId[2m > [22mUT-ID-002: should return null for valid ACT ID[32m 0[2mms[22m[39m
 [32m✓[39m tests/utils/wbs/validator.test.ts[2m > [22mIdValidator[2m > [22mvalidateId[2m > [22mUT-ID-003: should return null for valid TSK ID (4-level)[32m 0[2mms[22m[39m
 [32m✓[39m tests/utils/wbs/validator.test.ts[2m > [22mIdValidator[2m > [22mvalidateId[2m > [22mUT-ID-004: should return null for valid TSK ID (3-level)[32m 0[2mms[22m[39m
 [32m✓[39m tests/utils/wbs/validator.test.ts[2m > [22mIdValidator[2m > [22mvalidateId[2m > [22mUT-ID-005: should return error for invalid WP ID (single digit)[32m 1[2mms[22m[39m
 [32m✓[39m tests/utils/wbs/validator.test.ts[2m > [22mIdValidator[2m > [22mvalidateId[2m > [22mUT-ID-006: should return error for invalid WP ID (three digits)[32m 0[2mms[22m[39m
 [32m✓[39m tests/utils/wbs/validator.test.ts[2m > [22mIdValidator[2m > [22mvalidateId[2m > [22mUT-ID-007: should return error for invalid ACT ID format[32m 0[2mms[22m[39m
 [32m✓[39m tests/utils/wbs/validator.test.ts[2m > [22mIdValidator[2m > [22mvalidateId[2m > [22mUT-ID-008: should return error for invalid TSK ID (two digits only)[32m 0[2mms[22m[39m
 [32m✓[39m tests/utils/wbs/validator.test.ts[2m > [22mIdValidator[2m > [22mvalidateId[2m > [22mUT-ID-009: should return error for empty ID[32m 0[2mms[22m[39m
 [32m✓[39m tests/utils/wbs/validator.test.ts[2m > [22mIdValidator[2m > [22mvalidateId[2m > [22mUT-ID-010: should return error for null-like ID[32m 0[2mms[22m[39m
 [32m✓[39m tests/utils/wbs/validator.test.ts[2m > [22mIdValidator[2m > [22mvalidateId[2m > [22mUT-ID-011: should return error for mixed case ID[32m 0[2mms[22m[39m
 [32m✓[39m tests/utils/wbs/validator.test.ts[2m > [22mIdValidator[2m > [22mvalidateId[2m > [22mUT-ID-012: should return error for ID with space[32m 0[2mms[22m[39m
 [32m✓[39m tests/utils/wbs/validator.test.ts[2m > [22mIdValidator[2m > [22mvalidateId[2m > [22mshould validate Task ID with specific depth 3[32m 0[2mms[22m[39m
 [32m✓[39m tests/utils/wbs/validator.test.ts[2m > [22mIdValidator[2m > [22mvalidateId[2m > [22mshould validate Task ID with specific depth 4[32m 0[2mms[22m[39m
 [32m✓[39m tests/utils/wbs/validator.test.ts[2m > [22mAttributeValidator[2m > [22mvalidateAttributes[2m > [22mUT-ATTR-001: should return empty array when all required attributes exist[32m 1[2mms[22m[39m
 [32m✓[39m tests/utils/wbs/validator.test.ts[2m > [22mAttributeValidator[2m > [22mvalidateAttributes[2m > [22mUT-ATTR-002: should skip validation for WP node[32m 0[2mms[22m[39m
 [32m✓[39m tests/utils/wbs/validator.test.ts[2m > [22mAttributeValidator[2m > [22mvalidateAttributes[2m > [22mUT-ATTR-003: should return error when category is missing[32m 0[2mms[22m[39m
 [32m✓[39m tests/utils/wbs/validator.test.ts[2m > [22mAttributeValidator[2m > [22mvalidateAttributes[2m > [22mUT-ATTR-004: should return error when status is missing[32m 0[2mms[22m[39m
 [32m✓[39m tests/utils/wbs/validator.test.ts[2m > [22mAttributeValidator[2m > [22mvalidateAttributes[2m > [22mUT-ATTR-005: should return error when priority is missing[32m 0[2mms[22m[39m
 [32m✓[39m tests/utils/wbs/validator.test.ts[2m > [22mAttributeValidator[2m > [22mvalidateAttributes[2m > [22mUT-ATTR-006: should return 3 errors when all attributes are missing[32m 0[2mms[22m[39m
 [32m✓[39m tests/utils/wbs/validator.test.ts[2m > [22mAttributeValidator[2m > [22mvalidateAttributes[2m > [22mUT-ATTR-007: should return error for invalid category value[32m 0[2mms[22m[39m
 [32m✓[39m tests/utils/wbs/validator.test.ts[2m > [22mAttributeValidator[2m > [22mvalidateAttributes[2m > [22mUT-ATTR-008: should return error for invalid priority value[32m 1[2mms[22m[39m
 [32m✓[39m tests/utils/wbs/validator.test.ts[2m > [22mAttributeValidator[2m > [22mvalidateAttributes[2m > [22mUT-ATTR-009: should treat empty string as missing[32m 0[2mms[22m[39m
 [32m✓[39m tests/utils/wbs/validator.test.ts[2m > [22mAttributeValidator[2m > [22mvalidateAttributes[2m > [22mUT-ATTR-010: should skip validation for ACT node[32m 0[2mms[22m[39m
 [32m✓[39m tests/utils/wbs/validator.test.ts[2m > [22mStatusValidator[2m > [22mvalidateStatus[2m > [22mUT-STATUS-001: should return null for all valid status codes[32m 1[2mms[22m[39m
 [32m✓[39m tests/utils/wbs/validator.test.ts[2m > [22mStatusValidator[2m > [22mvalidateStatus[2m > [22mUT-STATUS-002: should return error for invalid status codes[32m 1[2mms[22m[39m
 [32m✓[39m tests/utils/wbs/validator.test.ts[2m > [22mStatusValidator[2m > [22mvalidateStatus[2m > [22mUT-STATUS-003: should return error for status without brackets[32m 0[2mms[22m[39m
 [32m✓[39m tests/utils/wbs/validator.test.ts[2m > [22mStatusValidator[2m > [22mvalidateStatus[2m > [22mUT-STATUS-004: should return error for status with extra space[32m 0[2mms[22m[39m
 [32m✓[39m tests/utils/wbs/validator.test.ts[2m > [22mStatusValidator[2m > [22mvalidateStatus[2m > [22mUT-STATUS-005: should return error for mixed case status[32m 0[2mms[22m[39m
 [32m✓[39m tests/utils/wbs/validator.test.ts[2m > [22mStatusValidator[2m > [22mvalidateStatus[2m > [22mUT-STATUS-006: should return error for empty status[32m 0[2mms[22m[39m
 [32m✓[39m tests/utils/wbs/validator.test.ts[2m > [22mStatusValidator[2m > [22mvalidateStatus[2m > [22mUT-STATUS-007: should return error for null/undefined[32m 0[2mms[22m[39m
 [32m✓[39m tests/utils/wbs/validator.test.ts[2m > [22mStatusValidator[2m > [22misValidStatus[2m > [22mshould return true for valid status[32m 0[2mms[22m[39m
 [32m✓[39m tests/utils/wbs/validator.test.ts[2m > [22mStatusValidator[2m > [22misValidStatus[2m > [22mshould return false for invalid status[32m 0[2mms[22m[39m
 [32m✓[39m tests/utils/wbs/validator.test.ts[2m > [22mHierarchyValidator[2m > [22mvalidateHierarchy[2m > [22mUT-HIER-001: should return null for valid WP -> ACT relationship[32m 0[2mms[22m[39m
 [32m✓[39m tests/utils/wbs/validator.test.ts[2m > [22mHierarchyValidator[2m > [22mvalidateHierarchy[2m > [22mUT-HIER-002: should return null for valid ACT -> TSK relationship (4-level)[32m 0[2mms[22m[39m
 [32m✓[39m tests/utils/wbs/validator.test.ts[2m > [22mHierarchyValidator[2m > [22mvalidateHierarchy[2m > [22mUT-HIER-003: should return null for valid WP -> TSK relationship (3-level)[32m 0[2mms[22m[39m
 [32m✓[39m tests/utils/wbs/validator.test.ts[2m > [22mHierarchyValidator[2m > [22mvalidateHierarchy[2m > [22mUT-HIER-004: should return error for hierarchy mismatch (WP-ACT)[32m 0[2mms[22m[39m
 [32m✓[39m tests/utils/wbs/validator.test.ts[2m > [22mHierarchyValidator[2m > [22mvalidateHierarchy[2m > [22mUT-HIER-005: should return error for hierarchy mismatch (ACT-TSK)[32m 0[2mms[22m[39m
 [32m✓[39m tests/utils/wbs/validator.test.ts[2m > [22mHierarchyValidator[2m > [22mvalidateHierarchy[2m > [22mUT-HIER-006: should return error for hierarchy mismatch (WP-TSK 3-level)[32m 0[2mms[22m[39m
 [32m✓[39m tests/utils/wbs/validator.test.ts[2m > [22mHierarchyValidator[2m > [22mvalidateHierarchy[2m > [22mshould return null for WP node without parent[32m 0[2mms[22m[39m
 [32m✓[39m tests/utils/wbs/validator.test.ts[2m > [22mHierarchyValidator[2m > [22mvalidateHierarchy[2m > [22mshould return error for Task/ACT without parent[32m 0[2mms[22m[39m
 [32m✓[39m tests/utils/wbs/validator.test.ts[2m > [22mHierarchyValidator[2m > [22mextractPrefix[2m > [22mUT-HIER-007: should extract prefix from WP ID[32m 0[2mms[22m[39m
 [32m✓[39m tests/utils/wbs/validator.test.ts[2m > [22mHierarchyValidator[2m > [22mextractPrefix[2m > [22mUT-HIER-008: should extract prefix from ACT ID[32m 0[2mms[22m[39m
 [32m✓[39m tests/utils/wbs/validator.test.ts[2m > [22mHierarchyValidator[2m > [22mextractPrefix[2m > [22mUT-HIER-009: should extract prefix from TSK ID (4-level)[32m 0[2mms[22m[39m
 [32m✓[39m tests/utils/wbs/validator.test.ts[2m > [22mHierarchyValidator[2m > [22mextractPrefix[2m > [22mUT-HIER-010: should extract prefix from TSK ID (3-level)[32m 0[2mms[22m[39m
 [32m✓[39m tests/utils/wbs/validator.test.ts[2m > [22mHierarchyValidator[2m > [22mgetExpectedPrefix[2m > [22mshould return correct expected prefix from WP parent[32m 0[2mms[22m[39m
 [32m✓[39m tests/utils/wbs/validator.test.ts[2m > [22mHierarchyValidator[2m > [22mgetExpectedPrefix[2m > [22mshould return correct expected prefix from ACT parent[32m 0[2mms[22m[39m
 [32m✓[39m tests/utils/wbs/validator.test.ts[2m > [22mDuplicateChecker[2m > [22mcheckDuplicates[2m > [22mUT-DUP-001: should detect duplicate IDs (2 occurrences)[32m 1[2mms[22m[39m
 [32m✓[39m tests/utils/wbs/validator.test.ts[2m > [22mDuplicateChecker[2m > [22mcheckDuplicates[2m > [22mUT-DUP-002: should return empty array when no duplicates[32m 0[2mms[22m[39m
 [32m✓[39m tests/utils/wbs/validator.test.ts[2m > [22mDuplicateChecker[2m > [22mcheckDuplicates[2m > [22mUT-DUP-003: should detect duplicate IDs (3+ occurrences)[32m 0[2mms[22m[39m
 [32m✓[39m tests/utils/wbs/validator.test.ts[2m > [22mDuplicateChecker[2m > [22mcheckDuplicates[2m > [22mUT-DUP-004: should detect multiple duplicate IDs[32m 0[2mms[22m[39m
 [32m✓[39m tests/utils/wbs/validator.test.ts[2m > [22mDuplicateChecker[2m > [22mcheckDuplicates[2m > [22mUT-DUP-005: should return empty array for empty tree[32m 0[2mms[22m[39m
 [32m✓[39m tests/utils/wbs/validator.test.ts[2m > [22mDuplicateChecker[2m > [22mcheckDuplicates[2m > [22mUT-DUP-006: should detect duplicates in nested tree[32m 0[2mms[22m[39m
 [32m✓[39m tests/utils/wbs/validator.test.ts[2m > [22mDuplicateChecker[2m > [22mcollectAllIds[2m > [22mshould collect all IDs from flat tree[32m 1[2mms[22m[39m
 [32m✓[39m tests/utils/wbs/validator.test.ts[2m > [22mDuplicateChecker[2m > [22mcollectAllIds[2m > [22mshould collect all IDs from nested tree[32m 0[2mms[22m[39m
 [32m✓[39m tests/utils/wbs/validator.test.ts[2m > [22mWbsValidator Integration[2m > [22mvalidateWbs[2m > [22mIT-VAL-001: should validate valid 4-level WBS tree[32m 2[2mms[22m[39m
 [32m✓[39m tests/utils/wbs/validator.test.ts[2m > [22mWbsValidator Integration[2m > [22mvalidateWbs[2m > [22mIT-VAL-002: should validate valid 3-level WBS tree[32m 0[2mms[22m[39m
 [32m✓[39m tests/utils/wbs/validator.test.ts[2m > [22mWbsValidator Integration[2m > [22mvalidateWbs[2m > [22mIT-VAL-003: should detect multiple error types[32m 0[2mms[22m[39m
 [32m✓[39m tests/utils/wbs/validator.test.ts[2m > [22mWbsValidator Integration[2m > [22mvalidateWbs[2m > [22mIT-VAL-004: should detect duplicate and hierarchy errors[32m 0[2mms[22m[39m
 [32m✓[39m tests/utils/wbs/validator.test.ts[2m > [22mWbsValidator Integration[2m > [22mvalidateWbs[2m > [22mIT-VAL-005: should validate empty WBS tree as valid[32m 0[2mms[22m[39m
 [32m✓[39m tests/utils/wbs/validator.test.ts[2m > [22mWbsValidator Integration[2m > [22mvalidateWbs[2m > [22mIT-VAL-006: should validate single WP as valid[32m 0[2mms[22m[39m
 [32m✓[39m tests/utils/wbs/validator.test.ts[2m > [22mWbsValidator Integration[2m > [22mvalidateWbs[2m > [22mIT-VAL-007: should validate mixed structure (3+4 level)[32m 0[2mms[22m[39m
 [32m✓[39m tests/utils/wbs/validator.test.ts[2m > [22mWbsValidator Integration[2m > [22mvalidateWbs[2m > [22mshould stop at first error when failFast is true[32m 0[2mms[22m[39m
 [32m✓[39m tests/utils/wbs/validator.test.ts[2m > [22mWbsValidator Integration[2m > [22mvalidateWbs[2m > [22mshould include validatedAt timestamp[32m 0[2mms[22m[39m
 [32m✓[39m tests/utils/wbs/validator.test.ts[2m > [22mEdge Cases[2m > [22mEDGE-001: should handle empty WBS tree[32m 0[2mms[22m[39m
 [32m✓[39m tests/utils/wbs/validator.test.ts[2m > [22mEdge Cases[2m > [22mEDGE-004: should handle single WP only[32m 0[2mms[22m[39m
 [32m✓[39m tests/utils/wbs/validator.test.ts[2m > [22mEdge Cases[2m > [22mEDGE-006: should handle maximum ID values[32m 0[2mms[22m[39m
 [32m✓[39m tests/utils/wbs/validator.test.ts[2m > [22mEdge Cases[2m > [22mEDGE-008: should handle title with special characters[32m 0[2mms[22m[39m
 [32m✓[39m tests/utils/wbs/validator.test.ts[2m > [22mEdge Cases[2m > [22mEDGE-009: should handle Unicode characters in title[32m 0[2mms[22m[39m
 [32m✓[39m tests/utils/wbs/validator.test.ts[2m > [22mEdge Cases[2m > [22mEDGE-010: should detect both ID and attribute errors[32m 0[2mms[22m[39m
 [32m✓[39m tests/utils/wbs/validator.test.ts[2m > [22mPerformance[2m > [22mPERF-001: should validate 50 nodes under 10ms[32m 1[2mms[22m[39m
 [32m✓[39m tests/unit/stores/wbs.store.test.ts[2m > [22museWbsStore - UT-006: filteredTree getter 동작 확인[2m > [22m검색어와 매칭되는 노드만 필터링하여 반환한다[32m 7[2mms[22m[39m
 [32m✓[39m tests/unit/stores/wbs.store.test.ts[2m > [22museWbsStore - UT-006: filteredTree getter 동작 확인[2m > [22m검색어가 없으면 원본 트리를 반환한다[32m 1[2mms[22m[39m
 [32m✓[39m tests/unit/stores/wbs.store.test.ts[2m > [22museWbsStore - UT-016: 유효하지 않은 projectId 처리[2m > [22m유효하지 않은 projectId로 fetchWbs() 호출 시 에러가 설정된다[32m 1[2mms[22m[39m
 [32m✓[39m tests/unit/stores/wbs.store.test.ts[2m > [22museWbsStore - UT-017: 검색어 길이 제한 테스트[2m > [22m1글자 검색어도 정상적으로 필터링된다[32m 1[2mms[22m[39m
 [32m✓[39m tests/unit/stores/wbs.store.test.ts[2m > [22museWbsStore - UT-017: 검색어 길이 제한 테스트[2m > [22m매우 긴 검색어도 정상적으로 처리된다[32m 1[2mms[22m[39m
 [32m✓[39m tests/unit/stores/wbs.store.test.ts[2m > [22museWbsStore - UT-017: 검색어 길이 제한 테스트[2m > [22m특수문자 포함 검색어도 정상적으로 처리된다[32m 1[2mms[22m[39m
 [32m✓[39m tests/unit/stores/wbs.store.test.ts[2m > [22museWbsStore - UT-018: 빈 flatNodes 상태 테스트[2m > [22mflatNodes가 비어있을 때 wpCount는 0을 반환한다[32m 1[2mms[22m[39m
 [32m✓[39m tests/unit/stores/wbs.store.test.ts[2m > [22museWbsStore - UT-018: 빈 flatNodes 상태 테스트[2m > [22mflatNodes가 비어있을 때 actCount는 0을 반환한다[32m 1[2mms[22m[39m
 [32m✓[39m tests/unit/stores/wbs.store.test.ts[2m > [22museWbsStore - UT-018: 빈 flatNodes 상태 테스트[2m > [22mflatNodes가 비어있을 때 tskCount는 0을 반환한다[32m 1[2mms[22m[39m
 [32m✓[39m tests/unit/stores/wbs.store.test.ts[2m > [22museWbsStore - UT-018: 빈 flatNodes 상태 테스트[2m > [22mflatNodes가 비어있을 때 overallProgress는 0을 반환한다[32m 1[2mms[22m[39m
 [32m✓[39m tests/unit/stores/wbs.store.test.ts[2m > [22museWbsStore - UT-018: 빈 flatNodes 상태 테스트[2m > [22mTask가 없을 때 overallProgress는 0을 반환한다 (0으로 나누기 방지)[32m 1[2mms[22m[39m
 [32m✓[39m tests/unit/stores/wbs.store.test.ts[2m > [22museWbsStore - 카운트 계산 확인 (UT-010, UT-011)[2m > [22mWP, ACT, TSK 카운트를 정확히 계산한다[32m 1[2mms[22m[39m
 [32m✓[39m tests/unit/stores/wbs.store.test.ts[2m > [22museWbsStore - 카운트 계산 확인 (UT-010, UT-011)[2m > [22m전체 진행률을 정확히 계산한다[32m 1[2mms[22m[39m
 [32m✓[39m tests/unit/stores/wbs.store.test.ts[2m > [22museWbsStore - expandAll / collapseAll 테스트[2m > [22mexpandAll() 호출 시 모든 노드가 확장된다[32m 1[2mms[22m[39m
 [32m✓[39m tests/unit/stores/wbs.store.test.ts[2m > [22museWbsStore - expandAll / collapseAll 테스트[2m > [22mcollapseAll() 호출 시 모든 노드가 축소된다[32m 1[2mms[22m[39m
[90mstderr[2m | tests/utils/projects/paths.test.ts[2m > [22m[2mProjectPaths[2m > [22m[2mgetBasePath[2m > [22m[2mshould reject path traversal attack (..)
[22m[39m[Security] Unsafe path detected in JJIBAN_BASE_PATH: ../malicious, using cwd

 [32m✓[39m tests/utils/projects/paths.test.ts[2m > [22mProjectPaths[2m > [22mgetBasePath[2m > [22mshould return current working directory when JJIBAN_BASE_PATH is not set[32m 2[2mms[22m[39m
 [32m✓[39m tests/utils/projects/paths.test.ts[2m > [22mProjectPaths[2m > [22mgetBasePath[2m > [22mshould return normalized JJIBAN_BASE_PATH when set[32m 1[2mms[22m[39m
 [32m✓[39m tests/utils/projects/paths.test.ts[2m > [22mProjectPaths[2m > [22mgetBasePath[2m > [22mshould reject path traversal attack (..)[32m 1[2mms[22m[39m
 [32m✓[39m tests/utils/projects/paths.test.ts[2m > [22mProjectPaths[2m > [22mgetProjectsBasePath[2m > [22mshould return .jjiban/projects path[32m 1[2mms[22m[39m
 [32m✓[39m tests/utils/projects/paths.test.ts[2m > [22mProjectPaths[2m > [22mgetProjectDir[2m > [22mshould return project directory path[32m 1[2mms[22m[39m
 [32m✓[39m tests/utils/projects/paths.test.ts[2m > [22mProjectPaths[2m > [22mgetProjectDir[2m > [22mshould throw error for invalid project ID (uppercase)[32m 2[2mms[22m[39m
 [32m✓[39m tests/utils/projects/paths.test.ts[2m > [22mProjectPaths[2m > [22mgetProjectDir[2m > [22mshould throw error for invalid project ID (special characters)[32m 0[2mms[22m[39m
 [32m✓[39m tests/utils/projects/paths.test.ts[2m > [22mProjectPaths[2m > [22mgetProjectFilePath[2m > [22mshould return project.json path[32m 0[2mms[22m[39m
 [32m✓[39m tests/utils/projects/paths.test.ts[2m > [22mProjectPaths[2m > [22mgetProjectFilePath[2m > [22mshould return team.json path[32m 1[2mms[22m[39m
 [32m✓[39m tests/utils/projects/paths.test.ts[2m > [22mProjectPaths[2m > [22mgetProjectsListFilePath[2m > [22mshould return projects.json path[32m 0[2mms[22m[39m
 [32m✓[39m tests/utils/projects/paths.test.ts[2m > [22mProjectPaths[2m > [22mvalidateProjectId[2m > [22mshould accept valid project ID (lowercase, numbers, hyphens)[32m 0[2mms[22m[39m
 [32m✓[39m tests/utils/projects/paths.test.ts[2m > [22mProjectPaths[2m > [22mvalidateProjectId[2m > [22mshould reject uppercase letters[32m 0[2mms[22m[39m
 [32m✓[39m tests/utils/projects/paths.test.ts[2m > [22mProjectPaths[2m > [22mvalidateProjectId[2m > [22mshould reject special characters[32m 0[2mms[22m[39m
 [32m✓[39m tests/utils/projects/paths.test.ts[2m > [22mProjectPaths[2m > [22mvalidateProjectId[2m > [22mshould reject path traversal (..)[32m 0[2mms[22m[39m
 [32m✓[39m tests/utils/projects/paths.test.ts[2m > [22mProjectPaths[2m > [22mvalidateProjectId[2m > [22mshould reject path with slashes[32m 1[2mms[22m[39m
 [32m✓[39m tests/unit/workflow/transition-completed.test.ts[2m > [22mexecuteTransition - 롤백 로직[2m > [22mUT-007: 롤백 감지[2m > [22mshould detect rollback when new state index < current state index[32m 7[2mms[22m[39m
 [32m✓[39m tests/unit/workflow/transition-completed.test.ts[2m > [22mexecuteTransition - 롤백 로직[2m > [22mUT-008: 이후 단계 completed 삭제[2m > [22mshould delete completed keys for subsequent states on rollback[32m 3[2mms[22m[39m
 [32m✓[39m tests/unit/workflow/transition-completed.test.ts[2m > [22mexecuteTransition - 롤백 로직[2m > [22mUT-008: 이후 단계 completed 삭제[2m > [22mshould handle defect workflow rollback correctly[32m 1[2mms[22m[39m
 [32m✓[39m tests/unit/workflow/transition-completed.test.ts[2m > [22mexecuteTransition - 롤백 로직[2m > [22mUT-009: 롤백 경계 조건[2m > [22mshould handle rollback when no completed keys to delete[32m 1[2mms[22m[39m
 [32m✓[39m tests/unit/workflow/transition-completed.test.ts[2m > [22mexecuteTransition - 롤백 로직[2m > [22mUT-009: 롤백 경계 조건[2m > [22mshould handle rollback when completed field is empty[32m 1[2mms[22m[39m
 [32m✓[39m tests/utils/wbs/serializer.test.ts[2m > [22mserializeHeader[2m > [22mshould generate project header[32m 2[2mms[22m[39m
 [32m✓[39m tests/utils/wbs/serializer.test.ts[2m > [22mserializeHeader[2m > [22mshould generate WP header with ##[32m 0[2mms[22m[39m
 [32m✓[39m tests/utils/wbs/serializer.test.ts[2m > [22mserializeHeader[2m > [22mshould generate ACT header with ###[32m 0[2mms[22m[39m
 [32m✓[39m tests/utils/wbs/serializer.test.ts[2m > [22mserializeHeader[2m > [22mshould generate Task header with #### in 4-level structure[32m 0[2mms[22m[39m
 [32m✓[39m tests/utils/wbs/serializer.test.ts[2m > [22mserializeHeader[2m > [22mshould generate Task header with ### in 3-level structure[32m 0[2mms[22m[39m
 [32m✓[39m tests/utils/wbs/serializer.test.ts[2m > [22mserializeHeader[2m > [22mshould use default values for missing id and title[32m 0[2mms[22m[39m
 [32m✓[39m tests/utils/wbs/serializer.test.ts[2m > [22mserializeAttributes[2m > [22mshould serialize category[32m 1[2mms[22m[39m
 [32m✓[39m tests/utils/wbs/serializer.test.ts[2m > [22mserializeAttributes[2m > [22mshould serialize status[32m 0[2mms[22m[39m
 [32m✓[39m tests/utils/wbs/serializer.test.ts[2m > [22mserializeAttributes[2m > [22mshould serialize priority[32m 0[2mms[22m[39m
 [32m✓[39m tests/utils/wbs/serializer.test.ts[2m > [22mserializeAttributes[2m > [22mshould serialize assignee when present[32m 0[2mms[22m[39m
 [32m✓[39m tests/utils/wbs/serializer.test.ts[2m > [22mserializeAttributes[2m > [22mshould serialize assignee as "-" when explicitly set[32m 0[2mms[22m[39m
 [32m✓[39m tests/utils/wbs/serializer.test.ts[2m > [22mserializeAttributes[2m > [22mshould serialize schedule when both start and end exist[32m 0[2mms[22m[39m
 [32m✓[39m tests/utils/wbs/serializer.test.ts[2m > [22mserializeAttributes[2m > [22mshould not serialize schedule when only start exists[32m 0[2mms[22m[39m
 [32m✓[39m tests/utils/wbs/serializer.test.ts[2m > [22mserializeAttributes[2m > [22mshould serialize tags as comma-separated list[32m 0[2mms[22m[39m
 [32m✓[39m tests/utils/wbs/serializer.test.ts[2m > [22mserializeAttributes[2m > [22mshould not serialize empty tags array[32m 0[2mms[22m[39m
 [32m✓[39m tests/utils/wbs/serializer.test.ts[2m > [22mserializeAttributes[2m > [22mshould serialize depends[32m 0[2mms[22m[39m
 [32m✓[39m tests/utils/wbs/serializer.test.ts[2m > [22mserializeAttributes[2m > [22mshould serialize requirements with indentation[32m 1[2mms[22m[39m
 [32m✓[39m tests/utils/wbs/serializer.test.ts[2m > [22mserializeAttributes[2m > [22mshould serialize ref[32m 0[2mms[22m[39m
 [32m✓[39m tests/utils/wbs/serializer.test.ts[2m > [22mserializeAttributes[2m > [22mshould serialize progress for WP[32m 0[2mms[22m[39m
 [32m✓[39m tests/utils/wbs/serializer.test.ts[2m > [22mserializeAttributes[2m > [22mshould not serialize progress for task[32m 0[2mms[22m[39m
 [32m✓[39m tests/utils/wbs/serializer.test.ts[2m > [22mbuildMetadataBlock[2m > [22mshould generate metadata block with all fields[32m 0[2mms[22m[39m
 [32m✓[39m tests/utils/wbs/serializer.test.ts[2m > [22mbuildMetadataBlock[2m > [22mshould use default values for missing fields[32m 1[2mms[22m[39m
 [32m✓[39m tests/utils/wbs/serializer.test.ts[2m > [22mbuildMetadataBlock[2m > [22mshould update date when updateDate option is true[32m 0[2mms[22m[39m
 [32m✓[39m tests/utils/wbs/serializer.test.ts[2m > [22mcalculateMaxDepth[2m > [22mshould return 4 when ACT nodes exist[32m 0[2mms[22m[39m
 [32m✓[39m tests/utils/wbs/serializer.test.ts[2m > [22mcalculateMaxDepth[2m > [22mshould return 4 when Task ID follows TSK-XX-XX-XX pattern[32m 0[2mms[22m[39m
 [32m✓[39m tests/utils/wbs/serializer.test.ts[2m > [22mcalculateMaxDepth[2m > [22mshould return 3 when no ACT nodes and Task IDs are not 4-level[32m 0[2mms[22m[39m
 [32m✓[39m tests/utils/wbs/serializer.test.ts[2m > [22mcalculateMaxDepth[2m > [22mshould return 3 for empty array[32m 0[2mms[22m[39m
 [32m✓[39m tests/utils/wbs/serializer.test.ts[2m > [22mserializeWbs[2m > [22mshould serialize empty tree with only metadata[32m 0[2mms[22m[39m
 [32m✓[39m tests/utils/wbs/serializer.test.ts[2m > [22mserializeWbs[2m > [22mshould serialize project with children[32m 1[2mms[22m[39m
 [32m✓[39m tests/utils/wbs/serializer.test.ts[2m > [22mserializeWbs[2m > [22mshould add separator between WPs[32m 0[2mms[22m[39m
 [32m✓[39m tests/utils/wbs/serializer.test.ts[2m > [22mserializeWbs[2m > [22mshould serialize nested 4-level structure[32m 0[2mms[22m[39m
 [32m✓[39m tests/utils/wbs/serializer.test.ts[2m > [22mserializeWbs[2m > [22mshould throw SerializationError on circular reference[32m 1[2mms[22m[39m
 [32m✓[39m tests/utils/wbs/serializer.test.ts[2m > [22mserializeWbs[2m > [22mshould serialize all task attributes correctly[32m 1[2mms[22m[39m
 [32m✓[39m tests/utils/wbs/serializer.test.ts[2m > [22mserializeWbs[2m > [22mshould handle nodes without project wrapper[32m 0[2mms[22m[39m
 [32m✓[39m tests/unit/composables/useWbsPage.test.ts[2m > [22museWbsPage[2m > [22mTC-005: 에러 메시지 한글 변환[2m > [22mPROJECT_NOT_FOUND 에러 코드를 한글 메시지로 변환[32m 6[2mms[22m[39m
 [32m✓[39m tests/unit/composables/useWbsPage.test.ts[2m > [22museWbsPage[2m > [22mTC-005: 에러 메시지 한글 변환[2m > [22mWBS_NOT_FOUND 에러 코드를 한글 메시지로 변환[32m 1[2mms[22m[39m
 [32m✓[39m tests/unit/composables/useWbsPage.test.ts[2m > [22museWbsPage[2m > [22mTC-005: 에러 메시지 한글 변환[2m > [22mFILE_READ_ERROR 에러 코드를 한글 메시지로 변환[32m 1[2mms[22m[39m
 [32m✓[39m tests/unit/composables/useWbsPage.test.ts[2m > [22museWbsPage[2m > [22mTC-005: 에러 메시지 한글 변환[2m > [22mNETWORK_ERROR 에러 코드를 한글 메시지로 변환[32m 1[2mms[22m[39m
 [32m✓[39m tests/unit/composables/useWbsPage.test.ts[2m > [22museWbsPage[2m > [22mTC-005: 에러 메시지 한글 변환[2m > [22m알 수 없는 에러는 기본 메시지로 변환[32m 0[2mms[22m[39m
 [32m✓[39m tests/unit/composables/useWbsPage.test.ts[2m > [22museWbsPage[2m > [22mloadProjectAndWbs[2m > [22m프로젝트와 WBS를 순차적으로 로드[32m 2[2mms[22m[39m
 [32m✓[39m tests/unit/composables/useWbsPage.test.ts[2m > [22museWbsPage[2m > [22mloadProjectAndWbs[2m > [22m프로젝트 로드 실패 시 WBS 로딩 중단[32m 1[2mms[22m[39m
 [32m✓[39m tests/unit/composables/useWbsPage.test.ts[2m > [22museWbsPage[2m > [22mloadProjectAndWbs[2m > [22mWBS 로드 실패 시 에러 처리[32m 1[2mms[22m[39m
 [32m✓[39m tests/unit/composables/useWbsPage.test.ts[2m > [22museWbsPage[2m > [22mshowToast[2m > [22mToast 메시지를 올바르게 표시[32m 1[2mms[22m[39m
 [32m✓[39m tests/unit/composables/useWbsPage.test.ts[2m > [22museWbsPage[2m > [22mshowToast[2m > [22m기본 life 값은 3000ms[32m 0[2mms[22m[39m
 [32m✓[39m tests/unit/composables/useWbsPage.test.ts[2m > [22museWbsPage[2m > [22misRetryableError[2m > [22m재시도 가능한 에러 코드 확인[32m 0[2mms[22m[39m
 [32m✓[39m tests/unit/composables/useWbsPage.test.ts[2m > [22museWbsPage[2m > [22misRetryableError[2m > [22m재시도 불가능한 에러 코드 확인[32m 0[2mms[22m[39m
 [32m✓[39m tests/utils/workflow/stateMapper.test.ts[2m > [22mStateMapper[2m > [22mstatusCodeToName[2m > [22mconverts "bd" to "bd" for development[32m 3[2mms[22m[39m
 [32m✓[39m tests/utils/workflow/stateMapper.test.ts[2m > [22mStateMapper[2m > [22mstatusCodeToName[2m > [22mconverts "dd" to "dd" for development[32m 0[2mms[22m[39m
 [32m✓[39m tests/utils/workflow/stateMapper.test.ts[2m > [22mStateMapper[2m > [22mstatusCodeToName[2m > [22mconverts "im" to "im" for development[32m 0[2mms[22m[39m
 [32m✓[39m tests/utils/workflow/stateMapper.test.ts[2m > [22mStateMapper[2m > [22mstatusCodeToName[2m > [22mconverts "vf" to "vf" for development[32m 0[2mms[22m[39m
 [32m✓[39m tests/utils/workflow/stateMapper.test.ts[2m > [22mStateMapper[2m > [22mstatusCodeToName[2m > [22mconverts "xx" to "xx" for development[32m 0[2mms[22m[39m
 [32m✓[39m tests/utils/workflow/stateMapper.test.ts[2m > [22mStateMapper[2m > [22mstatusCodeToName[2m > [22mconverts "[ ]" to "todo"[32m 0[2mms[22m[39m
 [32m✓[39m tests/utils/workflow/stateMapper.test.ts[2m > [22mStateMapper[2m > [22mstatusCodeToName[2m > [22mconverts empty string to "todo"[32m 0[2mms[22m[39m
 [32m✓[39m tests/utils/workflow/stateMapper.test.ts[2m > [22mStateMapper[2m > [22mstatusCodeToName[2m > [22mhandles brackets in status code "[bd]"[32m 0[2mms[22m[39m
 [32m✓[39m tests/utils/workflow/stateMapper.test.ts[2m > [22mStateMapper[2m > [22mstatusCodeToName[2m > [22mconverts "an" to "an" for defect category[32m 1[2mms[22m[39m
 [32m✓[39m tests/utils/workflow/stateMapper.test.ts[2m > [22mStateMapper[2m > [22mstatusCodeToName[2m > [22mconverts "fx" to "fx" for defect category[32m 0[2mms[22m[39m
 [32m✓[39m tests/utils/workflow/stateMapper.test.ts[2m > [22mStateMapper[2m > [22mstatusCodeToName[2m > [22mreturns null for invalid category[32m 0[2mms[22m[39m
 [32m✓[39m tests/utils/workflow/stateMapper.test.ts[2m > [22mStateMapper[2m > [22mstatusCodeToName[2m > [22mreturns null for unknown status code[32m 0[2mms[22m[39m
 [32m✓[39m tests/utils/workflow/stateMapper.test.ts[2m > [22mStateMapper[2m > [22mnameToStatusCode[2m > [22mconverts "bd" to "[bd]" for development[32m 0[2mms[22m[39m
 [32m✓[39m tests/utils/workflow/stateMapper.test.ts[2m > [22mStateMapper[2m > [22mnameToStatusCode[2m > [22mconverts "dd" to "[dd]" for development[32m 0[2mms[22m[39m
 [32m✓[39m tests/utils/workflow/stateMapper.test.ts[2m > [22mStateMapper[2m > [22mnameToStatusCode[2m > [22mconverts "im" to "[im]" for development[32m 0[2mms[22m[39m
 [32m✓[39m tests/utils/workflow/stateMapper.test.ts[2m > [22mStateMapper[2m > [22mnameToStatusCode[2m > [22mconverts "vf" to "[vf]" for development[32m 0[2mms[22m[39m
 [32m✓[39m tests/utils/workflow/stateMapper.test.ts[2m > [22mStateMapper[2m > [22mnameToStatusCode[2m > [22mconverts "xx" to "[xx]" for development[32m 0[2mms[22m[39m
 [32m✓[39m tests/utils/workflow/stateMapper.test.ts[2m > [22mStateMapper[2m > [22mnameToStatusCode[2m > [22mconverts "todo" to "[ ]"[32m 0[2mms[22m[39m
 [32m✓[39m tests/utils/workflow/stateMapper.test.ts[2m > [22mStateMapper[2m > [22mnameToStatusCode[2m > [22mconverts "an" to "[an]" for defect[32m 0[2mms[22m[39m
 [32m✓[39m tests/utils/workflow/stateMapper.test.ts[2m > [22mStateMapper[2m > [22mnameToStatusCode[2m > [22mconverts "fx" to "[fx]" for defect[32m 0[2mms[22m[39m
 [32m✓[39m tests/utils/workflow/stateMapper.test.ts[2m > [22mStateMapper[2m > [22mnameToStatusCode[2m > [22mreturns "[ ]" for invalid category[32m 0[2mms[22m[39m
 [32m✓[39m tests/utils/workflow/stateMapper.test.ts[2m > [22mStateMapper[2m > [22mnameToStatusCode[2m > [22mreturns "[ ]" for unknown state name[32m 0[2mms[22m[39m
 [32m✓[39m tests/utils/workflow/stateMapper.test.ts[2m > [22mStateMapper[2m > [22mgetAllStateMappings[2m > [22mreturns all state mappings for development[32m 0[2mms[22m[39m
 [32m✓[39m tests/utils/workflow/stateMapper.test.ts[2m > [22mStateMapper[2m > [22mgetAllStateMappings[2m > [22mreturns all state mappings for defect[32m 0[2mms[22m[39m
 [32m✓[39m tests/utils/workflow/stateMapper.test.ts[2m > [22mStateMapper[2m > [22mgetAllStateMappings[2m > [22mreturns all state mappings for infrastructure[32m 0[2mms[22m[39m
 [32m✓[39m tests/utils/workflow/stateMapper.test.ts[2m > [22mStateMapper[2m > [22mgetAllStateMappings[2m > [22mreturns empty object for invalid category[32m 1[2mms[22m[39m
 [32m✓[39m tests/utils/workflow/stateMapper.test.ts[2m > [22mStateMapper[2m > [22mgetAllStateMappings[2m > [22mall mappings include todo state[32m 0[2mms[22m[39m
 [32m✓[39m tests/utils/workflow/stateMapper.test.ts[2m > [22mStateMapper[2m > [22mround-trip conversions[2m > [22mdevelopment: statusCode -> name -> statusCode[32m 1[2mms[22m[39m
 [32m✓[39m tests/utils/workflow/stateMapper.test.ts[2m > [22mStateMapper[2m > [22mround-trip conversions[2m > [22mdefect: statusCode -> name -> statusCode[32m 1[2mms[22m[39m
 [32m✓[39m tests/utils/workflow/stateMapper.test.ts[2m > [22mStateMapper[2m > [22mround-trip conversions[2m > [22minfrastructure: statusCode -> name -> statusCode[32m 0[2mms[22m[39m
 [32m✓[39m tests/unit/composables/useErrorHandler.test.ts[2m > [22museErrorHandler[2m > [22mextractErrorCode[2m > [22mshould extract error code from statusMessage[32m 2[2mms[22m[39m
 [32m✓[39m tests/unit/composables/useErrorHandler.test.ts[2m > [22museErrorHandler[2m > [22mextractErrorCode[2m > [22mshould extract error code from data.code[32m 0[2mms[22m[39m
 [32m✓[39m tests/unit/composables/useErrorHandler.test.ts[2m > [22museErrorHandler[2m > [22mextractErrorCode[2m > [22mshould return null for unknown error format[32m 0[2mms[22m[39m
 [32m✓[39m tests/unit/composables/useErrorHandler.test.ts[2m > [22museErrorHandler[2m > [22mextractErrorCode[2m > [22mshould return null for non-object error[32m 0[2mms[22m[39m
 [32m✓[39m tests/unit/composables/useErrorHandler.test.ts[2m > [22museErrorHandler[2m > [22mextractErrorCode[2m > [22mshould detect network error from TypeError[32m 0[2mms[22m[39m
 [32m✓[39m tests/unit/composables/useErrorHandler.test.ts[2m > [22museErrorHandler[2m > [22mextractErrorMessage[2m > [22mshould return mapped message for known error code[32m 0[2mms[22m[39m
 [32m✓[39m tests/unit/composables/useErrorHandler.test.ts[2m > [22museErrorHandler[2m > [22mextractErrorMessage[2m > [22mshould return error message from API response[32m 0[2mms[22m[39m
 [32m✓[39m tests/unit/composables/useErrorHandler.test.ts[2m > [22museErrorHandler[2m > [22mextractErrorMessage[2m > [22mshould return data.message when available[32m 0[2mms[22m[39m
 [32m✓[39m tests/unit/composables/useErrorHandler.test.ts[2m > [22museErrorHandler[2m > [22mextractErrorMessage[2m > [22mshould return Error.message for Error instances[32m 0[2mms[22m[39m
 [32m✓[39m tests/unit/composables/useErrorHandler.test.ts[2m > [22museErrorHandler[2m > [22mextractErrorMessage[2m > [22mshould return default message for unknown errors[32m 0[2mms[22m[39m
 [32m✓[39m tests/unit/composables/useErrorHandler.test.ts[2m > [22museErrorHandler[2m > [22mhandle[2m > [22mshould show error notification[32m 2[2mms[22m[39m
 [32m✓[39m tests/unit/composables/useErrorHandler.test.ts[2m > [22museErrorHandler[2m > [22mhandle[2m > [22mshould use custom message when provided[32m 0[2mms[22m[39m
 [32m✓[39m tests/unit/composables/useErrorHandler.test.ts[2m > [22museErrorHandler[2m > [22mhandle[2m > [22mshould execute recovery action when provided[32m 0[2mms[22m[39m
 [32m✓[39m tests/unit/composables/useErrorHandler.test.ts[2m > [22museErrorHandler[2m > [22mhandle[2m > [22mshould handle async recovery action[32m 0[2mms[22m[39m
 [32m✓[39m tests/unit/composables/useErrorHandler.test.ts[2m > [22museErrorHandler[2m > [22misErrorCode[2m > [22mshould return true for matching error code[32m 0[2mms[22m[39m
 [32m✓[39m tests/unit/composables/useErrorHandler.test.ts[2m > [22museErrorHandler[2m > [22misErrorCode[2m > [22mshould return false for non-matching error code[32m 0[2mms[22m[39m
 [32m✓[39m tests/unit/composables/useErrorHandler.test.ts[2m > [22museErrorHandler[2m > [22mhelper methods[2m > [22misValidationError should return true for validation errors[32m 0[2mms[22m[39m
 [32m✓[39m tests/unit/composables/useErrorHandler.test.ts[2m > [22museErrorHandler[2m > [22mhelper methods[2m > [22misNetworkError should return true for network errors[32m 0[2mms[22m[39m
 [32m✓[39m tests/unit/composables/useErrorHandler.test.ts[2m > [22museErrorHandler[2m > [22mhelper methods[2m > [22misNotFoundError should return true for not found errors[32m 0[2mms[22m[39m
 [32m✓[39m tests/unit/composables/useErrorHandler.test.ts[2m > [22museErrorHandler[2m > [22mERROR_CODES constant[2m > [22mshould export all error codes[32m 1[2mms[22m[39m
 [32m✓[39m tests/unit/cli/config/workflowSteps.test.ts[2m > [22mworkflowSteps[2m > [22mWORKFLOW_STEPS[2m > [22mdevelopment 카테고리의 모든 단계를 포함한다[32m 3[2mms[22m[39m
 [32m✓[39m tests/unit/cli/config/workflowSteps.test.ts[2m > [22mworkflowSteps[2m > [22mWORKFLOW_STEPS[2m > [22mdefect 카테고리의 모든 단계를 포함한다[32m 0[2mms[22m[39m
 [32m✓[39m tests/unit/cli/config/workflowSteps.test.ts[2m > [22mworkflowSteps[2m > [22mWORKFLOW_STEPS[2m > [22minfrastructure 카테고리의 모든 단계를 포함한다[32m 0[2mms[22m[39m
 [32m✓[39m tests/unit/cli/config/workflowSteps.test.ts[2m > [22mworkflowSteps[2m > [22mTARGET_MAPPING[2m > [22m모든 target을 정의한다[32m 3[2mms[22m[39m
 [32m✓[39m tests/unit/cli/config/workflowSteps.test.ts[2m > [22mworkflowSteps[2m > [22mTARGET_MAPPING[2m > [22mdone target은 전체 실행 (null)을 의미한다[32m 0[2mms[22m[39m
 [32m✓[39m tests/unit/cli/config/workflowSteps.test.ts[2m > [22mworkflowSteps[2m > [22mgetStartStepIndex[2m > [22mTodo 상태 [ ]에서 0을 반환한다[32m 0[2mms[22m[39m
 [32m✓[39m tests/unit/cli/config/workflowSteps.test.ts[2m > [22mworkflowSteps[2m > [22mgetStartStepIndex[2m > [22m완료 상태 [xx]에서 -1을 반환한다[32m 0[2mms[22m[39m
 [32m✓[39m tests/unit/cli/config/workflowSteps.test.ts[2m > [22mworkflowSteps[2m > [22mgetStartStepIndex[2m > [22m중간 상태에서 올바른 인덱스를 반환한다[32m 0[2mms[22m[39m
 [32m✓[39m tests/unit/cli/config/workflowSteps.test.ts[2m > [22mworkflowSteps[2m > [22mgetStartStepIndex[2m > [22m존재하지 않는 카테고리에서 -1을 반환한다[32m 0[2mms[22m[39m
 [32m✓[39m tests/unit/cli/config/workflowSteps.test.ts[2m > [22mworkflowSteps[2m > [22mgetStepsToTarget[2m > [22mTodo에서 done까지 전체 단계를 반환한다[32m 0[2mms[22m[39m
 [32m✓[39m tests/unit/cli/config/workflowSteps.test.ts[2m > [22mworkflowSteps[2m > [22mgetStepsToTarget[2m > [22mTodo에서 basic-design까지 start만 반환한다[32m 0[2mms[22m[39m
 [32m✓[39m tests/unit/cli/config/workflowSteps.test.ts[2m > [22mworkflowSteps[2m > [22mgetStepsToTarget[2m > [22mTodo에서 build까지 적절한 단계를 반환한다[32m 1[2mms[22m[39m
 [32m✓[39m tests/unit/cli/config/workflowSteps.test.ts[2m > [22mworkflowSteps[2m > [22mgetStepsToTarget[2m > [22m[bd] 상태에서 done까지 draft부터 시작한다[32m 1[2mms[22m[39m
 [32m✓[39m tests/unit/cli/config/workflowSteps.test.ts[2m > [22mworkflowSteps[2m > [22mgetStepsToTarget[2m > [22m완료 상태에서 빈 배열을 반환한다[32m 0[2mms[22m[39m
 [32m✓[39m tests/unit/cli/config/workflowSteps.test.ts[2m > [22mworkflowSteps[2m > [22mgetStepsToTarget[2m > [22m명령어가 올바르게 포함된다[32m 0[2mms[22m[39m
 [32m✓[39m tests/unit/cli/config/workflowSteps.test.ts[2m > [22mworkflowSteps[2m > [22mgetCommandForStep[2m > [22m단계에 해당하는 명령어를 반환한다[32m 0[2mms[22m[39m
 [32m✓[39m tests/unit/cli/config/workflowSteps.test.ts[2m > [22mworkflowSteps[2m > [22mgetCommandForStep[2m > [22m존재하지 않는 단계에 null을 반환한다[32m 0[2mms[22m[39m
 [32m✓[39m tests/unit/cli/config/workflowSteps.test.ts[2m > [22mworkflowSteps[2m > [22mgetCommandForStep[2m > [22m존재하지 않는 카테고리에 null을 반환한다[32m 0[2mms[22m[39m
 [32m✓[39m tests/unit/composables/useNotification.test.ts[2m > [22museNotification[2m > [22msuccess[2m > [22mshould show success notification with default options[32m 5[2mms[22m[39m
 [32m✓[39m tests/unit/composables/useNotification.test.ts[2m > [22museNotification[2m > [22msuccess[2m > [22mshould show success notification with custom life[32m 1[2mms[22m[39m
 [32m✓[39m tests/unit/composables/useNotification.test.ts[2m > [22museNotification[2m > [22msuccess[2m > [22mshould show sticky success notification[32m 1[2mms[22m[39m
 [32m✓[39m tests/unit/composables/useNotification.test.ts[2m > [22museNotification[2m > [22merror[2m > [22mshould show error notification with default options[32m 1[2mms[22m[39m
 [32m✓[39m tests/unit/composables/useNotification.test.ts[2m > [22museNotification[2m > [22merror[2m > [22mshould show error notification with custom life[32m 1[2mms[22m[39m
 [32m✓[39m tests/unit/composables/useNotification.test.ts[2m > [22museNotification[2m > [22mwarning[2m > [22mshould show warning notification[32m 0[2mms[22m[39m
 [32m✓[39m tests/unit/composables/useNotification.test.ts[2m > [22museNotification[2m > [22minfo[2m > [22mshould show info notification[32m 0[2mms[22m[39m
 [32m✓[39m tests/unit/composables/useNotification.test.ts[2m > [22museNotification[2m > [22mclear[2m > [22mshould remove all notifications[32m 0[2mms[22m[39m
 [32m✓[39m tests/unit/composables/useNotification.test.ts[2m > [22museNotification[2m > [22mclosable option[2m > [22mshould set closable to false when specified[32m 1[2mms[22m[39m
 [32m✓[39m tests/unit/cli/validation/TaskIdValidator.test.ts[2m > [22mTaskIdValidator[2m > [22mvalidateTaskId[2m > [22m3단계 Task ID (TSK-XX-XX) 를 유효하게 검증한다[32m 2[2mms[22m[39m
 [32m✓[39m tests/unit/cli/validation/TaskIdValidator.test.ts[2m > [22mTaskIdValidator[2m > [22mvalidateTaskId[2m > [22m4단계 Task ID (TSK-XX-XX-XX) 를 유효하게 검증한다[32m 0[2mms[22m[39m
 [32m✓[39m tests/unit/cli/validation/TaskIdValidator.test.ts[2m > [22mTaskIdValidator[2m > [22mvalidateTaskId[2m > [22m앞뒤 공백을 제거한다[32m 0[2mms[22m[39m
 [32m✓[39m tests/unit/cli/validation/TaskIdValidator.test.ts[2m > [22mTaskIdValidator[2m > [22mvalidateTaskId[2m > [22m빈 문자열은 ValidationError를 던진다[32m 1[2mms[22m[39m
 [32m✓[39m tests/unit/cli/validation/TaskIdValidator.test.ts[2m > [22mTaskIdValidator[2m > [22mvalidateTaskId[2m > [22mnull/undefined는 ValidationError를 던진다[32m 0[2mms[22m[39m
 [32m✓[39m tests/unit/cli/validation/TaskIdValidator.test.ts[2m > [22mTaskIdValidator[2m > [22mvalidateTaskId[2m > [22m잘못된 형식은 ValidationError를 던진다[32m 1[2mms[22m[39m
 [32m✓[39m tests/unit/cli/validation/TaskIdValidator.test.ts[2m > [22mTaskIdValidator[2m > [22misValidTaskId[2m > [22m유효한 Task ID에 true를 반환한다[32m 0[2mms[22m[39m
 [32m✓[39m tests/unit/cli/validation/TaskIdValidator.test.ts[2m > [22mTaskIdValidator[2m > [22misValidTaskId[2m > [22m유효하지 않은 Task ID에 false를 반환한다[32m 0[2mms[22m[39m
 [32m✓[39m tests/unit/cli/validation/TaskIdValidator.test.ts[2m > [22mTaskIdValidator[2m > [22mparseTaskId[2m > [22m3단계 Task ID를 파싱한다[32m 2[2mms[22m[39m
 [32m✓[39m tests/unit/cli/validation/TaskIdValidator.test.ts[2m > [22mTaskIdValidator[2m > [22mparseTaskId[2m > [22m4단계 Task ID를 파싱한다[32m 0[2mms[22m[39m
 [32m✓[39m tests/unit/cli/validation/TaskIdValidator.test.ts[2m > [22mTaskIdValidator[2m > [22mparseTaskId[2m > [22m유효하지 않은 Task ID에 null을 반환한다[32m 0[2mms[22m[39m
 [32m✓[39m tests/utils/workflow/statusUtils.test.ts[2m > [22mStatusUtils[2m > [22mextractStatusCode[2m > [22mextracts code from "[bd]"[32m 2[2mms[22m[39m
 [32m✓[39m tests/utils/workflow/statusUtils.test.ts[2m > [22mStatusUtils[2m > [22mextractStatusCode[2m > [22mextracts code from "detail-design [dd]"[32m 0[2mms[22m[39m
 [32m✓[39m tests/utils/workflow/statusUtils.test.ts[2m > [22mStatusUtils[2m > [22mextractStatusCode[2m > [22mextracts code from "[im]"[32m 0[2mms[22m[39m
 [32m✓[39m tests/utils/workflow/statusUtils.test.ts[2m > [22mStatusUtils[2m > [22mextractStatusCode[2m > [22mextracts code from "[ ]"[32m 0[2mms[22m[39m
 [32m✓[39m tests/utils/workflow/statusUtils.test.ts[2m > [22mStatusUtils[2m > [22mextractStatusCode[2m > [22mreturns empty string for status without brackets[32m 0[2mms[22m[39m
 [32m✓[39m tests/utils/workflow/statusUtils.test.ts[2m > [22mStatusUtils[2m > [22mextractStatusCode[2m > [22mreturns empty string for undefined[32m 0[2mms[22m[39m
 [32m✓[39m tests/utils/workflow/statusUtils.test.ts[2m > [22mStatusUtils[2m > [22mextractStatusCode[2m > [22mreturns empty string for empty string[32m 0[2mms[22m[39m
 [32m✓[39m tests/utils/workflow/statusUtils.test.ts[2m > [22mStatusUtils[2m > [22mextractStatusCode[2m > [22mhandles code with spaces "[  bd  ]"[32m 0[2mms[22m[39m
 [32m✓[39m tests/utils/workflow/statusUtils.test.ts[2m > [22mStatusUtils[2m > [22mextractStatusCode[2m > [22mextracts multi-character code "[vf]"[32m 0[2mms[22m[39m
 [32m✓[39m tests/utils/workflow/statusUtils.test.ts[2m > [22mStatusUtils[2m > [22mextractStatusCode[2m > [22mextracts code from complex status string[32m 0[2mms[22m[39m
 [32m✓[39m tests/utils/workflow/statusUtils.test.ts[2m > [22mStatusUtils[2m > [22mformatStatusCode[2m > [22mformats "bd" to "[bd]"[32m 0[2mms[22m[39m
 [32m✓[39m tests/utils/workflow/statusUtils.test.ts[2m > [22mStatusUtils[2m > [22mformatStatusCode[2m > [22mformats "dd" to "[dd]"[32m 0[2mms[22m[39m
 [32m✓[39m tests/utils/workflow/statusUtils.test.ts[2m > [22mStatusUtils[2m > [22mformatStatusCode[2m > [22mformats "im" to "[im]"[32m 0[2mms[22m[39m
 [32m✓[39m tests/utils/workflow/statusUtils.test.ts[2m > [22mStatusUtils[2m > [22mformatStatusCode[2m > [22mformats empty string to "[ ]"[32m 0[2mms[22m[39m
 [32m✓[39m tests/utils/workflow/statusUtils.test.ts[2m > [22mStatusUtils[2m > [22mformatStatusCode[2m > [22mformats whitespace to "[ ]"[32m 0[2mms[22m[39m
 [32m✓[39m tests/utils/workflow/statusUtils.test.ts[2m > [22mStatusUtils[2m > [22mformatStatusCode[2m > [22mtrims whitespace before formatting[32m 0[2mms[22m[39m
 [32m✓[39m tests/utils/workflow/statusUtils.test.ts[2m > [22mStatusUtils[2m > [22mformatStatusCode[2m > [22mhandles multi-character codes[32m 0[2mms[22m[39m
 [32m✓[39m tests/utils/workflow/statusUtils.test.ts[2m > [22mStatusUtils[2m > [22mformatStatusCode[2m > [22mhandles long codes[32m 0[2mms[22m[39m
 [32m✓[39m tests/utils/workflow/statusUtils.test.ts[2m > [22mStatusUtils[2m > [22misTodoStatus[2m > [22mreturns true for "[ ]"[32m 0[2mms[22m[39m
 [32m✓[39m tests/utils/workflow/statusUtils.test.ts[2m > [22mStatusUtils[2m > [22misTodoStatus[2m > [22mreturns true for undefined[32m 0[2mms[22m[39m
 [32m✓[39m tests/utils/workflow/statusUtils.test.ts[2m > [22mStatusUtils[2m > [22misTodoStatus[2m > [22mreturns true for empty string[32m 0[2mms[22m[39m
 [32m✓[39m tests/utils/workflow/statusUtils.test.ts[2m > [22mStatusUtils[2m > [22misTodoStatus[2m > [22mreturns true for status without brackets[32m 0[2mms[22m[39m
 [32m✓[39m tests/utils/workflow/statusUtils.test.ts[2m > [22mStatusUtils[2m > [22misTodoStatus[2m > [22mreturns false for "[bd]"[32m 0[2mms[22m[39m
 [32m✓[39m tests/utils/workflow/statusUtils.test.ts[2m > [22mStatusUtils[2m > [22misTodoStatus[2m > [22mreturns false for "detail-design [dd]"[32m 0[2mms[22m[39m
 [32m✓[39m tests/utils/workflow/statusUtils.test.ts[2m > [22mStatusUtils[2m > [22misTodoStatus[2m > [22mreturns false for "[im]"[32m 0[2mms[22m[39m
 [32m✓[39m tests/utils/workflow/statusUtils.test.ts[2m > [22mStatusUtils[2m > [22misTodoStatus[2m > [22mreturns false for "[vf]"[32m 0[2mms[22m[39m
 [32m✓[39m tests/utils/workflow/statusUtils.test.ts[2m > [22mStatusUtils[2m > [22misTodoStatus[2m > [22mreturns false for "[xx]"[32m 0[2mms[22m[39m
 [32m✓[39m tests/utils/workflow/statusUtils.test.ts[2m > [22mStatusUtils[2m > [22misTodoStatus[2m > [22mreturns true for whitespace-only brackets "[   ]"[32m 0[2mms[22m[39m
 [32m✓[39m tests/utils/workflow/statusUtils.test.ts[2m > [22mStatusUtils[2m > [22mintegration: extract and format[2m > [22mextract then format returns original for simple codes[32m 0[2mms[22m[39m
 [32m✓[39m tests/utils/workflow/statusUtils.test.ts[2m > [22mStatusUtils[2m > [22mintegration: extract and format[2m > [22mextract from complex string and format[32m 0[2mms[22m[39m
 [32m✓[39m tests/utils/workflow/statusUtils.test.ts[2m > [22mStatusUtils[2m > [22mintegration: extract and format[2m > [22mhandles todo status round-trip[32m 0[2mms[22m[39m
 [32m✓[39m tests/utils/workflow/statusUtils.test.ts[2m > [22mStatusUtils[2m > [22medge cases[2m > [22mhandles multiple brackets (uses first match)[32m 0[2mms[22m[39m
 [32m✓[39m tests/utils/workflow/statusUtils.test.ts[2m > [22mStatusUtils[2m > [22medge cases[2m > [22mhandles nested-like patterns[32m 0[2mms[22m[39m
 [32m✓[39m tests/utils/workflow/statusUtils.test.ts[2m > [22mStatusUtils[2m > [22medge cases[2m > [22mhandles special characters in code[32m 0[2mms[22m[39m
 [32m✓[39m tests/utils/workflow/statusUtils.test.ts[2m > [22mStatusUtils[2m > [22medge cases[2m > [22mformatStatusCode handles already-bracketed input gracefully[32m 0[2mms[22m[39m
 [32m✓[39m tests/unit/cli/core/WorkflowPlanner.test.ts[2m > [22mWorkflowPlanner[2m > [22mcreatePlan[2m > [22mTodo 상태에서 done까지 전체 계획을 생성한다[32m 2[2mms[22m[39m
 [32m✓[39m tests/unit/cli/core/WorkflowPlanner.test.ts[2m > [22mWorkflowPlanner[2m > [22mcreatePlan[2m > [22m기본 target은 done이다[32m 0[2mms[22m[39m
 [32m✓[39m tests/unit/cli/core/WorkflowPlanner.test.ts[2m > [22mWorkflowPlanner[2m > [22mcreatePlan[2m > [22muntil 옵션으로 목표 단계를 지정한다[32m 1[2mms[22m[39m
 [32m✓[39m tests/unit/cli/core/WorkflowPlanner.test.ts[2m > [22mWorkflowPlanner[2m > [22mcreatePlan[2m > [22m이미 완료된 Task는 빈 계획을 반환한다[32m 1[2mms[22m[39m
 [32m✓[39m tests/unit/cli/core/WorkflowPlanner.test.ts[2m > [22mWorkflowPlanner[2m > [22mcreatePlan[2m > [22m중간 상태에서 시작한다[32m 0[2mms[22m[39m
 [32m✓[39m tests/unit/cli/core/WorkflowPlanner.test.ts[2m > [22mWorkflowPlanner[2m > [22mcreatePlan[2m > [22m잘못된 until 값은 ValidationError를 던진다[32m 0[2mms[22m[39m
 [32m✓[39m tests/unit/cli/core/WorkflowPlanner.test.ts[2m > [22mWorkflowPlanner[2m > [22mcreatePlan[2m > [22m각 단계에 올바른 명령어가 포함된다[32m 0[2mms[22m[39m
 [32m✓[39m tests/unit/cli/core/WorkflowPlanner.test.ts[2m > [22mWorkflowPlanner[2m > [22mcreatePlan[2m > [22mdefect 카테고리에 맞는 계획을 생성한다[32m 0[2mms[22m[39m
 [32m✓[39m tests/unit/cli/core/WorkflowPlanner.test.ts[2m > [22mWorkflowPlanner[2m > [22mcreatePlan[2m > [22minfrastructure 카테고리에 맞는 계획을 생성한다[32m 1[2mms[22m[39m
 [32m✓[39m tests/unit/cli/core/WorkflowPlanner.test.ts[2m > [22mWorkflowPlanner[2m > [22mcreateResumePlan[2m > [22m저장된 상태에서 재개 계획을 생성한다[32m 1[2mms[22m[39m
 [32m✓[39m tests/unit/cli/core/WorkflowPlanner.test.ts[2m > [22mWorkflowPlanner[2m > [22mcreateResumePlan[2m > [22m모든 단계가 완료된 경우 빈 계획을 반환한다[32m 0[2mms[22m[39m
(node:33244) [DEP0155] DeprecationWarning: Use of deprecated trailing slash pattern mapping "./" in the "exports" field module resolution of the package at C:\project\jjiban\node_modules\@vue\shared\package.json imported from C:\project\jjiban\node_modules\@nuxt\nitro-server\dist\runtime\templates\error-500.js. Mapping specifiers ending in "/" is no longer supported.
(Use `node --trace-deprecation ...` to show where the warning was created)
(node:26428) [DEP0155] DeprecationWarning: Use of deprecated trailing slash pattern mapping "./" in the "exports" field module resolution of the package at C:\project\jjiban\node_modules\@vue\shared\package.json imported from C:\project\jjiban\node_modules\@nuxt\nitro-server\dist\runtime\templates\error-500.js. Mapping specifiers ending in "/" is no longer supported.
(Use `node --trace-deprecation ...` to show where the warning was created)
(node:33244) [DEP0155] DeprecationWarning: Use of deprecated trailing slash pattern mapping "./" in the "exports" field module resolution of the package at C:\project\jjiban\node_modules\@primeuix\utils\package.json imported from C:\project\jjiban\.nuxt\test\ova1xt\dist\server\server.mjs. Mapping specifiers ending in "/" is no longer supported.
(node:26428) [DEP0155] DeprecationWarning: Use of deprecated trailing slash pattern mapping "./" in the "exports" field module resolution of the package at C:\project\jjiban\node_modules\@primeuix\utils\package.json imported from C:\project\jjiban\.nuxt\test\46oyr8\dist\server\server.mjs. Mapping specifiers ending in "/" is no longer supported.
